# SPARTN Message Log
# Generated: 2025-10-21T22:19:15 UTC
# Mountpoint: NEAR-SPARTN
# GGA Position: 38.3032, -77.4605
# GPS Week: 0
# GPS TOW: 0ms
# Format: [unix_ms] [type] [subtype] [length] [hex_data]
# ----------------------------------------
1761085156192 0 0 41 73000f210488c813588009c0803017efb522fe04b45fc0588bf82d917f062a2fe16345fc1368b67992
1761085156192 0 2 35 73000c292488c813588100000a0b00bf7e1917efc222fe0a645fc1a48bf7fc10534432
1761085156192 0 3 43 7300102734885813588020000646010417effba2fde8d45fbe508bf817d17efd7a2fde7a45fc08e81611eb
1761085156192 0 1 40 73000ea11093b81358c00403e097efc922fd7c745fca188bf792d17f383a2fddff45fc2ce810b192
1761085156320 0 0 41 73000f210488f013588009c0803017efb622fe04b45fc05c8bf82e117f06222fe16745fc13a81c391a
1761085156320 0 2 35 73000c292488f013588100000a0b00bf7e1517efc2a2fe0a745fc1a48bf7fc10d35598
1761085156320 0 3 43 7300102734888013588020000646010417eff7a2fde8845fbe3c8bf816917efd422fde7345fc09286a44cb
1761085156320 0 1 40 73000ea11093e01358c00403e097efc9a2fd7c345fca108bf793917f386a2fde0245fc2d8818ea2f
1761085156320 0 0 41 73000f2104891813588009c0803017efad22fe03745fc0388bf829917f05b22fe15345fc1148b2ccc5
1761085156320 0 2 35 73000c2924891813588100000a0b00bf7dc917efb922fe09545fc1808bf7f710e282c2
1761085156320 0 3 43 730010273488a813588020000646010417efeaa2fde6a45fbe0a8bf810517efc622fde5745fc0528b63f5c
1761085156320 0 1 40 73000ea11094081358c00403e097efc3a2fd7b545fc9e08bf78e517f37ca2fddef45fc2ac8e54955
1761085156320 0 0 41 73000f2104894013588009c0803017efb222fe04345fc04c8bf82bd17f061a2fe15e45fc1288aab0bc
1761085156321 0 2 35 73000c2924894013588100000a0b00bf7de917efbe22fe09e45fc1928bf7fa10de1a89
1761085156321 0 3 43 730010273488d013588020000646010417efe9a2fde6945fbe0c8bf80fd17efc622fde5845fc05a82f4355
1761085156321 0 1 40 73000ea11094301358c00403e097efce22fd7be45fc9f28bf791517f380a2fddfa45fc2b48337200
1761085156321 0 0 41 73000f2104896813588009c0803017efae22fe03f45fc03e8bf82a917f05da2fe15345fc118891caa5
1761085156321 0 2 35 73000c2924896813588100000a0b00bf7dc117efbaa2fe09645fc1828bf7f7d05ac700
1761085156321 0 3 43 730010273488f813588020000646010417efe3a2fde6045fbdf28bf80d517efc0a2fde4b45fc03a8c8e4aa
1761085156321 0 1 40 73000ea11094581358c00403e097efc6a2fd7c445fc9ea8bf791117f38222fddee45fc2b881e5409
1761085156321 2 0 22 730404a108edd65f901358b8163440fc5b4280d3e5d2
1761085156321 1 0 40 73020da208edd65f901358b81620141831b009c08030221cc902649c134a891cd89aba28e510618f
1761085156321 1 2 37 73020c2228edd65f901358b81620141831b00000141601273115362a4634dd1b22c0e82955
1761085156321 1 3 42 73020eaa38edd65f201358b81620141831b08000191804108b6f46329b00c975489b614b312fb8ae1cd0
1761085156321 1 1 39 73020d2b18edd7b0801358b81620141831b00403e0baa29d0a6e8ce749aba85dd88aea11590aa7
1761085156321 0 0 190 730058ac08edd65f9013588009c080303f5b7ffdfff7fffbee69e7c117f0737c1cbf4043c7fb02a07cc77e72fffbffeffff815d38f7e9fdf6ef7fa9c3ce76ef09f95bffefffbfffe0364f3dfc8f7e97e114f74d9e3c272cefdae3f467ffdfff7fffc17e9e7be7fef617bf6fefc23c77ce7dd6ba87e62fffbffeffff834930f7cb3dea460f01c7bf5c7ffdfff7fffc2d29e7bd2beed5fbc4dede1bc688bb57a2947ee4fffbffeffff82853cf7d77def4f7fa3de6078f01cdbae70a016e17e
1761085156321 0 3 152 730045ab38edd65f201358802000064601043f6e7ffdfff7fffbfbc991f0107c073f2b0001fb73ffefffbfffde764c8f8623e2b4fa28c00fdb9fff7ffdfffef87a647c1dff0d2fd9ce007edcfffbffeffff8129323dfb4f7defdcb3003f6e7ffdfff7fffbf2c991f0347c171ee83001fb73ffefffbfffde604c8f867be2daf63d000fdb9fff7ffdffff018a647bf9befd3fba500008958ed
1761085156321 0 1 146 730042a118edd7b0801358c00403e0bf0afffbffeffff7e7d30efcc3beaac40b82efc2bffefffbfffd7d64c3d01ef6aa314e701bf0afffbffeffff943530ed593ae78c43a8aafc2bffefffbfffde594c3c290f10f311d2603f0afffbffeffff9c6d30ec1e3a656c3c8752fc2bffefffbfffde084c3c164f0943114248bf0afffbffeffff859930eefb3b942c4198742d2a30
1761085157712 0 0 41 73000f210489b813588009c0803017ef9e22fe02245fbffe8bf822517f04ba2fe13045fc0d687a0e3b
1761085157712 0 2 35 73000c292489b813588100000a0b00bf7d5117efaa22fe07745fc1428bf7ef50ba3065
1761085157712 0 3 43 7300102734894813588020000646010417efd322fde3f45fbdb28bf805117efafa2fde2a45fbff08c1646d
1761085157712 0 1 40 73000ea11094a81358c00403e097efb422fd7a045fc9b08bf78a117f371a2fddd345fc27683aee05
1761085162688 0 0 41 73000f210489e013588009c0803017efba22fe05a45fc0708bf830917f06722fe16745fc1488fb65a7
1761085162688 0 2 35 73000c292489e013588100000a0b00bf7e3917efc722fe0af45fc1b28bf7fe10bd8bb6
1761085162688 0 3 43 7300102734897013588020000646010417efee22fde7145fbe1a8bf812517efca22fde5e45fc0568ee72b3
1761085162688 0 1 40 73000ea11094d01358c00403e097efcba2fd7d745fca2c8bf797917f390a2fde0445fc2e085f49de
1761085167767 0 0 41 73000f21048a0813588009c0803017efb122fe04845fc0488bf82bd17f05ea2fe15545fc12289dd376
1761085167768 0 2 35 73000c29248a0813588100000a0b00bf7ddd17efbda2fe09c45fc18a8bf7f910f99cf7
1761085167768 0 3 43 7300102734899813588020000646010417efe222fde5a45fbde68bf80bd17efbe22fde4545fc02e867a0a3
1761085167768 0 1 40 73000ea11094f81358c00403e097efc822fd7c545fca028bf793917f386a2fddef45fc2ae811bc2f
1761085173247 0 0 41 73000f21048a3013588009c0803017efc322fe06b45fc0928bf834d17f071a2fe17945fc16a8f5ee73
1761085173247 0 2 35 73000c29248a3013588100000a0b00bf7e7d17efd022fe0c045fc1d28bf80090677e79
1761085173247 0 3 43 730010273489c013588020000646010417eff0a2fde7545fbe208bf812d17efcba2fde6145fc06082c78eb
1761085173247 0 1 40 73000ea11095201358c00403e097efdc22fd7e145fca4e8bf79d517f399a2fde1945fc2f489169d9
1761085177816 0 0 41 73000f21048a5813588009c0803017efb9a2fe05b45fc06e8bf830117f069a2fe16645fc1468eb9263
1761085177818 0 2 35 73000c29248a5813588100000a0b00bf7e3517efc622fe0ad45fc1b08bf7fd900c8539
1761085177818 0 3 43 730010273489e813588020000646010417efe4a2fde5f45fbdf28bf80d117efc0a2fde4a45fc0308cadc98
1761085177818 0 1 40 73000ea11095481358c00403e097efd222fd7df45fca1a8bf79ad17f38e22fde0745fc2ee8a770b7
1761085182792 2 0 22 730404a108edd660801358b8163440fc5b42803449ef
1761085182792 1 0 40 73020da208edd660801358b81620141831b009c080301a1b0900029b434a399cb09aa448dafd801a
1761085182792 1 2 37 73020c2228edd660801358b81620141831b00000141601a70d152c2a4234db9b2180a70d89
1761085182792 1 3 42 73020eaa38edd660101358b81620141831b08000191804108b7546379b020974a89b714b512fc8dc2eee
1761085182792 1 1 39 73020d2b18edd7b1701358b81620141831b00403e0baa21d096e8c974963a839d86aea0d6012a5
1761085182914 0 0 190 730058ac08edd6608013588009c080303f5b7ffdfff7fffbef89e7c105f06bfc1adf3fbbc7fd02e084c97e72fffbffeffff81a138f7e5bdf52f7f35c3d0774f19f95bffefffbfffe03e4f3dfc0f7e63e107f74a1e3c372ef01af3f467ffdfff7fffc1909e7be6def5a7bf51efba3c77ee85d7ba97e62fffbffeffff836d30f7c8fde9460f05c8bf5c7ffdfff7fffc2d89e7bd25eed2fbc45edddbc68abb97aa957ee4fffbffeffff82ad3cf7d4fdee4f7f63de4f78f05cebb070e0675514
1761085182914 0 2 135 73003d2b28edd6608013588100000a0b01f84efffbffeffff7e65383e065f82dbdf89703f47bef4df84efffbffeffff7e51383e06af82fbe00f703f47c2f4df84efffbffeffff82d5383df49f7ae3de86703c975ae79f84cfffbffeffff837d383df1ff79bbde42703d6786eddf84efffbffeffff8001383dffef7ffbdfcc703e37a2efcb1ba1e
1761085182914 0 3 152 730045ab38edd660101358802000064601043f6e7ffdfff7fffbf98991f0197c0b3f2b8001fb73ffefffbfffde644c8f866be2d2fa2d400fdb9fff7ffdfffef7e2647c205f0e3fd9f6007edcfffbffeffff80e5323dfc5f7e63dcc4003f6e7ffdfff7fffbf0a991f03cfc1adee8b801fb73ffefffbfffde4f4c8f86bfe2f8f641000fdb9fff7ffdffff0112647bfb9efe0fba6c000383f97
1761085182914 0 1 146 730042a118edd7b1701358c00403e0bf0afffbffeffff7ee130efc03be5cc40d836fc2bffefffbfffd7ee4c3cff4f698314ef03bf0afffbffeffff946d30ed533ae50c43b8aefc2bffefffbfffde6d4c3c26ef101b11d661bf0afffbffeffff9ca930ec183a62ec3c9756fc2bffefffbfffde0a4c3c16af0963113e48bf0afffbffeffff85c930eef53b91ec41a876867ad6
1761085187812 0 0 41 73000f21048aa813588009c0803017efb822fe05f45fc0648bf82f917f067a2fe16045fc13c833f4fb
1761085187812 0 2 35 73000c29248aa813588100000a0b00bf7e3517efc422fe0a945fc1a68bf7fd509f9565
1761085187812 0 3 43 73001027348a3813588020000646010417efdda2fde5245fbdd08bf809917efb922fde3c45fc01e8928dc6
1761085187813 0 1 40 73000ea11095981358c00403e097efd422fd7db45fca048bf79a917f38b22fddfc45fc2ce8e95198
1761085192854 0 0 41 73000f21048ad013588009c0803017efaea2fe04d45fc03c8bf82a517f05c22fe14d45fc11681c997a
1761085192854 0 2 35 73000c29248ad013588100000a0b00bf7df517efb922fe09545fc17e8bf7f790d5e4e0
1761085192854 0 3 43 73001027348a6013588020000646010417efcea2fde3445fbd9a8bf802917efaaa2fde1e45fbfde847800d
1761085192854 0 1 40 73000ea11095c01358c00403e097efcba2fd7c745fc9de8bf792117f38222fdde845fc2aa8ce5fb1
1761085197937 0 0 41 73000f21048af813588009c0803017efaba2fe04945fc0328bf828917f05aa2fe14445fc10a8b2f046
1761085197937 0 2 35 73000c29248af813588100000a0b00bf7df517efb5a2fe08f45fc1728bf7f690ca296f
1761085197937 0 3 43 73001027348a8813588020000646010417efc5a2fde2545fbd728bf7fe117efa222fde0c45fbfbc8fe20b0
1761085197937 0 1 40 73000ea11095e81358c00403e097efcda2fd7c545fc9be8bf790117f37ea2fddde45fc2a08252ed0
1761085203079 0 0 41 73000f21048b2013588009c0803017efbba2fe06a45fc0728bf830917f06da2fe16445fc14a8c8dfbd
1761085203079 0 2 35 73000c29248b2013588100000a0b00bf7e8117efc622fe0ae45fc1b08bf7fdd0928580
1761085203079 0 3 43 73001027348ab013588020000646010417efd2a2fde3f45fbda68bf804917efaf22fde2645fbff28f697d9
1761085203079 0 1 40 73000ea11096101358c00403e097efdda2fd7f145fca0c8bf798117f38f22fddfe45fc2d08d41e24
1761085208045 0 0 41 73000f21048b4813588009c0803017efc2a2fe07745fc08e8bf834517f07aa2fe17245fc16481fe0bb
1761085208045 0 2 35 73000c29248b4813588100000a0b00bf7eb117efcd22fe0bc45fc1ce8bf80190852bfb
1761085208045 0 3 43 73001027348ad813588020000646010417efd7a2fde4645fbdb28bf806917efb2a2fde2f45fc00a8e31101
1761085208045 0 1 40 73000ea11096381358c00403e097efe9a2fd80245fca2c8bf79ad17f396a2fde0d45fc2ea878d849
1761085213037 2 0 22 730404a108edd661701358b8163440fc5b4280a9661d
1761085213037 1 0 40 73020da208edd661701358b81620141831b009c08030221c48ff429b334a599c9c9aa648dd34346e
1761085213037 1 2 37 73020c2228edd661701358b81620141831b00000141601a705152e2a4634dd9b22005c1edd
1761085213037 1 3 42 73020eaa38edd661001358b81620141831b08000191804108b8446421b05c975689c314bc930084be8bd
1761085213037 1 1 39 73020d2b18edd7b2601358b81620141831b00403e0baa29d096e8cf74993a839d856ea116474dd
1761085213153 0 0 190 730058ac08edd6617013588009c080303f5b7ffdfff7fffbee29e7c11bf074fc1d1f4063c7fb02a074c67e72fffbffeffff818d38f7e6fdf5bf7f5dc3d0772f11f95bffefffbfffe0334f3dfcbf7eabe119f74ede3c272aef9ae3f467ffdfff7fffc1789e7be85ef63fbf77efc4bc77ae7dd6ba77e62fffbffeffff83ad30f7c4fde7a60f0dc9bf5c7ffdfff7fffc2bc9e7bd41eede7bc6bede93c686bad7a2947ee4fffbffeffff82753cf7d87defbf7fc3de6878efdcd3ad7080c4096a
1761085213153 0 2 135 73003d2b28edd6617013588100000a0b01f84efffbffeffff7e5d383e067f82e7df8d703f47bef4df84efffbffeffff7e1d383e077f835fe026703f37bcf45f84efffbffeffff829d383df57f7b4bde9d703c8754e71f84cfffbffeffff8349383df2cf7a13de56703d5780ed5f84efffbffeffff7fc1383e00ef806bdfe6703e179eef4c857e4
1761085213153 0 3 152 730045ab38edd661001358802000064601043f6e7ffdfff7fffbf30991f0337c169f2d1801fb73ffefffbfffde2e4c8f8743e332fa3ac00fdb9fff7ffdfffef632647c271f1137da62007edcfffbffeffff8011323dffaf7fdbdcf8003f6e7ffdfff7fffbea0991f0577c267eea5801fb73ffefffbfffde194c8f8797e356f64e800fdb9fff7ffdfffeff8a647c01bf00bfbad20006ba3c1
1761085213153 0 1 146 730042a118edd7b2601358c00403e0bf0afffbffeffff7f0d30efba3be34c40f83afc2bffefffbfffd7e64c3d004f69eb14ef02bf0afffbffeffff93fd30ed603aea6c4398a4fc2bffefffbfffde494c3c2b0f11d311ca5ebf0afffbffeffff9c6930ec203a664c3c7752fc2bffefffbfffddff4c3c186f0a1b113647bf0afffbffeffff858530eefd3b952c418872bd18ba
1761085218176 0 0 41 73000f21048b9813588009c0803017efa7a2fe04045fc0208bf826517f06822fe13b45fc0f48ec7ecd
1761085218176 0 2 35 73000c29248b9813588100000a0b00bf7dd917efb2a2fe08445fc15e8bf7f4900067a5
1761085218176 0 3 43 73001027348b2813588020000646010417efbba2fde0f45fbd4a8bf7f8917ef98a2fddf845fbf9a87cf332
1761085218176 0 1 40 73000ea11096881358c00403e097efcda2fd7cb45fc9c28bf78a917f38022fdddc45fc2828c1d310
1761085223122 0 0 41 73000f21048bc013588009c0803017efa9a2fe04345fc0288bf827917f06d22fe13f45fc0fc8a331b3
1761085223122 0 2 35 73000c29248bc013588100000a0b00bf7de117efb4a2fe08a45fc16a8bf7f750489361
1761085223122 0 3 43 73001027348b5013588020000646010417efbf22fde1a45fbd5a8bf7fb117ef9c22fde0045fbfae8a4c541
1761085223122 0 1 40 73000ea11096b01358c00403e097efd1a2fd7ca45fc9d08bf78a517f38422fdde345fc27e803864d
1761085228179 0 0 41 73000f21048be813588009c0803017efb622fe05d45fc05a8bf82dd17f07a22fe15945fc130800d1d7
1761085228179 0 2 35 73000c29248be813588100000a0b00bf7e4517efc122fe0a445fc1a28bf7fc50cf5e6d
1761085228179 0 3 43 73001027348b7813588020000646010417efcd22fde3445fbd8e8bf801917efaaa2fde1c45fbfea848ac28
1761085228179 0 1 40 73000ea11096d81358c00403e097efde22fd7e745fca0e8bf791d17f390a2fddf945fc2a6866c63f
1761085232640 0 0 41 73000f21048c1013588009c0803017efb5a2fe05e45fc0568bf82d517f079a2fe15745fc12a8d11225
1761085232640 0 2 35 73000c29248c1013588100000a0b00bf7e3917efc122fe0a345fc1a08bf7fcd0bfaeb7
1761085232640 0 3 43 73001027348ba013588020000646010417efcfa2fde3a45fbd9a8bf802917efaca2fde2045fbfea8813a08
1761085232640 0 1 40 73000ea11097001358c00403e097efdf22fd7ef45fca088bf790917f38f22fddfb45fc2a8876f663
1761085237719 0 0 41 73000f21048c3813588009c0803017efba22fe06545fc06c8bf830117f07ea2fe16345fc14081e22cc
1761085237720 0 2 35 73000c29248c3813588100000a0b00bf7e6117efc6a2fe0ad45fc1b68bf80010c85252
1761085237720 0 3 43 73001027348bc813588020000646010417efd722fde4845fbdc48bf806917efb622fde3045fc0148a80baa
1761085237720 0 1 40 73000ea11097281358c00403e097efe7a2fd7f045fca188bf791117f39722fde0345fc2bc8e88540
1761085243218 2 0 22 730404a108edd662601358b8163440fc5b4280ee3255
1761085243218 1 0 40 73020da208edd662601358b81620141831b009c08030221d88fec29b234a699c949aa648de648e66
1761085243218 1 2 37 73020c2228edd662601358b81620141831b00000141601a704d52a2a4734de9b2180c6cf6e
1761085243219 1 3 42 73020eaa38edd661f01358b81620141831b08000191804108b7d46411b044973689b914b912fec94a119
1761085243219 1 1 39 73020d2b18edd7b3501358b81620141831b00403e0baa31d098e8ce749aba815d83eea16e9a0df
1761085243337 0 0 190 730058ac08edd6626013588009c080303f5b7ffdfff7fffbed09e7c12df07bfc1edf40dbc7f902206cc57e72fffbffeffff816138f7e9bdf6df7fa5c3ce76ef09f95bffefffbfffe02a4f3dfd4f7ee3e128f752de3c1728ef5ad3f467ffdfff7fffc1689e7be95ef6a7bf93efcc3c77ae79d63a67e62fffbffeffff83bd30f7c3fde7460f0dca3f5c7ffdfff7fffc2b29e7bd4beee37bc7bedee3c686ba979a937ee4fffbffeffff824d3cf7dafdf0cf8003de7a78ef9cc3ab704072f4f1
1761085243337 0 2 135 73003d2b28edd6626013588100000a0b01f84efffbffeffff7e2d383e073f833bdfa1703f37baf41f84efffbffeffff7e05383e07df8383e030703f27baf41f84efffbffeffff8285383df5df7b73dea8703c7752e6df84cfffbffeffff833d383df2ff7a27de5c703d4780ed1f84efffbffeffff7fc1383e00ef8067dfe5703e179eef4a3db3f
1761085243337 0 3 152 730045ab38edd661f01358802000064601043f6e7ffdfff7fffbf56991f029fc127f2c8801fb73ffefffbfffde454c8f86e7e309fa34c00fdb9fff7ffdfffef6ea647c243f0ff7da32007edcfffbffeffff8061323dfe6f7f4fdce4003f6e7ffdfff7fffbecc991f04c7c21bee9b001fb73ffefffbfffde2b4c8f874fe336f649c00fdb9fff7ffdffff0032647bff1eff97baaa000f6cc1a
1761085243337 0 1 146 730042a118edd7b3501358c00403e0bf0afffbffeffff7f2930efb6bbe1ac40f83cfc2bffefffbfffd7e74c3d002f69e314ef033f0afffbffeffff93f530ed613aeaec4398a4fc2bffefffbfffde334c3c2dcf12eb11c25d3f0afffbffeffff9c9d30ec1aba640c3c8756fc2bffefffbfffddfa4c3c198f0a8b1132473f0afffbffeffff855530ef02bb974c41786eda5aa1
1761085248337 0 0 41 73000f21048c8813588009c0803017efb7a2fe05d45fc0648bf82ed17f07a22fe16045fc13287749f6
1761085248337 0 2 35 73000c29248c8813588100000a0b00bf7e4917efc4a2fe0a945fc1ac8bf7fd90baa74c
1761085248337 0 3 43 73001027348c1813588020000646010417efdc22fde5345fbdda8bf809517efb9a2fde3945fc0248a291e8
1761085248337 0 1 40 73000ea11097781358c00403e097efe922fd7f745fca048bf78c517f39b22fddfe45fc2ba8d7f66c
1761085252819 0 0 41 73000f21048cb013588009c0803017efbb22fe06045fc06e8bf830517f07da2fe16345fc13c84a9ee8
1761085252820 0 2 35 73000c29248cb013588100000a0b00bf7e6117efc822fe0af45fc1b88bf80110054811
1761085252820 0 3 43 73001027348c4013588020000646010417efe1a2fde5c45fbdee8bf80cd17efbf22fde4445fc03a83f70d3
1761085252820 0 1 40 73000ea11097a01358c00403e097efe722fd7ff45fca088bf78d517f39ea2fde0145fc2c88b5cb7d
1761085257828 0 0 41 73000f21048cd813588009c0803017efa122fe02f45fc0088bf824117f06322fe13245fc0d88fbc569
1761085257828 0 2 35 73000c29248cd813588100000a0b00bf7d9d17efaea2fe07b45fc1528bf7f25060bf26
1761085257829 0 3 43 73001027348c6813588020000646010417efca22fde2c45fbd928bf800517efa7a2fde1345fbfd883baf84
1761085257829 0 1 40 73000ea11097c81358c00403e097efd0a2fd7ce45fc9a68bf77f917f387a2fddd245fc2668513cf0
1761085262888 0 0 41 73000f21048d0013588009c0803017efa922fe03d45fc0288bf827917f068a2fe14145fc0f68667b1d
1761085262888 0 2 35 73000c29248d0013588100000a0b00bf7dc117efb5a2fe08b45fc1708bf7f710ddec34
1761085262888 0 3 43 73001027348c9013588020000646010417efcfa2fde3a45fbda48bf803517efad22fde2045fbffa863800a
1761085262888 0 1 40 73000ea11097f01358c00403e097efdb22fd7e445fc9b88bf785517f391a2fdde245fc28082538da
1761085267936 0 0 41 73000f21048d2813588009c0803017efafa2fe04a45fc0428bf82ad17f06ea2fe14a45fc1108638893
1761085267936 0 2 35 73000c29248d2813588100000a0b00bf7e1117efbc22fe09845fc18a8bf7fa10144b63
1761085267937 0 3 43 73001027348cb813588020000646010417efd622fde4645fbdba8bf805917efb1a2fde2a45fc00e8ca15b3
1761085267937 0 1 40 73000ea11098181358c00403e097efe0a2fd7f545fc9e88bf787117f39822fddf145fc2aa8e3b251
1761085273018 2 0 22 730404a108edd663501358b8163440fc5b42803820e2
1761085273018 1 0 40 73020da208edd663501358b81620141831b009c08030221e08fde29ad34a611c9c9aa228dc9c1fa7
1761085273018 1 2 37 73020c2228edd663501358b81620141831b00000141601a6f0d5222a4534de9b2080ee303b
1761085273018 1 3 42 73020eaa38edd662e01358b81620141831b08000191804106b784641a3030971e89b214b69afe024424e
1761085273018 1 1 39 73020d2b18edd7b4401358b81620141831b00403e0baa3dd084e8cd749b3a7e5d824ea12885cad
1761085273140 0 0 190 730058ac08edd6635013588009c080303f5b7ffdfff7fffbeda9e7c123f0787c1dff409bc7f9026074c67e72fffbffeffff815d38f7e9fdf6ef7fa5c3ce76ef09f95bffefffbfffe02d4f3dfd1f7ecfe122f7515e3c1728ef9adbf467ffdfff7fffc1709e7be8def67fbf89efc93c77ae79d63a67e62fffbffeffff839930f7c63de8260f09c93f5c7ffdfff7fffc2aa9e7bd53eee5fbc87edf03c684ba9792937ee4fffbffeffff82553cf7da7df08f7ff7de7778ef9ccbac7040c0ac7d
1761085273140 0 2 135 73003d2b28edd6635013588100000a0b01f84efffbffeffff7e49383e06cf830fdf94703f37bcf49f84efffbffeffff7e19383e078f8367e029703f37bcf41f84efffbffeffff8295383df59f7b5bdea2703c7754e71f84cfffbffeffff8345383df2df7a1fde59703d4780ed5f84efffbffeffff7fc9383e00cf805bdfe3703e179eef4db0acc
1761085273140 0 3 152 730045ab38edd662e01358802000064601043f6e7ffdfff7fffbf70991f0237c0f9f2c2001fb73ffefffbfffde504c8f86bbe2f6fa32800fdb9fff7ffdfffef75a647c227f0f2fda18007edcfffbffeffff8085323dfddf7f0fdcdc003f6e7ffdfff7fffbede991f047fc1f9ee96001fb73ffefffbfffde374c8f871fe323f647000fdb9fff7ffdffff008a647bfdbefeffba98000e0cf8f
1761085273140 0 1 146 730042a118edd7b4401358c00403e0bf0afffbffeffff7f4d30efb1bbdfcc410840fc2bffefffbfffd7ff4c3cfd8f68c314f704bf0afffbffeffff93ed30ed623aeb4c4388a4fc2bffefffbfffde234c3c2fcf13c311ba5bbf0afffbffeffff9d0d30ec0f3a5f0c3cb75efc2bffefffbfffddfe4c3c198f0a8b113247bf0afffbffeffff859d30eefa3b93ec4198747ef046
1761085277937 0 0 41 73000f21048d7813588009c0803017efb422fe05145fc0548bf82d117f06fa2fe15445fc12288bb420
1761085277937 0 2 35 73000c29248d7813588100000a0b00bf7e3517efbfa2fe0a145fc1988bf7fbd0804c48
1761085277937 0 3 43 73001027348d0813588020000646010417efdaa2fde4c45fbdd08bf807917efb722fde3645fc0168b0c41b
1761085277937 0 1 40 73000ea11098681358c00403e097efe622fd7f945fc9f28bf788d17f39ea2fddfa45fc2c884a81c1
1761085283029 0 0 41 73000f21048da013588009c0803017efb1a2fe04945fc0488bf82c117f06ca2fe14d45fc1168804322
1761085283029 0 2 35 73000c29248da013588100000a0b00bf7e3517efbda2fe09a45fc18a8bf7fa90149a93
1761085283029 0 3 43 73001027348d3013588020000646010417efda22fde4e45fbdce8bf808117efb5a2fde3445fc01486b274f
1761085283029 0 1 40 73000ea11098901358c00403e097efe622fd7eb45fc9e28bf786917f39fa2fddf245fc2ba83d613c
