# RTCM Message Log (ephemeris only)
# Generated: 2025-08-22T22:43:27.635288
# Mountpoint: BCEP00BKG0
# Allowed types: [1019, 1020, 1042, 1046]
# GPS Week: 0
# GPS TOW: 0ms
# Format: [timestamp_ms] [msg_type] [sat_prn] [length] [hex_data]
# ----------------------------------------
283202355:0 1019 1 67 d3003d3fb054c04192e37e9000002d2c3508e30e0d2c75988753090c3c00573a4b17a6a10dbc087e90001d0eb8eb3f0021271731111433026f6066ffaa28ed00de7b99
283202364:0 1019 2 67 d3003d3fb094c04124387e9000004ff408403809b32bccd79f2416087f0872c33f19d1a10d63237e90ff700810ec14ffff2754e3d412e1d9a0b2e7ffa971da003634f9
283202373:0 1019 3 67 d3003d3fb0d4c14395567e9000ffe35982985607b32cab41fc0abf06860349f704045aa10dc8387e90ffd236af5b55ffb2285bee742c3731cf0d7affa60403007f8487
283202381:0 1019 4 67 d3003d3fb114c07d2b1e7e90000021fffc4c1ef0462fa2c027887ef1d701bda57b0dbaa10cc4c57e900016626ff7940002277894431fe18811f488ffa6d9f6000e0a0d
283202390:0 1019 5 67 d3003d3fb154c0445b1c7e9000fff8e371b41c09d52f45d59be8db091602f3c1ba0641a10cd03d7e90ffd5345a423e003327d19a97294f39f067e8ffa4e3e900d2e248
283202399:0 1019 6 67 d3003d3fb194c0400b647e9000ff8ebedf4c640bdb25e47c1a8c680a4301baf42b19faa10d16b77e9000180c7cc9deffee28471e8c138fe41f6c6affae9208002858f6
283202407:0 1019 7 67 d3003d3fb1d4c0451a4f7e9000ffd0f78bd04ffbb23195551b01f0fc030a252fd41bf3a10d9f047e90ffde8b93b434ff0f26c024ac0ea9ad512cb4ffab7be90048ae7d
283202416:0 1019 8 67 d3003d3fb214c0792f117e9000ffff45bee811fac9365ac895291cfb66056e69111024a10ccb397e90005edf2cd732ffb8268ca9b71bfb12cf0a84ffa6b60a0053bac6
283202424:0 1019 9 67 d3003d3fb254c23cf7227e900000365f950022f0fc3283e0a29f0cf27f01beebfb0c08a10d44f17e90ffef5fe01ea8001227396e72223f5160eecbffa4e40101602fd3
283202433:0 1019 10 67 d3003d3fb294c04250247e8f00ffb6bce1c82408112c7f1b58dd4107160550f59c054ba10d2fab7e8fffb83695274f00432857859d2b50a185256bffa5b90500ed5c1b
283202441:0 1019 11 67 d3003d3fb2d4c040bb527e90000061ac5c09520b3d2ab0aa51fb2c0a10011001d6199aa10dbd7c7e90ffe40d6cb7e4ffcf2754f19f127f9e38bd3affac14ed007e5234
283202450:0 1019 12 67 d3003d3fb314c042a7357e9000fff6b1cd3c3503b5375c3912d179029a047525a30a68a10d16537e90ffb3b9161956ff942717bc4323563dd88bd1ffa4bfe50007a6f2
283202458:0 1019 13 67 d3003d3fb354c07d60b97e9000fffc5bb29cb9effb2e0fbe6704baf23704f1aad10dfda10d7cba7e90008966e74679fff127b7065c1faa282c5c32ffa916e70033ed56
283202466:0 1019 14 67 d3003d3fb394c04220087e900000255a1bfa0804043cbd31d2cdba03d7032229040a47a10d0e987e90001fb6fbb5da0025266a2e9a22688f54be4bffa167ef004724cc
283202474:0 1019 15 67 d3003d3fb3d4c07e98117e8f0000222b564811f25637269fea684ff435088694a4051ca10d037a7e8f007b5a32a79f000d264ea2e026e83b1ea98fffa4f7e90015fd20
283202482:0 1019 16 67 d3003d3fb414c041274b7e900000470b740c4b02a13968efdcdb8702a8076ea16f0935a10e2f8f7e90ffe4b9ca5e7e0060270fa92a248a24508618ffa14ae90011d8cd
283202490:0 1019 17 67 d3003d3fb454c238262f7e9000ff7811f8242ffb383358c854deabfbe606b5c27e1285a10de6257e90ff7fe35207d7002a2731e9771aa8cf161172ffa62fe8014ff3f8
283202499:0 1019 18 67 d3003d3fb494c0405f317e90000046b55cdb310ad9295e760ac439096d02d51a791841a10d7fd37e90ffdb0c648cb6ffeb27a9f295146888dc83afffacb9ee0064163f
283202507:0 1019 19 67 d3003d3fb4d4c07786047e90000019560aac04fa99335c132f769efac005876ac1122ba10d3f6b7e90007ae51d4137ffd5272a174a1a9c743cda3affa668df00b1860b
283202515:0 1019 21 67 d3003d3fb554c203a7067e900000cb198d3c0608a133d5009cbda10791001105640405a10d38127e90ffef372c9e97ffff271cf59c2ab2222d4de7ffa2deec01b28966
283202523:0 1019 22 67 d3003d3fb594c2033e4e7e9000000ff3697c4e02a2397ddf4e61f4025d06a5ba9d0a59a10d168f7e90ffc2b9ece42fffbf27097662238ed54597c3ffa1a9e801be8262
283202531:0 1019 23 67 d3003d3fb5d4c0433b377e90000034459e983708ae2d3e4b72bd0c078202d88fda0521a10d5a7d7e90ffd8354fe7ea004128241d862ac08c38f73affa641ee008361c4
283202539:0 1019 24 67 d3003d3fb614c0433a2a7e9000005ed595782af944348b7d567ca8f9e408cf00291a03a10d672f7e90004e874c9c29ff67261872ea0f8c2c2f9b49ffaadf0500777797
283202547:0 1019 25 67 d3003d3fb654c1437b617e9000fff13e47dc61049a3aba37c6d51703ba0654468d0b65a10ca5e17e90ff42b5594d4c0002269d948921cc2df5cd1fffa1e50c0043d2b8
283202555:0 1019 26 67 d3003d3fb694c14291577e9000fffddde0b45705a6402714be50d80573053d1c720a15a10ce8827e900002b27530e4003d25d57afa214f1a24a8ebff9eb40e001838f3
283202563:0 1019 27 67 d3003d3fb6d4c0781f477e9000fffcfcde8447fae93411cc45cd49fb8606e76f3210d1a10d34417e9000bbe06997cd005226ebbd161ba722b4966cffa7a30400786319
283202571:0 1019 28 67 d3003d3fb714c043fe727e9000fff8ac6e1f72fd482fec5902f7a9fdcc0031855d1a1da10d60967e90ffec8a70b7b6000a2732fa4f119d0c4d5bafffaa6cec00ab2066
283202579:0 1019 29 67 d3003d3fb754c078f74c7e9000002ec2fdd84cf9fe3163c446138efaa401b740011246a10ccf7b7e90ffe1e3faf56cfff0274d1f241aa770e42a4dffa859eb00dd833d
283202587:0 1019 30 67 d3003d3fb794c044df367e9000005ff895dc36fc0235ce4eb86049fcc103eec1c21a9ba10d23bb7e90ff968b538fb3ffe62625e9520f88a0179480ffa7570900fcce89
283202594:0 1019 31 67 d3003d3fb7d4c043301a7e9000000ee6694c1afe9a323a2ecc7f3aff32057e4d391a62a10dc1e37e90ffb38c87be2e003a26e80e25113322f8ac16ffa7b4e400b0995b
283202602:0 1019 32 67 d3003d3fb814c07d2e017e8f000073d1fe8401f24231e1e6cf9063f444046a1f500c07a10d394b7e8fffd3608a55f10048275a7c78225bac19886bffa4d202002fb621
283202658:0 1020 1 51 d3002d3fc051a178871b5000be26ac949fe0c415d19c532007f34ab82571801d11f0128124b2d2c8000000020000060065c068
283202666:0 1020 2 51 d3002d3fc087a1788709be66c6b346f2863d31439238d437f0a713f74680801c035a598024b2d2c80000000a0000070017f065
283202675:0 1020 3 51 d3002d3fc0d9a17887909f86a2da7fc117b3704e1124d22f2f42b33a8ce1800910cfe4c134b2d2c80000000200000600379d30
283202683:0 1020 4 51 d3002d3fc11a2178879ff649100432a425fc042b3af1400cc3c8d840d081002d284254c144b2c00000000000000000008b3b60
283202694:0 1020 5 51 d3002d3fc151a178879e55103b9a1b44202bd98d7dd9c29c887acea6bdc1800d144d30c034b2d2c80000000a000007007dac1c
283202705:0 1020 6 51 d3002d3fc187a1788785952640f5d6c2028c9ccae17d23b8e9f089cd83e0c01c1e04c0c034b2d2c80000000a00000700d29d1e
283202723:0 1020 7 51 d3002d3fc1d821788710a1ec22e12251978a08cdf4e962af4af83348e871000d0e8a608114b2c00000000000000000004ba74f
283202755:0 1020 8 51 d3002d3fc21a2178871f8674920199d4a622fdaa55ac008be77b58940372000c008a050124b2c00000000000000000008f93d0
283202778:0 1020 9 51 d3002d3fc24a217887117dd91cd982712c9aedaa186ac10fe6af55bc5253003d23ecc50054b2c0000000000000000000211d6e
283203149:0 1020 10 51 d3002d3fc280217887080a2e872886531a9b6bd618b7012faf64315a8540406c308562c054b2c00000000000000000007f6996
283203149:0 1020 11 51 d3002d3fc2ce21788785be9da987c5d4880807d904352138162290ef50a2401d015b50c164b2c0000000000000000000e0f351
283203149:0 1020 12 51 d3002d3fc30c21788790233eb4173872a8ba68a19869001c5416cde3cd03000d07a1fa0014b2c000000000000000000069db96
283203149:0 1020 13 51 d3002d3fc34a217887912938a171bd21ae72b01fb520918a2ae9d85fa863000c081cb98144b2c00000000000000000006c51c0
283203149:0 1020 14 51 d3002d3fc381a1788787343d0a2dc5e498218d58637791b15140acb24f60800b03d9e18124b2d2c80000000200000600b6d3d6
283203151:0 1020 15 51 d3002d3fc3cfa17887067beb2b6b2f040b388a56b8b2b1b71f1716dc44b2800d088228c014b2d2c80000000a00000e00923a8f
283203151:0 1020 16 51 d3002d3fc40c217887105ff633aaa2e228c33d218079009c4ed84e579833000d051cc10044b2c000000000000000000007a882
283203151:0 1020 17 51 d3002d3fc456217887b1b9b880b682c08979782a42a49103f6ad5a465a72003d1cd9c80034b2c000000000000000000035cd36
283203151:0 1020 18 51 d3002d3fc488217887a2d7fa3f30e723897d9f2a84e82028a763403a0a53002d1ca3098024b2c00000000000000000007bc0c8
283203151:0 1020 19 51 d3002d3fc4d42178870029ec616582c58298af15a25aa238fecd00afcbd2405c011a608164b2c0000000000000000000ff170e
283203151:0 1020 20 51 d3002d3fc51221788724badb4960bba5060bf48d2053a227a23bc2067080000c11bf114034b2c0000000000000000000a39eb1
283203151:0 1020 21 51 d3002d3fc55621788731eb020b43250109a58aa7fefe0201e3bada8fcaa2404c1e35584034b2c00000000000000000007e0afd
283203151:0 1020 22 51 d3002d3fc5882178872033a9c316f71308ea36ab8795e0aadf22bb55e203002d0ab1190154b2c00000000000000000006793f6
283203151:0 1020 23 51 d3002d3fc5d5a1788702b8ede0b110560445ef972511b2b97a13865366e2c01c1574724034b2d2c80000000a000007004c0c4b
283203170:0 1020 24 51 d3002d3fc613a17887a50b36c78283b584e23313676533a66b83429fe9a0c02a0f96d90054b2d2c80000000a000007003e0e16
283203181:0 1020 25 51 d3002d3fc65c017b878680c25e932e058567e61c7337e139044a0d7af852c01e084a1c8154b2d2c80000001200000e00ec9b47
283203197:0 1020 26 51 d3002d3fc6822179871e0a9c89ecb034a574a7b2074ae092605a55ab6c72002e0f646ac154b3c00000000000000000003658f1
283203211:0 1020 27 51 d3002d3fc6c42179878b1aa146b172e108cf57c1a284a3b71bbd98c07880000e0d312a8034b3c0000000000000000000a3ed70
283201241:0 1042 13 70 d300404123480003a905f338003fca6ef2a05a00ddf41cb0b87307003e6c0162b243f9f1d95d59e08f99cffa10d668109c00ec2a8050641b666849cbd2fff8dd39e06c805ae7
283201266:0 1042 14 70 d30040412388001f6299f338003f4388e245f437e1bc55384fc034dff2a6804e414c007994a2a0decf99cfff5d30d9529c00692801b28316da417a38737fec5704604c47347a
283201279:0 1042 16 70 d3004041240800041a05f338003f5acca208c607a99a11e20ea1ff13e90082542fd89c01395d075d8f99c008a238fd2b6fffb92744bfa6dc602a05019c7ffbc03e50b8c19fa8
283201296:0 1042 19 70 d300404124c8001f7185f3380000019b84acc70fe37052535c8557cdf3d2002bcca280e2f4a2a1ef2f99cfff61314828a3ff80281cc3551669bbd02f107fec8c4741d0c0acf3
283201301:0 1042 20 70 d30040412508001fab05f338003fec7b8efc9f0fe3d451eb61205baff346002e6c9480a974a2a2c3cf99c0017d3162631bffce281c9ea31665c29e0a9affec7ec8c23071f074
283201311:0 1042 21 70 d30040412548001f6585f338003fe2ed8229730fddd652b2b4dc5309f2018026a74980d574a2a12daf99cffe1d31814eb0003e28152f4e162080b5e2b87fec748852140000f5
283201322:0 1042 22 70 d30040412588001f6a05f3380000190e313e4c0fdd5e5310b7eca1f5f206803335ab010a54a2a112ef99cffef9317e42fbffc42815494c160dc8460a423fec9e49d27477f581
283201330:0 1042 23 70 d300404125c800032519f338000039deacc3133014c45fc19deffedc08f58014325a0987f4a2a63e8f99c002f68530563bff2f26786d030a6536d148c8ffecc80ef3bc548e32
283201339:0 1042 24 70 d3004041260800036085f338003f98d72b30e5081ad05f1da94ae7ce0b1c8028ef7909af94a2a29c2f99c000de852870e4005f267860420a5f45a739bbffecfa83b0ecce39d1
283201408:0 1042 25 70 d300404126480003a885f338000032456c9fbf0814d25e6561100d5a08f18023d5c489f354a2aa5bcf99c0023e816af4180098268929ed0a15c63f06693feceb0180603e1fd9
283201408:0 1042 26 70 d3004041268800032185f338003fe74bbd091b081a7c5e2fdb61684a0ad2803b20ca898434a2a831ef99cfff2e8185062c003d2689aaca0a7bc6f5b4657fece7be0f80e61892
283201408:0 1042 27 70 d300404126c8001d5285f338000015e64427280ffe5c4db5e2f72a19fff28023f49c0d43d4a29e9b4f99cffaffdb521ca4001b26d4c3c2066c50d79c553fee1f3e6f989903a0
283201408:0 1042 28 70 d30040412708001cd385f33800001343366c990ffe024e595115cc45ff6a000e21188dbb54a2a315ef99cffff7db460a17fefa26d375ef05f429bd0635ffedfefe7f9c0c2a53
283201408:0 1042 29 70 d30040412748001d1b05f338000016cd3fb5b90800c850812362df94000a000b49d40c4e74a29f54af99c000cfd4ae9adc005826bd0f790771590e79b73fedba8140506d32d5
283201408:0 1042 30 70 d30040412788001d7885f3380000273f21b8b30ffcba5063e6a1f13ffecc8018638a8cde34a2a6d88f99c00063d4c271cc009526bc99d406c288866d27bfedcdbb1ec4c116a1
283201408:0 1042 32 70 d30040412808001faf85f338003ffc2e83a4f40fe82a533dc0f6e037f6210019a3810035d4a2a07a4f99c00149301fc4ac000728104d0e16d57f429921ffec6f3c7f1c4803a3
283201408:0 1042 33 70 d30040412848001f9305f338003ff31d81595c0fe2f6552602feb5d7f3b780225feb8089d4a2a0306f99cffff1301b43e400722810a33e16f3870c4f6b3fec5ae5394c35d79c
283201414:0 1042 34 70 d30040412888001d1985f338000023e963dfe108078c5000ce0c1d92031e001ccefc0d4f34a29f6d4f99c001cfd4dd2c30002426a96b3706184b4bcc697fedd03d5f5458359e
283201439:0 1042 35 70 d300404128c8001ceb85f338003fc8abf77c23080622514766622b7a0285002eea3e0cd3b4a29ee8af99c0015bd4dc44dbff8a26aa32ff06efc7a7a45dbfedec7f8fe025f579
283201439:0 1042 36 70 d3004041290800034a85f3380000040b287445081d345f76ec715cd00c75803258d00954d4a2a757ef99c00026851aa7e000b626879c740ac5b4d5b8ce7feccaf42d08ab68b7
283201439:0 1042 37 70 d300404129480002f485f33800000a5b8b457d0816d25cb93bcf6a920913802c480589a694a2a3474f99cffe0a8514bf07ff932687c2810a49fb63ab797fed1a76bdacfc3053
283201464:0 1042 38 70 d300404129880003b105f3380000093b1fe1e808e5c21f70eda3a7e83fff809b1c99f8b7795d4baeaf99cff750d5996a3bffec29695d451dcae5d17c58bff87b42c0b0f27f4e
283201464:0 1042 39 70 d300404129c80003b505f338003ffed0fe44700f882a0f1246c17711dffa80e065899e0e595ded15af99c009ae2d26f60c0084274db5bad81824cf40c1bffbe1c52148edbec1
283201464:0 1042 40 70 d30040412a0800189385f338003ff3f1ea92c00f6c7c1e09b4f62015d602012ba9e58f37195d461d8f99c0032b8a1e2a9bfe1b2752b771f40a619f03717ffa4a41c0706d7914
283201476:0 1042 41 70 d30040412a48001f9c05f338003fe30b8401fd0fe62654c45d6772c5f5850058f1f8003e74a29fe84f99c000dd308b388c001628045549171b34189bc8ffec50328ca096ff5b
283201481:0 1042 42 70 d30040412a88001f5905f338003fa9408ef25a0fe0d253f0c225cf47f24e804bf144808f74a2a01a0f99cfffb130a4196c00552804a114167c776fd1ae7fec62ecdb341103b9
283201494:0 1042 43 70 d30040412ac8001cc985f338000004500f835208016454369a36a6b60056001bbc8a8d95f4a2a9b60f99c000dfd46c5ab7ffc0268967ea05b1c9e1e39affed883effbc5b81e0
283201497:0 1042 44 70 d30040412b08001d0c05f33800002fb8787eae08052e51551f1795a002970028c3c98ce0f4a29eee8f99cffedbd484379c0007268e445706a5c9601996bfedeb00701cfb3a1a
283201505:0 1042 45 70 d30040412b4800030a05f338003fbe13c6d5f6081dda5e5453d781540cfa8023fb1b88fa94a2a4000f99c001468612bc9bfff426b0b9da0b2f4064d5393fecd00d4350d0b21b
283201513:0 1042 46 70 d30040412b8800035585f338003fefe1da34d20019985afec2b072720a7e0039452d895454a2a55aef99cffd268629bbfbffcd26b0fde90ae7c20b01843fed2e0b52d4bcd63b
283201521:0 1042 47 70 d30040412bc8001d7f05f338003fa2c1e933f40804a04e386b9f4a8401e2800e4e2e8cb9f4a2a5bb6f99c00047db036794001a26ef34ef0711b32461f17fedd742f0bc2a1636
283201529:0 1042 48 70 d30040412c08001f9605f338003feba26294a70fe55458c6e4e90c67f401800974b0809cd4a2a100cf99c0013d2fb3055fffa227713ea016198f1e34b47fec1001e07ac560b1
283201537:0 1042 49 70 d30040412c48001cd005f338003f92d1ef0faa0802f44f025c27fd9800fd000c6c2f8db874a2a4d20f99c0016fdaf7cedfff9126ee626005f2cd0ec3b23fede201e0786e6aa1
283201545:0 1042 50 70 d30040412c88001f6885f338000025a0b91a940fdedc593e3cdf7071f2018012d126807054a2a4028f99cfff112fbd2eb400492770dee916160c1e72c5bfebf355254a20b525
283201553:0 1042 59 70 d30040412ec80002b885f338003fff93000feb0e0e4bfacfd3b5caa97885801985d4081df95d77262f99cffa95ab92302c00020589fd84f1a43f68ba674002ff9b36cc3320e3
283201561:0 1042 60 70 d30040412f080000d185f3380000001fffe20c068ef5ed691d223c1f99dc000c7afcf0f7b95d6394ef99cffdd56bcd37ec00a9047859561b7bcf87e852c00559dee7b88afbc2
283201569:0 1042 62 70 d30040412f880003b185f33800000053ffe27c0e54779f1fc91c6edb8baa0028dcbf91a3595d6c4e6f99cffd95c015c1abfff202d1b5a1dffac3029ee4800eacc3d0f639a080
283205832:0 1042 1 70 d3004041204800027299f3380000115edbae3235ffefdb94c46e1867747d8018ecad809fd95d8d950f99cffb999912b9abff6704962540ff5a63404c860006e6fcbe78cef991
283205880:0 1042 2 70 d3004041208800013219f338003f7cadd63888365caa0af1f21e085d8c1d802de2097966195d54c86f99cffef18602176c00d805b89c1b0c4cf3f64b764001a5c09ddce9bca6
283205938:0 1042 3 70 d300404120c800020699f338003fe52d715171363371ee15d808cb67819c003533b8ffe3b95d76954f99cffb21942dc7e400ec048bd017007d7b14101480050a817ebcf6f225
283205969:0 1042 4 70 d300404121080001d585f338000017705844c20604e7de473ebf8e5175cb802e49d57a46395d6ef90f99c000198735d283ffbe052051290ae0d7d8af478006a6839eb0822edf
283206008:0 1042 5 70 d3004041214800011b85f33800006722a4008a065165fade4bb91ec188d98027cfe8fba3395d73f6af99cffff988e9e0080066051889e508332418f71cc0037cbffe901e2347
283206031:0 1042 6 70 d3004041218800040c05f33800010ecb686bf207aa02132a25c76953e8ff013771089c44995dc0550f99c0089639054e83ff3c26a27821db41264bcdb43ffbb6c54fc4c8cd47
283206068:0 1042 7 70 d300404121c80019ba85f33800007614120f5a073cbc33ff8cf1fc19c941013b90ed06ac595d7b9f2f99c005b771af0233ff04222c57a100cfa62016133ff867094028dd48b1
283206081:0 1042 8 70 d3004041220800039885f338003ed19d84d54b00c2ec198d09f48486374a00ea023f7a0b395cda360f99cff9a0dbfedf88011a2c0d0d231c485f42af2dfff91786efe4442df5
283206099:0 1042 9 70 d3004041224800042685f33800009a68e4b3d307be0413ebfbceeee7ee3883aa16231adf995d99f5af99c0041240a8d947ff1126d8d009de7c68fabb59bffba5441098b862fa
283206121:0 1042 10 70 d30040412288001a0685f338003fa613ece286073fb433697447814fcab282d080d90650795d62320f99c0052b70d9079ffe9a224552b4015c673709077ff88303a0788a92bb
283206124:0 1042 11 70 d300404122c8001d690df3380380466de77c89100ee843d38d738c8606130088fc978df0f4a29cf20f99c002bfe19beab0009327d776c906466f353a0e7fee91426038aabc1d
283206138:0 1042 12 70 d30040412308001d7699f33808805d61367df3280fba43a3cfe4169a06d0804dfff98dac34a2a0ebaf99cfff73df71a49c007727c5a760068eaef210577fee9f81e00469c39c
283201605:0 1046 2 69 d3003f41609530596b075613e000019400fff9f40ffca610c3c81cc00d68007f36a81a1ea813995a13e003bbbfb4643002a2739c7be2221f9fd8ea9ffbe14fc3eb00091621
283201605:0 1046 3 69 d3003f4160d5305d6bf2ca16603ffebfff21c203a634868db7baf2d7b87c00f47a0438cea8142062166ffef6644960dffe62757462e19351ec23a75ffc1870040200b3f6c7
283201616:0 1046 4 69 d3003f416115305b6bf0d215203ffa5ffeb09fdf993089a79926201fb1580065c47c3606a813df8e152001f6646048900012757afcf19e8ffce9d38ffc0cefa3e600a2aeb5
283201636:0 1046 5 69 d3003f416155305d6bf27e16600001a613fb70b3a174886a62dcd1afb400006e8b3030faa813e6ca166fffd6644ac91ffdf27576bca1aff13cdd9e1ffc16700c04002bbbb5
283201648:0 1046 6 69 d3003f416195305d6bf0d616603ffd63ff599f57980c8c5e76182397b068010e4a303296a813f882166002266531c570004271161dd1a623e923719ffc04100c0800397af3
283201664:0 1046 7 69 d3003f4161d5305d6bf21e16603ffedfff2c43bfa65888150ca6a8dbba3800af27c43e0ea813fb16166ffea66456293001c2757b242169b09b36a4effc1ab0380f009838c6
283201681:0 1046 8 69 d3003f416215305d6bf21616603ffc61fddce027a4b4829952e20317b96400d3f2e83a5ea8142dfa166ffe76657b6ad000c2793cbe118b71824e778ffc26ff9fe300ed2b92
283201717:0 1046 9 69 d3003f416255305d6bf09a16603ff78ffbd3225f9a608372eafca0cbb16c00de9edc331aa8140e3e166002a665839bffff0279417041a9d12289afeffc171feffb00b19cc9
283201771:0 1046 10 69 d3003f41629530596b096e13e03ffe97fd0079084cec59dae18edf383ce4009932486e9ea813823e13effd8112f17a4ffef28b8b66909666d323abeffc87cfdbf8002db475
283201821:0 1046 11 69 d3003f4162d5305d6b08de166fc0899603f41e404c005bcb9595a0203c78009c8b346d92a813a76e166ffd31144e9c50004289a287009903af9ebdcffc862ef3b50099ce82
283201890:0 1046 12 69 d3003f416315305d6b07c616603fff8fffff3d38522c5f188ec4dbcc3f9c00614d746d2aa8139a2a16600041144fc78ffcf289a492409df1cf4ca1affc7d4f23c700c4e426
283201972:0 1046 13 69 d3003f416355305b6b08ee15203fffafffd73c5852745d5f993f5b9c416000300a785f3ea813626e152ffc811430660003328ba78ed0e94b4cd2dc6ffc8870300c00c0db50
283202026:0 1046 14 69 d3003f416395305d6bff7e166f810f0200f4f413a8a49f1d260bfedbd0714faef53865be952c2e0a166f6d2e2f70fd5007622fda8280b2d780e74a7ffc7c9fbfea48dfaaea
283202087:0 1046 15 69 d3003f4163d5305d6b054616603ffe97ff3383444c2c5dac23d9434c3b780051096862b6a813857e166fffc11421ddbffdb28ba030c0db1b8d2c623ffc7fb0380f00ba7fdc
283202102:0 1046 16 69 d3003f41641530576b084a12a03ffeb9ffc3159811a49ff2f10384080cb000c4b8581c7ea8136c4612affe2bbb263db00042749db3a21c698652860ffbfd9fa7ee00a8fa37
283202122:0 1046 18 69 d3003f416495305c6b0c5a15c000174e0766d06bd798fef703765b87c84d4fa619b86256952bf65615cfcffe39e8a8cf89322fad2760acb77821fc2ffa156fb7e9483423ff
283202143:0 1046 19 69 d3003f4164d5305d6befee166000174c08d74df39ad884b85e880c4fb0580047a7983f1aa814217e1660018668c6be1001327907e541784f73c09bfffc1cdf9be4002099b1
283202160:0 1046 21 69 d3003f416555305d6b05ba16603ffebdfd3160240ce8a4c071a86dc409a00053a2341c1aa813245e166fffdbbd9929b00022735c11421e7ba6fc4ecffbf85003ff0033d2fb
283202179:0 1046 23 69 d3003f4165d5305d6b08ae16603fff69fff7bc640eb8a5e0c0dd27d00c30005d36201c1ea8134cae166000abbb32d3b00172749a26421ed86b31918ffbf37ff803001e2b1e
283202196:0 1046 24 69 d3003f41661530596b065213e03ff427ff73c61810c8a4493bd98ec40b4400d76ccc1c5aa8137af213effe4bbf1949ffffa271ec4e821381be10b23ffbf77f93e000e0232c
283202212:0 1046 25 69 d3003f416655305c6b09ba15c00000280014de2412b8a2ae38a203740ddc00977d341bbea81339a615cffd9bbd99897000e2735ce2121ccc67e3a9bffbf9500c0300beb476
283202229:0 1046 26 69 d3003f416695305d6b0ac216600005fc003904e85bc45f179120d1dc479400719898640aa813789e1660028112e3d4a00312874a36e0c699cbb435dffc732f93e000355027
283202246:0 1046 27 69 d3003f4166d5305d6b02de16603ffa55fcedb2200bc8a6147fcd767c087400796c70172ea8132eb2166ffe4bbd93cf0fff42735741c22cbd770617bffbedeffbfe0093af7f
283202265:0 1046 29 69 d3003f416755305d6bf05216603ffe15ff7c6b4f9d9489578373a337b1b000818fc83ff2a814046616600156653391a001a27123d2a159d4b41096effc0affb3ed00676db1
283202282:0 1046 30 69 d3003f416795305d6b04ce16603fe951ff89187c1058a9dbfd927e780de400677a0c16fea81390d61660032bbf08e12ffd2271e95d422a6174169daffbd94ff7fb00e0a843
283202297:0 1046 31 69 d3003f4167d530596b063213e03ffee5ffa846ac0f28a6b720f275b40bf800b05c141b1aa81334ca13efffebbd8f429ffd327357cf5217cc2f8f61dffbec20200a00fca6c4
283202314:0 1046 33 69 d3003f416855305d6b091616603fff96000a611059d45fb747f716e84580008a9e98695aa813899a166000d1142a164000a28baa42f0afa90251f28ffc6d1fa3e5009145e2
283202331:0 1046 34 69 d3003f41689530596b07aa13e03ffec3ff2d931047a85c297bf2614c389000a65b985f0ea8139f3a13e0009112f585dfff928b8915f0e7d768c95f2ffc78a01008001437b7
283202347:0 1046 36 69 d3003f416915305d6b0a3216603ffd0ffe315e9044e45dd10d77d2a436bc001e552c69f2a813583616600161142ec94001828ba82020ae5be33fc26ffc8400340f004f773e
