# RTCM Message Log (ephemeris only)
# Generated: 2025-08-22T21:48:27.633565
# Mountpoint: BCEP00BKG0
# Allowed types: [1019, 1020, 1042, 1046]
# GPS Week: 0
# GPS TOW: 0ms
# Format: [timestamp_ms] [msg_type] [sat_prn] [length] [hex_data]
# ----------------------------------------
279901039:0 1019 7 67 d3003d3fb1d4c042dc4c7cce00ffd0f78d244cfb47335a2a507ab5fc490a2516fc1b10a10da5e17cceff548b9452eb004f26c0172010b2ad521b70ffa522e900330470
279901058:0 1019 8 67 d3003d3fb214c2399a057cce00ffff45beec05fa8135ad9dcbbafbfb36056e60ad10b9a10cceb07cce0018df2d7302ffb7268cb5131b3512ce3042ffa72b0a012b36dd
279901085:0 1019 9 67 d3003d3fb254c23ce7217cce0000365f938021f0c8337eb5d8eef1f33a01bedcb90b4ea10d44b97cce00005fe0bee700282739741623135160b8d1ffa53801018c09e4
279901104:0 1019 10 67 d3003d3fb294c143c81f7cce00ffb6bce3c81f06b52e3bf0a7d47206550550b7d7047fa10d282e7cce00213695c493004628577f592c62a18497dbffa4b60500c640d4
279901125:0 1019 11 67 d3003d3fb2d4c041d0517cce000061ac5961510a8d2af47f84fb35096d01102993186ea10db8327cce000f0d6d4a4200012754ef0613899e3c465affabbeed001506fe
279901136:0 1019 12 67 d3003d3fb314c0417b347cce00fff6b1cd8434035c37910e48496402ea04752b4f0a54a10d17e97cceffcfb916bdfe00102717b6f923973dd90287ffa2bde5004b174b
279901147:0 1019 13 67 d3003d3fb354c07dcab87cce00fffc5bb2bcb8efb82e46939deb3bf17604f198300efda10d7fa47cce004a66e7dd88ffb627b70a941efb282bc7b4ffa9cae700342682
279901156:0 1019 14 67 d3003d3fb394c041b1077cce0000255a1af20703ab3bf1070913c3030203221dbc09d3a10d0d037cce000bb6fc5c840011266a2b7f228d8f5457a5ffa192ef00a31c3d
279901179:0 1019 15 67 d3003d3fb3d4c07cd7437cce0000222b555443f207384c7538d482f37c08866d2f0716a10d08267cce00765a334991ff96264ea66f25e23b1e74aaffa4f4e90090cf26
279901230:0 1019 16 67 d3003d3fb414c0418e427cce0000470b721842028936c2c513a2c00277076e9f0c093aa10e2f507cce00c2b9cb0043000a270fac2d247324508d09ffa62ae9007dc4b4
279901230:0 1019 17 67 d3003d3fb454c077f42e7cce00ff7811fbe02efabc31099d8b6418fb9106b5bb481242a10de5f97cce0060e352a1db00472731fcb21aa8cf1628d3ffaacee8006c2e9b
279901230:0 1019 18 67 d3003d3fb494c0400e307cce000046b55aef300bd329a94b42af870a7502d51f7a17e6a10d7d367cceffda0c652046001327a9f18e14f288daf43bffac12ee00746275
279901230:0 1019 19 67 d3003d3fb4d4c07882037ccd0000195609f803fa8931ace84d4272fb0f05876b6712c9a10d3f897ccd0047e51ddcfcff53272a26f01a8f743ccfacffa7d8df008cac2f
279901235:0 1019 21 67 d3003d3fb554c043a5057d050000cb1988580508293440db013abd07540010f3d10408a10d36027d05fff7372d2e470002271cf0152a762239b029ffa2f9ec00b4f2b6
279901245:0 1019 22 67 d3003d3fb594c041234d7cce00000ff369144d03563745b484f62002f006a5bfc50a36a10d19c37cceff7eb9ed8b4e008a2709755b23b3d544efe2ffa500e800c006d5
279901254:0 1019 23 67 d3003d3fb5d4c0431c367cce000034459d2c36083a2e6520ab47e0071802d87a530478a10d55367cce00073550861f00422824182b2c088c36a190ffa5fbee00752af2
279901266:0 1019 24 67 d3003d3fb614c04341297cce00005ed592e029fa9934b8528c0bcafae508cece481982a10d6e207cceffb1874d31cbff1e26186b7e10932c3043bdffa8f4050061204e
279901277:0 1019 25 67 d3003d3fb654c041dd4f7cce00fff13e48444f04b93afd0cfcabda045d065432890a76a10ca3597cceffc9b559f6fc0039269d8f68227e2df583deffa06c0c00759c2f
279901288:0 1019 26 67 d3003d3fb694c1427c4c7cce00fffedde0c44c047d3f77e9f4308703eb053cf15f0a4ea10ce3777cce002bb275dc04006525d5770e21411a2481fcff9f600e0054a1d6
279901296:0 1019 27 67 d3003d3fb6d4c079d8447cce00fffdfcde9c44fab63275a17c244ffb7c06e762b9114ca10d35f17cce004ae06a2d95ffd126ebcaa91b0222b44f67ffa9d4040082434c
279901306:0 1019 28 67 d3003d3fb714c0436a717cce00fff8ac6e5b71fd6a2f7b2e2b6a65fe1a00318eff1a71a10d62667cce000d8a714f33fffa2732f39610df0c5b1fc4ffaa24ec006f7359
279901315:0 1019 29 67 d3003d3fb754c0787f4b7cce00002ec2fc944bfb403067998008abfbab01b731951286a10cd4e77cceffd4e3fb8fd80026274d2c8b1a6170dff94fffa927eb0052bb37
279901324:0 1019 30 67 d3003d3fb794c0430d357cce00005ff8934435fc7d36f123ef86b1fd6203eea789195fa10d1ff97cce000d8b54306700332625e0fa10eca0166876ffa5750900abee68
279901332:0 1019 31 67 d3003d3fb7d4c043aa197cce00000ee668ec19fed631f7040351cbff4b057e46ad19a9a10dc07a7cceffe88c88590d005226e80853118822f859ddffa762e4002dedbb
279901341:0 1019 32 67 d3003d3fb814c07d584c7cce000073d1fb604cf18a31e6bc1cd3aaf3ae0469ff780c52a10d34737cce0042608af3770027275a8400211eac1aada4ffa73a02008411ab
279905907:0 1019 1 67 d3003d3fb054c041bce27cce00002d2c33cce20e182d636dbefd2d0c3e005755f01804a10db8ec7cce00110eb9827c000427172d901366026e3b35ffa9a3ed00a5d1ea
279905941:0 1019 2 67 d3003d3fb094c04014377cce00004ff40610370c702a15acd713f30b370872e72d1a53a10d6d737cceff98081184cd00b12754e4f711bad99f0b6bffac0fda00022208
279905970:0 1019 3 67 d3003d3fb0d4c143504e7cce00ffe35983644e08092da3173335d106790349f50e049da10dc6cf7cceffc936affb27fff5285be7f12c0231ce6fd0ffa5440300a9873c
279905997:0 1019 4 67 d3003d3fb114c07cb31d7cce000021fffb601def4931389559c4dff19701bdc0f80dc7a10cbf6f7ccefffc627094c7fff3277899c720ba8815706dffa70df6001f3215
279906018:0 1019 5 67 d3003d3fb154c0447e047ccd00fff8e371e80409222ef4aabc9793082902f3bd740439a10cd72f7ccd001d345ae10e001c27d1947a2ac139ed29d6ffa662e9000ed04f
279906045:0 1019 6 67 d3003d3fb194c040e2607cce00ff8ebee270600ade252951521b0f09be01bae7e51926a10d16c57ccefff60c7d57c2001c28471df1141fe41def51ffaecb0800fc9748
279901399:0 1020 1 51 d3002d3fc051a078831216d9d361b2128a2ce7285143b4344de924aa2fc0801d11efe28124b2d2c80000000a00000700141fc1
279901429:0 1020 2 51 d3002d3fc087a078838c1af8c65ed9410bfec5401fffd3362bd29db6a581801c035a818024b2d2c800000012000008006d6794
279901429:0 1020 3 51 d3002d3fc0d8207883a593c78ab23dc31b99d63639a3e016ca33d2cf0aa1000d10cfd4c134b2c0000000000000000000d39037
279901429:0 1020 4 51 d3002d3fc11a207883a87dd530ff9a6419f95e0e32d58292e68fd57c5d81002d28421cc144b2c00000000000000000009f0e18
279901434:0 1020 5 51 d3002d3fc15020788395b3e553ca6ea20aefe7a07cd464b2ab19aae9ee80000d144d20c034b2c00000000000000000001ab143
279901442:0 1020 6 51 d3002d3fc1862078831026163ced4f918f2f4fc459a162b3917927261231402c1e0488c034b2c0000000000000000000d65408
279901450:0 1020 7 51 d3002d3fc1d8207883257f250ac010b39b69e2b643faa096e7ee52f43312000d0e8a108114b2c000000000000000000074b657
279901459:0 1020 8 51 d3002d3fc21ba0788327bd86b27283349a1ba58d313f73137cf555277291801c008a250124b2d2c80000001200000800c08a70
279901467:0 1020 9 51 d3002d3fc24a20788302bbb9143ba2b321239fcd8cccc02a2d1b3b87c551003d23ec6d0054b2c0000000000000000000acc583
279901476:0 1020 10 51 d3002d3fc28020788382214688ce98b40163a4e3103cc0391525021320a1406c3084b2c054b2c0000000000000000000ff6a06
279901484:0 1020 11 51 d3002d3fc2ce20788385153aa3a44193a200eac622c86029e4f0bd2564a3401d015b68c164b2c000000000000000000021e586
279901493:0 1020 12 51 d3002d3fc30c2078838454f5aa87ba00b2385407acfc00823ab4d9aad383000d07a1f20014b2c0000000000000000000b7be61
279901502:0 1020 13 51 d3002d3fc34ba078838223ee99271403a53b9545d7abe0a64d19c2813061800c081cb18144b2d2c80000000a0000070098ea43
279901510:0 1020 14 51 d3002d3fc381a07883023e0b0b621304018e1c62e3e780b8dff80338ed71800d03d9e18124b2d2c80000000a00000e007d0862
279901518:0 1020 15 51 d3002d3fc3ce20788304cca8255bc523244bc7415603e0a71764415e5173000d088230c014b2c00000000000000000000b30b5
279901528:0 1020 16 51 d3002d3fc40c20788304571129fe86403245bc87d040a00247de5a1503b3001d051cb10044b2c0000000000000000000413d44
279901536:0 1020 17 51 d3002d3fc456207883a4380a263c3a8293786237c769e021a40b494dff53003d1cd9600034b2c00000000000000000005a8610
279901545:0 1020 18 51 d3002d3fc48820788388d17852ba68848828cc33794f023816e614932672001d1ca2d18024b2c000000000000000000051f754
279901553:0 1020 19 51 d3002d3fc4d4207883185a2555e4f6640a23031336b3e4309d07aef61b20405c0119d08164b2c0000000000000000000c682cf
279901562:0 1020 20 51 d3002d3fc5122078832c646d244df7021726c799eb77830b64ccd90c90a1000c11bef14034b2c000000000000000000051a1b7
279901571:0 1020 21 51 d3002d3fc55620788326c9249cfa983114edeab6281e409cd951ce667423404c1e34f04034b2c00000000000000000009670a7
279901579:0 1020 22 51 d3002d3fc589a07883062d23d42feb7505fc3ab33f4233b854138e926363802d0ab0d90154b2d2c80000000a00000700c7d1a9
279901587:0 1020 23 51 d3002d3fc5d5a0788396cbb1d733923587f220968313d4b2e18c2a918d01c01c1574524034b2d2c80000001200000600896434
279901595:0 1020 24 51 d3002d3fc612207883ad12c7a20ad71194b5cd1e9082d38a3aaf58928032402c0f96a10054b2c0000000000000000000ae8f7c
279901603:0 1020 25 51 d3002d3fc65c007b8313856f5842e66406844f1cfc872334e78ea41df7f1c01e0849fc8154b2d2c80000001200000e00454b81
279901612:0 1020 26 51 d3002d3fc68220798328d374aa19e5949bb728945dd2520d261558079bf2802e0f6492c154b3d2c8000000120000078043eebc
279901620:0 1020 27 51 d3002d3fc6c420798309edfa47fa9eb18a4709c023dd43b711cb18f6ffd1800e0d312a8034b3d2c80000001200000780175c23
279904356:0 1042 1 70 d3004041204800021985efb40000115ddbadb80628e3d26caf6f842f7f29801917adf448b95d8ba1cf7daffc35790dde37fede04c0297715da6534b1a0800833bcbe788ba390
279904377:0 1042 2 70 d3004041208800010405efb4003f7d7dd63c2a06864e0799dcbe29499763002e0118f15a795d55ec0f7dafff356d08ce3800a005f8bd121ad27586d312000200809ddc96abae
279904386:0 1042 3 70 d300404120c800019c85efb4003fe4f271522c0673a3eacdc274f7ff92a00034e094f44cd95d73502f7daffbf57429b20000d504bce10915843d1afe4d8005b1817ebcabc4cc
279904394:0 1042 4 70 d3004041210800019b85efb4000018e95844290645e1de432991c0798722002e30826e49995d706e2f7daffea96b651db7fef50560ca3b20f45990083980068b839eb090e29f
279904403:0 1042 5 70 d300404121480000f205efb400006787a3fdb8067d73f4f035a3fc6794d300280210f3ff195d77a6cf7dafff416cd6949c005a0556cd8c15e765f162abc004007ffe90c715a9
279904412:0 1042 6 70 d300404121880003ce85efb400010cf968647407a9ec12c01064b033e8bd81376f039c22395dc0364f7da0053639058f03fec726a271f3db69264bb63c3ffbc5054fc4a84014
279904420:0 1042 7 70 d300404121c80019e405efb400007605120c1b073be832af778e48f3c9c2013b919c86b2195d7bb26f7da0041771af64bbfe17222c632700d5262005413ff88b4940286ba9c7
279904430:0 1042 8 70 d3004041220800039105efb4003ed1c984dd9b00c35c1998f48f3a3e37bd00e9f79ef997f95cda97cf7daffc14dbff3f88016b2c0d07df1cbf9f42a0b13ff93146efe4c574c5
279904438:0 1042 9 70 d3004041224800040885efb400009a81e4af9607d13211cfe66ac13ff29383aa56421b3f995d9c606f7da0021240a91853ff3226d8c95bdda6a8fac7d6bffbb20410989a02dc
279904447:0 1042 10 70 d30040412288001a4505efb4003fa5d2ece4fc073ab031d55ee4db7fca0402d07f470665395d62c68f7da000ef70d966cffe0222455d5d011d2736cedabff8a683a0781df598
279904554:0 1042 11 70 d300404122c8001d6485efb4000045d6e77a93000e28460965b02e0405d58088f9c88e27f4a29c854f7daffed7e19ce30000b127d77a0a05e46f364451bfee4b8260381b4664
279904554:0 1042 12 70 d30040412308001dc715efb408805d5d367b6220115e43a3a82c9c5c071b004e07218dbc74a2a1262f7da00253df7296dfffef27c5aab506736ef1a1e7ffee73c1e00438f6e2
279904554:0 1042 13 70 d300404123480003a305efb4003fcb36f2a1da00de2a1ceca30c469a3ea00162a8777966b95d5a632f7daffb24d668743401322a804a781bf5a84a143dbff8e939e06c027abb
279904554:0 1042 14 70 d30040412388001f8205efb4003f41aee24b1907e250565628033f05f391804e4356809d94a2a0f3cf7da0007930da661400772801b34516d8017a770b7fec4e04604c5cc628
279904554:0 1042 16 70 d300404124080003d605efb4003f5acca20d5007a74211bff93da55fe81b82541ecb9b8fd95d06aeef7da005a238fd6bebff092744b95edd0d2a04e3883ffbcc3e50b893264e
279904554:0 1042 19 70 d300404124c8001f5405efb40000018184acba0fde0253a734a0ca67f239002bd7e700f674a2a130cf7daffe7d31493abbffca281cc4d01649fbd5610e3fec9f8741d00b259d
279904554:0 1042 20 70 d30040412508001f7305efb4003fec938efd2a0fe3c252ad396ef1d9f37f002e6b4300fcf4a2a2eecf7da000b131637783ff61281c9fa3163f429cd97dbfec8408c230945509
279904644:0 1042 21 70 d30040412548001f4705efb4003fe2dc822a3e0fdda653748d20dec7f1890026a64700d394a2a133af7dafff4131826408006c28153059162980b5f198bfec64885214d73a15
279904652:0 1042 22 70 d30040412588001f6405efb4000018f5313d9a0fdd2e53f090342d45f1eb003337bf810b34a2a1002f7daffd91317f5543ffe9281549d715f9c845b8f77fec82c9d2742a5adc
279904660:0 1042 23 70 d300404125c80002c285efb4000039bdacc17908146e5e7b762c4b78085380143123896ed4a2a62aef7dafff268531677fff392678689a0a7136d261bc7fecec8ef3bc029ce7
279904668:0 1042 24 70 d3004041260800036305efb4003f988e2b33b90817865e4d81adde1e09e18028f6fe098814a2a31c6f7da000f685297bf4004f26785a5d0a93c5a37b757fecfe43b0ecd1a1cd
279904676:0 1042 25 70 d3004041264800033c05efb4000032046c9e590814b85e79395010a608ff8023d79f09d494a2aa45ef7da00456816c05fbffd62689240d0a2b863fab917fecdd4180608658d2
279904685:0 1042 26 70 d3004041268800031685efb4003fe740bd09c90819225da9b39e58340a1b003b146809e074a2a7c98f7da0006e818611e4007c2689a5e20a2746f6ba5dffed04be0f8099cc09
279904694:0 1042 27 70 d300404126c8001dd205efb40000160344268f0ffe464de3bb3ac8edffb78023efeb8d15d4a29e786f7daffe87db53138400c426d4c762068ed0d7c7a1ffee067e6f98443fc3
279904707:0 1042 28 70 d30040412708001d5405efb400001314366c0e0fff524d89292790020053000e281f8d6bf4a2a2bf8f7daffbfbdb46ffc7ff8726d37b02063569c37021bfee1c3e7f9c35ed10
279904724:0 1042 29 70 d30040412748001d2785efb4000016a03fb5160802ee504cfb7fcd440104000b58ef0ca394a29edaaf7da001ebd4af9974000d26bd1500071859137b1c7fedd74140508d5680
279904754:0 1042 30 70 d30040412788001d8c85efb40000275621b7a10802704fcbbf0764000134801880a28c8054a2a7c28f7da00077d4c371a0004326bc9dcd073048826455ffedb93b1ec4dd6bdc
279904779:0 1042 32 70 d30040412808001fb285efb4003ffb5e83a5070fe564538d995b33e9f4568019ac83004d94a2a0e06f7da001353020d777fffa28104d9d16bfff3eaec1bfec717c7f1c2d5e56
279904807:0 1042 33 70 d30040412848001f9f85efb4003ff3828159bb0fe5a25591db434487f56580226c99007974a2a0914f7da00051301c57e400522810a3c61701870c5d437fec5265394c821b8b
279904846:0 1042 34 70 d30040412888001d2f05efb4000023a963dee0080478511ca66f6b8e01da801cdd198d8b54a29ee68f7da0019fd4de2befffc426a96fc005cccb4801b4ffedb6fd5f54ae02dd
279904877:0 1042 35 70 d300404128c8001d3005efb4003fc86cf77da5080750508d3e9dd80a0353002eeac38cb714a29ec08f7daffef7d4dd3ec3ffb826aa382c06f9c7a8cdc23fedffbf8fe0bf8999
279904988:0 1042 36 70 d3004041290800030405efb40000045328742d081e3c5f96c4bae4f60d078032639a0906d4a2a702af7da001b2851bb9b4003f268797090b0a34d52ae4ffecc0b42d0808f1e7
279905008:0 1042 37 70 d300404129480002ec05efb400000a838b453808189e5b89142815da09a6802c3bd40967f4a2a3c2cf7daffe568515c87bffc12687bd990aabfb61375abfed2736bdacb29214
279905039:0 1042 38 70 d3004041298800039685efb4000009311fe1a608df201ff6d8403a663edc009b354bf8ea395d4ac68f7daff7e4d599d48000ca296958151d3465d154d37ff89a02c0b08f5ebc
279905065:0 1042 39 70 d300404129c800036585efb4003ffeccfe44780f842c106a3173b84fdee380e040909c9cb95dea86ef7da008462d273617ff65274db01cdad964cc9727bffbe6c52148572f37
279905094:0 1042 40 70 d30040412a080018af85efb4003ff3f1ea93150f6afa1d099f92592dd644012bad548f3ab95d464a6f7da002478a1e75c7fd6e2752c4e8f41ae19ee6783ffa6201c0701d4d81
279905112:0 1042 41 70 d30040412a48001f9b85efb4003fe2d58402c60fe666556835b1fa93f5948058eebb805174a29fb46f7da000e9308c4d580016280455fb16eab417e9e6ffec50b28ca084de80
279905137:0 1042 42 70 d30040412a88001f5e05efb4003fa9428ef4bd0fe0a655a29a75650bf252004bfbbf0077d4a29fad8f7dafffc930a52d04005d2804a23216e3776e7dfebfec626cdb3422fa98
279905157:0 1042 43 70 d30040412ac8001cd385efb4000004520f83340fff0a532c724c29cdff7a801bb8538d5374a2aa360f7da0013bd46d5d2fff8c26896dc3060c89e7da117fed96beffbc2f56f4
279905172:0 1042 44 70 d30040412b08001d4305efb400002fde787d5f0808465006f77022c4039f8028aaef0d4c34a29fb9af7da00053d48533e80052268e49100605495da7b27fede100701c7534bd
279905187:0 1042 45 70 d30040412b480002e305efb4003fbe4cc6d7c8081c3c5daa2c2ca9da0bd18023f64908d354a2a3bdcf7dafffc68613cbabffef26b0b4f00b48c062d12d3fecdd8d4350b12b3f
279905202:0 1042 46 70 d30040412b8800032785efb4003fef6dda353e001ad85bd09afbddd80b22803948df095f54a2a52f2f7daffda6862ac9b0007b26b0f7a60adf420a3658ffed030b52d4b2bbca
279905214:0 1042 47 70 d30040412bc8001d7e85efb4003fa277e936810805424d7243b62be00220000e4f338c8dd4a2a5f8cf7da0019bdb0465b8001e26ef39cc0749732a2a477fedf002f0bce7a836
279905224:0 1042 48 70 d30040412c08001f6685efb4003feb9f6295360fe33859d8bd554059f3bc00097e7a809b54a2a0af8f7dafff8d2fb41f47ff8527713fd316410f194d7a7fec1d81e07a7da35e
279905234:0 1042 49 70 d30040412c48001d0885efb4003f92e3ef12ac0fff2a4d3e34052861ffdb000c73398daad4a2a5554f7dafffabdaf8c8a7ff1026ee682606068d1bc2813fee05c1e078d3608f
279905243:0 1042 50 70 d30040412c88001f6205efb400002585b9198a0fe0805a9c1548449df2400012c701005494a2a39f6f7dafff552fbe491000472770dffc1662cc19f99cffebf115254a419b75
279905252:0 1042 59 70 d30040412ec800027705efb4003fffa1000fee0e1309f5f3bdeb30837932001941937dc7995d7460af7daff9ad9056ea34002005958cd5047bc12ab412c003d15b36cc82334e
279905261:0 1042 60 70 d30040412f0800008385efb400000054ffe20d06e607eddb0847bdd3b1c1800c5100e950195d654ecf7daffe394e796010006c04df75722944d14c66d5c005315ee7b882c1c8
279905270:0 1042 62 70 d30040412f880002dd05efb40000006effe27b0e13996d33b3ddb79579668028fcb4fb4c395d6dabaf7daffb898a10c627ff2102d2d8bd0913465db2570014d303d0f670f985
279905289:0 1046 2 69 d3003f41609530576b062212a000019400fff9081010a5fcab9b7b140d84007f3a24198ea813979212a0041bbfb5a0b00112739c7a1223bf9f8f81fffbe0dfc3eb009d8da7
279905306:0 1046 3 69 d3003f4160d530576bf1e212a03ffebfff21c42fa77086f56f0339d7bac800f44e1c38faa81425d612affdf6644cce2fffb275749c7191d1ec0ff96ffc1d400402002c169e
279905322:0 1046 4 69 d3003f41611530536bf0fa10203ffa65feb0ad1f99688a1738234693b0dc00660974336aa813e7ae102002166464e57fff92757b4511a78ffd06b48ffc0e8fa3e6003f4ace
279905338:0 1046 5 69 d3003f41615530546bf23e10c00001a813fb6c5fa4ac87fdf7297ea7b6f4006dcbe83936a8140ce610cfff56644ff1affdd2757705818f31373ef22ffc17400c0400a60f1b
279905355:0 1046 6 69 d3003f41619530536bf1b610203ffd63ff59a6f79e1c8f31fc7e0323b368010ecadc329ea813dfaa102001b66537881ffea271167671a2b3eaa17c2ffc0a200c08009b5e6f
279905372:0 1046 7 69 d3003f4161d530576bf0e212a03ffee1ff2c45d3a0d487c8c3500e53b58800aeceac3e7aa814120212a000466459a8a00312757b584167609d9e727ffc1520380f0005d557
279905388:0 1046 8 69 d3003f41621530576bf21212a03ffc61fddce687a4f085a10a9589bfb99000d4c5f83f6aa8140eda12affe66657eccf000d2793ceed16cc1808d79fffc26cf9fe3000e1e12
279905403:0 1046 9 69 d3003f41625530576bf19612a03ff791fbd3312ba01c85e2a1bb65dfb46800de639832faa813f72e12a001666586fbfffde27941a3f1aad1249bab2ffc1bbfeffb00cc3bd6
279905420:0 1046 10 69 d3003f41629530576b0a3a12a03ffe97fd0079e44cb45a62c901a2f43cb4009911b86c9ea813788612affdb112f27a6000028b8b56b0a016d45cee8ffc879fdbf8001765da
279905437:0 1046 11 69 d3003f4162d530556b0bb2116f80899803f2dbdc46305ee334504c8037e8009b5f946836a81381d2116000611452a7a001d289a242e0b453b0c5631ffc80def3b500807156
279905453:0 1046 12 69 d3003f41631530576b090e12a03fff91ffff3de84db85c3c44e9cec83d04006172206ec2a813af5a12affea11452d10ffd9289a4705092c1d3c66a1ffc7fef23c700c42758
279905469:0 1046 13 69 d3003f41635530576b0b4a12a03fffafffd73cac56345bef6904155443d80030b9b061c6a81377ba12afff711432671004828ba76770da1b4bc8e3affc83f0300c001778ae
279905486:0 1046 14 69 d3003f41639530556bf8ca1160010f1600f278e7ef84efb0bc8361f004494fb432784d96952b504e116fbfae2f789740ad422fdaf201202780d8f65ffb37dfbfea4867a906
279905502:0 1046 15 69 d3003f4163d530566b07ca12003ffe95ff338638535c5ebfd0724e2c4184005012b85e26a8135fe2120ffc9114255acffea28ba00db0f0bb875730effc8530380f00cc54cf
279905518:0 1046 16 69 d3003f41641530576b084a12a03ffeb9ffc3159811a49ff2f10384080cb000c4b8581c7ea8136c4612affe2bbb263db00042749db3a21c698652860ffbfd9fa7ee00a8fa37
279905534:0 1046 18 69 d3003f41649530556bf92a11600017500766a0c004c0d63aa7204fb7ef9d4fa4a4787ba2952cd052116f954e39ef032fd2322fad411052e778136dfffad85fb7e948a3087e
279905550:0 1046 19 69 d3003f4164d530576bf02e12a000175208d7253b961887ec1708b657ae5800475d943eb2a8140e7612a001e668ca28e0010279081ac17b3f6ecb163ffc1bdf9be4003750c2
279905567:0 1046 21 69 d3003f41655530576b05c612a03ffebbfd3162480d78a41c2915d8c00abc005399781caaa813216e12afffdbbd9cb3600012735bfd621d2ba652565ffbf8a003ff00a35f2a
279905583:0 1046 23 69 d3003f4165d530576b075a12a03fff69fff7bd640e40a52477e43bbc0c18005d342c1c46a81350ce12a001bbbb366d600022749a10021b086c21337ffbf1fff8030069ab6e
279905600:0 1046 24 69 d3003f41661530526b06460f803ff421ff73de5c1040a200e6d8d5440b3400d7401c1c5ea81382ca0f8ffe6bbf1d6c4fffd271ec35221b61bea1ea9ffbf7cf93e000dcd064
279905616:0 1046 25 69 d3003f41665530536b080e10200000240014ddb40f58a1f9cbdbfc240c38009726f41b42a81347ee102fff3bbd9ef8800342735cb2321ffc668db65ffbeff00c03006e7026
279905634:0 1046 26 69 d3003f41669530576b0b7a12a00005fc0038fa545c6c5faf4859b50847f00071a67c643aa8137a0612a002a112e6f8300152874a04f0c579cbddc7cffc6d6f93e000c3ec42
279905647:0 1046 27 69 d3003f4166d530576b027a12a03ffa51fcedbc0c0a84a42c378775e806d400794e341a56a813232a12afffbbbd975900009273574412233d7529c6bffbf57ffbfe00d287bb
279905663:0 1046 29 69 d3003f41675530576bef8e12a03ffe13ff7c6e939ce08b5b3a984687b15c00816428404ea813fe8e12a001466537105000b271240f415fd4b48b248ffc0b0fb3ed0095b518
279905679:0 1046 30 69 d3003f41679530576b021a12a03fe955ff8940780ceca86fb52a49040a28006703cc154aa813810612afff3bbf0c8b1ffd9271e966a2309172c379bffbe18ff7fb0019698c
279905698:0 1046 31 69 d3003f4167d530576b05b212a03ffee5ffa847580f04a60708afbd0c0b7000b058001b02a813341212afff2bbd90750ffda27357cce217ec2f9e311ffbee20200a00110b18
279905729:0 1046 33 69 d3003f41685530576b09de12a03fff96000a61cc5ac45f8aff04f76c45ec008a58a46a9ea8137f8612a00291142d1ffffe328baa2c50a629032782effc787fa3e500dbda9f
279905791:0 1046 34 69 d3003f41689530516b08e60ee03ffec1ff2d95f44fa45e7d1b7514483df800a74ce45fa6a8137dda0eeffef112f996bffe428b88ef50e42766cff36ffc7e10100800b764fe
279905873:0 1046 36 69 d3003f41691530576b0b2212a03ffd0dfe3163bc499c5e34c0ff262c3afc001df55066caa81370b212a000d11431e0affee28ba7eb10bc8bf22fa5affc7af0340f006bcf97
