# RTCM Message Log (ephemeris only)
# Generated: 2025-08-22T22:28:27.634769
# Mountpoint: BCEP00BKG0
# Allowed types: [1019, 1020, 1042, 1046]
# GPS Week: 0
# GPS TOW: 0ms
# Format: [timestamp_ms] [msg_type] [sat_prn] [length] [hex_data]
# ----------------------------------------
282301683:0 1019 1 67 d3003d3fb054c04192e37e9000002d2c3508e30e0d2c75988753090c3c00573a4b17a6a10dbc087e90001d0eb8eb3f0021271731111433026f6066ffaa28ed00de7b99
282301692:0 1019 2 67 d3003d3fb094c04124387e9000004ff408403809b32bccd79f2416087f0872c33f19d1a10d63237e90ff700810ec14ffff2754e3d412e1d9a0b2e7ffa971da003634f9
282301709:0 1019 3 67 d3003d3fb0d4c14395567e9000ffe35982985607b32cab41fc0abf06860349f704045aa10dc8387e90ffd236af5b55ffb2285bee742c3731cf0d7affa60403007f8487
282301717:0 1019 4 67 d3003d3fb114c07d2b1e7e90000021fffc4c1ef0462fa2c027887ef1d701bda57b0dbaa10cc4c57e900016626ff7940002277894431fe18811f488ffa6d9f6000e0a0d
282301746:0 1019 5 67 d3003d3fb154c0445b1c7e9000fff8e371b41c09d52f45d59be8db091602f3c1ba0641a10cd03d7e90ffd5345a423e003327d19a97294f39f067e8ffa4e3e900d2e248
282301801:0 1019 6 67 d3003d3fb194c0400b647e9000ff8ebedf4c640bdb25e47c1a8c680a4301baf42b19faa10d16b77e9000180c7cc9deffee28471e8c138fe41f6c6affae9208002858f6
282301850:0 1019 7 67 d3003d3fb1d4c0451a4f7e9000ffd0f78bd04ffbb23195551b01f0fc030a252fd41bf3a10d9f047e90ffde8b93b434ff0f26c024ac0ea9ad512cb4ffab7be90048ae7d
282301923:0 1019 8 67 d3003d3fb214c0792f117e9000ffff45bee811fac9365ac895291cfb66056e69111024a10ccb397e90005edf2cd732ffb8268ca9b71bfb12cf0a84ffa6b60a0053bac6
282301959:0 1019 9 67 d3003d3fb254c23cf7227e900000365f950022f0fc3283e0a29f0cf27f01beebfb0c08a10d44f17e90ffef5fe01ea8001227396e72223f5160eecbffa4e40101602fd3
282302000:0 1019 10 67 d3003d3fb294c04250247e8f00ffb6bce1c82408112c7f1b58dd4107160550f59c054ba10d2fab7e8fffb83695274f00432857859d2b50a185256bffa5b90500ed5c1b
282302036:0 1019 11 67 d3003d3fb2d4c040bb527e90000061ac5c09520b3d2ab0aa51fb2c0a10011001d6199aa10dbd7c7e90ffe40d6cb7e4ffcf2754f19f127f9e38bd3affac14ed007e5234
282302061:0 1019 12 67 d3003d3fb314c042a7357e9000fff6b1cd3c3503b5375c3912d179029a047525a30a68a10d16537e90ffb3b9161956ff942717bc4323563dd88bd1ffa4bfe50007a6f2
282302081:0 1019 13 67 d3003d3fb354c07d60b97e9000fffc5bb29cb9effb2e0fbe6704baf23704f1aad10dfda10d7cba7e90008966e74679fff127b7065c1faa282c5c32ffa916e70033ed56
282302095:0 1019 14 67 d3003d3fb394c04220087e900000255a1bfa0804043cbd31d2cdba03d7032229040a47a10d0e987e90001fb6fbb5da0025266a2e9a22688f54be4bffa167ef004724cc
282302109:0 1019 15 67 d3003d3fb3d4c07e98117e8f0000222b564811f25637269fea684ff435088694a4051ca10d037a7e8f007b5a32a79f000d264ea2e026e83b1ea98fffa4f7e90015fd20
282302123:0 1019 16 67 d3003d3fb414c041274b7e900000470b740c4b02a13968efdcdb8702a8076ea16f0935a10e2f8f7e90ffe4b9ca5e7e0060270fa92a248a24508618ffa14ae90011d8cd
282302135:0 1019 17 67 d3003d3fb454c238262f7e9000ff7811f8242ffb383358c854deabfbe606b5c27e1285a10de6257e90ff7fe35207d7002a2731e9771aa8cf161172ffa62fe8014ff3f8
282302143:0 1019 18 67 d3003d3fb494c0405f317e90000046b55cdb310ad9295e760ac439096d02d51a791841a10d7fd37e90ffdb0c648cb6ffeb27a9f295146888dc83afffacb9ee0064163f
282302154:0 1019 19 67 d3003d3fb4d4c07786047e90000019560aac04fa99335c132f769efac005876ac1122ba10d3f6b7e90007ae51d4137ffd5272a174a1a9c743cda3affa668df00b1860b
282302163:0 1019 21 67 d3003d3fb554c203a7067e900000cb198d3c0608a133d5009cbda10791001105640405a10d38127e90ffef372c9e97ffff271cf59c2ab2222d4de7ffa2deec01b28966
282302172:0 1019 22 67 d3003d3fb594c2033e4e7e9000000ff3697c4e02a2397ddf4e61f4025d06a5ba9d0a59a10d168f7e90ffc2b9ece42fffbf27097662238ed54597c3ffa1a9e801be8262
282302180:0 1019 23 67 d3003d3fb5d4c0433b377e90000034459e983708ae2d3e4b72bd0c078202d88fda0521a10d5a7d7e90ffd8354fe7ea004128241d862ac08c38f73affa641ee008361c4
282302189:0 1019 24 67 d3003d3fb614c0433a2a7e9000005ed595782af944348b7d567ca8f9e408cf00291a03a10d672f7e90004e874c9c29ff67261872ea0f8c2c2f9b49ffaadf0500777797
282302198:0 1019 25 67 d3003d3fb654c1437b617e9000fff13e47dc61049a3aba37c6d51703ba0654468d0b65a10ca5e17e90ff42b5594d4c0002269d948921cc2df5cd1fffa1e50c0043d2b8
282302207:0 1019 26 67 d3003d3fb694c14291577e9000fffddde0b45705a6402714be50d80573053d1c720a15a10ce8827e900002b27530e4003d25d57afa214f1a24a8ebff9eb40e001838f3
282302216:0 1019 27 67 d3003d3fb6d4c0781f477e9000fffcfcde8447fae93411cc45cd49fb8606e76f3210d1a10d34417e9000bbe06997cd005226ebbd161ba722b4966cffa7a30400786319
282302224:0 1019 28 67 d3003d3fb714c043fe727e9000fff8ac6e1f72fd482fec5902f7a9fdcc0031855d1a1da10d60967e90ffec8a70b7b6000a2732fa4f119d0c4d5bafffaa6cec00ab2066
282302233:0 1019 29 67 d3003d3fb754c078f74c7e9000002ec2fdd84cf9fe3163c446138efaa401b740011246a10ccf7b7e90ffe1e3faf56cfff0274d1f241aa770e42a4dffa859eb00dd833d
282302242:0 1019 30 67 d3003d3fb794c044df367e9000005ff895dc36fc0235ce4eb86049fcc103eec1c21a9ba10d23bb7e90ff968b538fb3ffe62625e9520f88a0179480ffa7570900fcce89
282302250:0 1019 31 67 d3003d3fb7d4c043301a7e9000000ee6694c1afe9a323a2ecc7f3aff32057e4d391a62a10dc1e37e90ffb38c87be2e003a26e80e25113322f8ac16ffa7b4e400b0995b
282302259:0 1019 32 67 d3003d3fb814c07d2e017e8f000073d1fe8401f24231e1e6cf9063f444046a1f500c07a10d394b7e8fffd3608a55f10048275a7c78225bac19886bffa4d202002fb621
282302317:0 1020 1 51 d3002d3fc051a1008518e3a7c9c8d693950ea0217c5cb42bdd6139ef16e0801911effa8024b2d2c800000002000006005d9d47
282302325:0 1020 2 51 d3002d3fc087a1008500080bc8f68e0004728043df89f43942dc8511b5418018035a718124b2d2c8000000020000060029bca9
282302333:0 1020 3 51 d3002d3fc0d9a100859bade3991c3ea21bdeed42923c112467a7c5b75961800d10cfdcc034b2d2c80000001200000700bedf77
282302341:0 1020 4 51 d3002d3fc11a210085a62e591f8cda84218fd21b5e890183306eda5f0661002d28423cc044b2c0000000000000000000a21d41
282302350:0 1020 5 51 d3002d3fc1502100859c47a048a5fe6315a474995b3463a9319cbf3afae0000d144d28c134b2c0000000000000000000153046
282302358:0 1020 6 51 d3002d3fc187a10085043d0e415c0c4087fdf0c99579a3b86d1f0f4396d1c01c1e04a8c134b2d2c80000000a000007003759ad
282302366:0 1020 7 51 d3002d3fc1d82100851ba6341923dfd29bb370c2887ba1a4802c45d0f2d2000d0e8a208014b2c0000000000000000000f2c54b
282302375:0 1020 8 51 d3002d3fc21a210085258dfda14dfa94a1adcb9a6aa71103f2b25a5655f1001c008a150024b2c00000000000000000004b4541
282302384:0 1020 9 51 d3002d3fc24a21008509a5d716e3e8b2291431bd17e0611e34b34b89cb52003d23ec9d0154b2c0000000000000000000b35762
282302392:0 1020 10 51 d3002d3fc2802100850154c4891dded40f225fdf616ac136800b1ac0e380406c30850ac154b2c0000000000000000000a82768
282302401:0 1020 11 51 d3002d3fc2ce210085875965a681947495b735d2767c2032f614a89c1943401d015b60c064b2c0000000000000000000ff6b9b
282302409:0 1020 12 51 d3002d3fc30c2100858b33b6adfc36b1afb4618e0470200d937ad7286603000d07a1fa0114b2c0000000000000000000b59dc9
282302418:0 1020 13 51 d3002d3fc34ba1008589530c9b9e0682ac2b6633cbb25199350ad08cd762800a081cb98044b2d2c8000000120000060010c7c2
282302426:0 1020 14 51 d3002d3fc381a1008580cf3e0bd56d248c481f607df520b73c819592a0a0800d03d9e18024b2d2c80000001200000e00372e86
282302434:0 1020 15 51 d3002d3fc3ce2100850787152831b623189ee64ed0d780b0ff0a2de31c72000d088230c114b2c0000000000000000000033a06
282302443:0 1020 16 51 d3002d3fc40c2100850b54d72d7ad0012fc2280de751408d87ab57983a53001d051cb90144b2c0000000000000000000c978ec
282302451:0 1020 17 51 d3002d3fc456210085acfd94144412208fd6ea2fe576d1138ff255124413003d1cd9980134b2c00000000000000000008a0e09
282302460:0 1020 18 51 d3002d3fc488210085966ddd4bda6ea48ae05b2f2341a13250e42c1b9853002d1ca2e98124b2c000000000000000000073d5b6
282302467:0 1020 19 51 d3002d3fc4d42100850d81415e54c0a5023db215d78d0336eb7e98106c31405c011a188064b2c00000000000000000000aa9f1
282302475:0 1020 20 51 d3002d3fc5122100852aff6a37b01b030e88b9919c55231a89e3d0a8f6c0000c11bf014134b2c00000000000000000002bbeec
282302483:0 1020 21 51 d3002d3fc5562100852e81ff8a1976e01086e6adcf41818e0434d7e14d63404c1e35204134b2c00000000000000000000e505d
282302492:0 1020 22 51 d3002d3fc5882100851395f8ce881f140973c6afb54311b39969a67110a3002d0ab0f90054b2c0000000000000000000775b5c
282302499:0 1020 23 51 d3002d3fc5d5a100858b2e7edec7d7d680280b98305313b85c1712d9cae2c01c1574624134b2d2c80000001200000600287a0d
282302507:0 1020 24 51 d3002d3fc613a10085ab6be2b5a9fef38ca5ee1736b673994bd350b74191c02c0f96b90154b2d2c80000000a00000e00857482
282302515:0 1020 25 51 d3002d3fc65c01038507860d5e4f09c58132de1e0b6b22392b388bc5e911c01e084a0c8054b2d2c80000001200000e0094b63e
282302524:0 1020 26 51 d3002d3fc6822101852533cd98ce1614a255bba21ad66082b89e5a55ee72002e0f6482c054b3c0000000000000000000eecaff
282302532:0 1020 27 51 d3002d3fc6c421018581e7b049ac3da0823050c3020a43b94ee9001c5d51000e0d312a8134b3c00000000000000000006c85c4
282305300:0 1042 1 70 d3004041204800027299f3380000115edbae3235ffefdb94c46e1867747d8018ecad809fd95d8d950f99cffb999912b9abff6704962540ff5a63404c860006e6fcbe78cef991
282305312:0 1042 2 70 d3004041208800013219f338003f7cadd63888365caa0af1f21e085d8c1d802de2097966195d54c86f99cffef18602176c00d805b89c1b0c4cf3f64b764001a5c09ddce9bca6
282305321:0 1042 3 70 d300404120c800020699f338003fe52d715171363371ee15d808cb67819c003533b8ffe3b95d76954f99cffb21942dc7e400ec048bd017007d7b14101480050a817ebcf6f225
282305330:0 1042 4 70 d300404121080001d585f338000017705844c20604e7de473ebf8e5175cb802e49d57a46395d6ef90f99c000198735d283ffbe052051290ae0d7d8af478006a6839eb0822edf
282305339:0 1042 5 70 d3004041214800011b85f33800006722a4008a065165fade4bb91ec188d98027cfe8fba3395d73f6af99cffff988e9e0080066051889e508332418f71cc0037cbffe901e2347
282305347:0 1042 6 70 d3004041218800040c05f33800010ecb686bf207aa02132a25c76953e8ff013771089c44995dc0550f99c0089639054e83ff3c26a27821db41264bcdb43ffbb6c54fc4c8cd47
282305356:0 1042 7 70 d300404121c80019ba85f33800007614120f5a073cbc33ff8cf1fc19c941013b90ed06ac595d7b9f2f99c005b771af0233ff04222c57a100cfa62016133ff867094028dd48b1
282305364:0 1042 8 70 d3004041220800039885f338003ed19d84d54b00c2ec198d09f48486374a00ea023f7a0b395cda360f99cff9a0dbfedf88011a2c0d0d231c485f42af2dfff91786efe4442df5
282305373:0 1042 9 70 d3004041224800042685f33800009a68e4b3d307be0413ebfbceeee7ee3883aa16231adf995d99f5af99c0041240a8d947ff1126d8d009de7c68fabb59bffba5441098b862fa
282305382:0 1042 10 70 d30040412288001a0685f338003fa613ece286073fb433697447814fcab282d080d90650795d62320f99c0052b70d9079ffe9a224552b4015c673709077ff88303a0788a92bb
282305499:0 1042 11 70 d300404122c8001d690df3380380466de77c89100ee843d38d738c8606130088fc978df0f4a29cf20f99c002bfe19beab0009327d776c906466f353a0e7fee91426038aabc1d
282305499:0 1042 12 70 d30040412308001d7699f33808805d61367df3280fba43a3cfe4169a06d0804dfff98dac34a2a0ebaf99cfff73df71a49c007727c5a760068eaef210577fee9f81e00469c39c
282305499:0 1042 13 70 d300404123480003a905f338003fca6ef2a05a00ddf41cb0b87307003e6c0162b243f9f1d95d59e08f99cffa10d668109c00ec2a8050641b666849cbd2fff8dd39e06c805ae7
282305499:0 1042 14 70 d30040412388001f6299f338003f4388e245f437e1bc55384fc034dff2a6804e414c007994a2a0decf99cfff5d30d9529c00692801b28316da417a38737fec5704604c47347a
282305586:0 1042 16 70 d3004041240800041a05f338003f5acca208c607a99a11e20ea1ff13e90082542fd89c01395d075d8f99c008a238fd2b6fffb92744bfa6dc602a05019c7ffbc03e50b8c19fa8
282305594:0 1042 19 70 d300404124c8001f7185f3380000019b84acc70fe37052535c8557cdf3d2002bcca280e2f4a2a1ef2f99cfff61314828a3ff80281cc3551669bbd02f107fec8c4741d0c0acf3
282305601:0 1042 20 70 d30040412508001fab05f338003fec7b8efc9f0fe3d451eb61205baff346002e6c9480a974a2a2c3cf99c0017d3162631bffce281c9ea31665c29e0a9affec7ec8c23071f074
282305609:0 1042 21 70 d30040412548001f6585f338003fe2ed8229730fddd652b2b4dc5309f2018026a74980d574a2a12daf99cffe1d31814eb0003e28152f4e162080b5e2b87fec748852140000f5
282305617:0 1042 22 70 d30040412588001f6a05f3380000190e313e4c0fdd5e5310b7eca1f5f206803335ab010a54a2a112ef99cffef9317e42fbffc42815494c160dc8460a423fec9e49d27477f581
282305624:0 1042 23 70 d300404125c800032519f338000039deacc3133014c45fc19deffedc08f58014325a0987f4a2a63e8f99c002f68530563bff2f26786d030a6536d148c8ffecc80ef3bc548e32
282305632:0 1042 24 70 d3004041260800036085f338003f98d72b30e5081ad05f1da94ae7ce0b1c8028ef7909af94a2a29c2f99c000de852870e4005f267860420a5f45a739bbffecfa83b0ecce39d1
282305640:0 1042 25 70 d300404126480003a885f338000032456c9fbf0814d25e6561100d5a08f18023d5c489f354a2aa5bcf99c0023e816af4180098268929ed0a15c63f06693feceb0180603e1fd9
282305647:0 1042 26 70 d3004041268800032185f338003fe74bbd091b081a7c5e2fdb61684a0ad2803b20ca898434a2a831ef99cfff2e8185062c003d2689aaca0a7bc6f5b4657fece7be0f80e61892
282305656:0 1042 27 70 d300404126c8001d5285f338000015e64427280ffe5c4db5e2f72a19fff28023f49c0d43d4a29e9b4f99cffaffdb521ca4001b26d4c3c2066c50d79c553fee1f3e6f989903a0
282305663:0 1042 28 70 d30040412708001cd385f33800001343366c990ffe024e595115cc45ff6a000e21188dbb54a2a315ef99cffff7db460a17fefa26d375ef05f429bd0635ffedfefe7f9c0c2a53
282305671:0 1042 29 70 d30040412748001d1b05f338000016cd3fb5b90800c850812362df94000a000b49d40c4e74a29f54af99c000cfd4ae9adc005826bd0f790771590e79b73fedba8140506d32d5
282305681:0 1042 30 70 d30040412788001d7885f3380000273f21b8b30ffcba5063e6a1f13ffecc8018638a8cde34a2a6d88f99c00063d4c271cc009526bc99d406c288866d27bfedcdbb1ec4c116a1
282305688:0 1042 32 70 d30040412808001faf85f338003ffc2e83a4f40fe82a533dc0f6e037f6210019a3810035d4a2a07a4f99c00149301fc4ac000728104d0e16d57f429921ffec6f3c7f1c4803a3
282305698:0 1042 33 70 d30040412848001f9305f338003ff31d81595c0fe2f6552602feb5d7f3b780225feb8089d4a2a0306f99cffff1301b43e400722810a33e16f3870c4f6b3fec5ae5394c35d79c
282305711:0 1042 34 70 d30040412888001d1985f338000023e963dfe108078c5000ce0c1d92031e001ccefc0d4f34a29f6d4f99c001cfd4dd2c30002426a96b3706184b4bcc697fedd03d5f5458359e
282305731:0 1042 35 70 d300404128c8001ceb85f338003fc8abf77c23080622514766622b7a0285002eea3e0cd3b4a29ee8af99c0015bd4dc44dbff8a26aa32ff06efc7a7a45dbfedec7f8fe025f579
282305752:0 1042 36 70 d3004041290800034a85f3380000040b287445081d345f76ec715cd00c75803258d00954d4a2a757ef99c00026851aa7e000b626879c740ac5b4d5b8ce7feccaf42d08ab68b7
282305778:0 1042 37 70 d300404129480002f485f33800000a5b8b457d0816d25cb93bcf6a920913802c480589a694a2a3474f99cffe0a8514bf07ff932687c2810a49fb63ab797fed1a76bdacfc3053
282305794:0 1042 38 70 d300404129880003b105f3380000093b1fe1e808e5c21f70eda3a7e83fff809b1c99f8b7795d4baeaf99cff750d5996a3bffec29695d451dcae5d17c58bff87b42c0b0f27f4e
282305856:0 1042 39 70 d300404129c80003b505f338003ffed0fe44700f882a0f1246c17711dffa80e065899e0e595ded15af99c009ae2d26f60c0084274db5bad81824cf40c1bffbe1c52148edbec1
282305897:0 1042 40 70 d30040412a0800189385f338003ff3f1ea92c00f6c7c1e09b4f62015d602012ba9e58f37195d461d8f99c0032b8a1e2a9bfe1b2752b771f40a619f03717ffa4a41c0706d7914
282305950:0 1042 41 70 d30040412a48001f9c05f338003fe30b8401fd0fe62654c45d6772c5f5850058f1f8003e74a29fe84f99c000dd308b388c001628045549171b34189bc8ffec50328ca096ff5b
282306000:0 1042 42 70 d30040412a88001f5905f338003fa9408ef25a0fe0d253f0c225cf47f24e804bf144808f74a2a01a0f99cfffb130a4196c00552804a114167c776fd1ae7fec62ecdb341103b9
282306000:0 1042 43 70 d30040412ac8001cc985f338000004500f835208016454369a36a6b60056001bbc8a8d95f4a2a9b60f99c000dfd46c5ab7ffc0268967ea05b1c9e1e39affed883effbc5b81e0
282306058:0 1042 44 70 d30040412b08001d0c05f33800002fb8787eae08052e51551f1795a002970028c3c98ce0f4a29eee8f99cffedbd484379c0007268e445706a5c9601996bfedeb00701cfb3a1a
282306058:0 1042 45 70 d30040412b4800030a05f338003fbe13c6d5f6081dda5e5453d781540cfa8023fb1b88fa94a2a4000f99c001468612bc9bfff426b0b9da0b2f4064d5393fecd00d4350d0b21b
282306058:0 1042 46 70 d30040412b8800035585f338003fefe1da34d20019985afec2b072720a7e0039452d895454a2a55aef99cffd268629bbfbffcd26b0fde90ae7c20b01843fed2e0b52d4bcd63b
282306089:0 1042 47 70 d30040412bc8001d7f05f338003fa2c1e933f40804a04e386b9f4a8401e2800e4e2e8cb9f4a2a5bb6f99c00047db036794001a26ef34ef0711b32461f17fedd742f0bc2a1636
282306089:0 1042 48 70 d30040412c08001f9605f338003feba26294a70fe55458c6e4e90c67f401800974b0809cd4a2a100cf99c0013d2fb3055fffa227713ea016198f1e34b47fec1001e07ac560b1
282306110:0 1042 49 70 d30040412c48001cd005f338003f92d1ef0faa0802f44f025c27fd9800fd000c6c2f8db874a2a4d20f99c0016fdaf7cedfff9126ee626005f2cd0ec3b23fede201e0786e6aa1
282306121:0 1042 50 70 d30040412c88001f6885f338000025a0b91a940fdedc593e3cdf7071f2018012d126807054a2a4028f99cfff112fbd2eb400492770dee916160c1e72c5bfebf355254a20b525
282306144:0 1042 59 70 d30040412ec80002b885f338003fff93000feb0e0e4bfacfd3b5caa97885801985d4081df95d77262f99cffa95ab92302c00020589fd84f1a43f68ba674002ff9b36cc3320e3
282306162:0 1042 60 70 d30040412f080000d185f3380000001fffe20c068ef5ed691d223c1f99dc000c7afcf0f7b95d6394ef99cffdd56bcd37ec00a9047859561b7bcf87e852c00559dee7b88afbc2
282306172:0 1042 62 70 d30040412f880003b185f33800000053ffe27c0e54779f1fc91c6edb8baa0028dcbf91a3595d6c4e6f99cffd95c015c1abfff202d1b5a1dffac3029ee4800eacc3d0f639a080
282301486:0 1046 19 69 d3003f4164d5305b6bf022152000174e08d74053984c863c470040b3af04004785ac3ea6a81416fe152001d668c7e13001227907f6417bdf70e425dffc1c1f9be40032d4df
282301502:0 1046 21 69 d3003f416555305b6b05c215203ffebbfd3160dc0d28a488597f82780a0400539f201c72a81322f2152fffdbbd9a57500012735c0ac21d8ba6a3e1bffbf89003ff00463ea7
282301518:0 1046 23 69 d3003f4165d5305b6b084215203fff6bfff7bcc40e78a5b4a88a4bf40c20005d33c81c2ea8134e161520013bbb3407500122749a1e021db86b80fb0ffbf29ff80300bddb0c
282301534:0 1046 24 69 d3003f41661530596b065213e03ff427ff73c61810c8a4493bd98ec40b4400d76ccc1c5aa8137af213effe4bbf1949ffffa271ec4e821381be10b23ffbf77f93e000e0232c
282301672:0 1046 25 69 d3003f416655305b6b098e15200000260014de141248a2ae2c932cb40d9c009772dc1b86a8133be2152ffd7bbd9a24a00172735cdb321e4c67a101effbf7600c0300195e7d
282301672:0 1046 26 69 d3003f416695305b6b0b4e15200005fa003901585d345eff78e9ad5448840071caac63aaa8137ea6152002e112e4dfc001e2874a2330c8d9cb9534cffc6f8f93e000da7080
282301672:0 1046 27 69 d3003f4166d5305b6b02a215203ffa53fcedb5680b14a56c67bbe8f00790007965d8181aa8132a7a152ffe9bbd94fe2000027357435229cd765031effbf0cffbfe005d0353
282301672:0 1046 29 69 d3003f41675530596befc213e03ffe13ff7c6d7b9d808a4f52f7094bb198008197fc410ea814057a13e001766535e69000e27123faf15924b40bc88ffc0adfb3ed00a66aff
282301672:0 1046 30 69 d3003f416795305b6b03b615203fe953ff8925dc0f6ca977e57774180ce8006756f0161aa8138bca152001abbf0a1bcffca271e95fd22db17386ca7ffbdbaff7fb00468834
282301672:0 1046 31 69 d3003f4167d530596b063213e03ffee5ffa846ac0f28a6b720f275b40bf800b05c141b1aa81334ca13efffebbd8f429ffd327357cf5217cc2f8f61dffbec20200a00fca6c4
282301672:0 1046 33 69 d3003f416855305b6b091a15203fff94000a61445a6c60472f90a4ec45e4008a66ec6a8ea81381c615200161142b1f2000a28baa3ac0a80902f00a7ffc6effa3e500f5f63d
282301672:0 1046 34 69 d3003f41689530596b07aa13e03ffec3ff2d931047a85c297bf2614c389000a65b985f0ea8139f3a13e0009112f585dfff928b8915f0e7d768c95f2ffc78a01008001437b7
282301674:0 1046 36 69 d3003f416915305b6b0a7615203ffd0ffe31604c465c5dc8f4642ee43804001e34dc699aa8135e5e15200191142fcef000f28ba810e0b00be692b0effc8250340f00c99a08
282306189:0 1046 2 69 d3003f41609530596b075613e000019400fff9f40ffca610c3c81cc00d68007f36a81a1ea813995a13e003bbbfb4643002a2739c7be2221f9fd8ea9ffbe14fc3eb00091621
282306206:0 1046 3 69 d3003f4160d5305b6bf28a15203ffebdff21c2b7a78486919f803763b9f800f44d343922a81425de152ffe96644a860ffe82757474a19221ec13165ffc1950040200220637
282306222:0 1046 4 69 d3003f416115305b6bf0d215203ffa5ffeb09fdf993089a79926201fb1580065c47c3606a813df8e152001f6646048900012757afcf19e8ffce9d38ffc0cefa3e600a2aeb5
282306238:0 1046 5 69 d3003f416155305b6bf2ae15200001a613fb6fbfa12888aa4ad2aa7bb3a0006e7e443256a813eb6e152fffc6644bed4ffe327576cb81aba13c0a9feffc16900c0400e38093
282306254:0 1046 6 69 d3003f416195305b6bf0e215203ffd63ff59a0d797dc8c7e5ddec7cbb014010e46c8322aa813f9ae152002566532ee70001271163051a6e3e90d416ffc04f00c08002f7ac2
282306270:0 1046 7 69 d3003f4161d5305b6bf1d215203ffee3ff2c447fa54c8838f44daad7b93800af10543dbea813ff92152ffee6645752500252757b34316b009b9f094ffc18e0380f00204a63
282306286:0 1046 8 69 d3003f416215305b6bf21615203ffc61fddce243a40083ad3ac3415bb8ec00d446443c2aa81422be152ffe86657c8b2000c2793ccea1806181cde12ffc272f9fe3002103bc
282306303:0 1046 9 69 d3003f416255305b6bf0e215203ff78ffbd3274f9c40843ed2948377b26000de825c335ea81406aa152002666584bc3ffe7279418281a7d1232e842ffc18efeffb009a14ea
282306320:0 1046 10 69 d3003f41629530596b096e13e03ffe97fd0079084cec59dae18edf383ce4009932486e9ea813823e13effd8112f17a4ffef28b8b66909666d323abeffc87cfdbf8002db475
282306337:0 1046 11 69 d3003f4162d530556b0bb2116f80899803f2dbdc46305ee334504c8037e8009b5f946836a81381d2116000611452a7a001d289a242e0b453b0c5631ffc80def3b500807156
282306353:0 1046 12 69 d3003f416315305b6b080215203fff8fffff3d704fa45de475f33e883e04006156b46dc6a813a4c6152fffe11450cbfffce289a488409a41d197a0cffc7e1f23c700cd2714
282306370:0 1046 13 69 d3003f416355305b6b08ee15203fffafffd73c5852745d5f993f5b9c416000300a785f3ea813626e152ffc811430660003328ba78ed0e94b4cd2dc6ffc8870300c00c0db50
282306385:0 1046 14 69 d3003f41639530556bf8ca1160010f1600f278e7ef84efb0bc8361f004494fb432784d96952b504e116fbfae2f789740ad422fdaf201202780d8f65ffb37dfbfea4867a906
282306402:0 1046 15 69 d3003f4163d530566b07ca12003ffe95ff338638535c5ebfd0724e2c4184005012b85e26a8135fe2120ffc9114255acffea28ba00db0f0bb875730effc8530380f00cc54cf
282306419:0 1046 16 69 d3003f41641530576b084a12a03ffeb9ffc3159811a49ff2f10384080cb000c4b8581c7ea8136c4612affe2bbb263db00042749db3a21c698652860ffbfd9fa7ee00a8fa37
282306436:0 1046 18 69 d3003f416495305b6b0642152000174e0766c997dea4f69af645cdc7cd914fa61ad46a9a952c2b4a152fbd5e39e9a55f8d622fad22008987781e937ffa369fb7e9481caa67
