# RTCM Message Log (ephemeris only)
# Generated: 2025-08-22T21:28:27.633065
# Mountpoint: BCEP00BKG0
# Allowed types: [1019, 1020, 1042, 1046]
# GPS Week: 0
# GPS TOW: 0ms
# Format: [timestamp_ms] [msg_type] [sat_prn] [length] [hex_data]
# ----------------------------------------
278705582:0 1019 1 67 d3003d3fb054c041bce27cce00002d2c33cce20e182d636dbefd2d0c3e005755f01804a10db8ec7cce00110eb9827c000427172d901366026e3b35ffa9a3ed00a5d1ea
278705591:0 1019 2 67 d3003d3fb094c04014377cce00004ff40610370c702a15acd713f30b370872e72d1a53a10d6d737cceff98081184cd00b12754e4f711bad99f0b6bffac0fda00022208
278705599:0 1019 3 67 d3003d3fb0d4c143504e7cce00ffe35983644e08092da3173335d106790349f50e049da10dc6cf7cceffc936affb27fff5285be7f12c0231ce6fd0ffa5440300a9873c
278705608:0 1019 4 67 d3003d3fb114c07cb31d7cce000021fffb601def4931389559c4dff19701bdc0f80dc7a10cbf6f7ccefffc627094c7fff3277899c720ba8815706dffa70df6001f3215
278705616:0 1019 5 67 d3003d3fb154c0447e047ccd00fff8e371e80409222ef4aabc9793082902f3bd740439a10cd72f7ccd001d345ae10e001c27d1947a2ac139ed29d6ffa662e9000ed04f
278705625:0 1019 6 67 d3003d3fb194c040e2607cce00ff8ebee270600ade252951521b0f09be01bae7e51926a10d16c57ccefff60c7d57c2001c28471df1141fe41def51ffaecb0800fc9748
278705633:0 1019 7 67 d3003d3fb1d4c042dc4c7cce00ffd0f78d244cfb47335a2a507ab5fc490a2516fc1b10a10da5e17cceff548b9452eb004f26c0172010b2ad521b70ffa522e900330470
278705641:0 1019 8 67 d3003d3fb214c2399a057cce00ffff45beec05fa8135ad9dcbbafbfb36056e60ad10b9a10cceb07cce0018df2d7302ffb7268cb5131b3512ce3042ffa72b0a012b36dd
278705649:0 1019 9 67 d3003d3fb254c23ce7217cce0000365f938021f0c8337eb5d8eef1f33a01bedcb90b4ea10d44b97cce00005fe0bee700282739741623135160b8d1ffa53801018c09e4
278705657:0 1019 10 67 d3003d3fb294c143c81f7cce00ffb6bce3c81f06b52e3bf0a7d47206550550b7d7047fa10d282e7cce00213695c493004628577f592c62a18497dbffa4b60500c640d4
278705666:0 1019 11 67 d3003d3fb2d4c041d0517cce000061ac5961510a8d2af47f84fb35096d01102993186ea10db8327cce000f0d6d4a4200012754ef0613899e3c465affabbeed001506fe
278705674:0 1019 12 67 d3003d3fb314c0417b347cce00fff6b1cd8434035c37910e48496402ea04752b4f0a54a10d17e97cceffcfb916bdfe00102717b6f923973dd90287ffa2bde5004b174b
278705683:0 1019 13 67 d3003d3fb354c07dcab87cce00fffc5bb2bcb8efb82e46939deb3bf17604f198300efda10d7fa47cce004a66e7dd88ffb627b70a941efb282bc7b4ffa9cae700342682
278705692:0 1019 14 67 d3003d3fb394c041b1077cce0000255a1af20703ab3bf1070913c3030203221dbc09d3a10d0d037cce000bb6fc5c840011266a2b7f228d8f5457a5ffa192ef00a31c3d
278705703:0 1019 15 67 d3003d3fb3d4c07cd7437cce0000222b555443f207384c7538d482f37c08866d2f0716a10d08267cce00765a334991ff96264ea66f25e23b1e74aaffa4f4e90090cf26
278705717:0 1019 16 67 d3003d3fb414c0418e427cce0000470b721842028936c2c513a2c00277076e9f0c093aa10e2f507cce00c2b9cb0043000a270fac2d247324508d09ffa62ae9007dc4b4
278705735:0 1019 17 67 d3003d3fb454c077f42e7cce00ff7811fbe02efabc31099d8b6418fb9106b5bb481242a10de5f97cce0060e352a1db00472731fcb21aa8cf1628d3ffaacee8006c2e9b
278705765:0 1019 18 67 d3003d3fb494c0400e307cce000046b55aef300bd329a94b42af870a7502d51f7a17e6a10d7d367cceffda0c652046001327a9f18e14f288daf43bffac12ee00746275
278705788:0 1019 19 67 d3003d3fb4d4c07882037ccd0000195609f803fa8931ace84d4272fb0f05876b6712c9a10d3f897ccd0047e51ddcfcff53272a26f01a8f743ccfacffa7d8df008cac2f
278705816:0 1019 21 67 d3003d3fb554c043a5057d050000cb1988580508293440db013abd07540010f3d10408a10d36027d05fff7372d2e470002271cf0152a762239b029ffa2f9ec00b4f2b6
278705849:0 1019 22 67 d3003d3fb594c041234d7cce00000ff369144d03563745b484f62002f006a5bfc50a36a10d19c37cceff7eb9ed8b4e008a2709755b23b3d544efe2ffa500e800c006d5
278705889:0 1019 23 67 d3003d3fb5d4c0431c367cce000034459d2c36083a2e6520ab47e0071802d87a530478a10d55367cce00073550861f00422824182b2c088c36a190ffa5fbee00752af2
278705919:0 1019 24 67 d3003d3fb614c04341297cce00005ed592e029fa9934b8528c0bcafae508cece481982a10d6e207cceffb1874d31cbff1e26186b7e10932c3043bdffa8f4050061204e
278705946:0 1019 25 67 d3003d3fb654c041dd4f7cce00fff13e48444f04b93afd0cfcabda045d065432890a76a10ca3597cceffc9b559f6fc0039269d8f68227e2df583deffa06c0c00759c2f
278705969:0 1019 26 67 d3003d3fb694c1427c4c7cce00fffedde0c44c047d3f77e9f4308703eb053cf15f0a4ea10ce3777cce002bb275dc04006525d5770e21411a2481fcff9f600e0054a1d6
278705987:0 1019 27 67 d3003d3fb6d4c079d8447cce00fffdfcde9c44fab63275a17c244ffb7c06e762b9114ca10d35f17cce004ae06a2d95ffd126ebcaa91b0222b44f67ffa9d4040082434c
278706009:0 1019 28 67 d3003d3fb714c0436a717cce00fff8ac6e5b71fd6a2f7b2e2b6a65fe1a00318eff1a71a10d62667cce000d8a714f33fffa2732f39610df0c5b1fc4ffaa24ec006f7359
278706038:0 1019 29 67 d3003d3fb754c0787f4b7cce00002ec2fc944bfb403067998008abfbab01b731951286a10cd4e77cceffd4e3fb8fd80026274d2c8b1a6170dff94fffa927eb0052bb37
278706070:0 1019 30 67 d3003d3fb794c0430d357cce00005ff8934435fc7d36f123ef86b1fd6203eea789195fa10d1ff97cce000d8b54306700332625e0fa10eca0166876ffa5750900abee68
278706085:0 1019 31 67 d3003d3fb7d4c043aa197cce00000ee668ec19fed631f7040351cbff4b057e46ad19a9a10dc07a7cceffe88c88590d005226e80853118822f859ddffa762e4002dedbb
278706105:0 1019 32 67 d3003d3fb814c07d584c7cce000073d1fb604cf18a31e6bc1cd3aaf3ae0469ff780c52a10d34737cce0042608af3770027275a8400211eac1aada4ffa73a02008411ab
278700569:0 1020 2 51 d3002d3fc087a0008198fdd4be3682420f87f139ebf9522ee572b410e161801c035a918124b2d2b800000002000006009d22bc
278700577:0 1020 3 51 d3002d3fc0d8200081ac9b7d077e9543176e8a2ae30f8107636ed97be401000d10cfccc034b2c0000000000000000000d4cbf2
278700585:0 1020 4 51 d3002d3fc11a200081a6209d427336c310d07104c59464a1262cc9f96360002d284204c044b2c0000000000000000000557967
278700592:0 1020 5 51 d3002d3fc1502000818b302f5b249b6101d2aba3342724b8386193461680000d144d18c134b2c00000000000000000002deed4
278700600:0 1020 6 51 d3002d3fc1862000811c6fe7331c3af292438cbcd814c1aab6b43c002e71402c1e0470c134b2c000000000000000000039a888
278700608:0 1020 7 51 d3002d3fc1d82000812c7c2a87652493973bd7ab03313187901959b110f2001d0e8a088014b2c00000000000000000002d7c94
278700615:0 1020 8 51 d3002d3fc21ba0008125559ac38e759390feff83b263f42187c1496dd331801c008a350024b2d2b80000000200000600138669
278700623:0 1020 9 51 d3002d3fc24a20008181c9fd1422a0f415b363d9b44dc032e66726f234c0003d23ec450154b2c0000000000000000000bf5b49
278700630:0 1020 10 51 d3002d3fc28020008181c44387cef3f48cd93fe08766a0373ab096c3e922406c30845ac154b2c00000000000000000004d69fd
278700766:0 1020 11 51 d3002d3fc2ce2000810053eca2809291ab38e9b5075aa01d954eccf45763401d015b78c064b2c0000000000000000000f0ff42
278700766:0 1020 12 51 d3002d3fc30c20008102d1ccaa382322afd4521d6624e091dbf6d5396702000d07a1f20114b2c000000000000000000092328d
278700766:0 1020 13 51 d3002d3fc34ba0008102d4c39968ef849a6f2653f37e40b07034af523fe0800c081cb18044b2d2b800000012000007002c7347
278700766:0 1020 14 51 d3002d3fc381a00081017a350a6cef240f97185f1891e0b61c0d1bc4a452800d03d9e18024b2d2b80000000200000c00313531
278700766:0 1020 15 51 d3002d3fc3ce20008180de822468c8012ca8802f671c409a2d1f4fcd7e93000d088238c114b2c00000000000000000007d053b
278700766:0 1020 16 51 d3002d3fc40c20008182eeb729b4e1d12fdd249d8e6ee011e7b7559e1233001d051ca90144b2c00000000000000000005c9358
278700766:0 1020 17 51 d3002d3fc457a0008198cf8933b5fd839344204071a2a12d1e6d37e2db93804d1cd9280134b2d2b80000001200000700d239c5
278700766:0 1020 18 51 d3002d3fc489a0008104178c53b5048481707f35b8146439853d848d42b2801d1ca2b98124b2d2b800000012000007002486d8
278700766:0 1020 19 51 d3002d3fc4d42000811f6b39497c154313c96e0cac86a4268eeac23d7fa0405c0119888064b2c00000000000000000009c1be9
278700766:0 1020 20 51 d3002d3fc512200081290892115f06a01e1b33a5b6c64284a04cda8ba942000c11bee94134b2c0000000000000000000f95f1b
278700787:0 1020 21 51 d3002d3fc5562000811c089dabbe12d2159da4bfa837d1a9750cbed9ebe3404c1e34b84134b2c00000000000000000008598f8
278700815:0 1020 22 51 d3002d3fc589a00081862f71d41d5ef5813d88b46a1fb4b8b2c70a6cede2802d0ab0c10054b2d2b80000000a00000700937c6f
278700843:0 1020 23 51 d3002d3fc5d5a000819eb17fcb4af7b391d43190e577f5a976fe3efdfb60c01c1574424134b2d2b8000000020000060015d1a7
278700878:0 1020 24 51 d3002d3fc612200081aa0e128ebc89209b57ac2934a312059e1259978572402c0f96690154b2c000000000000000000029be63
278700910:0 1020 25 51 d3002d3fc65c0067811bfeed4daba0e4108a6a17f9fd042c8d7eb9abbe40c01e0849e48054b2d2c80000001200000e00bc13ed
278700962:0 1020 26 51 d3002d3fc68220018127f572bc06a433930e828a0bb2731c02af4eed5cb1801e0f64aac044b3d2b8000000020000068043443d
278701001:0 1020 27 51 d3002d3fc6c420018116c81940cba3d28e7b16ba8c3202b0910f2fe2adb2000e0d31328134b3c0000000000000000000e2a131
278706173:0 1020 1 51 d3002d3fc051a00081078a0dd9217aa080f77d2aad041438b2140c8ed280801911efd28024b2d2b800000002000006007fda7a
278704233:0 1042 1 70 d3004041204800021985efb40000115ddbadb80628e3d26caf6f842f7f29801917adf448b95d8ba1cf7daffc35790dde37fede04c0297715da6534b1a0800833bcbe788ba390
278704250:0 1042 2 70 d3004041208800010405efb4003f7d7dd63c2a06864e0799dcbe29499763002e0118f15a795d55ec0f7dafff356d08ce3800a005f8bd121ad27586d312000200809ddc96abae
278704260:0 1042 3 70 d300404120c800019c85efb4003fe4f271522c0673a3eacdc274f7ff92a00034e094f44cd95d73502f7daffbf57429b20000d504bce10915843d1afe4d8005b1817ebcabc4cc
278704269:0 1042 4 70 d3004041210800019b85efb4000018e95844290645e1de432991c0798722002e30826e49995d706e2f7daffea96b651db7fef50560ca3b20f45990083980068b839eb090e29f
278704278:0 1042 5 70 d300404121480000f205efb400006787a3fdb8067d73f4f035a3fc6794d300280210f3ff195d77a6cf7dafff416cd6949c005a0556cd8c15e765f162abc004007ffe90c715a9
278704286:0 1042 6 70 d300404121880003ce85efb400010cf968647407a9ec12c01064b033e8bd81376f039c22395dc0364f7da0053639058f03fec726a271f3db69264bb63c3ffbc5054fc4a84014
278704295:0 1042 7 70 d300404121c80019e405efb400007605120c1b073be832af778e48f3c9c2013b919c86b2195d7bb26f7da0041771af64bbfe17222c632700d5262005413ff88b4940286ba9c7
278704303:0 1042 8 70 d3004041220800039105efb4003ed1c984dd9b00c35c1998f48f3a3e37bd00e9f79ef997f95cda97cf7daffc14dbff3f88016b2c0d07df1cbf9f42a0b13ff93146efe4c574c5
278704312:0 1042 9 70 d3004041224800040885efb400009a81e4af9607d13211cfe66ac13ff29383aa56421b3f995d9c606f7da0021240a91853ff3226d8c95bdda6a8fac7d6bffbb20410989a02dc
278704320:0 1042 10 70 d30040412288001a4505efb4003fa5d2ece4fc073ab031d55ee4db7fca0402d07f470665395d62c68f7da000ef70d966cffe0222455d5d011d2736cedabff8a683a0781df598
278704431:0 1042 11 70 d300404122c8001d6485efb4000045d6e77a93000e28460965b02e0405d58088f9c88e27f4a29c854f7daffed7e19ce30000b127d77a0a05e46f364451bfee4b8260381b4664
278704431:0 1042 12 70 d30040412308001dc715efb408805d5d367b6220115e43a3a82c9c5c071b004e07218dbc74a2a1262f7da00253df7296dfffef27c5aab506736ef1a1e7ffee73c1e00438f6e2
278704431:0 1042 13 70 d300404123480003a305efb4003fcb36f2a1da00de2a1ceca30c469a3ea00162a8777966b95d5a632f7daffb24d668743401322a804a781bf5a84a143dbff8e939e06c027abb
278704431:0 1042 14 70 d30040412388001f8205efb4003f41aee24b1907e250565628033f05f391804e4356809d94a2a0f3cf7da0007930da661400772801b34516d8017a770b7fec4e04604c5cc628
278704431:0 1042 16 70 d300404124080003d605efb4003f5acca20d5007a74211bff93da55fe81b82541ecb9b8fd95d06aeef7da005a238fd6bebff092744b95edd0d2a04e3883ffbcc3e50b893264e
278704431:0 1042 19 70 d300404124c8001f5405efb40000018184acba0fde0253a734a0ca67f239002bd7e700f674a2a130cf7daffe7d31493abbffca281cc4d01649fbd5610e3fec9f8741d00b259d
278704431:0 1042 20 70 d30040412508001f7305efb4003fec938efd2a0fe3c252ad396ef1d9f37f002e6b4300fcf4a2a2eecf7da000b131637783ff61281c9fa3163f429cd97dbfec8408c230945509
278704431:0 1042 21 70 d30040412548001f4705efb4003fe2dc822a3e0fdda653748d20dec7f1890026a64700d394a2a133af7dafff4131826408006c28153059162980b5f198bfec64885214d73a15
278704431:0 1042 22 70 d30040412588001f6405efb4000018f5313d9a0fdd2e53f090342d45f1eb003337bf810b34a2a1002f7daffd91317f5543ffe9281549d715f9c845b8f77fec82c9d2742a5adc
278704431:0 1042 23 70 d300404125c80002c285efb4000039bdacc17908146e5e7b762c4b78085380143123896ed4a2a62aef7dafff268531677fff392678689a0a7136d261bc7fecec8ef3bc029ce7
278704431:0 1042 24 70 d3004041260800036305efb4003f988e2b33b90817865e4d81adde1e09e18028f6fe098814a2a31c6f7da000f685297bf4004f26785a5d0a93c5a37b757fecfe43b0ecd1a1cd
278704520:0 1042 25 70 d3004041264800033c05efb4000032046c9e590814b85e79395010a608ff8023d79f09d494a2aa45ef7da00456816c05fbffd62689240d0a2b863fab917fecdd4180608658d2
278704528:0 1042 26 70 d3004041268800031685efb4003fe740bd09c90819225da9b39e58340a1b003b146809e074a2a7c98f7da0006e818611e4007c2689a5e20a2746f6ba5dffed04be0f8099cc09
278704537:0 1042 27 70 d300404126c8001dd205efb40000160344268f0ffe464de3bb3ac8edffb78023efeb8d15d4a29e786f7daffe87db53138400c426d4c762068ed0d7c7a1ffee067e6f98443fc3
278704545:0 1042 28 70 d30040412708001d5405efb400001314366c0e0fff524d89292790020053000e281f8d6bf4a2a2bf8f7daffbfbdb46ffc7ff8726d37b02063569c37021bfee1c3e7f9c35ed10
278704553:0 1042 29 70 d30040412748001d2785efb4000016a03fb5160802ee504cfb7fcd440104000b58ef0ca394a29edaaf7da001ebd4af9974000d26bd1500071859137b1c7fedd74140508d5680
278704561:0 1042 30 70 d30040412788001d8c85efb40000275621b7a10802704fcbbf0764000134801880a28c8054a2a7c28f7da00077d4c371a0004326bc9dcd073048826455ffedb93b1ec4dd6bdc
278704569:0 1042 32 70 d30040412808001fb285efb4003ffb5e83a5070fe564538d995b33e9f4568019ac83004d94a2a0e06f7da001353020d777fffa28104d9d16bfff3eaec1bfec717c7f1c2d5e56
278704577:0 1042 33 70 d30040412848001f9f85efb4003ff3828159bb0fe5a25591db434487f56580226c99007974a2a0914f7da00051301c57e400522810a3c61701870c5d437fec5265394c821b8b
278704585:0 1042 34 70 d30040412888001d2f05efb4000023a963dee0080478511ca66f6b8e01da801cdd198d8b54a29ee68f7da0019fd4de2befffc426a96fc005cccb4801b4ffedb6fd5f54ae02dd
278704593:0 1042 35 70 d300404128c8001d3005efb4003fc86cf77da5080750508d3e9dd80a0353002eeac38cb714a29ec08f7daffef7d4dd3ec3ffb826aa382c06f9c7a8cdc23fedffbf8fe0bf8999
278704601:0 1042 36 70 d3004041290800030405efb40000045328742d081e3c5f96c4bae4f60d078032639a0906d4a2a702af7da001b2851bb9b4003f268797090b0a34d52ae4ffecc0b42d0808f1e7
278704609:0 1042 37 70 d300404129480002ec05efb400000a838b453808189e5b89142815da09a6802c3bd40967f4a2a3c2cf7daffe568515c87bffc12687bd990aabfb61375abfed2736bdacb29214
278704618:0 1042 38 70 d3004041298800039685efb4000009311fe1a608df201ff6d8403a663edc009b354bf8ea395d4ac68f7daff7e4d599d48000ca296958151d3465d154d37ff89a02c0b08f5ebc
278704626:0 1042 39 70 d300404129c800036585efb4003ffeccfe44780f842c106a3173b84fdee380e040909c9cb95dea86ef7da008462d273617ff65274db01cdad964cc9727bffbe6c52148572f37
278704634:0 1042 40 70 d30040412a080018af85efb4003ff3f1ea93150f6afa1d099f92592dd644012bad548f3ab95d464a6f7da002478a1e75c7fd6e2752c4e8f41ae19ee6783ffa6201c0701d4d81
278704642:0 1042 41 70 d30040412a48001f9b85efb4003fe2d58402c60fe666556835b1fa93f5948058eebb805174a29fb46f7da000e9308c4d580016280455fb16eab417e9e6ffec50b28ca084de80
278704650:0 1042 42 70 d30040412a88001f5e05efb4003fa9428ef4bd0fe0a655a29a75650bf252004bfbbf0077d4a29fad8f7dafffc930a52d04005d2804a23216e3776e7dfebfec626cdb3422fa98
278704658:0 1042 43 70 d30040412ac8001cd385efb4000004520f83340fff0a532c724c29cdff7a801bb8538d5374a2aa360f7da0013bd46d5d2fff8c26896dc3060c89e7da117fed96beffbc2f56f4
278704666:0 1042 44 70 d30040412b08001d4305efb400002fde787d5f0808465006f77022c4039f8028aaef0d4c34a29fb9af7da00053d48533e80052268e49100605495da7b27fede100701c7534bd
278704675:0 1042 45 70 d30040412b480002e305efb4003fbe4cc6d7c8081c3c5daa2c2ca9da0bd18023f64908d354a2a3bdcf7dafffc68613cbabffef26b0b4f00b48c062d12d3fecdd8d4350b12b3f
278704684:0 1042 46 70 d30040412b8800032785efb4003fef6dda353e001ad85bd09afbddd80b22803948df095f54a2a52f2f7daffda6862ac9b0007b26b0f7a60adf420a3658ffed030b52d4b2bbca
278704718:0 1042 47 70 d30040412bc8001d7e85efb4003fa277e936810805424d7243b62be00220000e4f338c8dd4a2a5f8cf7da0019bdb0465b8001e26ef39cc0749732a2a477fedf002f0bce7a836
278704718:0 1042 48 70 d30040412c08001f6685efb4003feb9f6295360fe33859d8bd554059f3bc00097e7a809b54a2a0af8f7dafff8d2fb41f47ff8527713fd316410f194d7a7fec1d81e07a7da35e
278704727:0 1042 49 70 d30040412c48001d0885efb4003f92e3ef12ac0fff2a4d3e34052861ffdb000c73398daad4a2a5554f7dafffabdaf8c8a7ff1026ee682606068d1bc2813fee05c1e078d3608f
278704772:0 1042 50 70 d30040412c88001f6205efb400002585b9198a0fe0805a9c1548449df2400012c701005494a2a39f6f7dafff552fbe491000472770dffc1662cc19f99cffebf115254a419b75
278704810:0 1042 59 70 d30040412ec800027705efb4003fffa1000fee0e1309f5f3bdeb30837932001941937dc7995d7460af7daff9ad9056ea34002005958cd5047bc12ab412c003d15b36cc82334e
278704857:0 1042 60 70 d30040412f0800008385efb400000054ffe20d06e607eddb0847bdd3b1c1800c5100e950195d654ecf7daffe394e796010006c04df75722944d14c66d5c005315ee7b882c1c8
278704892:0 1042 62 70 d30040412f880002dd05efb40000006effe27b0e13996d33b3ddb79579668028fcb4fb4c395d6dabaf7daffb898a10c627ff2102d2d8bd0913465db2570014d303d0f670f985
278704963:0 1046 2 69 d3003f41609530556b0502116000019400fff8240ff8a5d8937b56880d68007f3c0c18bea81394a2116003cbbfb6dbafffa2739c79b2269f9f14224ffbe13fc3eb00df30bb
278705034:0 1046 3 69 d3003f4160d530556bf1b211603ffebfff21c4efa644878156ccfd43ba3400f47b18395ea814203a116ffe16644df08000427574b0418e71ebed53dffc1f30040200456b27
278705099:0 1046 4 69 d3003f41611530536bf0fa10203ffa65feb0ad1f99688a1738234693b0dc00660974336aa813e7ae102002166464e57fff92757b4511a78ffd06b48ffc0e8fa3e6003f4ace
278705110:0 1046 5 69 d3003f41615530546bf23e10c00001a813fb6c5fa4ac87fdf7297ea7b6f4006dcbe83936a8140ce610cfff56644ff1affdd2757705818f31373ef22ffc17400c0400a60f1b
278705141:0 1046 6 69 d3003f41619530536bf1b610203ffd63ff59a6f79e1c8f31fc7e0323b368010ecadc329ea813dfaa102001b66537881ffea271167671a2b3eaa17c2ffc0a200c08009b5e6f
278705163:0 1046 7 69 d3003f4161d530556bf04611603ffedfff2c46639ebc876caac1cd8bb3d000aebb783fc6a8141c7e11600126645ad4d002e2757b6c9161109edbfb0ffc13a0380f00d2d804
278705198:0 1046 8 69 d3003f41621530556bf1fe11603ffc61fddce8afa5d8865cf2738177ba2800d4e2144022a814092e116ffe36657ff0100112793cfe3168418019facffc259f9fe300580202
278705218:0 1046 9 69 d3003f41625530556bf1e611603ff791fbd33627a0fc867e8961cd33b4c800de63c032a6a813f2ce116000e665881cbffe027941b381adb12506686ffc1c7feffb00860d1a
278705238:0 1046 10 69 d3003f41629530556b0aee11603ffe99fd007abc4b8c5b36b05db4b43bc80098f8986a76a8136caa116ffe4112f37bc000c28b8b4630ab06d5f0edeffc86efdbf80026e2c2
278705255:0 1046 11 69 d3003f4162d530556b0bb2116f80899803f2dbdc46305ee334504c8037e8009b5f946836a81381d2116000611452a7a001d289a242e0b453b0c5631ffc80def3b500807156
278705273:0 1046 12 69 d3003f41631530556b09e211603fff91ffff3e1c4e045c2c2cce5f643d50006166386e1aa813ac66116ffe211453d20ffe8289a461409561d3389b7ffc809f23c7007afc04
278705289:0 1046 13 69 d3003f41635530556b0c3e11603fffafffd73cdc59445b3751397f3045f800311ed8628ea81384a2116000f114336aa004228ba751e0d59b49f7bfcffc80c0300c0032ad9a
278705306:0 1046 14 69 d3003f41639530556bf8ca1160010f1600f278e7ef84efb0bc8361f004494fb432784d96952b504e116fbfae2f789740ad422fdaf201202780d8f65ffb37dfbfea4867a906
278705324:0 1046 15 69 d3003f4163d530556b085a11603ffe95ff3386a453945ee3c4656e2441b4004ff7505d76a8135c6e116ffc411425d9afff428ba00650f41b870cd47ffc85a0380f0037644c
278705340:0 1046 16 69 d3003f416415304f6b071a0da03ffeb7ffc318940f249ef2904b81100bdc00c4d36c1c36a81376be0dafff4bbb2b06600212749d8e921f198542e24ffbf6ffa7ee0029af36
278705357:0 1046 18 69 d3003f41649530556bf92a11600017500766a0c004c0d63aa7204fb7ef9d4fa4a4787ba2952cd052116f954e39ef032fd2322fad411052e778136dfffad85fb7e948a3087e
278705374:0 1046 19 69 d3003f4164d530556bf03e116000175208d717ab96f48817fe96389faf4c004774a83e32a8141266116001e668cb4d0000e279082c717cff6f99829ffc1b5f9be4000b96d1
278705390:0 1046 21 69 d3003f41655530556b05c211603ffeb9fd3163080d78a3d810d6d0800af8005399581ca2a8132162116fffdbbd9de1b00012735bf6a21d2ba6525faffbf8a003ff00d8acd7
278705408:0 1046 23 69 d3003f4165d530556b06f211603fff69fff7bdbc0e48a4c85f97989c0c18005d36201c3aa81351be1160019bbb379f9fff92749a09e219f86c57bccffbf21ff803007bce78
278705424:0 1046 24 69 d3003f41661530526b06460f803ff421ff73de5c1040a200e6d8d5440b3400d7401c1c5ea81382ca0f8ffe6bbf1d6c4fffd271ec35221b61bea1ea9ffbf7cf93e000dcd064
278705441:0 1046 25 69 d3003f41665530536b080e10200000240014ddb40f58a1f9cbdbfc240c38009726f41b42a81347ee102fff3bbd9ef8800342735cb2321ffc668db65ffbeff00c03006e7026
278705457:0 1046 26 69 d3003f41669530526b0baa0f800006000038f1a45bb063630b1501e4478400710c1067bea81362ae0f8000a112e9a2e000b28749d750ae59ce7b2b0ffc653f93e0005237fa
278705474:0 1046 27 69 d3003f4166d530556b027e11603ffa53fcedbf680a9ca3941f6442ac06f400793eec1b6aa81320061160003bbd988560007273574362204d74ba780ffbf74ffbfe00859dfa
278705490:0 1046 29 69 d3003f41675530556bef5a11603ffe13ff7c6fb79b408ca3221b708bb07c00811e383f2ea813f44e11600106653839d00082712424116824b582c0dffc0b6fb3ed0021f7af
278705506:0 1046 30 69 d3003f41679530556b019211603fe955ff894dbc0baca7cf9cf43f6808b00066d930158aa8137bc6116ffebbbf0dbfdffe7271e96a622fb1729fa0fffbe49ff7fb009761ae
278705523:0 1046 31 69 d3003f4167d530556b054e11603ffee7ffa848080ee0a54af06ca1ec0ae400b054c81b16a813335a116ffebbbd91a64ffe427357ca8217cc2fae8b8ffbf040200a0088e57a
278705540:0 1046 33 69 d3003f41685530556b0a0611603fff98000a621059385f06e6fc649c44b0008a78d46a06a813865211600261142e263ffde28baa20d0a909024e406ffc796fa3e5001177cb
278705557:0 1046 34 69 d3003f41689530516b08e60ee03ffec1ff2d95f44fa45e7d1b7514483df800a74ce45fa6a8137dda0eeffef112f996bffe428b88ef50e42766cff36ffc7e10100800b764fe
278705574:0 1046 36 69 d3003f41691530556b0b2611603ffd0dfe3165804ae45daca676df503c04001dde30643ea8137dfa116000711432ea0ffed28ba7dc50c8cbfb553c0ffc79b0340f009f4272
