# RTCM Message Log (ephemeris only)
# Generated: 2025-08-22T00:48:27.591725
# Filtered: true
# Filter UTC: 2025-08-22T00:48:27Z
# Filter receiver: lat=38.3403, lon=-78.97626, h_m=100.0
# Filter mask_deg: 0.0
# Mountpoint: BCEP00BKG0
# Allowed types: [1019, 1020, 1042, 1046]
# GPS Week: 0
# GPS TOW: 0ms
# Format: [timestamp_ms] [msg_type] [sat_prn] [length] [hex_data]
# ----------------------------------------
204303185:0 1019 3 67 d3003d3fb0d4c241ce486b3a00ffe4598b3c4803d52b5b6b5c60e30351034a551501aea10dcc316b3a003436b6258cfff0285bc8462f3131c6e446ffa81f030029344d
204303193:0 1019 4 67 d3003d3fb114c07df1126b71000021fff26812f07d2e26eeabc66cf28c01bd5c610f7aa10cc2a36b71001e627692cd00142778e1501ddb8817ad8affa7f0f6fc103258
204303217:0 1019 7 67 d3003d3fb1d4c1468b716b3a00ffd0f79a6471ff0530d17e7250fdfea80a249fba1998a10d9fae6b3a00468b9a3f52ff7f26bfcf421117ad5045deffad46e9000dc95d
204303225:0 1019 8 67 d3003d3fb214c077aa2f6b3a00000045bf142ffc7736aef1e35030fcb6056e567d1183a10cd4396b3a002adf33a4c80063268d25861a3c12cfc926ffa4cd0a009fc0bd
204303233:0 1019 9 67 d3003d3fb254c07d7b5b6b3a0000365f84985bf005300609fae5b4f1be01be6fdd0ddea10d4a156b3afff95fe6e4edfff92739bc761f3c515c265affa65c01009c5061
204303288:0 1019 16 67 d3003d3fb414c07f6b496b3a0000470b5e9049019d39c81937d1560207076e2e5e09dda10e30a16b3affe4b9d13a750040270f7e56240524508696ffa17ee9006cd677
204303358:0 1019 26 67 d3003d3fb694c142e36b6b3a00fffedde15c6b03a040ff3e0f020f037e053c2d220ad2a10ce7c76b3affa3b27c505f008325d52b8721381a2310aaff9f530e00290c00
204303366:0 1019 27 67 d3003d3fb6d4c077e35a6b3a00fffdfcdf905afcf73514f598053afd7006e764711269a10d3b936b3affe3e07045f7005f26ec383419b622b50307ffa4ab0400e7b583
204303374:0 1019 28 67 d3003d3fb714c045c0676b3a00fff7ac70bb67fd6e2f97825a22dbfdf70031559818aca10d5ed26b3a00038a771ff6ffec2732a8d313910c4aaaf1ffab1dec00dd2f9b
204303383:0 1019 29 67 d3003d3fb754c077d8516b3a00002ec2effc51fd143065eda3f121fd4401b78c7614d2a10cd23b6b3a0002e40182a4ffd0274da06017d770d5b02effa992eb00e98818
204303399:0 1019 31 67 d3003d3fb7d4c0464f4e6b3a00000ee6652c4efdcb312e582826e5fe0c057dd7fb186ea10dc43b6b3affa88c8e35dbff7826e7b52b133422f4ad2cffaacce400e9cd8c
204303457:0 1020 1 51 d3002d3fc051a3788f08b02dacbd4a55af8c6a168d3ca110fb2a56182ed1801d11ec2a8124b0d2b80000001200001000a3e36f
204303498:0 1020 6 51 d3002d3fc18623788f85ba8b1f0cd965131084d7ddfcc0b4b25ca34032c0401c1e0058c034b0c000000000000000000083c4be
204303506:0 1020 7 51 d3002d3fc1d823788f00226905e378a28fb569df7c6822b6aed71b9e27b1000d0e89308114b0c0000000000000000000e79605
204303514:0 1020 8 51 d3002d3fc21ba3788f072fc59ad3afd1abcfebb6198f629b8bc84f6c1c52800c008abd0124b0d2b8000000120000080033df95
204303523:0 1020 9 51 d3002d3fc24a23788f26da331c416f401f64a1a2293160806a53595436b3003d23e6c50064b0c0000000000000000000324ca2
204303531:0 1020 10 51 d3002d3fc28023788f1c9e219b3745511a1951c272b1e324931b44eaab72406c30775ac054b0c0000000000000000000c493c6
204303540:0 1020 11 51 d3002d3fc2cfa3788f02354ac8658f31055d51c3e7be4438cd1d09471c41c01d015db8c164b0d2b8000000120000080077d18c
204303582:0 1020 16 51 d3002d3fc40c23788f1ba94b49c239611545ec18e9e552a9732e3e26a633000d051bb90044b0c0000000000000000000c1b9ec
204303599:0 1020 18 51 d3002d3fc48823788fab38b637d8e7000c1abc146a10b11b2a0b4ff91193002d1c9de18024b0c0000000000000000000c63e76
204303607:0 1020 19 51 d3002d3fc4d423788f8ef6c65eefe08401eee88f48b6723674521a915073405c010d088164b0c000000000000000000073be3e
204303656:0 1020 25 51 d3002d3fc65c037b8f95e8565b790f0302a13287cce9723420fe26d18953c01e0846ec8154b0d2b80000001200000a00040038
204303665:0 1020 26 51 d3002d3fc68223798f05fc2396a2a651a8e434bf3c72c2a13f7849b0f6f1002e0f67c2c114b1c0000000000000000000a7a92a
204303673:0 1020 27 51 d3002d3fc6c423798f87b0c3269ce4841a5e33cdce1a80b039fab0bb47b1000e0d318a8034b1c000000000000000000002fa0f
204302031:0 1042 12 70 d30040412308001d8029a5e005805ce736459548199e43a865d2d29009fe804dea810cc5d4a2a257ed2f0003abdf86c6f7ff6727c5faa307d02ef21d9d7feeb541e004fdd373
204302038:0 1042 14 70 d30040412388001f2131a5e1ffbf42c7e2b8285fcd864f9ae5e306c9eb61804eb9de01a794a2a1e06d2f0ffef130f0e1abfff22801e5d3152a8173b4ec3fecccc4604c8ad450
204302137:0 1042 23 70 d300404125c800037705a5e000003a1faca02b08169a62be355538d209a080149092081df4a2a43c8d2f0ffff68547520c003b2677e5e50c4f76a2966ebfecdc4ef3bca812e7
204302147:0 1042 24 70 d3004041260800033005a5e0003f98b32b6f4c081a4e63723ff93fbc0b868028b1ef07e474a2a27b2d2f00023a853f7900001d2677d47a0c72858f3a413fec89c3b0ec609399
204302156:0 1042 25 70 d3004041264800034185a5e0000031e76c818e08173e615df7b5601409b70023a9fa881514a2a8644d2f0fff3a8181e423ffe92688a1590c530628910bffeccf8180604de174
204302164:0 1042 26 70 d3004041268800039685a5e0003fe6febd182b08165861dc7173678009ab003acacb086bd4a2a83b4d2f0ffe02819be5b400ad26891e830befc6f19341ffecbdbe0f806474a1
204302207:0 1042 32 70 d30040412808001ef785a5e0003ffc1883a7690fcc2850e45754df83ea298019ce2e00d734a2a10d4d2f0fffb5303753100083281080de166bbf34a3bebfec9c3c7f1c90a363
204302214:0 1042 33 70 d30040412848001f1405a5e0003ff37e8161120fcf064f4a99c7e049ebe20022a054018ab4a2a1144d2f0ffe953032ca80000c2810d5ad153b46f0f6eb7fecb6a5394c84e13e
204302223:0 1042 34 70 d30040412888001d0a05a5e00000238063ca650814824fc163a93c52083c001cddd70ccdb4a29ff10d2f00025fd4f33d1fffeb26a9cc6907028b55d43dbfedf53d5f5447af5c
204302232:0 1042 35 70 d300404128c8001d7e05a5e0003fc8fbf79da6080edc51c3fc851ffa0647802ec5ce0d0574a29f29ed2f00000bd4f23b6800b126aa92d2067447a0f7483feddf7f8fe0e03ccc
204302281:0 1042 41 70 d30040412a48001ee905a5e0003fe2598413c70fca6a4f56f341e8d7e9518059087f813fb4a2a130ad2f00000530a2ce78005f2804889b157fb41b0b59bfeca2b28ca0f65547
204302289:0 1042 42 70 d30040412a88001f2705a5e0003fa9168f26e40fcf6a4f4157d7c5c5ec1e004c6057015fd4a2a15bad2f0ffe8d30bba93000032804d439159e7777572e3fecc56cdb343a1c10
204302305:0 1042 44 70 d30040412b08001d3e85a5e000002f9b7861db08138a52c1b516410407a00028b3680c8e14a2a07bad2f00002fd49a55540040268ea2e706edc95df32affeda440701c1b2c98
204302430:0 1046 4 69 d3003f41611530586bf77dc3e03ffa69feb175e3a1247ead72aa229fb66800669b1c484aa813e475c3effff664a97a900122757fff7136eff6f850fffc32cfa7e6002d9643
204302463:0 1046 6 69 d3003f41619530586bf735c3e03ffd63ff5a04bba39883e0362205dbb77c010d4ce4486aa813e5a5c3e00036657cc0a000b2711b1f812b93e81eca5ffc285010090041aae8
204302511:0 1046 9 69 d3003f41625530576bf649c3403ff787fbd46b1f9df479b49ed9794bb21000de18c4497aa8141ed9c340007665cde8e000a279469061314121c1457ffc395feffb00d9533b
204302589:0 1046 14 69 d3003f41639530586bf81dc3e0010f2000cbf7200b0cf4ea58a96fd3fecd4fbe9e7086ea952ca719c3ef869e2fe2206fc1a22fe0d5e01317805f9f4ffaa2bfb7e8483fe01d
204302655:0 1046 19 69 d3003f4164d530586bf80dc3e000176408d3c81fa3cc78ea20cbb23fb7f00048c8784372a81464d5c3effeb6691083200082790cf5e1606f69de522ffc3a4f9fe6005f1aef
204302671:0 1046 21 69 d3003f41655530586b05f1c3e03ffebffd3190c406e4a94e3808ea2005d80054dc4c19dea81333b5c3effe0bbde6ffb003327359bf5225db8c7d5d7ffbf41ff3fc00cd40fe
204302687:0 1046 23 69 d3003f4165d530586b01f9c3e03fff6ffff7d26804d8a92a80bddbe40524005fb5801ad2a8136045c3e0059bbb80c2e000927497d8f21f686ab63d9ffbe63ff000002f4358
204302711:0 1046 24 69 d3003f41661530586bfe45c3e03ff421ff7583380200a77f2ba3ff14016800d519701bfaa8136521c3effeabbf6540f0010271ea7b121a91bfe9881ffbffbf97e000de12de
204303094:0 1046 31 69 d3003f4167d530546bfb5dc1603ffeebffa871800204a664e28192b4012400b10b7c1962a8132799c16ffd0bbddd670ffe527355f97222ec285637dffbf9a020090066887b
