# RTCM Message Log (ephemeris only)
# Generated: 2025-08-22T00:03:27.590374
# Filtered: true
# Filter UTC: 2025-08-22T00:03:27Z
# Filter receiver: lat=38.3403, lon=-78.97626, h_m=100.0
# Filter mask_deg: 0.0
# Mountpoint: BCEP00BKG0
# Allowed types: [1019, 1020, 1042, 1046]
# GPS Week: 0
# GPS TOW: 0ms
# Format: [timestamp_ms] [msg_type] [sat_prn] [length] [hex_data]
# ----------------------------------------
201602240:0 1019 3 67 d3003d3fb0d4c241ce486b3a00ffe4598b3c4803d52b5b6b5c60e30351034a551501aea10dcc316b3a003436b6258cfff0285bc8462f3131c6e446ffa81f030029344d
201602248:0 1019 4 67 d3003d3fb114c07df7116b3a000021fff24c11f0a22e44e97096a4f2a001bd56310f8da10cc1d76b3a00226276a5b4000f2778e1cb1daf8818026bffa808f6fca5fc3e
201602291:0 1019 9 67 d3003d3fb254c07d7b5b6b3a0000365f84985bf005300609fae5b4f1be01be6fdd0ddea10d4a156b3afff95fe6e4edfff92739bc761f3c515c265affa65c01009c5061
201602351:0 1019 16 67 d3003d3fb414c07f6b496b3a0000470b5e9049019d39c81937d1560207076e2e5e09dda10e30a16b3affe4b9d13a750040270f7e56240524508696ffa17ee9006cd677
201602423:0 1019 26 67 d3003d3fb694c142e36b6b3a00fffedde15c6b03a040ff3e0f020f037e053c2d220ad2a10ce7c76b3affa3b27c505f008325d52b8721381a2310aaff9f530e00290c00
201602431:0 1019 27 67 d3003d3fb6d4c077e35a6b3a00fffdfcdf905afcf73514f598053afd7006e764711269a10d3b936b3affe3e07045f7005f26ec383419b622b50307ffa4ab0400e7b583
201602438:0 1019 28 67 d3003d3fb714c045c0676b3a00fff7ac70bb67fd6e2f97825a22dbfdf70031559818aca10d5ed26b3a00038a771ff6ffec2732a8d313910c4aaaf1ffab1dec00dd2f9b
201602446:0 1019 29 67 d3003d3fb754c077d8516b3a00002ec2effc51fd143065eda3f121fd4401b78c7614d2a10cd23b6b3a0002e40182a4ffd0274da06017d770d5b02effa992eb00e98818
201602463:0 1019 31 67 d3003d3fb7d4c0464f4e6b3a00000ee6652c4efdcb312e582826e5fe0c057dd7fb186ea10dc43b6b3affa88c8e35dbff7826e7b52b133422f4ad2cffaacce400e9cd8c
201602470:0 1019 32 67 d3003d3fb814c07d58206b3a000072d1dbf420f0402fe0103d7249f1d20469b4d30d15a10d38c56b3affa86091104a001b275acc0b2106ac16ffc5ffa63702006e08ca
201602518:0 1020 1 51 d3002d3fc051a3008d0dc7a3b1c629b6a80d8f29f28b601f62944b65d020801911ec1a8024b0d2b80000000a00000700471175
201602565:0 1020 7 51 d3002d3fc1d823008d069eb10482c7809b784dd5e2ee82afbb5332449932000d0e89288014b0c0000000000000000000436742
201602573:0 1020 8 51 d3002d3fc21a23008d0f3b3d9fbf4a73aeec54a1fbd9028cab085850b071000c008acd0024b0c00000000000000000004a92e8
201602582:0 1020 9 51 d3002d3fc24a23008d20cb210c657fe0232f73b0ec1fc10f297c56111993003d23e69d0164b0c0000000000000000000b84e70
201602590:0 1020 10 51 d3002d3fc28023008d11a633a5657b3116355dcd3934a32f3f803260cdb1406c307702c154b0c00000000000000000002f0567
201602598:0 1020 11 51 d3002d3fc2ce23008d87d75cc70dcab284d9c7c41dc763383a428fb844c1401d015dc0c064b0c0000000000000000000b0c343
201602654:0 1020 18 51 d3002d3fc48823008da45eaf4980a9a10416b410e79a11281759411955d3002d1c9dc18124b0c0000000000000000000d20f26
201602662:0 1020 19 51 d3002d3fc4d423008d817bd8629c5ce5825d508f0edfd138fbfc01ec0fb2405c010cb88064b0c00000000000000000001f4b08
201602736:0 1020 25 51 d3002d3fc65c03038d88b6c2624912a582885f87b1a79138e5180eb4e713c01e0846dc8054b0d2b80000001200000a00f1b9d9
201602757:0 1020 26 51 d3002d3fc68223018d0e143f9b051d13adab9dac0a92c2931c55554558d1002e0f67d2c054b1c0000000000000000000a8c961
201600997:0 1042 12 70 d30040412308001d8029a5e005805ce736459548199e43a865d2d29009fe804dea810cc5d4a2a257ed2f0003abdf86c6f7ff6727c5faa307d02ef21d9d7feeb541e004fdd373
201601070:0 1042 14 70 d30040412388001f2131a5e1ffbf42c7e2b8285fcd864f9ae5e306c9eb61804eb9de01a794a2a1e06d2f0ffef130f0e1abfff22801e5d3152a8173b4ec3fecccc4604c8ad450
201601181:0 1042 24 70 d3004041260800033005a5e0003f98b32b6f4c081a4e63723ff93fbc0b868028b1ef07e474a2a27b2d2f00023a853f7900001d2677d47a0c72858f3a413fec89c3b0ec609399
201601190:0 1042 25 70 d3004041264800034185a5e0000031e76c818e08173e615df7b5601409b70023a9fa881514a2a8644d2f0fff3a8181e423ffe92688a1590c530628910bffeccf8180604de174
201601201:0 1042 26 70 d3004041268800039685a5e0003fe6febd182b08165861dc7173678009ab003acacb086bd4a2a83b4d2f0ffe02819be5b400ad26891e830befc6f19341ffecbdbe0f806474a1
201601269:0 1042 33 70 d30040412848001f1405a5e0003ff37e8161120fcf064f4a99c7e049ebe20022a054018ab4a2a1144d2f0ffe953032ca80000c2810d5ad153b46f0f6eb7fecb6a5394c84e13e
201601270:0 1042 35 70 d300404128c8001d7e05a5e0003fc8fbf79da6080edc51c3fc851ffa0647802ec5ce0d0574a29f29ed2f00000bd4f23b6800b126aa92d2067447a0f7483feddf7f8fe0e03ccc
201601320:0 1042 41 70 d30040412a48001ee905a5e0003fe2598413c70fca6a4f56f341e8d7e9518059087f813fb4a2a130ad2f00000530a2ce78005f2804889b157fb41b0b59bfeca2b28ca0f65547
201601328:0 1042 42 70 d30040412a88001f2705a5e0003fa9168f26e40fcf6a4f4157d7c5c5ec1e004c6057015fd4a2a15bad2f0ffe8d30bba93000032804d439159e7777572e3fecc56cdb343a1c10
201601345:0 1042 44 70 d30040412b08001d3e85a5e000002f9b7861db08138a52c1b516410407a00028b3680c8e14a2a07bad2f00002fd49a55540040268ea2e706edc95df32affeda440701c1b2c98
201601395:0 1042 50 70 d30040412c88001f3405a5e0000025adb903d10fd3b654b2d50e6427ed8a0012c3fc810294a2a5c0cd2f0fff6d2fd53517ffca277110eb15a7cbd68428ffec62d5254a20d1a2
201601467:0 1046 4 69 d3003f41611530546bf785c1603ffa69feb17c8ba36c8049426935ebb7bc0067087849cea813d681c160000664abb3e00102758013c12c1ff604a49ffc334fa7e600370795
201601499:0 1046 6 69 d3003f41619530536bf725c0c03ffd61ff5a087f9eec8373f940a347b318010dbcb4489ea813f8fdc0c00056657f91f000c2711b39712a63e92f76dffc2810100900993c1c
201601548:0 1046 9 69 d3003f41625530546bf64dc1603ff785fbd4727b9a4078e879fe3f17aecc00de1fa84c92a814337dc160007665cf917000a27946a171233123b5294ffc396feffb002eca54
201601629:0 1046 14 69 d3003f41639530546bf4e9c160010f1c00cab937f75135b623e2b00bf8dd4fc13a6097b2952c66ddc16f282e2fe55a3fb9922fdfdeaf8ce78063883ff9c9afb7e8480b9bb7
201601716:0 1046 19 69 d3003f4164d530536bf809c0c000176008d3a59fa17c7a91e3a5b0b7b6cc00491a344482a8145881c0cffec66913465000a2790d0da157ff6c01ca8ffc3aaf9fe600887cdb
201601775:0 1046 21 69 d3003f41655530526b02d1c0203ffebbfd3192dc0460a981efc640c4046400549e601a56a8133e6dc020029bbdeab68004527359b702226b8a93cb0ffbe98ff3fc00b06ef8
201601849:0 1046 23 69 d3003f4165d530516bfc95bf803fff6dfff7d38c0444a77e2ba9e2d00440005fc594192aa8135bbdbf8001bbbb850dcffb227497fc2222b86b9402effbebaff00000da32ef
201602139:0 1046 31 69 d3003f4167d530546bfb5dc1603ffeebffa871800204a664e28192b4012400b10b7c1962a8132799c16ffd0bbddd670ffe527355f97222ec285637dffbf9a020090066887b
