# RTCM Message Log (ephemeris only)
# Generated: 2025-08-22T00:38:27.591255
# Filtered: true
# Filter UTC: 2025-08-22T00:38:27Z
# Filter receiver: lat=38.3403, lon=-78.97626, h_m=100.0
# Filter mask_deg: 0.0
# Mountpoint: BCEP00BKG0
# Allowed types: [1019, 1020, 1042, 1046]
# GPS Week: 0
# GPS TOW: 0ms
# Format: [timestamp_ms] [msg_type] [sat_prn] [length] [hex_data]
# ----------------------------------------
203703110:0 1019 3 67 d3003d3fb0d4c241ce486b3a00ffe4598b3c4803d52b5b6b5c60e30351034a551501aea10dcc316b3a003436b6258cfff0285bc8462f3131c6e446ffa81f030029344d
203703121:0 1019 4 67 d3003d3fb114c07df1126b71000021fff26812f07d2e26eeabc66cf28c01bd5c610f7aa10cc2a36b71001e627692cd00142778e1501ddb8817ad8affa7f0f6fc103258
203703159:0 1019 7 67 d3003d3fb1d4c1468b716b3a00ffd0f79a6471ff0530d17e7250fdfea80a249fba1998a10d9fae6b3a00468b9a3f52ff7f26bfcf421117ad5045deffad46e9000dc95d
203703169:0 1019 8 67 d3003d3fb214c077aa2f6b3a00000045bf142ffc7736aef1e35030fcb6056e567d1183a10cd4396b3a002adf33a4c80063268d25861a3c12cfc926ffa4cd0a009fc0bd
203703177:0 1019 9 67 d3003d3fb254c07d7b5b6b3a0000365f84985bf005300609fae5b4f1be01be6fdd0ddea10d4a156b3afff95fe6e4edfff92739bc761f3c515c265affa65c01009c5061
203703242:0 1019 16 67 d3003d3fb414c07f6b496b3a0000470b5e9049019d39c81937d1560207076e2e5e09dda10e30a16b3affe4b9d13a750040270f7e56240524508696ffa17ee9006cd677
203703338:0 1019 26 67 d3003d3fb694c142e36b6b3a00fffedde15c6b03a040ff3e0f020f037e053c2d220ad2a10ce7c76b3affa3b27c505f008325d52b8721381a2310aaff9f530e00290c00
203703346:0 1019 27 67 d3003d3fb6d4c077e35a6b3a00fffdfcdf905afcf73514f598053afd7006e764711269a10d3b936b3affe3e07045f7005f26ec383419b622b50307ffa4ab0400e7b583
203703354:0 1019 28 67 d3003d3fb714c045c0676b3a00fff7ac70bb67fd6e2f97825a22dbfdf70031559818aca10d5ed26b3a00038a771ff6ffec2732a8d313910c4aaaf1ffab1dec00dd2f9b
203703362:0 1019 29 67 d3003d3fb754c077d8516b3a00002ec2effc51fd143065eda3f121fd4401b78c7614d2a10cd23b6b3a0002e40182a4ffd0274da06017d770d5b02effa992eb00e98818
203703378:0 1019 31 67 d3003d3fb7d4c0464f4e6b3a00000ee6652c4efdcb312e582826e5fe0c057dd7fb186ea10dc43b6b3affa88c8e35dbff7826e7b52b133422f4ad2cffaacce400e9cd8c
203703434:0 1020 1 51 d3002d3fc051a3788f08b02dacbd4a55af8c6a168d3ca110fb2a56182ed1801d11ec2a8124b0d2b80000001200001000a3e36f
203703442:0 1020 2 51 d3002d3fc087a3788f07f90aa5ee075597b7a050e7648031f1732c88c0c08018035cb98024b0d2b80000000a00000700ac1730
203703482:0 1020 7 51 d3002d3fc1d823788f00226905e378a28fb569df7c6822b6aed71b9e27b1000d0e89308114b0c0000000000000000000e79605
203703490:0 1020 8 51 d3002d3fc21ba3788f072fc59ad3afd1abcfebb6198f629b8bc84f6c1c52800c008abd0124b0d2b8000000120000080033df95
203703498:0 1020 9 51 d3002d3fc24a23788f26da331c416f401f64a1a2293160806a53595436b3003d23e6c50064b0c0000000000000000000324ca2
203703506:0 1020 10 51 d3002d3fc28023788f1c9e219b3745511a1951c272b1e324931b44eaab72406c30775ac054b0c0000000000000000000c493c6
203703514:0 1020 11 51 d3002d3fc2cfa3788f02354ac8658f31055d51c3e7be4438cd1d09471c41c01d015db8c164b0d2b8000000120000080077d18c
203703523:0 1020 12 51 d3002d3fc30c23788f9b5e5eca105c5195665298e37e02296b16bdb33643000d07a0a20014b0c00000000000000000003dc555
203703579:0 1020 19 51 d3002d3fc4d423788f8ef6c65eefe08401eee88f48b6723674521a915073405c010d088164b0c000000000000000000073be3e
203703587:0 1020 20 51 d3002d3fc51223788f1796ad4d9f6d658a0c01aafb33b1320fb5ad32a931000c11bd694034b0c00000000000000000001b72bd
203703628:0 1020 25 51 d3002d3fc65c037b8f95e8565b790f0302a13287cce9723420fe26d18953c01e0846ec8154b0d2b80000001200000a00040038
203703636:0 1020 26 51 d3002d3fc68223798f05fc2396a2a651a8e434bf3c72c2a13f7849b0f6f1002e0f67c2c114b1c0000000000000000000a7a92a
203701967:0 1042 12 70 d30040412308001d8029a5e005805ce736459548199e43a865d2d29009fe804dea810cc5d4a2a257ed2f0003abdf86c6f7ff6727c5faa307d02ef21d9d7feeb541e004fdd373
203702010:0 1042 14 70 d30040412388001f2131a5e1ffbf42c7e2b8285fcd864f9ae5e306c9eb61804eb9de01a794a2a1e06d2f0ffef130f0e1abfff22801e5d3152a8173b4ec3fecccc4604c8ad450
203702114:0 1042 23 70 d300404125c800037705a5e000003a1faca02b08169a62be355538d209a080149092081df4a2a43c8d2f0ffff68547520c003b2677e5e50c4f76a2966ebfecdc4ef3bca812e7
203702122:0 1042 24 70 d3004041260800033005a5e0003f98b32b6f4c081a4e63723ff93fbc0b868028b1ef07e474a2a27b2d2f00023a853f7900001d2677d47a0c72858f3a413fec89c3b0ec609399
203702132:0 1042 25 70 d3004041264800034185a5e0000031e76c818e08173e615df7b5601409b70023a9fa881514a2a8644d2f0fff3a8181e423ffe92688a1590c530628910bffeccf8180604de174
203702141:0 1042 26 70 d3004041268800039685a5e0003fe6febd182b08165861dc7173678009ab003acacb086bd4a2a83b4d2f0ffe02819be5b400ad26891e830befc6f19341ffecbdbe0f806474a1
203702186:0 1042 32 70 d30040412808001ef785a5e0003ffc1883a7690fcc2850e45754df83ea298019ce2e00d734a2a10d4d2f0fffb5303753100083281080de166bbf34a3bebfec9c3c7f1c90a363
203702194:0 1042 33 70 d30040412848001f1405a5e0003ff37e8161120fcf064f4a99c7e049ebe20022a054018ab4a2a1144d2f0ffe953032ca80000c2810d5ad153b46f0f6eb7fecb6a5394c84e13e
203702202:0 1042 34 70 d30040412888001d0a05a5e00000238063ca650814824fc163a93c52083c001cddd70ccdb4a29ff10d2f00025fd4f33d1fffeb26a9cc6907028b55d43dbfedf53d5f5447af5c
203702211:0 1042 35 70 d300404128c8001d7e05a5e0003fc8fbf79da6080edc51c3fc851ffa0647802ec5ce0d0574a29f29ed2f00000bd4f23b6800b126aa92d2067447a0f7483feddf7f8fe0e03ccc
203702262:0 1042 41 70 d30040412a48001ee905a5e0003fe2598413c70fca6a4f56f341e8d7e9518059087f813fb4a2a130ad2f00000530a2ce78005f2804889b157fb41b0b59bfeca2b28ca0f65547
203702270:0 1042 42 70 d30040412a88001f2705a5e0003fa9168f26e40fcf6a4f4157d7c5c5ec1e004c6057015fd4a2a15bad2f0ffe8d30bba93000032804d439159e7777572e3fecc56cdb343a1c10
203702287:0 1042 44 70 d30040412b08001d3e85a5e000002f9b7861db08138a52c1b516410407a00028b3680c8e14a2a07bad2f00002fd49a55540040268ea2e706edc95df32affeda440701c1b2c98
203702409:0 1046 4 69 d3003f41611530576bf781c3403ffa69feb1778fa1c87f2d669af4a7b6d00066c3d448faa813df65c340000664aa08b00112758004a1326ff6b72f3ffc330fa7e6006a6ba8
203702440:0 1046 6 69 d3003f41619530536bf725c0c03ffd61ff5a087f9eec8373f940a347b318010dbcb4489ea813f8fdc0c00056657f91f000c2711b39712a63e92f76dffc2810100900993c1c
203702486:0 1046 9 69 d3003f41625530576bf649c3403ff787fbd46b1f9df479b49ed9794bb21000de18c4497aa8141ed9c340007665cde8e000a279469061314121c1457ffc395feffb00d9533b
203702564:0 1046 14 69 d3003f41639530576bf7b5c340010f1e00cba7a4054d00ca4b77c0b7fcf54fbf34dc89d2952c95cdc34f77be2fe2df2fbcf22fe0b6fffa478060af9ffa825fb7e848c29c33
203702626:0 1046 19 69 d3003f4164d530536bf809c0c000176008d3a59fa17c7a91e3a5b0b7b6cc00491a344482a8145881c0cffec66913465000a2790d0da157ff6c01ca8ffc3aaf9fe600887cdb
203702641:0 1046 21 69 d3003f41655530526b02d1c0203ffebbfd3192dc0460a981efc640c4046400549e601a56a8133e6dc020029bbdeab68004527359b702226b8a93cb0ffbe98ff3fc00b06ef8
203702656:0 1046 23 69 d3003f4165d530516bfc95bf803fff6dfff7d38c0444a77e2ba9e2d00440005fc594192aa8135bbdbf8001bbbb850dcffb227497fc2222b86b9402effbebaff00000da32ef
203702935:0 1046 31 69 d3003f4167d530546bfb5dc1603ffeebffa871800204a664e28192b4012400b10b7c1962a8132799c16ffd0bbddd670ffe527355f97222ec285637dffbf9a020090066887b
