Opened serial socket://localhost:5555 @ 115200
Loaded 40 ephemeris frames from file: /Users/delta/streamrtcm/datahandler/pull_out/spartn/ephem1327_filtered.log
Loaded 2840 SPARTN frames from file: /Users/delta/streamrtcm/datahandler/pull_out/spartn/test1327.log
Using ephemeris from file: /Users/delta/streamrtcm/datahandler/pull_out/spartn/ephem1327_filtered.log
[ESP32] NMEA sent: GGA+ZDA
[ESP32] pushed S 45 bytes (spartn-file)
[ESP32] pushed R 67 bytes (file)
[ESP32] pushed R 67 bytes (file)
[ESP32] pushed R 67 bytes (file)
[ESP32] pushed R 67 bytes (file)
[ESP32] pushed R 67 bytes (file)
[ESP32] pushed R 67 bytes (file)
[ESP32] pushed R 67 bytes (file)
[ESP32] pushed R 67 bytes (file)
[ESP32] pushed R 67 bytes (file)
[ESP32] pushed R 67 bytes (file)
[ESP32] pushed R 51 bytes (file)
[ESP32] pushed R 51 bytes (file)
[ESP32] pushed R 51 bytes (file)
[ESP32] pushed R 51 bytes (file)
[ESP32] pushed R 51 bytes (file)
[ESP32] pushed R 51 bytes (file)
[ESP32] pushed R 51 bytes (file)
[ESP32] pushed R 51 bytes (file)
[ESP32] pushed R 51 bytes (file)
[ESP32] pushed R 70 bytes (file)
[ESP32] pushed R 70 bytes (file)
[ESP32] pushed R 70 bytes (file)
[ESP32] pushed R 70 bytes (file)
[ESP32] pushed R 70 bytes (file)
[ESP32] pushed R 70 bytes (file)
[ESP32] pushed R 70 bytes (file)
[ESP32<-] STATUS: ppl=Success spartn=145/8157 rtcm_in=243/15568 nmea(GGA/ZDA)=0/0 ppl_out=17/5958
[ESP32] pushed R 70 bytes (file)
[ESP32] pushed R 70 bytes (file)
[ESP32] pushed R 70 bytes (file)
[ESP32] pushed R 69 bytes (file)
[ESP32] pushed R 69 bytes (file)
[ESP32] pushed S 45 bytes (spartn-file)
[ESP32] pushed S 42 bytes (spartn-file)
[ESP32] pushed S 51 bytes (spartn-file)
[ESP32] pushed R 69 bytes (file)
[ESP32] pushed R 69 bytes (file)
[ESP32] pushed R 69 bytes (file)
[ESP32] pushed R 69 bytes (file)
[ESP32] pushed R 69 bytes (file)
[ESP32] pushed R 69 bytes (file)
[ESP32] pushed R 69 bytes (file)
[ESP32] pushed R 69 bytes (file)
[ESP32] pushed R 69 bytes (file)
[ESP32] NMEA sent: GGA+ZDA
[ESP32] NMEA sent: GGA+ZDA
[ESP32] NMEA sent: GGA+ZDA
[ESP32] NMEA sent: GGA+ZDA
[ESP32] NMEA sent: GGA+ZDA
[ESP32<-] STATUS: ppl=Success spartn=148/8295 rtcm_in=257/16537 nmea(GGA/ZDA)=0/0 ppl_out=17/5958
[ESP32] pushed S 45 bytes (spartn-file)
[ESP32] pushed S 42 bytes (spartn-file)
[ESP32] pushed S 51 bytes (spartn-file)
[ESP32] pushed S 51 bytes (spartn-file)
[ESP32] pushed S 392 bytes (spartn-file)
[ESP32] NMEA sent: GGA+ZDA
[ESP32] pushed S 45 bytes (spartn-file)
[ESP32] pushed S 42 bytes (spartn-file)
[ESP32] pushed S 51 bytes (spartn-file)
[ESP32] pushed S 51 bytes (spartn-file)
[ESP32] pushed S 392 bytes (spartn-file)
[ESP32] pushed S 392 bytes (spartn-file)
[ESP32] pushed S 45 bytes (spartn-file)
[ESP32] NMEA sent: GGA+ZDA
[ESP32] NMEA sent: GGA+ZDA
[ESP32] NMEA sent: GGA+ZDA
[ESP32] NMEA sent: GGA+ZDA
[ESP32<-] STATUS: ppl=Success spartn=160/9894 rtcm_in=257/16537 nmea(GGA/ZDA)=0/0 ppl_out=17/5958
[ESP32] pushed S 45 bytes (spartn-file)
[ESP32] pushed S 42 bytes (spartn-file)
[ESP32] pushed S 51 bytes (spartn-file)
[ESP32] pushed S 51 bytes (spartn-file)
[ESP32] pushed S 392 bytes (spartn-file)
[ESP32] pushed S 392 bytes (spartn-file)
[ESP32] pushed S 45 bytes (spartn-file)
[ESP32] pushed S 45 bytes (spartn-file)
[ESP32] pushed S 42 bytes (spartn-file)
[ESP32] pushed S 51 bytes (spartn-file)
[ESP32] NMEA sent: GGA+ZDA
[ESP32] pushed S 45 bytes (spartn-file)
[ESP32] pushed S 42 bytes (spartn-file)
[ESP32] pushed S 51 bytes (spartn-file)
[ESP32] pushed S 51 bytes (spartn-file)
[ESP32] pushed S 392 bytes (spartn-file)
[ESP32] pushed S 392 bytes (spartn-file)
[ESP32] pushed S 45 bytes (spartn-file)
[ESP32] pushed S 45 bytes (spartn-file)
[ESP32] pushed S 42 bytes (spartn-file)
[ESP32] pushed S 51 bytes (spartn-file)
[ESP32] NMEA sent: GGA+ZDA
[ESP32] NMEA sent: GGA+ZDA
[ESP32] NMEA sent: GGA+ZDA
[ESP32] NMEA sent: GGA+ZDA
[ESP32<-] STATUS: ppl=Success spartn=180/12206 rtcm_in=257/16537 nmea(GGA/ZDA)=0/0 ppl_out=17/5958
[ESP32] NMEA sent: GGA+ZDA
[ESP32] NMEA sent: GGA+ZDA
[ESP32] pushed S 51 bytes (spartn-file)
[ESP32] pushed S 392 bytes (spartn-file)
[ESP32] pushed S 392 bytes (spartn-file)
[ESP32] pushed S 45 bytes (spartn-file)
[ESP32] pushed S 45 bytes (spartn-file)
[ESP32] pushed S 42 bytes (spartn-file)
[ESP32] pushed S 51 bytes (spartn-file)
[ESP32] NMEA sent: GGA+ZDA
[ESP32] NMEA sent: GGA+ZDA
[ESP32] pushed S 392 bytes (spartn-file)
[ESP32] pushed S 45 bytes (spartn-file)
[ESP32] pushed S 45 bytes (spartn-file)
[ESP32] pushed S 42 bytes (spartn-file)
[ESP32] pushed S 51 bytes (spartn-file)
[ESP32] pushed S 45 bytes (spartn-file)
[ESP32] pushed S 42 bytes (spartn-file)
[ESP32] pushed S 51 bytes (spartn-file)
[ESP32] NMEA sent: GGA+ZDA
[ESP32<-] STATUS: ppl=Success spartn=195/13937 rtcm_in=257/16537 nmea(GGA/ZDA)=0/0 ppl_out=17/5958
[ESP32] NMEA sent: GGA+ZDA
[ESP32] NMEA sent: GGA+ZDA
[ESP32] pushed S 45 bytes (spartn-file)
[ESP32] pushed S 45 bytes (spartn-file)
[ESP32] pushed S 42 bytes (spartn-file)
[ESP32] pushed S 51 bytes (spartn-file)
[ESP32] pushed S 45 bytes (spartn-file)
[ESP32] pushed S 42 bytes (spartn-file)
[ESP32] pushed S 51 bytes (spartn-file)
[ESP32] NMEA sent: GGA+ZDA
[ESP32] pushed S 45 bytes (spartn-file)
[ESP32] pushed S 42 bytes (spartn-file)
[ESP32] pushed S 51 bytes (spartn-file)
[ESP32] pushed S 45 bytes (spartn-file)
[ESP32] pushed S 42 bytes (spartn-file)
[ESP32] pushed S 51 bytes (spartn-file)
[ESP32] NMEA sent: GGA+ZDA
[ESP32] NMEA sent: GGA+ZDA
[ESP32] pushed S 45 bytes (spartn-file)
[ESP32] pushed S 42 bytes (spartn-file)
[ESP32] pushed S 51 bytes (spartn-file)
[ESP32] pushed S 133 bytes (spartn-file)
[ESP32] pushed S 133 bytes (spartn-file)
[ESP32<-] STATUS: ppl=Success spartn=212/14805 rtcm_in=257/16537 nmea(GGA/ZDA)=0/0 ppl_out=17/5958
[ESP32] NMEA sent: GGA+ZDA
[ESP32] pushed S 45 bytes (spartn-file)
[ESP32] pushed S 42 bytes (spartn-file)
[ESP32] pushed S 51 bytes (spartn-file)
[ESP32] pushed S 133 bytes (spartn-file)
[ESP32] pushed S 133 bytes (spartn-file)
[ESP32] pushed S 443 bytes (spartn-file)
[ESP32] NMEA sent: GGA+ZDA
[ESP32] NMEA sent: GGA+ZDA
[ESP32] NMEA sent: GGA+ZDA
[ESP32] NMEA sent: GGA+ZDA
[ESP32<-] STATUS: ppl=Success spartn=219/15785 rtcm_in=257/16537 nmea(GGA/ZDA)=0/0 ppl_out=17/5958
[ESP32] pushed S 45 bytes (spartn-file)
[ESP32] pushed S 42 bytes (spartn-file)
[ESP32] pushed S 51 bytes (spartn-file)
[ESP32] pushed S 133 bytes (spartn-file)
[ESP32] pushed S 133 bytes (spartn-file)
[ESP32] pushed S 443 bytes (spartn-file)
[ESP32] NMEA sent: GGA+ZDA
[ESP32] pushed S 133 bytes (spartn-file)
[ESP32] pushed S 133 bytes (spartn-file)
[ESP32] pushed S 443 bytes (spartn-file)
[ESP32] pushed S 45 bytes (spartn-file)
[ESP32] pushed S 42 bytes (spartn-file)
[ESP32] NMEA sent: GGA+ZDA
[ESP32] NMEA sent: GGA+ZDA
[ESP32] NMEA sent: GGA+ZDA
[ESP32] NMEA sent: GGA+ZDA
[ESP32<-] STATUS: ppl=Success spartn=230/17428 rtcm_in=257/16537 nmea(GGA/ZDA)=0/0 ppl_out=17/5958
[ESP32] NMEA sent: GGA+ZDA
[ESP32] pushed S 133 bytes (spartn-file)
[ESP32] pushed S 133 bytes (spartn-file)
[ESP32] pushed S 443 bytes (spartn-file)
[ESP32] pushed S 45 bytes (spartn-file)
[ESP32] pushed S 42 bytes (spartn-file)
[ESP32] pushed S 45 bytes (spartn-file)
[ESP32] pushed S 42 bytes (spartn-file)
[ESP32] pushed S 133 bytes (spartn-file)
[ESP32] pushed S 443 bytes (spartn-file)
[ESP32] pushed S 45 bytes (spartn-file)
[ESP32] pushed S 42 bytes (spartn-file)
[ESP32] pushed S 45 bytes (spartn-file)
[ESP32] pushed S 42 bytes (spartn-file)
[ESP32] pushed S 51 bytes (spartn-file)
[ESP32] pushed S 397 bytes (spartn-file)
[ESP32] NMEA sent: GGA+ZDA
[ESP32] NMEA sent: GGA+ZDA
[ESP32] NMEA sent: GGA+ZDA
[ESP32] NMEA sent: GGA+ZDA
[ESP32] pushed S 45 bytes (spartn-file)
[ESP32] pushed S 42 bytes (spartn-file)
[ESP32] pushed S 45 bytes (spartn-file)
[ESP32] pushed S 42 bytes (spartn-file)
[ESP32] pushed S 51 bytes (spartn-file)
[ESP32] pushed S 397 bytes (spartn-file)
[ESP32<-] STATUS: ppl=Success spartn=250/19734 rtcm_in=257/16537 nmea(GGA/ZDA)=0/0 ppl_out=17/5958
[ESP32] NMEA sent: GGA+ZDA
[ESP32] pushed S 45 bytes (spartn-file)
[ESP32] pushed S 42 bytes (spartn-file)
[ESP32] pushed S 45 bytes (spartn-file)
[ESP32] pushed S 42 bytes (spartn-file)
[ESP32] pushed S 51 bytes (spartn-file)
[ESP32] pushed S 397 bytes (spartn-file)
[ESP32] pushed S 529 bytes (spartn-file)
[ESP32] pushed S 45 bytes (spartn-file)
[ESP32] pushed S 42 bytes (spartn-file)
[ESP32] pushed S 51 bytes (spartn-file)
[ESP32] NMEA sent: GGA+ZDA
[ESP32] NMEA sent: GGA+ZDA
[ESP32] NMEA sent: GGA+ZDA
Serial NMEA send failed: write failed: [Errno 32] Broken pipe
Serial NMEA send failed: write failed: [Errno 32] Broken pipe
Serial NMEA send failed: write failed: [Errno 32] Broken pipe
Reconnecting in 3s due to: write failed: [Errno 32] Broken pipe
Using ephemeris from file: /Users/delta/streamrtcm/datahandler/pull_out/spartn/ephem1327_filtered.log
Serial NMEA send failed: write failed: [Errno 32] Broken pipe
Reconnecting in 3s due to: write failed: [Errno 32] Broken pipe
Using ephemeris from file: /Users/delta/streamrtcm/datahandler/pull_out/spartn/ephem1327_filtered.log
Serial NMEA send failed: write failed: [Errno 32] Broken pipe
Reconnecting in 3s due to: write failed: [Errno 32] Broken pipe
Using ephemeris from file: /Users/delta/streamrtcm/datahandler/pull_out/spartn/ephem1327_filtered.log
Serial NMEA send failed: write failed: [Errno 32] Broken pipe
Reconnecting in 3s due to: write failed: [Errno 32] Broken pipe
Using ephemeris from file: /Users/delta/streamrtcm/datahandler/pull_out/spartn/ephem1327_filtered.log
Serial NMEA send failed: write failed: [Errno 32] Broken pipe
Reconnecting in 3s due to: write failed: [Errno 32] Broken pipe
Using ephemeris from file: /Users/delta/streamrtcm/datahandler/pull_out/spartn/ephem1327_filtered.log
Serial NMEA send failed: write failed: [Errno 32] Broken pipe
Reconnecting in 3s due to: write failed: [Errno 32] Broken pipe
Using ephemeris from file: /Users/delta/streamrtcm/datahandler/pull_out/spartn/ephem1327_filtered.log
Serial NMEA send failed: write failed: [Errno 32] Broken pipe
Reconnecting in 3s due to: write failed: [Errno 32] Broken pipe
Using ephemeris from file: /Users/delta/streamrtcm/datahandler/pull_out/spartn/ephem1327_filtered.log
Serial NMEA send failed: write failed: [Errno 32] Broken pipe
Reconnecting in 3s due to: write failed: [Errno 32] Broken pipe
Using ephemeris from file: /Users/delta/streamrtcm/datahandler/pull_out/spartn/ephem1327_filtered.log
Serial NMEA send failed: write failed: [Errno 32] Broken pipe
Reconnecting in 3s due to: write failed: [Errno 32] Broken pipe
Using ephemeris from file: /Users/delta/streamrtcm/datahandler/pull_out/spartn/ephem1327_filtered.log
Serial NMEA send failed: write failed: [Errno 32] Broken pipe
Reconnecting in 3s due to: write failed: [Errno 32] Broken pipe
Using ephemeris from file: /Users/delta/streamrtcm/datahandler/pull_out/spartn/ephem1327_filtered.log
Serial NMEA send failed: write failed: [Errno 32] Broken pipe
Reconnecting in 3s due to: write failed: [Errno 32] Broken pipe
Using ephemeris from file: /Users/delta/streamrtcm/datahandler/pull_out/spartn/ephem1327_filtered.log
Serial NMEA send failed: write failed: [Errno 32] Broken pipe
Reconnecting in 3s due to: write failed: [Errno 32] Broken pipe
Using ephemeris from file: /Users/delta/streamrtcm/datahandler/pull_out/spartn/ephem1327_filtered.log
Serial NMEA send failed: write failed: [Errno 32] Broken pipe
Reconnecting in 3s due to: write failed: [Errno 32] Broken pipe
Using ephemeris from file: /Users/delta/streamrtcm/datahandler/pull_out/spartn/ephem1327_filtered.log
Serial NMEA send failed: write failed: [Errno 32] Broken pipe
Reconnecting in 3s due to: write failed: [Errno 32] Broken pipe
Using ephemeris from file: /Users/delta/streamrtcm/datahandler/pull_out/spartn/ephem1327_filtered.log
Serial NMEA send failed: write failed: [Errno 32] Broken pipe
Reconnecting in 3s due to: write failed: [Errno 32] Broken pipe
Using ephemeris from file: /Users/delta/streamrtcm/datahandler/pull_out/spartn/ephem1327_filtered.log
Serial NMEA send failed: write failed: [Errno 32] Broken pipe
Reconnecting in 3s due to: write failed: [Errno 32] Broken pipe
Using ephemeris from file: /Users/delta/streamrtcm/datahandler/pull_out/spartn/ephem1327_filtered.log
Serial NMEA send failed: write failed: [Errno 32] Broken pipe
Reconnecting in 3s due to: write failed: [Errno 32] Broken pipe
Using ephemeris from file: /Users/delta/streamrtcm/datahandler/pull_out/spartn/ephem1327_filtered.log
Serial NMEA send failed: write failed: [Errno 32] Broken pipe
Reconnecting in 3s due to: write failed: [Errno 32] Broken pipe
Using ephemeris from file: /Users/delta/streamrtcm/datahandler/pull_out/spartn/ephem1327_filtered.log
Serial NMEA send failed: write failed: [Errno 32] Broken pipe
Reconnecting in 3s due to: write failed: [Errno 32] Broken pipe
Using ephemeris from file: /Users/delta/streamrtcm/datahandler/pull_out/spartn/ephem1327_filtered.log
Serial NMEA send failed: write failed: [Errno 32] Broken pipe
Reconnecting in 3s due to: write failed: [Errno 32] Broken pipe
Using ephemeris from file: /Users/delta/streamrtcm/datahandler/pull_out/spartn/ephem1327_filtered.log
Serial NMEA send failed: write failed: [Errno 32] Broken pipe
Reconnecting in 3s due to: write failed: [Errno 32] Broken pipe
Using ephemeris from file: /Users/delta/streamrtcm/datahandler/pull_out/spartn/ephem1327_filtered.log
Serial NMEA send failed: write failed: [Errno 32] Broken pipe
Reconnecting in 3s due to: write failed: [Errno 32] Broken pipe
Using ephemeris from file: /Users/delta/streamrtcm/datahandler/pull_out/spartn/ephem1327_filtered.log
Serial NMEA send failed: write failed: [Errno 32] Broken pipe
Reconnecting in 3s due to: write failed: [Errno 32] Broken pipe
Using ephemeris from file: /Users/delta/streamrtcm/datahandler/pull_out/spartn/ephem1327_filtered.log
Serial NMEA send failed: write failed: [Errno 32] Broken pipe
Reconnecting in 3s due to: write failed: [Errno 32] Broken pipe
Using ephemeris from file: /Users/delta/streamrtcm/datahandler/pull_out/spartn/ephem1327_filtered.log
Serial NMEA send failed: write failed: [Errno 32] Broken pipe
Reconnecting in 3s due to: write failed: [Errno 32] Broken pipe
Using ephemeris from file: /Users/delta/streamrtcm/datahandler/pull_out/spartn/ephem1327_filtered.log
Serial NMEA send failed: write failed: [Errno 32] Broken pipe
Reconnecting in 3s due to: write failed: [Errno 32] Broken pipe
Using ephemeris from file: /Users/delta/streamrtcm/datahandler/pull_out/spartn/ephem1327_filtered.log
Serial NMEA send failed: write failed: [Errno 32] Broken pipe
Reconnecting in 3s due to: write failed: [Errno 32] Broken pipe
Using ephemeris from file: /Users/delta/streamrtcm/datahandler/pull_out/spartn/ephem1327_filtered.log
Serial NMEA send failed: write failed: [Errno 32] Broken pipe
Reconnecting in 3s due to: write failed: [Errno 32] Broken pipe
Using ephemeris from file: /Users/delta/streamrtcm/datahandler/pull_out/spartn/ephem1327_filtered.log
Serial NMEA send failed: write failed: [Errno 32] Broken pipe
Reconnecting in 3s due to: write failed: [Errno 32] Broken pipe
Using ephemeris from file: /Users/delta/streamrtcm/datahandler/pull_out/spartn/ephem1327_filtered.log
Serial NMEA send failed: write failed: [Errno 32] Broken pipe
Reconnecting in 3s due to: write failed: [Errno 32] Broken pipe
Using ephemeris from file: /Users/delta/streamrtcm/datahandler/pull_out/spartn/ephem1327_filtered.log
Serial NMEA send failed: write failed: [Errno 32] Broken pipe
Reconnecting in 3s due to: write failed: [Errno 32] Broken pipe
Using ephemeris from file: /Users/delta/streamrtcm/datahandler/pull_out/spartn/ephem1327_filtered.log
Serial NMEA send failed: write failed: [Errno 32] Broken pipe
Reconnecting in 3s due to: write failed: [Errno 32] Broken pipe
Using ephemeris from file: /Users/delta/streamrtcm/datahandler/pull_out/spartn/ephem1327_filtered.log
Serial NMEA send failed: write failed: [Errno 32] Broken pipe
Reconnecting in 3s due to: write failed: [Errno 32] Broken pipe
Using ephemeris from file: /Users/delta/streamrtcm/datahandler/pull_out/spartn/ephem1327_filtered.log
Serial NMEA send failed: write failed: [Errno 32] Broken pipe
Reconnecting in 3s due to: write failed: [Errno 32] Broken pipe
Using ephemeris from file: /Users/delta/streamrtcm/datahandler/pull_out/spartn/ephem1327_filtered.log
Serial NMEA send failed: write failed: [Errno 32] Broken pipe
Reconnecting in 3s due to: write failed: [Errno 32] Broken pipe
Using ephemeris from file: /Users/delta/streamrtcm/datahandler/pull_out/spartn/ephem1327_filtered.log
Serial NMEA send failed: write failed: [Errno 32] Broken pipe
Reconnecting in 3s due to: write failed: [Errno 32] Broken pipe
Using ephemeris from file: /Users/delta/streamrtcm/datahandler/pull_out/spartn/ephem1327_filtered.log
Serial NMEA send failed: write failed: [Errno 32] Broken pipe
Reconnecting in 3s due to: write failed: [Errno 32] Broken pipe
Using ephemeris from file: /Users/delta/streamrtcm/datahandler/pull_out/spartn/ephem1327_filtered.log
Serial NMEA send failed: write failed: [Errno 32] Broken pipe
Reconnecting in 3s due to: write failed: [Errno 32] Broken pipe
Using ephemeris from file: /Users/delta/streamrtcm/datahandler/pull_out/spartn/ephem1327_filtered.log
Serial NMEA send failed: write failed: [Errno 32] Broken pipe
Reconnecting in 3s due to: write failed: [Errno 32] Broken pipe
Using ephemeris from file: /Users/delta/streamrtcm/datahandler/pull_out/spartn/ephem1327_filtered.log
Serial NMEA send failed: write failed: [Errno 32] Broken pipe
Reconnecting in 3s due to: write failed: [Errno 32] Broken pipe
Using ephemeris from file: /Users/delta/streamrtcm/datahandler/pull_out/spartn/ephem1327_filtered.log
Serial NMEA send failed: write failed: [Errno 32] Broken pipe
Reconnecting in 3s due to: write failed: [Errno 32] Broken pipe
Using ephemeris from file: /Users/delta/streamrtcm/datahandler/pull_out/spartn/ephem1327_filtered.log
Serial NMEA send failed: write failed: [Errno 32] Broken pipe
Reconnecting in 3s due to: write failed: [Errno 32] Broken pipe
Using ephemeris from file: /Users/delta/streamrtcm/datahandler/pull_out/spartn/ephem1327_filtered.log
Serial NMEA send failed: write failed: [Errno 32] Broken pipe
Reconnecting in 3s due to: write failed: [Errno 32] Broken pipe
Using ephemeris from file: /Users/delta/streamrtcm/datahandler/pull_out/spartn/ephem1327_filtered.log
Serial NMEA send failed: write failed: [Errno 32] Broken pipe
Reconnecting in 3s due to: write failed: [Errno 32] Broken pipe
Using ephemeris from file: /Users/delta/streamrtcm/datahandler/pull_out/spartn/ephem1327_filtered.log
Serial NMEA send failed: write failed: [Errno 32] Broken pipe
Reconnecting in 3s due to: write failed: [Errno 32] Broken pipe
Using ephemeris from file: /Users/delta/streamrtcm/datahandler/pull_out/spartn/ephem1327_filtered.log
Serial NMEA send failed: write failed: [Errno 32] Broken pipe
Reconnecting in 3s due to: write failed: [Errno 32] Broken pipe
Using ephemeris from file: /Users/delta/streamrtcm/datahandler/pull_out/spartn/ephem1327_filtered.log
Serial NMEA send failed: write failed: [Errno 32] Broken pipe
Reconnecting in 3s due to: write failed: [Errno 32] Broken pipe
Using ephemeris from file: /Users/delta/streamrtcm/datahandler/pull_out/spartn/ephem1327_filtered.log
Serial NMEA send failed: write failed: [Errno 32] Broken pipe
Reconnecting in 3s due to: write failed: [Errno 32] Broken pipe
Using ephemeris from file: /Users/delta/streamrtcm/datahandler/pull_out/spartn/ephem1327_filtered.log
Serial NMEA send failed: write failed: [Errno 32] Broken pipe
Reconnecting in 3s due to: write failed: [Errno 32] Broken pipe
Using ephemeris from file: /Users/delta/streamrtcm/datahandler/pull_out/spartn/ephem1327_filtered.log
Serial NMEA send failed: write failed: [Errno 32] Broken pipe
Reconnecting in 3s due to: write failed: [Errno 32] Broken pipe
Using ephemeris from file: /Users/delta/streamrtcm/datahandler/pull_out/spartn/ephem1327_filtered.log
Serial NMEA send failed: write failed: [Errno 32] Broken pipe
Reconnecting in 3s due to: write failed: [Errno 32] Broken pipe
Using ephemeris from file: /Users/delta/streamrtcm/datahandler/pull_out/spartn/ephem1327_filtered.log
Serial NMEA send failed: write failed: [Errno 32] Broken pipe
Reconnecting in 3s due to: write failed: [Errno 32] Broken pipe
Using ephemeris from file: /Users/delta/streamrtcm/datahandler/pull_out/spartn/ephem1327_filtered.log
Serial NMEA send failed: write failed: [Errno 32] Broken pipe
Reconnecting in 3s due to: write failed: [Errno 32] Broken pipe
Using ephemeris from file: /Users/delta/streamrtcm/datahandler/pull_out/spartn/ephem1327_filtered.log
Serial NMEA send failed: write failed: [Errno 32] Broken pipe
Reconnecting in 3s due to: write failed: [Errno 32] Broken pipe
Using ephemeris from file: /Users/delta/streamrtcm/datahandler/pull_out/spartn/ephem1327_filtered.log
Serial NMEA send failed: write failed: [Errno 32] Broken pipe
Reconnecting in 3s due to: write failed: [Errno 32] Broken pipe
Using ephemeris from file: /Users/delta/streamrtcm/datahandler/pull_out/spartn/ephem1327_filtered.log
Serial NMEA send failed: write failed: [Errno 32] Broken pipe
Reconnecting in 3s due to: write failed: [Errno 32] Broken pipe
Using ephemeris from file: /Users/delta/streamrtcm/datahandler/pull_out/spartn/ephem1327_filtered.log
Serial NMEA send failed: write failed: [Errno 32] Broken pipe
Reconnecting in 3s due to: write failed: [Errno 32] Broken pipe
Using ephemeris from file: /Users/delta/streamrtcm/datahandler/pull_out/spartn/ephem1327_filtered.log
Serial NMEA send failed: write failed: [Errno 32] Broken pipe
Reconnecting in 3s due to: write failed: [Errno 32] Broken pipe
Using ephemeris from file: /Users/delta/streamrtcm/datahandler/pull_out/spartn/ephem1327_filtered.log
Serial NMEA send failed: write failed: [Errno 32] Broken pipe
Reconnecting in 3s due to: write failed: [Errno 32] Broken pipe
Using ephemeris from file: /Users/delta/streamrtcm/datahandler/pull_out/spartn/ephem1327_filtered.log
Serial NMEA send failed: write failed: [Errno 32] Broken pipe
Reconnecting in 3s due to: write failed: [Errno 32] Broken pipe
Using ephemeris from file: /Users/delta/streamrtcm/datahandler/pull_out/spartn/ephem1327_filtered.log
Serial NMEA send failed: write failed: [Errno 32] Broken pipe
Reconnecting in 3s due to: write failed: [Errno 32] Broken pipe
Using ephemeris from file: /Users/delta/streamrtcm/datahandler/pull_out/spartn/ephem1327_filtered.log
Serial NMEA send failed: write failed: [Errno 32] Broken pipe
Reconnecting in 3s due to: write failed: [Errno 32] Broken pipe
Using ephemeris from file: /Users/delta/streamrtcm/datahandler/pull_out/spartn/ephem1327_filtered.log
Serial NMEA send failed: write failed: [Errno 32] Broken pipe
Reconnecting in 3s due to: write failed: [Errno 32] Broken pipe
Using ephemeris from file: /Users/delta/streamrtcm/datahandler/pull_out/spartn/ephem1327_filtered.log
Serial NMEA send failed: write failed: [Errno 32] Broken pipe
Reconnecting in 3s due to: write failed: [Errno 32] Broken pipe
Using ephemeris from file: /Users/delta/streamrtcm/datahandler/pull_out/spartn/ephem1327_filtered.log
Serial NMEA send failed: write failed: [Errno 32] Broken pipe
Reconnecting in 3s due to: write failed: [Errno 32] Broken pipe
Using ephemeris from file: /Users/delta/streamrtcm/datahandler/pull_out/spartn/ephem1327_filtered.log
Serial NMEA send failed: write failed: [Errno 32] Broken pipe
Reconnecting in 3s due to: write failed: [Errno 32] Broken pipe
Using ephemeris from file: /Users/delta/streamrtcm/datahandler/pull_out/spartn/ephem1327_filtered.log
Serial NMEA send failed: write failed: [Errno 32] Broken pipe
Reconnecting in 3s due to: write failed: [Errno 32] Broken pipe
Using ephemeris from file: /Users/delta/streamrtcm/datahandler/pull_out/spartn/ephem1327_filtered.log
Serial NMEA send failed: write failed: [Errno 32] Broken pipe
Reconnecting in 3s due to: write failed: [Errno 32] Broken pipe
Using ephemeris from file: /Users/delta/streamrtcm/datahandler/pull_out/spartn/ephem1327_filtered.log
Serial NMEA send failed: write failed: [Errno 32] Broken pipe
Reconnecting in 3s due to: write failed: [Errno 32] Broken pipe
Using ephemeris from file: /Users/delta/streamrtcm/datahandler/pull_out/spartn/ephem1327_filtered.log
Serial NMEA send failed: write failed: [Errno 32] Broken pipe
Reconnecting in 3s due to: write failed: [Errno 32] Broken pipe
Using ephemeris from file: /Users/delta/streamrtcm/datahandler/pull_out/spartn/ephem1327_filtered.log
Serial NMEA send failed: write failed: [Errno 32] Broken pipe
Reconnecting in 3s due to: write failed: [Errno 32] Broken pipe
Using ephemeris from file: /Users/delta/streamrtcm/datahandler/pull_out/spartn/ephem1327_filtered.log
Serial NMEA send failed: write failed: [Errno 32] Broken pipe
Reconnecting in 3s due to: write failed: [Errno 32] Broken pipe
Using ephemeris from file: /Users/delta/streamrtcm/datahandler/pull_out/spartn/ephem1327_filtered.log
Serial NMEA send failed: write failed: [Errno 32] Broken pipe
Reconnecting in 3s due to: write failed: [Errno 32] Broken pipe
Using ephemeris from file: /Users/delta/streamrtcm/datahandler/pull_out/spartn/ephem1327_filtered.log
Serial NMEA send failed: write failed: [Errno 32] Broken pipe
Reconnecting in 3s due to: write failed: [Errno 32] Broken pipe
Using ephemeris from file: /Users/delta/streamrtcm/datahandler/pull_out/spartn/ephem1327_filtered.log
Serial NMEA send failed: write failed: [Errno 32] Broken pipe
Reconnecting in 3s due to: write failed: [Errno 32] Broken pipe
Using ephemeris from file: /Users/delta/streamrtcm/datahandler/pull_out/spartn/ephem1327_filtered.log
Serial NMEA send failed: write failed: [Errno 32] Broken pipe
Reconnecting in 3s due to: write failed: [Errno 32] Broken pipe
Using ephemeris from file: /Users/delta/streamrtcm/datahandler/pull_out/spartn/ephem1327_filtered.log
Serial NMEA send failed: write failed: [Errno 32] Broken pipe
Reconnecting in 3s due to: write failed: [Errno 32] Broken pipe
Using ephemeris from file: /Users/delta/streamrtcm/datahandler/pull_out/spartn/ephem1327_filtered.log
Serial NMEA send failed: write failed: [Errno 32] Broken pipe
Reconnecting in 3s due to: write failed: [Errno 32] Broken pipe
Using ephemeris from file: /Users/delta/streamrtcm/datahandler/pull_out/spartn/ephem1327_filtered.log
Serial NMEA send failed: write failed: [Errno 32] Broken pipe
Reconnecting in 3s due to: write failed: [Errno 32] Broken pipe
Using ephemeris from file: /Users/delta/streamrtcm/datahandler/pull_out/spartn/ephem1327_filtered.log
Serial NMEA send failed: write failed: [Errno 32] Broken pipe
Reconnecting in 3s due to: write failed: [Errno 32] Broken pipe
Using ephemeris from file: /Users/delta/streamrtcm/datahandler/pull_out/spartn/ephem1327_filtered.log
Serial NMEA send failed: write failed: [Errno 32] Broken pipe
Reconnecting in 3s due to: write failed: [Errno 32] Broken pipe
Using ephemeris from file: /Users/delta/streamrtcm/datahandler/pull_out/spartn/ephem1327_filtered.log
Serial NMEA send failed: write failed: [Errno 32] Broken pipe
Reconnecting in 3s due to: write failed: [Errno 32] Broken pipe
Using ephemeris from file: /Users/delta/streamrtcm/datahandler/pull_out/spartn/ephem1327_filtered.log
Serial NMEA send failed: write failed: [Errno 32] Broken pipe
Reconnecting in 3s due to: write failed: [Errno 32] Broken pipe
Using ephemeris from file: /Users/delta/streamrtcm/datahandler/pull_out/spartn/ephem1327_filtered.log
Serial NMEA send failed: write failed: [Errno 32] Broken pipe
Reconnecting in 3s due to: write failed: [Errno 32] Broken pipe
Using ephemeris from file: /Users/delta/streamrtcm/datahandler/pull_out/spartn/ephem1327_filtered.log
Serial NMEA send failed: write failed: [Errno 32] Broken pipe
Reconnecting in 3s due to: write failed: [Errno 32] Broken pipe
Using ephemeris from file: /Users/delta/streamrtcm/datahandler/pull_out/spartn/ephem1327_filtered.log
Serial NMEA send failed: write failed: [Errno 32] Broken pipe
Reconnecting in 3s due to: write failed: [Errno 32] Broken pipe
Using ephemeris from file: /Users/delta/streamrtcm/datahandler/pull_out/spartn/ephem1327_filtered.log
Serial NMEA send failed: write failed: [Errno 32] Broken pipe
Reconnecting in 3s due to: write failed: [Errno 32] Broken pipe
Using ephemeris from file: /Users/delta/streamrtcm/datahandler/pull_out/spartn/ephem1327_filtered.log
Serial NMEA send failed: write failed: [Errno 32] Broken pipe
Reconnecting in 3s due to: write failed: [Errno 32] Broken pipe
Using ephemeris from file: /Users/delta/streamrtcm/datahandler/pull_out/spartn/ephem1327_filtered.log
Serial NMEA send failed: write failed: [Errno 32] Broken pipe
Reconnecting in 3s due to: write failed: [Errno 32] Broken pipe
Using ephemeris from file: /Users/delta/streamrtcm/datahandler/pull_out/spartn/ephem1327_filtered.log
Serial NMEA send failed: write failed: [Errno 32] Broken pipe
Reconnecting in 3s due to: write failed: [Errno 32] Broken pipe
Using ephemeris from file: /Users/delta/streamrtcm/datahandler/pull_out/spartn/ephem1327_filtered.log
Serial NMEA send failed: write failed: [Errno 32] Broken pipe
Reconnecting in 3s due to: write failed: [Errno 32] Broken pipe
Using ephemeris from file: /Users/delta/streamrtcm/datahandler/pull_out/spartn/ephem1327_filtered.log
Serial NMEA send failed: write failed: [Errno 32] Broken pipe
Reconnecting in 3s due to: write failed: [Errno 32] Broken pipe
Using ephemeris from file: /Users/delta/streamrtcm/datahandler/pull_out/spartn/ephem1327_filtered.log
Serial NMEA send failed: write failed: [Errno 32] Broken pipe
Reconnecting in 3s due to: write failed: [Errno 32] Broken pipe
Using ephemeris from file: /Users/delta/streamrtcm/datahandler/pull_out/spartn/ephem1327_filtered.log
Serial NMEA send failed: write failed: [Errno 32] Broken pipe
Reconnecting in 3s due to: write failed: [Errno 32] Broken pipe
Using ephemeris from file: /Users/delta/streamrtcm/datahandler/pull_out/spartn/ephem1327_filtered.log
Serial NMEA send failed: write failed: [Errno 32] Broken pipe
Reconnecting in 3s due to: write failed: [Errno 32] Broken pipe
Using ephemeris from file: /Users/delta/streamrtcm/datahandler/pull_out/spartn/ephem1327_filtered.log
Serial NMEA send failed: write failed: [Errno 32] Broken pipe
Reconnecting in 3s due to: write failed: [Errno 32] Broken pipe
Using ephemeris from file: /Users/delta/streamrtcm/datahandler/pull_out/spartn/ephem1327_filtered.log
Serial NMEA send failed: write failed: [Errno 32] Broken pipe
Reconnecting in 3s due to: write failed: [Errno 32] Broken pipe
Using ephemeris from file: /Users/delta/streamrtcm/datahandler/pull_out/spartn/ephem1327_filtered.log
Serial NMEA send failed: write failed: [Errno 32] Broken pipe
Reconnecting in 3s due to: write failed: [Errno 32] Broken pipe
Using ephemeris from file: /Users/delta/streamrtcm/datahandler/pull_out/spartn/ephem1327_filtered.log
Serial NMEA send failed: write failed: [Errno 32] Broken pipe
Reconnecting in 3s due to: write failed: [Errno 32] Broken pipe
Using ephemeris from file: /Users/delta/streamrtcm/datahandler/pull_out/spartn/ephem1327_filtered.log
Serial NMEA send failed: write failed: [Errno 32] Broken pipe
Reconnecting in 3s due to: write failed: [Errno 32] Broken pipe
Using ephemeris from file: /Users/delta/streamrtcm/datahandler/pull_out/spartn/ephem1327_filtered.log
Serial NMEA send failed: write failed: [Errno 32] Broken pipe
Reconnecting in 3s due to: write failed: [Errno 32] Broken pipe
Using ephemeris from file: /Users/delta/streamrtcm/datahandler/pull_out/spartn/ephem1327_filtered.log
Serial NMEA send failed: write failed: [Errno 32] Broken pipe
Reconnecting in 3s due to: write failed: [Errno 32] Broken pipe
Using ephemeris from file: /Users/delta/streamrtcm/datahandler/pull_out/spartn/ephem1327_filtered.log
Serial NMEA send failed: write failed: [Errno 32] Broken pipe
Reconnecting in 3s due to: write failed: [Errno 32] Broken pipe
Using ephemeris from file: /Users/delta/streamrtcm/datahandler/pull_out/spartn/ephem1327_filtered.log
Serial NMEA send failed: write failed: [Errno 32] Broken pipe
Reconnecting in 3s due to: write failed: [Errno 32] Broken pipe
Using ephemeris from file: /Users/delta/streamrtcm/datahandler/pull_out/spartn/ephem1327_filtered.log
Serial NMEA send failed: write failed: [Errno 32] Broken pipe
Reconnecting in 3s due to: write failed: [Errno 32] Broken pipe
Using ephemeris from file: /Users/delta/streamrtcm/datahandler/pull_out/spartn/ephem1327_filtered.log
Serial NMEA send failed: write failed: [Errno 32] Broken pipe
Reconnecting in 3s due to: write failed: [Errno 32] Broken pipe
Using ephemeris from file: /Users/delta/streamrtcm/datahandler/pull_out/spartn/ephem1327_filtered.log
Serial NMEA send failed: write failed: [Errno 32] Broken pipe
Reconnecting in 3s due to: write failed: [Errno 32] Broken pipe
Using ephemeris from file: /Users/delta/streamrtcm/datahandler/pull_out/spartn/ephem1327_filtered.log
Serial NMEA send failed: write failed: [Errno 32] Broken pipe
Reconnecting in 3s due to: write failed: [Errno 32] Broken pipe
Using ephemeris from file: /Users/delta/streamrtcm/datahandler/pull_out/spartn/ephem1327_filtered.log
Serial NMEA send failed: write failed: [Errno 32] Broken pipe
Reconnecting in 3s due to: write failed: [Errno 32] Broken pipe
Using ephemeris from file: /Users/delta/streamrtcm/datahandler/pull_out/spartn/ephem1327_filtered.log
Serial NMEA send failed: write failed: [Errno 32] Broken pipe
Reconnecting in 3s due to: write failed: [Errno 32] Broken pipe
Using ephemeris from file: /Users/delta/streamrtcm/datahandler/pull_out/spartn/ephem1327_filtered.log
Serial NMEA send failed: write failed: [Errno 32] Broken pipe
Reconnecting in 3s due to: write failed: [Errno 32] Broken pipe
Using ephemeris from file: /Users/delta/streamrtcm/datahandler/pull_out/spartn/ephem1327_filtered.log
Serial NMEA send failed: write failed: [Errno 32] Broken pipe
Reconnecting in 3s due to: write failed: [Errno 32] Broken pipe
Using ephemeris from file: /Users/delta/streamrtcm/datahandler/pull_out/spartn/ephem1327_filtered.log
Serial NMEA send failed: write failed: [Errno 32] Broken pipe
Reconnecting in 3s due to: write failed: [Errno 32] Broken pipe
Using ephemeris from file: /Users/delta/streamrtcm/datahandler/pull_out/spartn/ephem1327_filtered.log
Serial NMEA send failed: write failed: [Errno 32] Broken pipe
Reconnecting in 3s due to: write failed: [Errno 32] Broken pipe
Using ephemeris from file: /Users/delta/streamrtcm/datahandler/pull_out/spartn/ephem1327_filtered.log
Serial NMEA send failed: write failed: [Errno 32] Broken pipe
Reconnecting in 3s due to: write failed: [Errno 32] Broken pipe
Using ephemeris from file: /Users/delta/streamrtcm/datahandler/pull_out/spartn/ephem1327_filtered.log
Serial NMEA send failed: write failed: [Errno 32] Broken pipe
Reconnecting in 3s due to: write failed: [Errno 32] Broken pipe
Using ephemeris from file: /Users/delta/streamrtcm/datahandler/pull_out/spartn/ephem1327_filtered.log
Serial NMEA send failed: write failed: [Errno 32] Broken pipe
Reconnecting in 3s due to: write failed: [Errno 32] Broken pipe
Using ephemeris from file: /Users/delta/streamrtcm/datahandler/pull_out/spartn/ephem1327_filtered.log
Serial NMEA send failed: write failed: [Errno 32] Broken pipe
Reconnecting in 3s due to: write failed: [Errno 32] Broken pipe
Using ephemeris from file: /Users/delta/streamrtcm/datahandler/pull_out/spartn/ephem1327_filtered.log
Serial NMEA send failed: write failed: [Errno 32] Broken pipe
Reconnecting in 3s due to: write failed: [Errno 32] Broken pipe
Using ephemeris from file: /Users/delta/streamrtcm/datahandler/pull_out/spartn/ephem1327_filtered.log
Serial NMEA send failed: write failed: [Errno 32] Broken pipe
Reconnecting in 3s due to: write failed: [Errno 32] Broken pipe
Using ephemeris from file: /Users/delta/streamrtcm/datahandler/pull_out/spartn/ephem1327_filtered.log
Serial NMEA send failed: write failed: [Errno 32] Broken pipe
Reconnecting in 3s due to: write failed: [Errno 32] Broken pipe
Using ephemeris from file: /Users/delta/streamrtcm/datahandler/pull_out/spartn/ephem1327_filtered.log
Serial NMEA send failed: write failed: [Errno 32] Broken pipe
Reconnecting in 3s due to: write failed: [Errno 32] Broken pipe
Using ephemeris from file: /Users/delta/streamrtcm/datahandler/pull_out/spartn/ephem1327_filtered.log
Serial NMEA send failed: write failed: [Errno 32] Broken pipe
Reconnecting in 3s due to: write failed: [Errno 32] Broken pipe
Using ephemeris from file: /Users/delta/streamrtcm/datahandler/pull_out/spartn/ephem1327_filtered.log
Serial NMEA send failed: write failed: [Errno 32] Broken pipe
Reconnecting in 3s due to: write failed: [Errno 32] Broken pipe
Using ephemeris from file: /Users/delta/streamrtcm/datahandler/pull_out/spartn/ephem1327_filtered.log
Serial NMEA send failed: write failed: [Errno 32] Broken pipe
Reconnecting in 3s due to: write failed: [Errno 32] Broken pipe
Using ephemeris from file: /Users/delta/streamrtcm/datahandler/pull_out/spartn/ephem1327_filtered.log
Serial NMEA send failed: write failed: [Errno 32] Broken pipe
Reconnecting in 3s due to: write failed: [Errno 32] Broken pipe
Using ephemeris from file: /Users/delta/streamrtcm/datahandler/pull_out/spartn/ephem1327_filtered.log
Serial NMEA send failed: write failed: [Errno 32] Broken pipe
Reconnecting in 3s due to: write failed: [Errno 32] Broken pipe
Using ephemeris from file: /Users/delta/streamrtcm/datahandler/pull_out/spartn/ephem1327_filtered.log
Serial NMEA send failed: write failed: [Errno 32] Broken pipe
Reconnecting in 3s due to: write failed: [Errno 32] Broken pipe
Using ephemeris from file: /Users/delta/streamrtcm/datahandler/pull_out/spartn/ephem1327_filtered.log
Serial NMEA send failed: write failed: [Errno 32] Broken pipe
Reconnecting in 3s due to: write failed: [Errno 32] Broken pipe
Using ephemeris from file: /Users/delta/streamrtcm/datahandler/pull_out/spartn/ephem1327_filtered.log
Serial NMEA send failed: write failed: [Errno 32] Broken pipe
Reconnecting in 3s due to: write failed: [Errno 32] Broken pipe
Using ephemeris from file: /Users/delta/streamrtcm/datahandler/pull_out/spartn/ephem1327_filtered.log
Serial NMEA send failed: write failed: [Errno 32] Broken pipe
Reconnecting in 3s due to: write failed: [Errno 32] Broken pipe
Using ephemeris from file: /Users/delta/streamrtcm/datahandler/pull_out/spartn/ephem1327_filtered.log
Serial NMEA send failed: write failed: [Errno 32] Broken pipe
Reconnecting in 3s due to: write failed: [Errno 32] Broken pipe
Using ephemeris from file: /Users/delta/streamrtcm/datahandler/pull_out/spartn/ephem1327_filtered.log
Serial NMEA send failed: write failed: [Errno 32] Broken pipe
Reconnecting in 3s due to: write failed: [Errno 32] Broken pipe
Using ephemeris from file: /Users/delta/streamrtcm/datahandler/pull_out/spartn/ephem1327_filtered.log
Serial NMEA send failed: write failed: [Errno 32] Broken pipe
Reconnecting in 3s due to: write failed: [Errno 32] Broken pipe
Using ephemeris from file: /Users/delta/streamrtcm/datahandler/pull_out/spartn/ephem1327_filtered.log
Serial NMEA send failed: write failed: [Errno 32] Broken pipe
Reconnecting in 3s due to: write failed: [Errno 32] Broken pipe
Using ephemeris from file: /Users/delta/streamrtcm/datahandler/pull_out/spartn/ephem1327_filtered.log
Serial NMEA send failed: write failed: [Errno 32] Broken pipe
Reconnecting in 3s due to: write failed: [Errno 32] Broken pipe
Using ephemeris from file: /Users/delta/streamrtcm/datahandler/pull_out/spartn/ephem1327_filtered.log
Serial NMEA send failed: write failed: [Errno 32] Broken pipe
Reconnecting in 3s due to: write failed: [Errno 32] Broken pipe
Using ephemeris from file: /Users/delta/streamrtcm/datahandler/pull_out/spartn/ephem1327_filtered.log
Serial NMEA send failed: write failed: [Errno 32] Broken pipe
Reconnecting in 3s due to: write failed: [Errno 32] Broken pipe
Using ephemeris from file: /Users/delta/streamrtcm/datahandler/pull_out/spartn/ephem1327_filtered.log
Serial NMEA send failed: write failed: [Errno 32] Broken pipe
Reconnecting in 3s due to: write failed: [Errno 32] Broken pipe
Using ephemeris from file: /Users/delta/streamrtcm/datahandler/pull_out/spartn/ephem1327_filtered.log
Serial NMEA send failed: write failed: [Errno 32] Broken pipe
Reconnecting in 3s due to: write failed: [Errno 32] Broken pipe
Using ephemeris from file: /Users/delta/streamrtcm/datahandler/pull_out/spartn/ephem1327_filtered.log
Serial NMEA send failed: write failed: [Errno 32] Broken pipe
Reconnecting in 3s due to: write failed: [Errno 32] Broken pipe
Using ephemeris from file: /Users/delta/streamrtcm/datahandler/pull_out/spartn/ephem1327_filtered.log
Serial NMEA send failed: write failed: [Errno 32] Broken pipe
Reconnecting in 3s due to: write failed: [Errno 32] Broken pipe
Using ephemeris from file: /Users/delta/streamrtcm/datahandler/pull_out/spartn/ephem1327_filtered.log
Serial NMEA send failed: write failed: [Errno 32] Broken pipe
Reconnecting in 3s due to: write failed: [Errno 32] Broken pipe
Using ephemeris from file: /Users/delta/streamrtcm/datahandler/pull_out/spartn/ephem1327_filtered.log
Serial NMEA send failed: write failed: [Errno 32] Broken pipe
Reconnecting in 3s due to: write failed: [Errno 32] Broken pipe
Using ephemeris from file: /Users/delta/streamrtcm/datahandler/pull_out/spartn/ephem1327_filtered.log
Serial NMEA send failed: write failed: [Errno 32] Broken pipe
Reconnecting in 3s due to: write failed: [Errno 32] Broken pipe
Using ephemeris from file: /Users/delta/streamrtcm/datahandler/pull_out/spartn/ephem1327_filtered.log
Serial NMEA send failed: write failed: [Errno 32] Broken pipe
Reconnecting in 3s due to: write failed: [Errno 32] Broken pipe
Using ephemeris from file: /Users/delta/streamrtcm/datahandler/pull_out/spartn/ephem1327_filtered.log
Serial NMEA send failed: write failed: [Errno 32] Broken pipe
Reconnecting in 3s due to: write failed: [Errno 32] Broken pipe
Using ephemeris from file: /Users/delta/streamrtcm/datahandler/pull_out/spartn/ephem1327_filtered.log
Serial NMEA send failed: write failed: [Errno 32] Broken pipe
Reconnecting in 3s due to: write failed: [Errno 32] Broken pipe
Using ephemeris from file: /Users/delta/streamrtcm/datahandler/pull_out/spartn/ephem1327_filtered.log
Serial NMEA send failed: write failed: [Errno 32] Broken pipe
Reconnecting in 3s due to: write failed: [Errno 32] Broken pipe
Using ephemeris from file: /Users/delta/streamrtcm/datahandler/pull_out/spartn/ephem1327_filtered.log
Serial NMEA send failed: write failed: [Errno 32] Broken pipe
Reconnecting in 3s due to: write failed: [Errno 32] Broken pipe
Using ephemeris from file: /Users/delta/streamrtcm/datahandler/pull_out/spartn/ephem1327_filtered.log
Serial NMEA send failed: write failed: [Errno 32] Broken pipe
Reconnecting in 3s due to: write failed: [Errno 32] Broken pipe
Using ephemeris from file: /Users/delta/streamrtcm/datahandler/pull_out/spartn/ephem1327_filtered.log
Serial NMEA send failed: write failed: [Errno 32] Broken pipe
Reconnecting in 3s due to: write failed: [Errno 32] Broken pipe
Using ephemeris from file: /Users/delta/streamrtcm/datahandler/pull_out/spartn/ephem1327_filtered.log
Serial NMEA send failed: write failed: [Errno 32] Broken pipe
Reconnecting in 3s due to: write failed: [Errno 32] Broken pipe
Using ephemeris from file: /Users/delta/streamrtcm/datahandler/pull_out/spartn/ephem1327_filtered.log
Serial NMEA send failed: write failed: [Errno 32] Broken pipe
Reconnecting in 3s due to: write failed: [Errno 32] Broken pipe
Using ephemeris from file: /Users/delta/streamrtcm/datahandler/pull_out/spartn/ephem1327_filtered.log
Serial NMEA send failed: write failed: [Errno 32] Broken pipe
Reconnecting in 3s due to: write failed: [Errno 32] Broken pipe
Using ephemeris from file: /Users/delta/streamrtcm/datahandler/pull_out/spartn/ephem1327_filtered.log
Serial NMEA send failed: write failed: [Errno 32] Broken pipe
Reconnecting in 3s due to: write failed: [Errno 32] Broken pipe
Using ephemeris from file: /Users/delta/streamrtcm/datahandler/pull_out/spartn/ephem1327_filtered.log
Serial NMEA send failed: write failed: [Errno 32] Broken pipe
Reconnecting in 3s due to: write failed: [Errno 32] Broken pipe
Using ephemeris from file: /Users/delta/streamrtcm/datahandler/pull_out/spartn/ephem1327_filtered.log
Serial NMEA send failed: write failed: [Errno 32] Broken pipe
Reconnecting in 3s due to: write failed: [Errno 32] Broken pipe
Using ephemeris from file: /Users/delta/streamrtcm/datahandler/pull_out/spartn/ephem1327_filtered.log
Serial NMEA send failed: write failed: [Errno 32] Broken pipe
Reconnecting in 3s due to: write failed: [Errno 32] Broken pipe
Using ephemeris from file: /Users/delta/streamrtcm/datahandler/pull_out/spartn/ephem1327_filtered.log
Serial NMEA send failed: write failed: [Errno 32] Broken pipe
Reconnecting in 3s due to: write failed: [Errno 32] Broken pipe
Using ephemeris from file: /Users/delta/streamrtcm/datahandler/pull_out/spartn/ephem1327_filtered.log
Serial NMEA send failed: write failed: [Errno 32] Broken pipe
Reconnecting in 3s due to: write failed: [Errno 32] Broken pipe
Using ephemeris from file: /Users/delta/streamrtcm/datahandler/pull_out/spartn/ephem1327_filtered.log
Serial NMEA send failed: write failed: [Errno 32] Broken pipe
Reconnecting in 3s due to: write failed: [Errno 32] Broken pipe
Using ephemeris from file: /Users/delta/streamrtcm/datahandler/pull_out/spartn/ephem1327_filtered.log
Serial NMEA send failed: write failed: [Errno 32] Broken pipe
Reconnecting in 3s due to: write failed: [Errno 32] Broken pipe
Using ephemeris from file: /Users/delta/streamrtcm/datahandler/pull_out/spartn/ephem1327_filtered.log
Serial NMEA send failed: write failed: [Errno 32] Broken pipe
Reconnecting in 3s due to: write failed: [Errno 32] Broken pipe
Using ephemeris from file: /Users/delta/streamrtcm/datahandler/pull_out/spartn/ephem1327_filtered.log
Serial NMEA send failed: write failed: [Errno 32] Broken pipe
Reconnecting in 3s due to: write failed: [Errno 32] Broken pipe
Using ephemeris from file: /Users/delta/streamrtcm/datahandler/pull_out/spartn/ephem1327_filtered.log
Serial NMEA send failed: write failed: [Errno 32] Broken pipe
Reconnecting in 3s due to: write failed: [Errno 32] Broken pipe
Using ephemeris from file: /Users/delta/streamrtcm/datahandler/pull_out/spartn/ephem1327_filtered.log
Serial NMEA send failed: write failed: [Errno 32] Broken pipe
Reconnecting in 3s due to: write failed: [Errno 32] Broken pipe
Using ephemeris from file: /Users/delta/streamrtcm/datahandler/pull_out/spartn/ephem1327_filtered.log
Serial NMEA send failed: write failed: [Errno 32] Broken pipe
Reconnecting in 3s due to: write failed: [Errno 32] Broken pipe
Using ephemeris from file: /Users/delta/streamrtcm/datahandler/pull_out/spartn/ephem1327_filtered.log
Serial NMEA send failed: write failed: [Errno 32] Broken pipe
Reconnecting in 3s due to: write failed: [Errno 32] Broken pipe
Using ephemeris from file: /Users/delta/streamrtcm/datahandler/pull_out/spartn/ephem1327_filtered.log
Serial NMEA send failed: write failed: [Errno 32] Broken pipe
Reconnecting in 3s due to: write failed: [Errno 32] Broken pipe
Using ephemeris from file: /Users/delta/streamrtcm/datahandler/pull_out/spartn/ephem1327_filtered.log
Serial NMEA send failed: write failed: [Errno 32] Broken pipe
Reconnecting in 3s due to: write failed: [Errno 32] Broken pipe
Using ephemeris from file: /Users/delta/streamrtcm/datahandler/pull_out/spartn/ephem1327_filtered.log
Serial NMEA send failed: write failed: [Errno 32] Broken pipe
Reconnecting in 3s due to: write failed: [Errno 32] Broken pipe
Using ephemeris from file: /Users/delta/streamrtcm/datahandler/pull_out/spartn/ephem1327_filtered.log
Serial NMEA send failed: write failed: [Errno 32] Broken pipe
Reconnecting in 3s due to: write failed: [Errno 32] Broken pipe
Using ephemeris from file: /Users/delta/streamrtcm/datahandler/pull_out/spartn/ephem1327_filtered.log
Serial NMEA send failed: write failed: [Errno 32] Broken pipe
Reconnecting in 3s due to: write failed: [Errno 32] Broken pipe
Using ephemeris from file: /Users/delta/streamrtcm/datahandler/pull_out/spartn/ephem1327_filtered.log
Serial NMEA send failed: write failed: [Errno 32] Broken pipe
Reconnecting in 3s due to: write failed: [Errno 32] Broken pipe
Using ephemeris from file: /Users/delta/streamrtcm/datahandler/pull_out/spartn/ephem1327_filtered.log
Serial NMEA send failed: write failed: [Errno 32] Broken pipe
Reconnecting in 3s due to: write failed: [Errno 32] Broken pipe
Using ephemeris from file: /Users/delta/streamrtcm/datahandler/pull_out/spartn/ephem1327_filtered.log
Serial NMEA send failed: write failed: [Errno 32] Broken pipe
Reconnecting in 3s due to: write failed: [Errno 32] Broken pipe
Using ephemeris from file: /Users/delta/streamrtcm/datahandler/pull_out/spartn/ephem1327_filtered.log
Serial NMEA send failed: write failed: [Errno 32] Broken pipe
Reconnecting in 3s due to: write failed: [Errno 32] Broken pipe
Using ephemeris from file: /Users/delta/streamrtcm/datahandler/pull_out/spartn/ephem1327_filtered.log
Serial NMEA send failed: write failed: [Errno 32] Broken pipe
Reconnecting in 3s due to: write failed: [Errno 32] Broken pipe
Using ephemeris from file: /Users/delta/streamrtcm/datahandler/pull_out/spartn/ephem1327_filtered.log
Serial NMEA send failed: write failed: [Errno 32] Broken pipe
Reconnecting in 3s due to: write failed: [Errno 32] Broken pipe
Using ephemeris from file: /Users/delta/streamrtcm/datahandler/pull_out/spartn/ephem1327_filtered.log
Serial NMEA send failed: write failed: [Errno 32] Broken pipe
Reconnecting in 3s due to: write failed: [Errno 32] Broken pipe
Using ephemeris from file: /Users/delta/streamrtcm/datahandler/pull_out/spartn/ephem1327_filtered.log
Serial NMEA send failed: write failed: [Errno 32] Broken pipe
Reconnecting in 3s due to: write failed: [Errno 32] Broken pipe
Using ephemeris from file: /Users/delta/streamrtcm/datahandler/pull_out/spartn/ephem1327_filtered.log
Serial NMEA send failed: write failed: [Errno 32] Broken pipe
Reconnecting in 3s due to: write failed: [Errno 32] Broken pipe
Using ephemeris from file: /Users/delta/streamrtcm/datahandler/pull_out/spartn/ephem1327_filtered.log
Serial NMEA send failed: write failed: [Errno 32] Broken pipe
Reconnecting in 3s due to: write failed: [Errno 32] Broken pipe
Using ephemeris from file: /Users/delta/streamrtcm/datahandler/pull_out/spartn/ephem1327_filtered.log
Serial NMEA send failed: write failed: [Errno 32] Broken pipe
Reconnecting in 3s due to: write failed: [Errno 32] Broken pipe
Using ephemeris from file: /Users/delta/streamrtcm/datahandler/pull_out/spartn/ephem1327_filtered.log
Serial NMEA send failed: write failed: [Errno 32] Broken pipe
Reconnecting in 3s due to: write failed: [Errno 32] Broken pipe
Using ephemeris from file: /Users/delta/streamrtcm/datahandler/pull_out/spartn/ephem1327_filtered.log
Serial NMEA send failed: write failed: [Errno 32] Broken pipe
Reconnecting in 3s due to: write failed: [Errno 32] Broken pipe
Using ephemeris from file: /Users/delta/streamrtcm/datahandler/pull_out/spartn/ephem1327_filtered.log
Serial NMEA send failed: write failed: [Errno 32] Broken pipe
Reconnecting in 3s due to: write failed: [Errno 32] Broken pipe
Using ephemeris from file: /Users/delta/streamrtcm/datahandler/pull_out/spartn/ephem1327_filtered.log
Serial NMEA send failed: write failed: [Errno 32] Broken pipe
Reconnecting in 3s due to: write failed: [Errno 32] Broken pipe
Using ephemeris from file: /Users/delta/streamrtcm/datahandler/pull_out/spartn/ephem1327_filtered.log
Serial NMEA send failed: write failed: [Errno 32] Broken pipe
Reconnecting in 3s due to: write failed: [Errno 32] Broken pipe
Using ephemeris from file: /Users/delta/streamrtcm/datahandler/pull_out/spartn/ephem1327_filtered.log
Serial NMEA send failed: write failed: [Errno 32] Broken pipe
Reconnecting in 3s due to: write failed: [Errno 32] Broken pipe
Using ephemeris from file: /Users/delta/streamrtcm/datahandler/pull_out/spartn/ephem1327_filtered.log
Serial NMEA send failed: write failed: [Errno 32] Broken pipe
Reconnecting in 3s due to: write failed: [Errno 32] Broken pipe
Using ephemeris from file: /Users/delta/streamrtcm/datahandler/pull_out/spartn/ephem1327_filtered.log
Serial NMEA send failed: write failed: [Errno 32] Broken pipe
Reconnecting in 3s due to: write failed: [Errno 32] Broken pipe
Using ephemeris from file: /Users/delta/streamrtcm/datahandler/pull_out/spartn/ephem1327_filtered.log
Serial NMEA send failed: write failed: [Errno 32] Broken pipe
Reconnecting in 3s due to: write failed: [Errno 32] Broken pipe
Using ephemeris from file: /Users/delta/streamrtcm/datahandler/pull_out/spartn/ephem1327_filtered.log
Serial NMEA send failed: write failed: [Errno 32] Broken pipe
Reconnecting in 3s due to: write failed: [Errno 32] Broken pipe
Using ephemeris from file: /Users/delta/streamrtcm/datahandler/pull_out/spartn/ephem1327_filtered.log
Serial NMEA send failed: write failed: [Errno 32] Broken pipe
Reconnecting in 3s due to: write failed: [Errno 32] Broken pipe
Using ephemeris from file: /Users/delta/streamrtcm/datahandler/pull_out/spartn/ephem1327_filtered.log
Serial NMEA send failed: write failed: [Errno 32] Broken pipe
Reconnecting in 3s due to: write failed: [Errno 32] Broken pipe
Using ephemeris from file: /Users/delta/streamrtcm/datahandler/pull_out/spartn/ephem1327_filtered.log
Serial NMEA send failed: write failed: [Errno 32] Broken pipe
Reconnecting in 3s due to: write failed: [Errno 32] Broken pipe
Using ephemeris from file: /Users/delta/streamrtcm/datahandler/pull_out/spartn/ephem1327_filtered.log
Serial NMEA send failed: write failed: [Errno 32] Broken pipe
Reconnecting in 3s due to: write failed: [Errno 32] Broken pipe
Using ephemeris from file: /Users/delta/streamrtcm/datahandler/pull_out/spartn/ephem1327_filtered.log
Serial NMEA send failed: write failed: [Errno 32] Broken pipe
Reconnecting in 3s due to: write failed: [Errno 32] Broken pipe
Using ephemeris from file: /Users/delta/streamrtcm/datahandler/pull_out/spartn/ephem1327_filtered.log
Serial NMEA send failed: write failed: [Errno 32] Broken pipe
Reconnecting in 3s due to: write failed: [Errno 32] Broken pipe
Using ephemeris from file: /Users/delta/streamrtcm/datahandler/pull_out/spartn/ephem1327_filtered.log
Serial NMEA send failed: write failed: [Errno 32] Broken pipe
Reconnecting in 3s due to: write failed: [Errno 32] Broken pipe
Using ephemeris from file: /Users/delta/streamrtcm/datahandler/pull_out/spartn/ephem1327_filtered.log
Serial NMEA send failed: write failed: [Errno 32] Broken pipe
Reconnecting in 3s due to: write failed: [Errno 32] Broken pipe
Using ephemeris from file: /Users/delta/streamrtcm/datahandler/pull_out/spartn/ephem1327_filtered.log
Serial NMEA send failed: write failed: [Errno 32] Broken pipe
Reconnecting in 3s due to: write failed: [Errno 32] Broken pipe
Using ephemeris from file: /Users/delta/streamrtcm/datahandler/pull_out/spartn/ephem1327_filtered.log
Serial NMEA send failed: write failed: [Errno 32] Broken pipe
Reconnecting in 3s due to: write failed: [Errno 32] Broken pipe
Using ephemeris from file: /Users/delta/streamrtcm/datahandler/pull_out/spartn/ephem1327_filtered.log
Serial NMEA send failed: write failed: [Errno 32] Broken pipe
Reconnecting in 3s due to: write failed: [Errno 32] Broken pipe
Using ephemeris from file: /Users/delta/streamrtcm/datahandler/pull_out/spartn/ephem1327_filtered.log
Serial NMEA send failed: write failed: [Errno 32] Broken pipe
Reconnecting in 3s due to: write failed: [Errno 32] Broken pipe
Using ephemeris from file: /Users/delta/streamrtcm/datahandler/pull_out/spartn/ephem1327_filtered.log
Serial NMEA send failed: write failed: [Errno 32] Broken pipe
Reconnecting in 3s due to: write failed: [Errno 32] Broken pipe
Using ephemeris from file: /Users/delta/streamrtcm/datahandler/pull_out/spartn/ephem1327_filtered.log
Serial NMEA send failed: write failed: [Errno 32] Broken pipe
Reconnecting in 3s due to: write failed: [Errno 32] Broken pipe
Using ephemeris from file: /Users/delta/streamrtcm/datahandler/pull_out/spartn/ephem1327_filtered.log
Serial NMEA send failed: write failed: [Errno 32] Broken pipe
Reconnecting in 3s due to: write failed: [Errno 32] Broken pipe
Using ephemeris from file: /Users/delta/streamrtcm/datahandler/pull_out/spartn/ephem1327_filtered.log
Serial NMEA send failed: write failed: [Errno 32] Broken pipe
Reconnecting in 3s due to: write failed: [Errno 32] Broken pipe
Using ephemeris from file: /Users/delta/streamrtcm/datahandler/pull_out/spartn/ephem1327_filtered.log
Serial NMEA send failed: write failed: [Errno 32] Broken pipe
Reconnecting in 3s due to: write failed: [Errno 32] Broken pipe
Using ephemeris from file: /Users/delta/streamrtcm/datahandler/pull_out/spartn/ephem1327_filtered.log
Serial NMEA send failed: write failed: [Errno 32] Broken pipe
Reconnecting in 3s due to: write failed: [Errno 32] Broken pipe
Using ephemeris from file: /Users/delta/streamrtcm/datahandler/pull_out/spartn/ephem1327_filtered.log
Serial NMEA send failed: write failed: [Errno 32] Broken pipe
Reconnecting in 3s due to: write failed: [Errno 32] Broken pipe
Using ephemeris from file: /Users/delta/streamrtcm/datahandler/pull_out/spartn/ephem1327_filtered.log
Serial NMEA send failed: write failed: [Errno 32] Broken pipe
Reconnecting in 3s due to: write failed: [Errno 32] Broken pipe
Using ephemeris from file: /Users/delta/streamrtcm/datahandler/pull_out/spartn/ephem1327_filtered.log
Serial NMEA send failed: write failed: [Errno 32] Broken pipe
Reconnecting in 3s due to: write failed: [Errno 32] Broken pipe
Using ephemeris from file: /Users/delta/streamrtcm/datahandler/pull_out/spartn/ephem1327_filtered.log
Serial NMEA send failed: write failed: [Errno 32] Broken pipe
Reconnecting in 3s due to: write failed: [Errno 32] Broken pipe
Using ephemeris from file: /Users/delta/streamrtcm/datahandler/pull_out/spartn/ephem1327_filtered.log
Serial NMEA send failed: write failed: [Errno 32] Broken pipe
Reconnecting in 3s due to: write failed: [Errno 32] Broken pipe
Using ephemeris from file: /Users/delta/streamrtcm/datahandler/pull_out/spartn/ephem1327_filtered.log
Serial NMEA send failed: write failed: [Errno 32] Broken pipe
Reconnecting in 3s due to: write failed: [Errno 32] Broken pipe
Using ephemeris from file: /Users/delta/streamrtcm/datahandler/pull_out/spartn/ephem1327_filtered.log
Serial NMEA send failed: write failed: [Errno 32] Broken pipe
Reconnecting in 3s due to: write failed: [Errno 32] Broken pipe
Using ephemeris from file: /Users/delta/streamrtcm/datahandler/pull_out/spartn/ephem1327_filtered.log
Serial NMEA send failed: write failed: [Errno 32] Broken pipe
Reconnecting in 3s due to: write failed: [Errno 32] Broken pipe
Using ephemeris from file: /Users/delta/streamrtcm/datahandler/pull_out/spartn/ephem1327_filtered.log
Serial NMEA send failed: write failed: [Errno 32] Broken pipe
Reconnecting in 3s due to: write failed: [Errno 32] Broken pipe
Using ephemeris from file: /Users/delta/streamrtcm/datahandler/pull_out/spartn/ephem1327_filtered.log
Serial NMEA send failed: write failed: [Errno 32] Broken pipe
Reconnecting in 3s due to: write failed: [Errno 32] Broken pipe
Using ephemeris from file: /Users/delta/streamrtcm/datahandler/pull_out/spartn/ephem1327_filtered.log
Serial NMEA send failed: write failed: [Errno 32] Broken pipe
Reconnecting in 3s due to: write failed: [Errno 32] Broken pipe
Using ephemeris from file: /Users/delta/streamrtcm/datahandler/pull_out/spartn/ephem1327_filtered.log
Serial NMEA send failed: write failed: [Errno 32] Broken pipe
Reconnecting in 3s due to: write failed: [Errno 32] Broken pipe
Using ephemeris from file: /Users/delta/streamrtcm/datahandler/pull_out/spartn/ephem1327_filtered.log
Serial NMEA send failed: write failed: [Errno 32] Broken pipe
Reconnecting in 3s due to: write failed: [Errno 32] Broken pipe
Using ephemeris from file: /Users/delta/streamrtcm/datahandler/pull_out/spartn/ephem1327_filtered.log
Serial NMEA send failed: write failed: [Errno 32] Broken pipe
Reconnecting in 3s due to: write failed: [Errno 32] Broken pipe
Using ephemeris from file: /Users/delta/streamrtcm/datahandler/pull_out/spartn/ephem1327_filtered.log
Serial NMEA send failed: write failed: [Errno 32] Broken pipe
Reconnecting in 3s due to: write failed: [Errno 32] Broken pipe
Using ephemeris from file: /Users/delta/streamrtcm/datahandler/pull_out/spartn/ephem1327_filtered.log
Serial NMEA send failed: write failed: [Errno 32] Broken pipe
Reconnecting in 3s due to: write failed: [Errno 32] Broken pipe
Using ephemeris from file: /Users/delta/streamrtcm/datahandler/pull_out/spartn/ephem1327_filtered.log
Serial NMEA send failed: write failed: [Errno 32] Broken pipe
Reconnecting in 3s due to: write failed: [Errno 32] Broken pipe
Using ephemeris from file: /Users/delta/streamrtcm/datahandler/pull_out/spartn/ephem1327_filtered.log
Serial NMEA send failed: write failed: [Errno 32] Broken pipe
Reconnecting in 3s due to: write failed: [Errno 32] Broken pipe
Using ephemeris from file: /Users/delta/streamrtcm/datahandler/pull_out/spartn/ephem1327_filtered.log
Serial NMEA send failed: write failed: [Errno 32] Broken pipe
Reconnecting in 3s due to: write failed: [Errno 32] Broken pipe
Using ephemeris from file: /Users/delta/streamrtcm/datahandler/pull_out/spartn/ephem1327_filtered.log
Serial NMEA send failed: write failed: [Errno 32] Broken pipe
Reconnecting in 3s due to: write failed: [Errno 32] Broken pipe
Using ephemeris from file: /Users/delta/streamrtcm/datahandler/pull_out/spartn/ephem1327_filtered.log
Serial NMEA send failed: write failed: [Errno 32] Broken pipe
Reconnecting in 3s due to: write failed: [Errno 32] Broken pipe
Using ephemeris from file: /Users/delta/streamrtcm/datahandler/pull_out/spartn/ephem1327_filtered.log
Serial NMEA send failed: write failed: [Errno 32] Broken pipe
Reconnecting in 3s due to: write failed: [Errno 32] Broken pipe
Using ephemeris from file: /Users/delta/streamrtcm/datahandler/pull_out/spartn/ephem1327_filtered.log
Serial NMEA send failed: write failed: [Errno 32] Broken pipe
Reconnecting in 3s due to: write failed: [Errno 32] Broken pipe
Using ephemeris from file: /Users/delta/streamrtcm/datahandler/pull_out/spartn/ephem1327_filtered.log
Serial NMEA send failed: write failed: [Errno 32] Broken pipe
Reconnecting in 3s due to: write failed: [Errno 32] Broken pipe
Using ephemeris from file: /Users/delta/streamrtcm/datahandler/pull_out/spartn/ephem1327_filtered.log
Serial NMEA send failed: write failed: [Errno 32] Broken pipe
Reconnecting in 3s due to: write failed: [Errno 32] Broken pipe
Using ephemeris from file: /Users/delta/streamrtcm/datahandler/pull_out/spartn/ephem1327_filtered.log
Serial NMEA send failed: write failed: [Errno 32] Broken pipe
Reconnecting in 3s due to: write failed: [Errno 32] Broken pipe
Using ephemeris from file: /Users/delta/streamrtcm/datahandler/pull_out/spartn/ephem1327_filtered.log
Serial NMEA send failed: write failed: [Errno 32] Broken pipe
Reconnecting in 3s due to: write failed: [Errno 32] Broken pipe
Using ephemeris from file: /Users/delta/streamrtcm/datahandler/pull_out/spartn/ephem1327_filtered.log
Serial NMEA send failed: write failed: [Errno 32] Broken pipe
Reconnecting in 3s due to: write failed: [Errno 32] Broken pipe
Using ephemeris from file: /Users/delta/streamrtcm/datahandler/pull_out/spartn/ephem1327_filtered.log
Serial NMEA send failed: write failed: [Errno 32] Broken pipe
Reconnecting in 3s due to: write failed: [Errno 32] Broken pipe
Using ephemeris from file: /Users/delta/streamrtcm/datahandler/pull_out/spartn/ephem1327_filtered.log
Serial NMEA send failed: write failed: [Errno 32] Broken pipe
Reconnecting in 3s due to: write failed: [Errno 32] Broken pipe
Using ephemeris from file: /Users/delta/streamrtcm/datahandler/pull_out/spartn/ephem1327_filtered.log
Serial NMEA send failed: write failed: [Errno 32] Broken pipe
Reconnecting in 3s due to: write failed: [Errno 32] Broken pipe
Using ephemeris from file: /Users/delta/streamrtcm/datahandler/pull_out/spartn/ephem1327_filtered.log
Serial NMEA send failed: write failed: [Errno 32] Broken pipe
Reconnecting in 3s due to: write failed: [Errno 32] Broken pipe
Using ephemeris from file: /Users/delta/streamrtcm/datahandler/pull_out/spartn/ephem1327_filtered.log
Serial NMEA send failed: write failed: [Errno 32] Broken pipe
Reconnecting in 3s due to: write failed: [Errno 32] Broken pipe
Using ephemeris from file: /Users/delta/streamrtcm/datahandler/pull_out/spartn/ephem1327_filtered.log
Serial NMEA send failed: write failed: [Errno 32] Broken pipe
Reconnecting in 3s due to: write failed: [Errno 32] Broken pipe
Using ephemeris from file: /Users/delta/streamrtcm/datahandler/pull_out/spartn/ephem1327_filtered.log
Serial NMEA send failed: write failed: [Errno 32] Broken pipe
Reconnecting in 3s due to: write failed: [Errno 32] Broken pipe
Using ephemeris from file: /Users/delta/streamrtcm/datahandler/pull_out/spartn/ephem1327_filtered.log
Serial NMEA send failed: write failed: [Errno 32] Broken pipe
Reconnecting in 3s due to: write failed: [Errno 32] Broken pipe
Using ephemeris from file: /Users/delta/streamrtcm/datahandler/pull_out/spartn/ephem1327_filtered.log
Serial NMEA send failed: write failed: [Errno 32] Broken pipe
Reconnecting in 3s due to: write failed: [Errno 32] Broken pipe
Using ephemeris from file: /Users/delta/streamrtcm/datahandler/pull_out/spartn/ephem1327_filtered.log
Serial NMEA send failed: write failed: [Errno 32] Broken pipe
Reconnecting in 3s due to: write failed: [Errno 32] Broken pipe
Using ephemeris from file: /Users/delta/streamrtcm/datahandler/pull_out/spartn/ephem1327_filtered.log
Serial NMEA send failed: write failed: [Errno 32] Broken pipe
Reconnecting in 3s due to: write failed: [Errno 32] Broken pipe