# RTCM Message Log (ephemeris only)
# Generated: 2025-08-20T23:43:27.542397
# Filtered: true
# Filter UTC: 2025-08-20T23:47:00Z
# Filter receiver: lat=38.36876, lon=-78.92694, h_m=100.0
# Filter mask_deg: 0.0
# Mountpoint: BCEP00BKG0
# Allowed types: [1019, 1020, 1042, 1046]
# GPS Week: 0
# GPS TOW: 0ms
# Format: [timestamp_ms] [msg_type] [sat_prn] [length] [hex_data]
# ----------------------------------------
114001238:0 1019 3 67 d3003d3fb0d4c040d307545f00ffe459954c07fe582c333f131108fe63034aa1450171a10dce0b545fffb436be2aa3ffc3285bb26f2f8931bd528effa5e003009b445c
114001250:0 1019 4 67 d3003d3fb114c5000f035460000021ffe66403eed92cc5bd380b9df08a01bd4f34131aa10ccda854600005627e6667ffeb27791aaf19c0880b6defffaa11f6fdc7d380
114001289:0 1019 9 67 d3003d3fb254c23f8a1154600000375f711811ee9a2f4eddbca6d7f07601be688f11f1a10d51da5460ffe75feec37a00082739fafd1b7c515a8454ffa8230101b2fe69
114001341:0 1019 16 67 d3003d3fb414c07d072c54600000470b45282cffd738aeecffc29e0026076dc38f0a67a10e2cd95460ffd1b9d953060071270f825c2329245104bbffa308e900239314
114001412:0 1019 26 67 d3003d3fb694c17ef060546000ffffdde2086001a040d711cb2e8801e2053b37730953a10cdff454600003b284c344002325d4fde0221e1a212eabff9f330e00eae3d6
114001420:0 1019 27 67 d3003d3fb6d4c0787658546000fffdfce0c458014430dac9564724011006e72c42147ca10d3ec6546000d3e0780e6f003226ecd93f17a122b5da01ffaa800400af69fd
114001428:0 1019 28 67 d3003d3fb714c046c359557800fff7ac73c359fe8c30ef711b5073ff00003121c7164da10d580b5578fff38a7e58c8ffe227322dc416080be9b9e2ffaacdec00acbf5d
114001436:0 1019 29 67 d3003d3fb754c079693a546000002ec2dfb03a01682ea2c16c71a9012201b7bdad1667a10cd8645460ffd8e4092053000b274e360915e770c87552ffab05eb006db21a
114001452:0 1019 31 67 d3003d3fb7d4c0454aa5546000000ee66030a5009534572bf5de0800f4057d2989166ba10db4bb5460ffbc8c95ea18004326e72a7215b022eb39c3ffa717e40026f24a
114001460:0 1019 32 67 d3003d3fb814c07f5955545f000072d1b33055f0bd2f48e3e846f7f2f004696709106da10d3eea545fffe36098e4ce0055275b09d71d55ac13481dffa78a02004846c9
114001539:0 1020 5 51 d3002d3fc15022788b821c402d8f9f838345b2d87ebd61b97fc403622bf2001d1449e8c034aec0000000000000000000102112
114001547:0 1020 6 51 d3002d3fc187a2788b108d9d882f5fd1a6b678c12345429fddde4adbb112c02c1dfb78c034aed2b00000001200000600c37495
114001555:0 1020 7 51 d3002d3fc1d9a2788b176898aa8bf5b4ac7865888498e206cd5059d8a811801d0e87308114aed2b00000001200000600260e91
114001571:0 1020 9 51 d3002d3fc24a22788b04414fb0fb8d11091151d52b5b43376cdb11bf8960003d23e01d0054aec00000000000000000006c11b9
114001619:0 1020 15 51 d3002d3fc3ce22788b1b2c772f83a34028c4af8454fda08cc22257905393000d088440c014aec0000000000000000000f13c3b
114001626:0 1020 16 51 d3002d3fc40c22788b15f1eb008f3551246aa4c0b282421ed8724be55b72001d051ab90044aec000000000000000000043bdf8
114001635:0 1020 17 51 d3002d3fc45622788b9485135bf9ce6382240a0cceee713480ff247221b3004d1cc7000034aec0000000000000000000dfcf5a
114001743:0 1020 24 51 d3002d3fc61222788baf5503242f103101717e267defb113901f549399b2402c0f8c490054aec000000000000000000076df22
114001866:0 1020 27 51 d3002d3fc6c422798b0f05e20419a9e0a193bacafb2742a7731d417043b2000e0426d28064afc0000000000000000000864671
114005132:0 1042 12 70 d30040412308001ea1cd4dfc0a005d16360614902fc445f684c9784a139d804dee510c1df4a2a1c34a6feffe1fdf9ea7e7ff4627c63b0c086baeeb1df07fee4541e004636221
114005160:0 1042 14 70 d30040412388001f24354dfc067f430ae33a206fc0544ce704d1871be5c0804f076f82af74a2a37dea6feffe39310b3d4bfffe280227e2140d016db4ccffed2a04604c1ecdb9
114005222:0 1042 23 70 d300404125c8000221054dfc00003a40ac785d080f566468558167d4064980150382068e94a2a3412a6feffea68561a994000f26775e600e15b674d05affeccc0ef3bc45ac44
114005233:0 1042 24 70 d300404126080002aa854dfc003f99232bb6120812d865d85f3813e8086880281ea786e154a2a1f02a6fe001ce8559c58c00e526774ba90db2057eec403fec7383b0ec68888b
114005242:0 1042 25 70 d3004041264800023c054dfc000031f26c5f4a0811ee64961721c58807e60023581f0696d4a2a7916a6fe000fa819c1bc3ff642688151f0df9c6130aac3fec9a818060793358
114005292:0 1042 32 70 d30040412808001ee5054dfc003ffbf183aa210fb8a64c4a75fabc6be1970019e42c82f854a2a2bf0a6fe000053051a61c00582810c28613a73f37a9ff3fed07bc7f1cdbe5f1
114005301:0 1042 33 70 d30040412848001f1e054dfc003ff3b68169bd0fbea44cdeb952dbb5e5290022da71831894a2a1ea6a6fefff1d304d1a480017281117c9137d06d75c997fed2fa5394c407d2d
114005309:0 1042 34 70 d30040412888001df3054dfc000023b563b2000828ec4f5982341d161095801cb6618b8ed4a2a0d0ea6fe001bfd50c1364002026aa1ebd0859cb5c0e2dffedd53d5f547b1d2c
114005366:0 1042 41 70 d30040412a48001f10054dfc003fe2598428020fbcb64cd911d61287e4160059483e82dbb4a2a153aa6fefff9530bd26a8006c2804ca6e1386f4203a9abfed1c328ca046f788
114005391:0 1042 44 70 d30040412b08001e54854dfc00002fbe78411f0826ea51c5d3b80a541042002881c40c5794a29fa1ca6fe00147d4b33940006b268ef7f607310961555cbfedcb40701ce8d3cd
114000963:0 1046 25 69 d3003f416655303e6bf07964400000260014d25ffc48a20cca0b0ef7fc440096aea020c2a8132bc5644ffc9bbe40831fff52735c4bd1fbac566a680ffc0e502c0a00771165
114001159:0 1046 31 69 d3003f4167d530416bf9ed66203ffee9ffa8a0b7fe80a699fc4d575bff4400b02d781f86a8132501662fff2bbe321ba003827356ef12097c1943e5effc04d04c130096f1c8
114005496:0 1046 3 69 d3003f4160d530416bff8d66203ffebbff222a6ba15c79cc5ce2a0d3b49400f49158555ea8141b7d662fffd664e629bfff42757ca510f061ecfdaa6ffc4cb0280a0052e3dd
114005530:0 1046 5 69 d3003f416155303e6bffad64400001a613fae69fa7847d70e65d77cfbadc006ea3485506a813fe696440007664e926200032757ee740f3f132da324ffc4ac03c1000c3a2b8
114005546:0 1046 6 69 d3003f41619530416b000566203ffd67ff5a77c3a3707f611b6e1283b71c010e30f84d96a8142b5d6620000665cfbe800012711e1fd12403e93e236ffc4230301000eb571f
114005593:0 1046 9 69 d3003f41625530416bffa966203ff795fbd5dbcba55075f590998653b98400ddf4284d4aa8145341662fffc6661ef06000927949a4c12eb12195103ffc530014040070839c
114005671:0 1046 14 69 d3003f41639530416bf9756620010f4a009d6a7c3a3ccb229dd099a017254fc89f508b3e952cda35662f986e3059a5afd2622febf5101b177fd3117ffafb1fdbf048822ac4
114005709:0 1046 16 69 d3003f41641530416bf35166203ffebbffc37d67fcfca499e1359d43fe7800c8071c2082a8136545662000ebbbc7eb1ffae2749cbaa1fce97db1fe8ffbfeffc7f5001d2913
114006055:0 1046 24 69 d3003f41661530416bf59166203ff41dff778cdbfbe0a9240f052f4bfe4400d3c0a82076a8137d29662004abbfbd104ffe9271eb6551fca1c892018ffbf20fb7e700db89e6
