# RTCM Message Log (ephemeris only)
# Generated: 2025-08-20T23:43:27.542397
# Mountpoint: BCEP00BKG0
# Allowed types: [1019, 1020, 1042, 1046]
# GPS Week: 0
# GPS TOW: 0ms
# Format: [timestamp_ms] [msg_type] [sat_prn] [length] [hex_data]
# ----------------------------------------
114001231:0 1019 1 67 d3003d3fb054c042dbc9546000002e2c1714c911112e57959d964b0ef2005642e30e06a10db6d3546000330ec7489e00192716e17f1f510275061bffa800ed00bbc355
114001231:0 1019 2 67 d3003d3fb094c0031532546000004ff3d3f8320eb62d3ed4c3e4d30d120873303111b7a10d5ec95460ff78081f03b100152754cdfd1c46d9921e99ffa7f7da01225d35
114001238:0 1019 3 67 d3003d3fb0d4c040d307545f00ffe459954c07fe582c333f131108fe63034aa1450171a10dce0b545fffb436be2aa3ffc3285bb26f2f8931bd528effa5e003009b445c
114001250:0 1019 4 67 d3003d3fb114c5000f035460000021ffe66403eed92cc5bd380b9df08a01bd4f34131aa10ccda854600005627e6667ffeb27791aaf19c0880b6defffaa11f6fdc7d380
114001253:0 1019 5 67 d3003d3fb154c201c242546000fff9e376bc42019b2f3bd2bc461e01ee02f4c21900f1a10cd2da5460ffe0346951b9004b27d14fc72f6139da6083ffa406e9015cee47
114001269:0 1019 6 67 d3003d3fb194c041cc17546000ff8dbf2b04171229279f7934f2210fae01baa2a81081a10d10195460001c0c8a8204ffe42846dbdd1e89e415d312ffac590800a99045
114001270:0 1019 7 67 d3003d3fb1d4c1477b43546000ffd0f7ab7843fe8a33f65235c397fe5b0a24ea8216b9a10d91a85460ffbd8ba1f180ff1126bf452914e2ad4fb01dffaacfe900c9db11
114001289:0 1019 8 67 d3003d3fb214c0796b1d546000000045bf2c1d017a3364c59c14170134056dee91141ba10cd0d15460005bdf3b8705ffa4268dc56d179712d1a828ffa9ae0a00682fa7
114001289:0 1019 9 67 d3003d3fb254c23f8a1154600000375f711811ee9a2f4eddbca6d7f07601be688f11f1a10d51da5460ffe75feec37a00082739fafd1b7c515a8454ffa8230101b2fe69
114001293:0 1019 10 67 d3003d3fb294c0403423546000ffb5bd12fc23ffeb2bf0187ef649ffe4054fe48a026ba10d34685460ffbd36a3f65b003e28574a172e98a1890c4affa5980500765465
114001311:0 1019 11 67 d3003d3fb2d4c042733a5460000060ac1c6d3a11202c2ba774f3660f1d010fb4701068a10db9445460ffe40d7aeb6dffd02754abea1d0c9e3206c8ffa9e6ed00f9733d
114001311:0 1019 12 67 d3003d3fb314c07eab29546000fff6b1d41429006b3794361b8eb3ffbf0474a13f0ac0a10d11845460ffaeb92505dfff9c27178b5223123dddf08cffa5b4e5003a29ce
114001317:0 1019 13 67 d3003d3fb354c040bb21546000fffc5bb58821eec72b70bb86d179f11c04f0aff912c6a10d84625460007066f57465fff427b777cd1a232824ef14ffac25e70062f070
114001326:0 1019 14 67 d3003d3fb394c23de4de54600000265a0359de00cf3cb72ee3ad7e010a0322967a0a2ea10d08b05460001bb70afe3800262669e6b622808f50caa0ffa2d6ef010e803b
114001333:0 1019 15 67 d3003d3fb3d4c07fc32b545f0000222b3fe42beda034179d0200ecf00808858beb0ac1a10d0a38545f00735a41f3f7000f264f32f7206d3b143c8effa813e90065ef6f
114001341:0 1019 16 67 d3003d3fb414c07d072c54600000470b45282cffd738aeecffc29e0026076dc38f0a67a10e2cd95460ffd1b9d953060071270f825c2329245104bbffa308e900239314
114001348:0 1019 17 67 d3003d3fb454c0787438546000ff781251f038040f2facc5763dd8037906b4e7e71657a10df2975460ff6ce360465800392733032e165bcf142294ffa934e80077feef
114001356:0 1019 18 67 d3003d3fb494c041d4195460000046b52edb19101f2add73299c0d0e0302d472d81101a10d7bc45460ffcd0c728f5bffec27a9b2f81caa88d5af87ffaafbee00b66786
114001364:0 1019 19 67 d3003d3fb4d4c0783c38546000001955fa043803013050105678d2020f0587bc0f1619a10d487d54600065e52b780effce272b2bdd162e74292ad2ffa900df00394dd6
114001373:0 1019 21 67 d3003d3fb554c0410ddc54600000cd1906e3dcff03337afdb8fe42ff38001194a9ffd7a10d39df5460fffb373c11aa0014271cc19c2f902222447effa271ec000dabce
114001381:0 1019 22 67 d3003d3fb594c23ef73b546000000ff35fe03bfff13918dc66aa4cfffc06a5b55a0b00a10d134c5460ffc1b9fbda1affc02709503022c8d53ba75bffa346e8017ca81a
114001388:0 1019 23 67 d3003d3fb5d4c040d21e5460000034457c441e00e02d54488aa269009802d6df1b00f2a10d58f25460ffef355ecda1002e2823d9152f9c8c358571ffa5f2ee002180f5
114001396:0 1019 24 67 d3003d3fb614c045f638546000005ed557ac38fc5936047a720d5cfc9108ccd66a1730a10d5df95460004a875b244fff5e2617b5b312cb2c28869effab1105006c1c29
114001404:0 1019 25 67 d3003d3fb654c17fa15d546000fff13e51985d01293b8e34ca850400c30652dfa70ac3a10c9e3a5460ff57b56879050015269d3674229d2df71feaffa2740c00b39430
114001412:0 1019 26 67 d3003d3fb694c17ef060546000ffffdde2086001a040d711cb2e8801e2053b37730953a10cdff454600003b284c344002325d4fde0221e1a212eabff9f330e00eae3d6
114001420:0 1019 27 67 d3003d3fb6d4c0787658546000fffdfce0c458014430dac9564724011006e72c42147ca10d3ec6546000d3e0780e6f003226ecd93f17a122b5da01ffaa800400af69fd
114001428:0 1019 28 67 d3003d3fb714c046c359557800fff7ac73c359fe8c30ef711b5073ff00003121c7164da10d580b5578fff38a7e58c8ffe227322dc416080be9b9e2ffaacdec00acbf5d
114001436:0 1019 29 67 d3003d3fb754c079693a546000002ec2dfb03a01682ea2c16c71a9012201b7bdad1667a10cd8645460ffd8e4092053000b274e360915e770c87552ffab05eb006db21a
114001444:0 1019 30 67 d3003d3fb794c0474058546000005ef8579058fedb38584bc59198ff2e03eeecf015e9a10d15c85460ff938b6218b3000026250b3b14fba0199888ffa6d90900b25130
114001452:0 1019 31 67 d3003d3fb7d4c0454aa5546000000ee66030a5009534572bf5de0800f4057d2989166ba10db4bb5460ffbc8c95ea18004326e72a7215b022eb39c3ffa717e40026f24a
114001460:0 1019 32 67 d3003d3fb814c07f5955545f000072d1b33055f0bd2f48e3e846f7f2f004696709106da10d3eea545fffe36098e4ce0055275b09d71d55ac13481dffa78a02004846c9
114001508:0 1020 1 51 d3002d3fc051a2788b002050a637bef30650c85b717ad238e5398a17bb22801911e7da8124aed2b00000000a000005008771f5
114001516:0 1020 2 51 d3002d3fc08622788b9034cd822f2ee0233e5147fd7ff2252f00c4d68c62000c035f298024aec00000000000000000007b643a
114001523:0 1020 3 51 d3002d3fc0d822788b975ffd2a83b1442cb49d08477b11870aefd98e4fa0000d10cb5cc134aec0000000000000000000a54c72
114001532:0 1020 4 51 d3002d3fc11a22788b91c0f83b49a4e51bf1a0b663e460abd2d3baa437d1002d283734c144aec00000000000000000001ec2bf
114001539:0 1020 5 51 d3002d3fc15022788b821c402d8f9f838345b2d87ebd61b97fc403622bf2001d1449e8c034aec0000000000000000000102112
114001547:0 1020 6 51 d3002d3fc187a2788b108d9d882f5fd1a6b678c12345429fddde4adbb112c02c1dfb78c034aed2b00000001200000600c37495
114001555:0 1020 7 51 d3002d3fc1d9a2788b176898aa8bf5b4ac7865888498e206cd5059d8a811801d0e87308114aed2b00000001200000600260e91
114001563:0 1020 8 51 d3002d3fc21ba2788b1109d3bb190e169b996637c726002c044d39fc11018008008bad0124aed2b00000000a00000500fa4a70
114001571:0 1020 9 51 d3002d3fc24a22788b04414fb0fb8d11091151d52b5b43376cdb11bf8960003d23e01d0054aec00000000000000000006c11b9
114001579:0 1020 10 51 d3002d3fc28022788b8f410ec1b1e320935312bc9f57c231de16abb2e682406c3067b2c054aec0000000000000000000f24265
114001586:0 1020 11 51 d3002d3fc2ce22788b9b3385b2022300a7fcfa8193b0a0107bd4d6205ee3401d0160f8c164aec0000000000000000000f36215
114001594:0 1020 12 51 d3002d3fc30da2788b9618f880ff93e1a444b840e0fb329ece98cb83d342800b079f420014aed2b000000012000006005f0bd7
114001602:0 1020 13 51 d3002d3fc34ba2788b867cb62a238d218dbb3b563c5e33b663b59ad23800800a081ab18144aed2b000000012000005007e2533
114001610:0 1020 14 51 d3002d3fc38022788b106ab2421c2ea015709738eafcd2b00134302188d2000d03d8e98124aec000000000000000000098dfce
114001619:0 1020 15 51 d3002d3fc3ce22788b1b2c772f83a34028c4af8454fda08cc22257905393000d088440c014aec0000000000000000000f13c3b
114001626:0 1020 16 51 d3002d3fc40c22788b15f1eb008f3551246aa4c0b282421ed8724be55b72001d051ab90044aec000000000000000000043bdf8
114001635:0 1020 17 51 d3002d3fc45622788b9485135bf9ce6382240a0cceee713480ff247221b3004d1cc7000034aec0000000000000000000dfcf5a
114001643:0 1020 18 51 d3002d3fc48822788b0f16435ea3cfc583c3d38f14d01136fc1f9af61ef2001d1c97e18024aec00000000000000000000549f0
114001651:0 1020 19 51 d3002d3fc4d422788b2c62cc2eb723a581bf33a66c5b601aea63cf46be60405c00fd908164aec00000000000000000007a3516
114001659:0 1020 20 51 d3002d3fc51222788b304165a049f962018a4aa6d33ec092ca6dd5e1d462000c11bb494034aec00000000000000000004f2c1b
114001667:0 1020 21 51 d3002d3fc557a2788b1924d2d74a32b20221c7917cb621b21c40ac9719c3c04a1e22484034aed2b0000000120000060076848c
114001678:0 1020 22 51 d3002d3fc589a2788b920769dcce7e36029b7610a934c2b5454020535322802b0aa5a90154aed2b80000001200000600c8978c
114001724:0 1020 23 51 d3002d3fc5d5a2788bab609db36daf9602cefb241f86619e2e6c4d483540c01c156e924034aed2b80000001200000c00f1d131
114001743:0 1020 24 51 d3002d3fc61222788baf5503242f103101717e267defb113901f549399b2402c0f8c490054aec000000000000000000076df22
114001796:0 1020 25 51 d3002d3fc65c0e7bbbb1cd46964796d400369b27a413210c95a4d8aa2d80c01e08417c8154acd2b00000000a00000a00253a88
114001822:0 1020 26 51 d3002d3fc68222798b129085ba37c4f59fb8982f83f701279aaa4172d0c0801e0f6b62c144afd2b80000000a00000580740430
114001866:0 1020 27 51 d3002d3fc6c422798b0f05e20419a9e0a193bacafb2742a7731d417043b2000e0426d28064afc0000000000000000000864671
114004820:0 1042 1 70 d300404120480004ef854dfc00001149db97ce073ea80dd6d823063fcb78801977b39cc3995d81b2ca6feffe4db59b733c012604648e14cb0a6154dda3c001577cbe78e79ca8
114004856:0 1042 2 70 d300404120880003b7054dfc003f7bb3d6e34606ac060ecc03c77d23a3b9802b310e136d795d80e58a6feffef99c01c7180261056c364cdcb3f2b393cb0000d7c09ddc7cea68
114004897:0 1042 3 70 d300404120c80004b2854dfc003fe3727174f306fa0c0827eaab19efb95b0035f8869972b95d74d08a6feffcedb0d306c001cf04544731d19479483e4200018d017ebccfd458
114004924:0 1042 4 70 d3004041210800046a054dfc000014b458285d06d910012f50ad7691aff7802eb1ac9952f95d66a7ea6feffda59ff79620010504d6e94dd152d660caa2c002f5039eb0ee8682
114004955:0 1042 5 70 d30040412148000343054dfc000067e6a37adb06d7f20d0e5f2de423aefe0027508d1234d95d73b48a6fe00611a1e75998013004d145a6df39e26d48d8c001817ffe909707f6
114004983:0 1042 6 70 d3004041218800065b854dfc00010f21670ea107e1ce19da382e7739f8168138389215bc595db86a2a6fe00e0a391033f8006d26a09bfde6cbe6569871fffb89c54fc486dd3e
114005019:0 1042 7 70 d300404121c8001853854dfc000076ee11770607c9922761a00989b7ef17013af86a9524595d7b3d6a6feffe6f71bfd88ffde9222e7384e62366108616fffa33494028f805e6
114005041:0 1042 8 70 d300404122080000b9054dfc003ed23e865b0307ffcc18b51c7a748c011c80e8046cf01d395cdc216a6feffad4dc11e92401ee2c0c9ebf2ed21f3c49187ff84a86efe4d05310
114005068:0 1042 9 70 d300404122480005fd854dfc00009a5be3eb0107eb1c1b9c0e61c747faad03aac40013b0395d91fc6a6fe0097a40b3e583ff1d26d6dedfeb4c28fdda2b3ffb6ec41098512e87
114005091:0 1042 10 70 d30040412288001879054dfc003fa6b7ed569707c54a27118714a2f1ee2c02cf9e161474f95d63190a6feffedf70e9dbc3fe0122476df8e799e72f58967ffa3d83a07890d0b3
114005112:0 1042 11 70 d300404122c8001e22a54dfdfb804643e721cb402e3c42f8424f0ce013038088e79b0bc4f4a29ea84a6fe001ffe1c8d987ffee27d80746092d6f2f034effee72026038ba377d
114005132:0 1042 12 70 d30040412308001ea1cd4dfc0a005d16360614902fc445f684c9784a139d804dee510c1df4a2a1c34a6feffe1fdf9ea7e7ff4627c63b0c086baeeb1df07fee4541e004636221
114005150:0 1042 13 70 d300404123480000e52d4dfc003fcc85f2e49658235c1b60cac60f420a3681611dbcee75f95d5d604a6feff9dcd67bd31002252a7fcded310a68512538fff80ef9e06cc4c1d4
114005160:0 1042 14 70 d30040412388001f24354dfc067f430ae33a206fc0544ce704d1871be5c0804f076f82af74a2a37dea6feffe39310b3d4bfffe280227e2140d016db4ccffed2a04604c1ecdb9
114005171:0 1042 16 70 d3004041240800066f2d4dfdfd3f5bb6a2dcf85fdb78183020e405c5f68d82552e2d1586d95cff4aca6fe00ca63907bfd4012f2742e46fe7bcea09b2d43ffba27e50b8c767b4
114005184:0 1042 19 70 d300404124c8001f07054dfc000001b484aac80fba684c2c10f83dc1e3ac802c433481b8b4a2a2a24a6fe001993179ee6c0015281d3c58154e3bd76287bfeced0741d0cb03a9
114005194:0 1042 20 70 d30040412508001f03054dfc003fed008f15c50fb4ec4e421626fa7be139002e97b0027114a2a2b78a6fe0018d31942a24006e281d17ba149c8292e8c5bfecfe08c23000b8e0
114005203:0 1042 21 70 d30040412548001f4a054dfc003fe2b3824f740fc18a4cdb6a0dc23fe508802774ee0224d4a2a2f18a6feffff531b317afffaa2815a71b14a940a552cb7fed16c85214ede40f
114005213:0 1042 22 70 d30040412588001f24854dfc000018ce311e430fc0d04c9d6d64238de5b000338aa401bc74a2a223ca6fe001d931b01353ffaf2815c1e614e9882cb2adbfed0e49d2743d32dd
114005222:0 1042 23 70 d300404125c8000221054dfc00003a40ac785d080f566468558167d4064980150382068e94a2a3412a6feffea68561a994000f26775e600e15b674d05affeccc0ef3bc45ac44
114005233:0 1042 24 70 d300404126080002aa854dfc003f99232bb6120812d865d85f3813e8086880281ea786e154a2a1f02a6fe001ce8559c58c00e526774ba90db2057eec403fec7383b0ec68888b
114005242:0 1042 25 70 d3004041264800023c054dfc000031f26c5f4a0811ee64961721c58807e60023581f0696d4a2a7916a6fe000fa819c1bc3ff642688151f0df9c6130aac3fec9a818060793358
114005250:0 1042 26 70 d30040412688000304854dfc003fe6dcbd29470811e062ec906c537a0781803a323e870b54a2a7200a6feffcc281b617100019268894740d8b46ea6210ffece1fe0f80ea2774
114005259:0 1042 27 70 d300404126c8001e8a854dfc000015fe440ac5083e4c4c3a975b40de19930024034e0bbe34a2a0410a6fe001cfdb80a35c003126d5653c082f90e0610e3fedfd3e6f9898c94b
114005267:0 1042 28 70 d30040412708001e87854dfc0000139836535408347c4d30074012d4163f800e274b8b59d4a2a25bca6feffe7fdb748e40009526d4199908b9a98d8069bfee25be7f9c55330c
114005275:0 1042 29 70 d30040412748001dbf854dfc0000166a3f98b20831444d51d8da6ba61466800b3b390d0c14a29f57aa6fefffd7d4dd51abff3326bdc6ad06bd58f4b8117fee1c81405084fac8
114005283:0 1042 30 70 d30040412788001de4854dfc0000270421864708381e4f9e9bc107ae169200188abd8ca8b4a2a791ea6fe000e3d4f13097ffee26bd4d8f070dc878dec2bfeddffb1ec44961fc
114005292:0 1042 32 70 d30040412808001ee5054dfc003ffbf183aa210fb8a64c4a75fabc6be1970019e42c82f854a2a2bf0a6fe000053051a61c00582810c28613a73f37a9ff3fed07bc7f1cdbe5f1
114005301:0 1042 33 70 d30040412848001f1e054dfc003ff3b68169bd0fbea44cdeb952dbb5e5290022da71831894a2a1ea6a6fefff1d304d1a480017281117c9137d06d75c997fed2fa5394c407d2d
114005309:0 1042 34 70 d30040412888001df3054dfc000023b563b2000828ec4f5982341d161095801cb6618b8ed4a2a0d0ea6fe001bfd50c1364002026aa1ebd0859cb5c0e2dffedd53d5f547b1d2c
114005316:0 1042 35 70 d300404128c8001e3a054dfc003fc85cf7c39a082c164d861b5c1aee129c002ede2a8cadd4a2a010ea6feffcfbd50b0e9400b026aae82f06e6879db63dffee1fff8fe053535f
114005325:0 1042 36 70 d3004041290800027b854dfc00000491286ec4080e2e638fa2a4888a05f8003313b686ff94a2a51d2a6fe0009a854becbfff3126868ad90d79f4a5232a3fecc4b42d081fdb9b
114005333:0 1042 37 70 d30040412948000291854dfc00000a728b37cd080fee63fff2571a1606c8802ca83906b774a2a079ca6fefffea8545ece400262686b1510e08fb2808023fece336bdac0696ec
114005341:0 1042 38 70 d300404129880000f3854dfc0000090d1fd62e0813901ee0ffe457d005cf0099a16eeda4b95d4c722a6feff89cd5adae7c01ae2968dd97325265da29967ff7d842c0b0744a56
114005349:0 1042 39 70 d300404129c800068f854dfc003ffef0fe45e80fbd8814bc59315ea7eea700e0c0a5980ab95de4ef6a6fe00bba2d312c7c025f274bff28e2af24db80b63ffbdf8521489edb3c
114005357:0 1042 40 70 d30040412a08001898854dfc003ff3e3eaa285084812133dc7dd90a4114b812b67a89abb595d47112a6feffbbf8a2a5677fd9d2754e3cbde9c6192d56bbffbbec1c070addf0b
114005366:0 1042 41 70 d30040412a48001f10054dfc003fe2598428020fbcb64cd911d61287e4160059483e82dbb4a2a153aa6fefff9530bd26a8006c2804ca6e1386f4203a9abfed1c328ca046f788
114005374:0 1042 42 70 d30040412a88001f37854dfc003fa9528f628f0fc4e64cc3766fcad1e743004caa7982a854a2a2f0ca6feffe5530d6014fffc32805160e142f777c10b7ffed0facdb3412b1be
114005382:0 1042 43 70 d30040412ac8001de7054dfc000004160f7de6082d364fbf4dbc10cc130b001b8fd18bc894a2aab1ca6fe0004bd49b6e8fff5e268a1fde08240a07e450bfedfe3effbcc8de91
114005391:0 1042 44 70 d30040412b08001e54854dfc00002fbe78411f0826ea51c5d3b80a541042002881c40c5794a29fa1ca6fe00147d4b33940006b268ef7f607310961555cbfedcb40701ce8d3cd
114005398:0 1042 45 70 d30040412b4800028e854dfc003fbe70c72b3508114a600f0ae381bc06dc8023445f872b34a2a25b4a6feffe5a8643b15bffca26afaac80d794018c98effed250d435006ead2
114005407:0 1042 46 70 d30040412b8800025c054a78003fef9ada4ad0000cf0629951304a4a05b80038d89a06d514a2a2b50a53c002f6865bc81fff7d26afe7860dde01d92ea13fecd90b52d4c02c16
114005415:0 1042 47 70 d30040412bc8001dff854dfc003fa310e9ac7c083aca4ceb1f78474c17d9000e676a0cd634a2a56d6a6fe0016bdb31cd7fff8a26efdaf6071af33f5f7bffee1e42f0bc2b35e9
114005424:0 1042 48 70 d30040412c08001f17854dfc003fe9c962aef10fb7ec54559bf3e05be2a000096ee601dd14a2a1056a6fe0015d2fe5f43000372771b28814b88ed221ddbfec8581e07a4a7413
114005432:0 1042 49 70 d30040412c48001e51914dfc003f939aef9bcc28345a4c270e272f521649000c7b5d0b4054a2a45dea6feffd6bdb262d83ffcf26ef089909048d64ed947fee46c1e078b9f582
114005440:0 1042 50 70 d30040412c88001f47354dfc000027ceb8ea6c7fc3ac52d4f555678fe63c0012e256025394a2a65f4a6fefffd52ff0114bffb12771511f14188ba58e457fecb195254a0a858e
114005448:0 1042 59 70 d30040412ec8000522054dfc003fff460010140f7976254fe5dd34b3db9580190ae59dc9795d6b8aaa6fefff6dc36004800135056c8bbfc954bdf8ad88bffe519b36cc212990
114005456:0 1042 60 70 d30040412f0800034b054dfc003fffe0ffe1fe067a1fea77334ba4d995b8000c6ea98d64f95d67122a6feffdad869555d802550410a7e2e7bc8d68b605c005735ee7b8727e31
114005464:0 1042 62 70 d30040412f88000598054dfc00000011ffe1c2008dae5321db464060266d80287f5d1d14595d6478aa6fe00429ee8cc75c00b002dc82dfca924028ecdcbff8c3c3d0f635c985
114000963:0 1046 25 69 d3003f416655303e6bf07964400000260014d25ffc48a20cca0b0ef7fc440096aea020c2a8132bc5644ffc9bbe40831fff52735c4bd1fbac566a680ffc0e502c0a00771165
114001033:0 1046 26 69 d3003f41669530416b0c95662000060a00371384698866b6377a521452fc006fdd1c3abaa81366e9662ffd31137a087ffd42874295219da9c7a98fbffc545fa3e40024108f
114001071:0 1046 27 69 d3003f4166d530416bf55d66203ffa4ffcef87b7ff48a62f2d125c0800580075a50c2246a81321fd6620036bbe391d2fff32735661d1f82d571a7cdffc09e00c02005da63e
114001114:0 1046 29 69 d3003f41675530416b001966203ffe1fff7d07bf8dcc7c422aad0a23a8a0007fc9244c92a8142c756620009665d1a9900012712be4511bd4ac9d4f5ffc3f9fbff000e6dc57
114001139:0 1046 30 69 d3003f416795303a6bf44961c03fe95dff90961fff10a58248ec80c0002000623864236ea813675161c0028bbfb2c6f0016271e90981f391887433dffc0d80080000d68062
114001159:0 1046 31 69 d3003f4167d530416bf9ed66203ffee9ffa8a0b7fe80a699fc4d575bff4400b02d781f86a8132501662fff2bbe321ba003827356ef12097c1943e5effc04d04c130096f1c8
114001179:0 1046 33 69 d3003f41685530416b0e4566203fffa6000a814865fc6329ef6ab5104fe8008b2f4c3c36a8137b71662fff7114bea9e000e28ba27d819658f9e9519ffc5a9fb3e800b672ad
114001203:0 1046 34 69 d3003f41689530416b0ce166203ffeb7ff2df9885e986608543b0f284b0400a7fb1c2efea8133cdd662001e11387fc9004f28b818331dcc75efd324ffc5a40381100ba4b51
114001231:0 1046 36 69 d3003f41691530416b08e966203ffd05fe3253e05ee462fbb3f888744bb4001c89c8348aa8136989662ffcc114c3a05ffff28ba07be1c57bde9eb30ffc61f0501600f2de51
114005480:0 1046 2 69 d3003f41609530416bf30d662000019400ff7a4bfc64a0839b11b9c7fc80007aed9423eaa8136af1662fff2bc0575f700172739c3761f4ff99e2d12ffc1c7fdbf000e389f8
114005496:0 1046 3 69 d3003f4160d530416bff8d66203ffebbff222a6ba15c79cc5ce2a0d3b49400f49158555ea8141b7d662fffd664e629bfff42757ca510f061ecfdaa6ffc4cb0280a0052e3dd
114005513:0 1046 4 69 d3003f41611530416bff9166203ffa6bfeb26cbf9d987cd255af8c17b14c0066de604bcaa813faa9662fff5664fbc3bfffc2758315a132000131170ffc4a6fc7ee00789e5d
114005530:0 1046 5 69 d3003f416155303e6bffad64400001a613fae69fa7847d70e65d77cfbadc006ea3485506a813fe696440007664e926200032757ee740f3f132da324ffc4ac03c1000c3a2b8
114005546:0 1046 6 69 d3003f41619530416b000566203ffd67ff5a77c3a3707f611b6e1283b71c010e30f84d96a8142b5d6620000665cfbe800012711e1fd12403e93e236ffc4230301000eb571f
114005562:0 1046 7 69 d3003f4161d530406b00d165803ffeddff2ca04b8f1c7e07a58e5d87a9b400ad69cc57eaa8141d616580007664f380c00022758360c0f0309c96d5bffc485040110066b579
114005577:0 1046 8 69 d3003f41621530416b008966203ffc57fdde0b0b9c9074bff722da73b0c000d3f9505c4ea81455e9662fff466616f0500102794510e0def186cc2e2ffc556fafe70045e3ff
114005593:0 1046 9 69 d3003f41625530416bffa966203ff795fbd5dbcba55075f590998653b98400ddf4284d4aa8145341662fffc6661ef06000927949a4c12eb12195103ffc530014040070839c
114005609:0 1046 10 69 d3003f416295303e6b09d964403ffe95fd00ee185b2c6415924b186447600099adf03606a81381e9644000311385e12000128b838be1bac6d60ebd9ffc55afebfb008b76bc
114005624:0 1046 11 69 d3003f4162d530416b093d662f808a1c03c7a3645984648e3a49804445f4009c413036b6a813b80d662fff5114e41e4ffd72899ab9d1b763b238081ffc5a2f03ba0093ca1f
114005640:0 1046 12 69 d3003f41631530406b0b6565803fff95ffff619c5ff069cb24fd394c4b1c005fb2e43c0ea8137135658fffd114e5af800082899ca90192d1db52222ffc50ef2fca00e66c1a
114005655:0 1046 13 69 d3003f41635530406b0b2965803fffb1ffd754ac6ed0687645e99d105554003055a03416a81362fd658002b114c4c6effc228b9f9d31c86b600b7cdffc4d704411007141a9
114005671:0 1046 14 69 d3003f41639530416bf9756620010f4a009d6a7c3a3ccb229dd099a017254fc89f508b3e952cda35662f986e3059a5afd2622febf5101b177fd3117ffafb1fdbf048822ac4
114005688:0 1046 15 69 d3003f4163d530416b0d3166203ffe97ff33f78869e465c2ca8d86505230005004c02d0aa81377156620036114b66f2fffa28b983411e9ab87bc33fffc45a0581700a7c47d
114005709:0 1046 16 69 d3003f41641530416bf35166203ffebbffc37d67fcfca499e1359d43fe7800c8071c2082a8136545662000ebbbc7eb1ffae2749cbaa1fce97db1fe8ffbfeffc7f5001d2913
114005743:0 1046 18 69 d3003f41649530416bdf0d6620001742075f52e8191903d88869880027dd4fbabb544796952b61016620352e3ac5abf096c22fc2fd3110f7773cbbbffaae2fd3ef4871c193
114005804:0 1046 19 69 d3003f4164d530416bff91662000178608cfc4b3996c7757023d2a67aeb4004987404b66a81439b9662000366962212fff42791009e128cf7a70d98ffc509fb3eb00991fe9
114005878:0 1046 21 69 d3003f416555303b6bf40562603ffec7fd31ca7fff0ca1dedb4a1987fd900054bde42226a81319d9626ffeebbe421a5fff72735b6971f77b72a9e7dffc17701805005a8272
114005998:0 1046 23 69 d3003f4165d530416bf83566203fff75fff7eb7c0154a1e7674d4244002400639ae021fea8133941662ffeabbbd7ae6fff8274994181fd8866a237fffc19901c0b00a7cf20
114006055:0 1046 24 69 d3003f41661530416bf59166203ff41dff778cdbfbe0a9240f052f4bfe4400d3c0a82076a8137d29662004abbfbd104ffe9271eb6551fca1c892018ffbf20fb7e700db89e6
