# RTCM Message Log (all message types)
# Generated: 2025-10-21T22:19:28.725452 UTC
# Mountpoint: BCEP00BKG0
# GGA Position: 38.3032, -77.4605
# Format: [unix_ms] [msg_type] [sat_prn] [length] [hex_data]
#----------
1761085172674 1019 1 67 d3003d3fb055507aca2d3f4800000a2e50d42df1d031b8f58df1dff34e007672e10db3a10d31df3f480009e0dbefc500062710c1111fc7fd01a08affa685ed0047f4ad
1761085172681 1019 2 67 d3003d3fb095507aa94c3f4800004cfa0d344cf2e531c42e32d90cf387088b197c0859a10d2e3e3f4800a6da35d272ff82274ad0ed259edac3a7acffa58bda007e622a
1761085172693 1019 3 67 d3003d3fb0d55143565e3f4800ffca5648f85efd4f2530984dec4afddb033de1701964a10d95f13f48fff908e18be1ffdb286ad5371450322e2113ffb0ab03000af832
1761085172708 1019 4 67 d3003d3fb1155043b65b3f4800001c02586b5b032932d01a3743d602dc01d58f7c0a36a10e18a73f48001b34915bbd0033277918bd242d86e3b7dfffa6d5f600670868
1761085172708 1019 5 67 d3003d3fb15550424e0f3f4800fff9e2e4380ffa0b292a2d3eb858fac202d8d8741969a10d1ae13f48ffee0684cd15ffe027dfd0bf13f73ab33f02ffac79e9006ef952
1761085172720 1019 6 67 d3003d3fb195523b59253f4800ffafb753e025f20b2b4ed49819a3f3f101d34e550caca10d54d43f48ffefdeb12c9c000e283f292e22c9e3648ee0ffa8db0801cd0c8e
1761085172736 1019 7 67 d3003d3fb1d5507cd3393f4800ffcdf3910439fba13450ac15ec7afbf90a326ce50f40a10d5e8e3f4800975db96548000126bb61211c1cada97204ffaa40e9004b2bfb
1761085172736 1019 8 67 d3003d3fb2155240782b3f4800ffef45123c2b096a397920f9332708bc058fd15a043da10d10a03f48000bb13ca9ab004c26839677291113117846ffa00e0a0021a5ee
1761085172746 1019 9 67 d3003d3fb255504485463f4800002162f3a446037a33c43751f87502f801d0d5fc0adda10cea313f48002e31fcd5a5ffe7273b6a2222ef52e55be0ffa67c010052e57c
1761085172756 1019 10 67 d3003d3fb29550437e5a3f4800ffcab7ec405afc3324be72d868befca3057b3a7d1947a10d3b243f48001c08c75e28ffc128664bde1441a1ebaf05ffb1450500352752
1761085172760 1019 11 67 d3003d3fb2d5507af1883f4800007ab4cd7c88f12d3195fdde3dccf322012634b20bb4a10de8143f480018df936bea001f274d9440224ba1271d84ffa5aded00eb3c4b
1761085172773 1019 12 67 d3003d3fb3155041b84d3f4700fff8b11dc84d0b732f6991343f9d09f20486b9fb1786a10d017e3f47004d8b3a19720020271e9b5514213df3b3b6ffab2ce50028414e
1761085172786 1019 13 67 d3003d3fb3555042231a3f4800fff95b3cc01a0210322914f8c5f301aa0505d0d10a7da10d56ba3f48ffb3390d5365002627b52d3c2471290850f4ffa66fe700ab1335
1761085172786 1019 14 67 d3003d3fb3955040b0403f4800001e5cb7e9400c63324f8a0202520aa00332f5d317afa10d33d23f48ffdd89165de7ffd02670db8a13558f60cc3dffa946ef00d586c9
1761085172800 1019 15 67 d3003d3fb3d5504616083f470000212de7e008041b3957f743b7be03c6088c81360d91a10d172a3f47ff7f2c3f9ed700432653a86f1ef63c3014a7ffa16de90069ec5e
1761085172813 1019 16 67 d3003d3fb415504133313f48000047110e1c310a3b302647fceaf008e407844a0316cca10cc5193f48ff338bed38e8ffb727163926159b24b444c0ffa90de900518817
1761085172813 1019 17 67 d3003d3fb455504156523f4800ff8607fd8052064f367c1d6c3297050306bf963b0448a10e2ea03f48ffc2b56c489bff82272706c92adcd00bfd30ffa087e800426d0c
1761085172827 1019 18 67 d3003d3fb495507ba6663f48000056bb65ea66f2722e40cb965d75f40102e96ebe0afea10d540c3f480020de90101fffaa27a2209123ac8aaecda7ffa85aee0029b0c8
1761085172833 1019 19 67 d3003d3fb4d5504108473f4800001557d5fc4706c735e369766a7905f205887f430315a10d707a3f48ffacb73760ff0068271e776b2c11759589bdffa37bdf009ed3e2
1761085172848 1019 20 67 d3003d3fb5155041442a3f4800ffff2f7fa02af8b62ddad7622925f9bf01d90c4a1927a10cdd213f48002700e8faf200382722840b129ea732593affaa4cee00836984
1761085172860 1019 21 67 d3003d3fb5555143993c3f4800008b269dff3cfcb42d9c877e4e11fd2d00169d211936a10d8ea93f480010094ba5ca0015272ba310128ef2cf2232ffaad3ec004a01f6
1761085172860 1019 22 67 d3003d3fb595504156273f48000018f4ea60270beb301d3664150e0a3906812c6d1629a10d2ddf3f4800998c0fc636ff9927102aa615a0d64a566dffa9fee800829041
1761085172873 1019 23 67 d3003d3fb5d55043b4743f4800003149823774faec2605a167738afb9f02fd48f31920a10d7c723f48fff2077f79d2ffe928329f2814458d9a0d3bffafaaee00ee44ae
1761085172873 1019 24 67 d3003d3fb615523b6e5e3f4800006edd74245efb683bfbd43315c5fccb0904526b0d94a10d3a513f4800535966680000c72612aac21e072d1f2d88ffa21c05011b580a
1761085172887 1019 25 67 d3003d3fb6555040f4583f4800ffef3d0b9858098731498fb034bc0809066d3808188ca10e581e3f48006e877752a0ffc726a4815511f32e2c9797ffaad60c0038f706
1761085172900 1019 26 67 d3003d3fb695517fdd5c3f4800ffdfdc74045c07e136776c32749a06e5056ad8b0186fa10d49263f48ffce84884fc1ffa325dbe63b114d1b0a5664ffa8990e00f057c0
1761085172900 1019 27 67 d3003d3fb6d550406f723f4800ffe3fc1bc4720888377c24220b9307e806fea8750577a10d47153f48ffdab27f142b005826e230ae28aa22c634d1ffa000040028ef5c
1761085172907 1019 28 67 d3003d3fb715507b2faa3f4800000eaca372aafa763354a75106d5faaa00383aad0fb0a10d9c933f48fff75c9d1d07fff3272d9c991d76154b2988ffa79fec009f51b7
1761085172936 1019 29 67 d3003d3fb75550410e403f48000032c6af6440072e349b1c8a3b8305ec01af3a2503f2a10c9e113f48fff5b6170722fffc27422b132aa271acc552ffa346eb0026006c
1761085172947 1019 30 67 d3003d3fb795507bd72a3f48000064001d242afb1938d7a75d8220fb2a03eef9330fd1a10ccc783f4800465d6ffefffff22621399a1b3fa00d8192ffa5dd0900e0958d
1761085172961 1019 31 67 d3003d3fb7d5507b080a3f47000010e78a740afa45345983cb75f5fab005945b6010e8a10de3ef3f4700055eb0284fff9426e364bb1baf24799c46ffa8d7e400733a2e
1761085172974 1019 32 67 d3003d3fb8155044960b3f48000081db67440b03b633143eb8fc890334047cc5f60b5ba10d59693f48ff7732a958ffffd8275bdbcb2281ac14ff59ffa60f0200f09d78
1761085172974 1044 8 67 d3003d41423e6700fffaff3cf4e52f386e6ff6eb210cb31c9857c4b44d072bbc6f54f99ffd0a6ebfe3e8001871494777ccab03353ac7ff7da03c4955204133909cb1ff
1761085172980 1044 12 67 d3003d41433e6700fffcffade0e655dc4caede668c9714e49976a14c27e32bafbe8cf99c086b8b25a63bf738727f73bfdb1efff68fcbffb987d7795520407390e6b889
1761085172994 1044 16 67 d3003d41443e6700fffeffd600e551e47d8dc1624448aaa899154e683fab2babee38f99ffc309da7a0cff6a86910a133a93701f579ffff7e4c621955143e339051035d
1761085173007 1044 28 67 d3003d41473e67000000ffff9ce44fc0000377993bb82d00005cb8c4ebb72bab5068f99ffd7a1ae250f00dd4003c60c65113b460d768002af8000955207db3904f36d0
1761085173007 1044 32 67 d3003d41483e670000000001a4e6cc500002c18d75af55ec0048487f80572badcda8f99ffc4357b3267c0ea40017bc5ce95ac5ec243800313c00095514017390015d2c
1761085173020 1020 1 51 d3002d3fc051a1008504fc8920bc5be40774b15cdf00203872c98f2dbfe1801912e03280252ad4ac0000001200000200dbdaed
1761085173020 1020 2 51 d3002d3fc0862100850af1772dab13622708f53396830022bd89c7f569a3000c02be2981252ac000000000000000000083ee42
1761085173033 1020 3 51 d3002d3fc0d82100850b180123a8738030b4209ba2caa08acd12d8a5ff43000d11465cc0352ac00000000000000000004922be
1761085173050 1020 4 51 d3002d3fc11a21008504038b069472331e49dad357aa81ae2bb6b60be820002d299d6cc0452ac0000000000000000000b395f5
1761085173050 1020 5 51 d3002d3fc1502100858472ed99920d14844b36dfcd2a61b9437d09324451000d14b230c1352ac0000000000000000000f29248
1761085173053 1020 6 51 d3002d3fc187a100858d0837b090f111a9ee8ca62b37e09c9bd64e15f133c02c1f2d80c1352ad4ac000000120000010032b7d1
1761085173067 1020 7 51 d3002d3fc1d9a100858aedeca405b7e1b0986f1afbe2c00a3b26590f65d2801d0eeaf080152ad4ac0000001200000400611ee7
1761085173080 1020 8 51 d3002d3fc21ba10085844eaa856a93639d8b9c5436d0712e51f8355988e0800800695500252ad4ac00000012000002006d3d06
1761085173080 1020 9 51 d3002d3fc24ba1008506091dde69afb4035d709e231c32380e9c0c061053803d25706501552ad4ac0000001200000200b26365
1761085173093 1020 10 51 d3002d3fc2802100859b2898d671bc35859f5c005b31132fbb75b14e6fc0406c34196ac1552ac0000000000000000000b372ff
1761085173093 1020 11 51 d3002d3fc2ce210085af8a77a06170128d135822090a920c6c61d7d88262401d00a1e0c0552ac0000000000000000000928ccc
1761085173107 1020 12 51 d3002d3fc30c210085a696b62efeb0228cc39e31d16d00a1d1b7c84ddae3000d07f28a01152ac000000000000000000043468d
1761085173120 1020 13 51 d3002d3fc34a2101858ab6a95a9be12485667c23c77702b76b5a950e1aa2000c0858b980452ac0000000000000000000f1557f
1761085173120 1020 14 51 d3002d3fc3802100851cf7fb54689ee40653738304c983adfc9c34d561c0000d03efa980252ac000000000000000000012ffb2
1761085173133 1020 15 51 d3002d3fc3cfa100852fc3a61b55e2e20d8daea47083c2892ce558ae7cf1800d084380c1152ad4ac00000012000001001b1694
1761085173140 1020 16 51 d3002d3fc40da10085268c46af49b1d10d0258b168c0e021f007488f7853801d055c2101352ad4ac0000001200000200e9d2e5
1761085173166 1020 17 51 d3002d3fc457a100858eb6c24e307542099f1bb5aba40335de371ef4ba20804d1f1fc001352ad4ac0000001200000200c6a81b
1761085173173 1020 18 51 d3002d3fc4882100850b5eb63abfb5c08ea481c987d74335c044a0671c61001d1df28981252ac0000000000000000000f1a183
1761085173193 1020 19 51 d3002d3fc4d421008521bf8504e68c939f1e93b8a15540177245d1e684e1404c0428b880652ac0000000000000000000f45cc5
1761085173220 1020 20 51 d3002d3fc512210185244ec8b4e421349e4c0a868774129466dfd41fd5c1000c004ce081552ac0000000000000000000ad5080
1761085173247 1020 21 51 d3002d3fc557a1008512b31ece2e06928d1a8e2eb01a34b387bca8412a00c04a2078f041352ad4ac0000001200000200b7046f
1761085173280 1020 22 51 d3002d3fc589a100858e5238b7d2ce410fa6904975d612b3c55b25c3c4b1802b0c026900452ad4ac00000012000002006a55ae
1761085173320 1020 23 51 d3002d3fc5d4210085a033318b537e031f18dd3ac266c09b85a64fa93231401c1623e241352ac0000000000000000000100065
1761085173340 1020 24 51 d3002d3fc612210085a21fae3830ec641f02f200db306216eed552664631402c10dbd901552ac0000000000000000000a4508e
1761085173394 1020 25 51 d3002d3fc65c1603d900795f5f2caa3383c9051d96e2a139a011012f0620c01e090a54805510d44000000002000008001e09e1
1761085173394 1020 26 51 d3002d3fc68221018585f3dd8a8c5683a2331f4d7950a029ebb13dcb7360800e0d425ac1452bd4ac0000001200000180924f7f
1761085173440 1020 27 51 d3002d3fc6c42101858ada1bae522933a53324b6f539e0a4fbf444f3f712000e0d199281552bc0000000000000000000a30d1b
1761085173440 1020 28 51 d3002d3fc71c0003811bf458d3ba1dd289c4a80d5080d4af0f60b4630f40800e12230441352a54ac00000012000004009f33cf
1761085173577 1020 28 51 d3002d3fc71225019504b6912ae1bb803223560366076184185259fa6df2001e00511081a51ec000000000000000000060c762
1761085173577 1043 1 35 d3001d413042a739efa5e0fb7a861fd400000000000000000000000000000000dedd8b
1761085173577 1043 2 35 d3001d413083e73ff35f9f86255f551c00000000000000000000000000000000332ec1
1761085173577 1043 3 35 d3001d4130f258a9ee67aa17190dc49c00000000000000000000000000000000777511
1761085173577 1043 7 35 d3001d4131c3a739c8fe00653391af93ee5e1a0f14fcb3046b0003e7098e89d40884df
1761085173577 1043 8 35 d3001d413203e739e1ead711be622ebbff760f0637ff49bfdee003fb0051f0781837e7
1761085173613 1043 9 35 d3001d413243e73dffdaa9debed533be00b95701bbff96bfef6000000001dc00a4464a
1761085173613 1043 11 35 d3001d4132dc673818df5ec848023ffc000060ff5a7fd980033ff8010000d414e8f366
1761085173613 1043 12 35 d3001d413303a739df0b3c6a3eb78fafff95e900ef7eda00166febff004b1fd808c93c
1761085173620 1043 13 35 d3001d413364e7381614bb1ccf497533ff9651007fff51800c4ff80200419444455d7a
1761085173633 1043 15 35 d3001d4133f5673816ff3308cc8852de00131902c87e14c0101fe000000217e07efaf7
1761085173640 1043 16 35 d3001d413404a737efa5c8aa0579d7c600000000000000000000000000000000b3b749
1761085173653 1043 17 35 d3001d413443e73ff68d7c97b23019edfdaeaeffac7ee28006900000003f400014ef24
1761085173660 1043 28 35 d3001d4137000ef61573ac5e51708d6400438a0103016afff22000000000000002ecba
1761085176094 1042 1 70 d30040412048121d8538f6180000117bde6cbc7648709958f625301f87df802ec33b7b98395d8351c7b0c003a9810f4338008a036c233508675e046524bfef687a2dcc48d1c3
1761085176107 1042 2 70 d30040412088121e68b8f618000034db59263a773dbcb8525e09200bca0e8029a526e9ca595d686127b0c003393ab97c30008803e25d07285a6aabd9cdbfebff7d0ce84cc51b
1761085176107 1042 3 70 d300404120c8121dcc38f61800001b2c7163a7766f4892985b14755791cb002570e87b9f595d690c67b0c003957dcfdd17ff3203466d56083c2b92bd2c7ff093417ebc235a25
1761085176113 1042 4 70 d30040412108121de6b8f6180000309151482676c4c4b89b85106ccfa9de803eccdf6b57795d7719c7b0c000514d0f3f8c01fe0373f47425efd2232c053feb98838eb8e20a76
1761085176120 1042 5 70 d30040412148121e1784f618000060acd7828406db6aadbab506ea3daf20803ca3dfee6e795d7641a7b0c003e54fe0c5f7ffaf03779f741fe919f85ecf7fed24fcadbc65473a
1761085176135 1042 6 70 d300404121881219fd04f6181bff790869e525076ed01eb07a235d09d973814861f50ec1995cffe867b0c0015186e9b747ff46269a7a5af355264d66bdbffa65854fc048fa06
1761085176140 1042 7 70 d300404121c812021e04f6180000715b23feb90111ba3113da1c20504a98812f4199f6c0b95defb567b0cff9dabeb1b753ff74221a9e051c8726855e2ffff7d1c9102c3cf213
1761085176153 1042 8 70 d300404122081203a604f61800006e8496032207809e00695ca77a5fdd6e00f007b31ac8595d33f967b0cffc9829c6c33c00b22c2af7b1e10ce018b53fbffcec470fe444b0f3
1761085176173 1042 9 70 d300404122481219c704f619f700970afc68a60773b21c444d299f75da3f83c2c5b21029995cfe4827b0cfffc98e913da3feac26d1d068f13ce8eff9957ffa8e04209c86d87a
1761085176187 1042 10 70 d3004041228812022784f618003fa4a4dee218010a4430c1c5149df0493c82c3fe5f77b0b95db83c67b0cffa6ebdddab2800132233e14b1b04676ed5423ff7e4c38078cccf03
1761085176320 1042 11 70 d300404122c8121e9a58f618000044c25d9a1407e3a4532f0379b81df41e00939ee680d334a2a4ed47b0c0016f2b3fa3f8002727c76a1b160aafe3de68ffecaa027044563bfc
1761085176320 1042 12 70 d30040412308121e6204f61800006de7fe72e407e7e054a542bf1f49f58780598c1580c074a29e75e7b0c001f32910ef18001b27b58e2116403012aab5bfec9481e00096825f
1761085176320 1042 13 70 d3004041234812036404f618003fc339e9da7e0778b002f3098d3bd7dbb10175b96e9b7cd95da006a7b0cffe84241c1aa4010b2a9deec6debbe881b015fffcb639f06c393c50
1761085176320 1042 14 70 d300404123881203aa38f619f77f4433c531567012b648a5cefdd98e084e0044a3dc892d34a2a2b0a7b0cfff7c7a7732efffa9280e26c60c0581078a9cffee1bc440440b32cc
1761085176413 1042 16 70 d300404124081219e138f619f97f552c8830bd7776c21cee671cc37ddbf58253d46c8f03795d65e0c7b0c0006586ee9947ff75273cc94df372e9d7e0d43ffa810722f46268c7
1761085176453 1042 19 70 d300404124c81203b704f618003ff9d4844d6a0811ba48c0ebb8d7ec07310025b238095b14a2a0cec7b0c0019c7aebbabc002828292af20bdbb96042c37fee4a0741d0869258
1761085176479 1042 20 70 d300404125081203c984f618003fe14f8b44b40813b248d4e221dde0085f0022cb4a898914a2a14547b0c000c07b05eec0005b2829025f0bc341f0a2c93fee3488c230b58ef1
1761085176500 1042 21 70 d3004041254812039884f6180000238984a103080dce47e83dec2df00603801cca218994f4a2a104e7b0c000e87b23397000082821915e0bbc7f0a67cd7fee6548521477b669
1761085176548 1042 22 70 d3004041258812039804f6180000135c34b399080e8848ce2b1eebea05cd802823048987b4a2a15807b0c000b07b203ca3ffef2821ab260bca4955d007ffee4dc9d274c7d8de
1761085176548 1042 23 70 d300404125c8121e0504f61800002dd1b4d6270803c257c0c7ecc9c201df000f759d8c25d4a2a879a7b0cfff55cecca0600048267bd0e3077180f94a16ffed990ef3bc800297
1761085176567 1042 24 70 d30040412608121de504f618003f8e061a72c70ffd7657ad0f4857bdfe99003613048c7094a2a49c87b0cfff49cec4c633ffd6267bc1e807144859e5c63fed8e03b0ecbe25c4
1761085176573 1042 25 70 d30040412648121dec04f6180000328d745f0d08018c5734ce6eecc000d6002ac6870c2fd4a2abc487b0cfff19cb0b72700010268c37c4078987eadb74ffed9fc180606099b4
1761085176587 1042 26 70 d30040412688121dba04f618003fe6fcb930d80ffc78579f4d618d77fe90004238768c8014a2aa5e07b0c00001cb259ce7ffc1268cb858070a8811fd457fed86be0f803ae82a
1761085176600 1042 27 70 d300404126c8121e4d84f6180000158f47899c0fe1b65f5368339d1ff2e6801d7717809cf4a29cee27b0cfff7724bfffdbffe526c4a021158a0fb8adb77febd3be6f989ec5a1
1761085176600 1042 28 70 d30040412708121e5604f618000013703975930fe33c5fccaa91be03f3c600128a96003694a2a13067b0cfffa724b3a803ffba26c351ad15c9ee071fa6ffebcdfe7f9c3836b9
1761085176614 1042 29 70 d30040412748121ebe04f6180000166c432eb80fea3a61c6777caaf9f73d0003cadb7fcd14a29c4207b0cfff2f1e158d04004526ace2ff168a5e175b20ffeb90014050db3cf2
1761085176620 1042 30 70 d30040412788121e9484f6180000263627ab6d0fe6ce5ff17aeba71ff5cd00186869004574a2a53847b0cffef71e29707bfff626ac6d52160845661ca77febabfb1ec4608e59
1761085176627 1042 32 70 d300404128081203c984f618003ff583828c6e08165049055a7bcdbc09588011671f895454a2a16ae7b0cfffc079c0d600009d281cd6050c0ffb882affffee35fc7f1c525ad0
1761085176633 1042 33 70 d3004041284812038e84f6180000000a80c1f80813b048bf7845ec9208528017abf6094d14a2a25ba7b0cffef879bc5c4bffdf281d2b270be287d9c3667fee22e5394ccc2ed5
1761085176648 1042 34 70 d30040412888121ece84f6180000234f695cb90feec6600a5f842991f88a801a2764001b34a29dc8e7b0c0003b1e406067fffd26993ec2161d08a55c18ffebcd3d5f543138fc
1761085176653 1042 35 70 d300404128c8121ea684f618003fc5aeeebd4c0fed6062c4ee90096ff7f5802f117eff9a14a29de387b0cfff531e3f94540004269a04bc1697c62a75ad7feb72ff8fe098f391
1761085176659 1042 36 70 d30040412908121dbd84f618003ffff528bdb30806ce56f25325a5b40306002695bb8cd534a2a8c4c7b0c00085ceba27d7ff9f268aff2a06bdf76219133fedb1742d0832c0a6
1761085176667 1042 37 70 d30040412948121de004f618003ffaea8bdabc0809285788983e2f520412802ad5e68c3f94a2a49167b0c0012dceb42ff0006d268b22e207587f494d8bbfed9bb6bdaca73da6
1761085176673 1042 38 70 d3004041298812035a84f618000008f62148580f8330057f3bd19d0fde2200a7d2ca9b9c595db4c427b0cffd08233d29ac00332986bee9de4926641fe77ffc8342c0b03afdd2
1761085176686 1042 39 70 d300404129c8121a3704f618003ffe3bfe0b6e0f7b9a1fc2a6937505dd2400f047590ceb195d1295a7b0c000597b13644bff692743d156f727a3b43a477ffa69c52148893b39
1761085176692 1042 40 70 d30040412a081201b184f618003ff330e8a93208b97e2658065ce3da31df0122e805f4f8f95db23207b0cff9fed77813abff5a273ca7a5224d61dbf205fff82dc1c07062c147
1761085176699 1042 41 70 d30040412a4812037a04f61800000fa381853a0817184a6fe16454f0096b005b1c02893fd4a2a09a87b0cffd507a29bf8bffe32810d23e0c22b31337e63fee1e728ca07f1150
1761085176706 1042 42 70 d30040412a881203b904f6180000207081fa1908123647d647bdd6460815004ae93d8966f4a2a13c07b0c000c87a429c6bff6128111bba0bd336369a443fee3e6cdb34d78ce0
1761085176720 1042 43 70 d30040412ac8121ed604f618000004191025a50fecd261c42a165ea3f7f5001a23e3803b74a2a98a27b0c001771dc92414000126793bc615aa4743159e7feb923effbcb0efbb
1761085176726 1042 44 70 d30040412b08121e8884f618003fd9337e9b030fedc2625eaa01cc99f785002786387fec94a29e1727b0c0007b1de1f1740058267e175f1643478ad5faffeb9700701c0e0215
1761085176733 1042 45 70 d30040412b48121de404f618003fb64ebc2ef508052e56c3ad907c0a0276002a27838cd6b4a2a58167b0c0000dcfba8347ff8f26b438ae06c7849b702effedad0d4350b925cf
1761085176750 1042 46 70 d30040412b88121d3104d9f8003feee6d7a15b0002f05340eb5f2bc600b7004178eb0c63d4a2a73a06cfcfffe1cfd9a560000b26b4a200073e44a6a91c3feda8cb52d467af39
1761085176787 1042 47 70 d30040412bc8121e8204f618003fa231dac1bd0fe4a05e87dbfc9a29f4fb80161523004fd4a2a2cd87b0cffe9724766a48002426df11a316187488b6f13febc542f0be513ba7
1761085176787 1042 48 70 d30040412c081203bd04f618003feb535f70910814c04fa9f91f758e08c30009ec55897774a29f8ca7b0c0018079332a880050277de3ca0b445c160f1a3fedc2c1e07a963283
1761085176787 1042 49 70 d30040412c48121e8104f618003f62feda6e6a0fe7b45e340c0a7bfff5dc00097231805814a2a3ba87b0c0009f246aa9c7ffab26de3bc915c4068330c9bfebd4c1e07aa9bb7d
1761085176787 1042 50 70 d30040412c881203a984f61800002563bee4a50811204d8f88ba92360785000c0052899474a2a460c7b0c00124793d338fffdc277d82d30b3b1211d7a17fedf5d5254a96dab4
1761085176787 1042 56 70 d30040412e08101fc3fd15bc00005e28509cf5c86fce2c6dd834ecde1ce9813032887cde995dd41da8adeffec467de85d7fe6124a999551347221bdca43ff865ad30029ed7c6
1761085176793 1042 58 70 d30040412e88101ee77d0eb4003cc53a800000cfeaf845ca07ef4577f774002cc8210a6954a29e40c875affe6d4151291c006e27b8e57e0a708992b70b3fee017a600234620f
1761085176807 1042 59 70 d30040412ec8121d9b84f618000000030008190e7d069e6c1f27ee1395fe001444bff2c7d95d822e47b0c002e566c0d03c00f6048a6510187739bb99e23feec81b36cc40a9e3
1761085176807 1042 60 70 d30040412f08121e3f04f61800000091ffeb1806e444ca02c1da35efb15c8010f1c86e1cb95d694da7b0c0034952243ae40012027406d020961c066d16bfe9c79ee7b869ae2f
1761085176820 1042 62 70 d30040412f88121d7204f618000000c2fff3900ed89850b20483ea2fafb7801f87341798395d67bf47b0c00239d0a47747ff4903507e30d4fcba03b9af3ff888c3d0f69c7cbd
1761085176835 1045 2 68 d3003e41509554276b0759068000019c010f839046747fd1a8381108374400c15cb86166a8145d21068fff18ea2a618fff827414e5c0bac0d503047ffc505fe000ff5b61
1761085176835 1046 2 69 d3003f41609554276b0759068000019c010f836446747fd1a8381108374400c15cb86166a8145d21068fff18ea2a618fff827414e5c0bac0d503047ffc505fe3f300e2d03e
1761085176840 1045 3 68 d3003e4150d554276b0f8106803ffeb9ff150fdc0e7c98ba81b959bc0be400f1608c1ae2a813469d068ffe738e64254000527556bd021922cbf54c4ffc01e0180014b1bf
1761085176853 1046 3 69 d3003f4160d554276b0f8106803ffebbff1510080e7c98ba81b959bc0be400f1608c1ae2a813469d068ffe738e64254000527556bd021922cbf54c4ffc01e01807000e3624
1761085176859 1045 4 68 d3003e41511554276b0d2506803ffa33fe78221c0c889a94214682d408440038b5fc1d3ea8130a15068fffa38e7a365fff22755d655215224617558ffc0bdfb000342ca4
1761085176866 1046 4 69 d3003f41611554276b0d2506803ffa35fe7822180c889a94214682d408440038b5fc1d3ea8130a15068fffa38e7a365fff22755d655215224617558ffc0bdfb3ea007491dc
1761085176873 1045 5 68 d3003e41515554236b0fc1040000019c140ba4c00e509916b920967c0c5400646cc01d2aa8132f95040fff638e67eb8ffea27558f6d213a329c1abfffc06e0280062f0fe
1761085176886 1046 5 69 d3003f41615554236b0fc1040000019e140ba4fc0e509916b920967c0c5400646cc01d2aa8132f95040fff638e67eb8ffea27558f6d213a329c1abfffc06e0280b0056aedd
1761085176895 1045 6 68 d3003e41519554236b0e6504003ffd57ff3f83d40cb0a073239cc5d0095801402dec1e62a81316dd040fffe38f1dfe20007270f99bc2112479c564dffc00a01c0015e18b
1761085176901 1046 6 69 d3003f41619554236b0e6504003ffd59ff3f84400cb0a073239cc5d0095801402dec1e62a81316dd040fffe38f1dfe20007270f99bc2112479c564dffc00a01c0b001944ce
1761085176907 1045 7 68 d3003e4151d554399c006cc2603ffed3ff21327c068c9c34994a6ee804fc0089557c1a5aa81332dcc26000f38eb1f69ffd62755c05d22f21ca5240fffbffa03100a6520a
1761085176920 1046 7 69 d3003f4161d554399c006cc2603ffed1ff2132ac068c9c34994a6ee804fc0089557c1a5aa81332dcc26000f38eb1f69ffd62755c05d22f21ca5240fffbffa0300e4861c1b2
1761085176927 1045 8 68 d3003e41521554276b0d2d06803ffc4dffe71d340e1096ba13c2b4a009c800c5a0441c66a81367f9068000a38fc1919000b2791d09321dc2859363fffc077fa8009bb79b
1761085176932 1046 8 69 d3003f41621554276b0d2d06803ffc4fffe71d140e1096ba13c2b4a009c800c5a0441c66a81367f9068000a38fc1919000b2791d09321dc2859363fffc077fabe600e71f38
1761085176956 1045 9 68 d3003e41525554276b0e5106803ff793ffbfab7c0c28962fafccd488096c00c35f401f82a81338e5068000238fc9b10000a27921cf621512166b928ffc172ff400095b1a
1761085176956 1046 9 69 d3003f41625554276b0e5106803ff795ffbfaba80c28962fafccd488096c00c35f401f82a81338e5068000238fc9b10000a27921cf621512166b928ffc172ff7fd00da7696
1761085176961 1045 10 68 d3003e41529554276be96106803ffe91fcf2606ba2b8701b95d8d177b6a000827e9436eea8134901068001fe3e6e1af000528b316fe1b2e8ca5c1bdffc3e8fe0000c2bcf
1761085176974 1046 10 69 d3003f41629554276be96106803ffe91fcf260aba2b8701b95d8d177b6a000827e9436eea8134901068001fe3e6e1af000528b316fe1b2e8ca5c1bdffc3e8fe3fa00f864c4
1761085176974 1045 11 68 d3003e4152d554236be889040f80770008e64b23a2d86e88b36dd9ffb66400380d903546a8137ef50400035e3fbc4f0fff828949d141c2627b73c6cffc43cef00062c12b
1761085176987 1046 11 69 d3003f4162d554236be889040f80770208e64ae3a2d86e88b36dd9ffb66400380d903546a8137ef50400035e3fbc4f0fff828949d141c2627b73c6cffc43cef3b7007f310b
1761085176994 1045 12 68 d3003e41531554276bea8106803fff23ffface0ba0f072064f7b5e53b6300061807c38daa8135555068002ae3fbb1c700112894b99e1a4bed216a9bffc3eaf2400aaf7aa
1761085177000 1046 12 69 d3003f41631554276bea8106803fff21ffface37a0f072064f7b5e53b6300061807c38daa8135555068002ae3fbb1c700112894b99e1a4bed216a9bffc3eaf27c800b1ab15
1761085177008 1045 13 68 d3003e41535554276be95906803fffb1ffd42cdbaafc6d4c86389c13bba4009834f43c9ea813641d068fffbe3faf59f000a28b4e71c196abffb8dc5ffc502034001919a8
1761085177014 1046 13 69 d3003f41635554276be95906803fffb3ffd42d0faafc6d4c86389c13bba4009834f43c9ea813641d068fffbe3faf59f000a28b4e71c196abffb8dc5ffc5020340d00bb90b6
1761085177020 1045 14 68 d3003e41539554216b038502c0010c2e0b5200d442209231ef1799a834fd4ff336dfd736952c6db102cff61b50bd32a01a922f0854f3e92798b54ddffc7b3fad00e6aa6e
1761085177028 1046 14 69 d3003f41639554216b038502c0010c2e0b5200a442209231ef1799a834fd4ff336dfd736952c6db102cff61b50bd32a01a922f0854f3e92798b54ddffc7b3fafe6489d67d2
1761085177039 1045 15 68 d3003e4153d554276bebd106803ffe8bff2560bbafb86bc5093d1437c08c00b83034373aa8137ef5068fffde3fa1488fffa28b46f5a1ad7bfdc6e72ffc4c603c00a54782
1761085177046 1046 15 69 d3003f4163d554276bebd106803ffe8dff2560efafb86bc5093d1437c08c00b83034373aa8137ef5068fffde3fa1488fffa28b46f5a1ad7bfdc6e72ffc4c603c10005f2fd2
1761085177060 1045 16 68 d3003e41541554236b062504003ffebbffb6494049287e58383f8690397000720ac4630ea8145f4d04000198e5ab2fbffe4275171d50acf8cfefb5effc45ffc800cd68cc
1761085177060 1046 16 69 d3003f41641554236b062504003ffeb9ffb649a449287e58383f8690397000720ac4630ea8145f4d04000198e5ab2fbffe4275171d50acf8cfefb5effc45ffcbf7000f528b
1761085177073 1045 18 68 d3003e41549554266bb41505e0001764084d20d021e8ff601b336adc1c794fe05147f11a952af89105e0365b5b2a51f05f222eda4d6278379024dc6ffaa7ffd500bbf03f
1761085177081 1046 18 69 d3003f41649554266bb41505e0001764084d20b821e8ff601b336adc1c794fe05147f11a952af89105e0365b5b2a51f05f222eda4d6278379024dc6ffaa7ffd7f248383d99
1761085177094 1045 19 68 d3003e4154d554276b0c15068000151e09b393a40ba496ac555bfce80934001e231c1c4aa8136c4106800113930bc12ffff278e6a1921a639e5913fffc0e8fa400b94b8b
1761085177094 1046 19 69 d3003f4164d554276b0c15068000151e09b393ac0ba496ac555bfce80934001e231c1c4aa8136c4106800113930bc12ffff278e6a1921a639e5913fffc0e8fa7e800533a04
1761085177108 1045 21 68 d3003e41555554276b05ed06803ffeb7fd2518285000807c71332be43ec8002c65c8590aa8141f9d068000d8e80fdbdfff4273d45e70e1ffafa701affc46f0040074fc8b
1761085177119 1046 21 69 d3003f41655554276b05ed06803ffeb9fd2518445000807c71332be43ec8002c65c8590aa8141f9d068000d8e80fdbdfff4273d45e70e1ffafa701affc46f00400006d8ed9
1761085177119 1045 23 68 d3003e4155d554276b074506803fff5dfff1e47c57887b7a8171c44443d0004796005d3aa81463d106800008e5b8c91fffd2751395a0d2956eb254dffc4f300800d8b16b
1761085177133 1046 23 69 d3003f4165d554276b074506803fff5dfff1e4f057887b7a8171c44443d0004796005d3aa81463d106800008e5b8c91fffd2751395a0d2956eb254dffc4f30080600ac6ada
1761085177146 1045 24 68 d3003e41561554276b087d06803ff40dfefe03644c1882065f49d8543ba801363a5063eaa8148739068001a8e97cc38001027263c6b0a771f74f1b0ffc3effb400a1624a
1761085177159 1046 24 69 d3003f41661554276b087d06803ff40dfefe03384c1882065f49d8543ba801363a5063eaa8148739068001a8e97cc38001027263c6b0a771f74f1b0ffc3effb7e80020d7b6
1761085177159 1045 25 68 d3003e41565554276b06e106800000180016112848d87f72d628bf7838c8006b04386286a8142195068000e8e80fdd1ffe3273d55b60af3e296fa27ffc46103800d784a8
1761085177173 1046 25 69 d3003f41665554276b06e106800000180016114848d87f72d628bf7838c8006b04386286a8142195068000e8e80fdd1ffe3273d55b60af3e296fa27ffc4610380f0094775d
1761085177207 1045 26 68 d3003e41569554276be92506800005f800747cbbaaa0703c43144d33bd7800c3fff03edaa81338e9068fff7e3e36ed80004286f05c818c7b0abf50effc49ff94008bcc5a
1761085177221 1046 26 69 d3003f41669554276be92506800005f600747c9faaa0703c43144d33bd7800c3fff03edaa81338e9068fff7e3e36ed80004286f05c818c7b0abf50effc49ff97e200035867
1761085177262 1045 27 68 d3003e4156d554276b074d06803ffa4dfcb56d944d388288fd0859f43d40007bf0ec599ea814276106800058e80a111001e273cf8ec0e21f8909a6bffc437ff80051b444
1761085177274 1046 27 69 d3003f4166d554276b074d06803ffa4dfcb56da84d388288fd0859f43d40007bf0ec599ea814276106800058e80a111001e273cf8ec0e21f8909a6bffc437ffbfe00507d61
1761085177300 1045 29 68 d3003e41575554266b0c7d05e03ffe19ff6999e80ac49f584d5e1690092000c2f4381b1ea81310f505e000838f1edb200032710767021b65649dfabffbf8bfac00675570
1761085177340 1046 29 69 d3003f41675554266b0c7d05e03ffe1bff699a1c0ac49f584d5e1690092000c2f4381b1ea81310f505e000838f1edb200032710767021b65649dfabffbf8bfafec005e3086
1761085177367 1045 30 68 d3003e41579554276b087506803fe97bfea94020469480b0df70c6ec384000c43fd858dea8148c61068ffea8e96e511fffe272610cc0e471f1b5b31ffc47f00000f3bda0
1761085177393 1046 30 69 d3003f41679554276b087506803fe97bfea94028469480b0df70c6ec384000c43fd858dea8148c61068ffea8e96e511fffe272610cc0e471f1b5b31ffc47f003ff0051c18d
1761085177427 1045 31 68 d3003e4157d554276b08f106803ffebdff9cdd845630826ffb3e2f884350007600d8635ea8141721068ffec8e8033a00001273d04160ad7d8f5ad7bffc45e03800bcbd7f
1761085177447 1046 31 69 d3003f4167d554276b08f106803ffebdff9cddc45630826ffb3e2f884350007600d8635ea8141721068ffec8e8033a00001273d04160ad7d8f5ad7bffc45e0381000b7dcd2
1761085177454 1045 33 68 d3003e41585554276be9cd06803fff7e00061163a6a46aabee600c7fbb7c00c61ba03f2ea813738d068fff4e3fa9e81002228b5160a189fa6e408c7ffc4f8fa800909d01
1761085177474 1046 33 69 d3003f41685554276be9cd06803fff7e00061157a6a46aabee600c7fbb7c00c61ba03f2ea813738d068fff4e3fa9e81002228b5160a189fa6e408c7ffc4f8fabe7002e29ab
1761085177494 1045 34 68 d3003e41589554276becc506803ffec3ff210c6ba9846bde41a86653bc9000a5cb7c34f6a8134ba5068ffe3e3e71ce6fffc28b2f4811bf291a2ceacffc54f00c001c155f
1761085177513 1046 34 69 d3003f41689554276becc506803ffec3ff210cc7a9846bde41a86653bc9000a5cb7c34f6a8134ba5068ffe3e3e71ce6fffc28b2f4811bf291a2ceacffc54f00c07008b01a7
1761085177533 1045 36 68 d3003e41591554276be92506803ffd0bfe13f0cba7b46bf5f8abc82fbad800879c84361ea8134ad9068001ae3faedc3ffcb28b4f4241c1ac3c7c952ffc54803000b5e510
1761085177547 1046 36 69 d3003f41691554276be92506803ffd0bfe13f117a7b46bf5f8abc82fbad800879c84361ea8134ad9068001ae3faedc3ffcb28b4f4241c1ac3c7c952ffc5480300f00fca834
