# RTCM Message Log (ephemeris only)
# Generated: 2025-08-19T16:03:27.477304
# Filtered: true
# Filter UTC: 2025-08-19T16:03:00Z
# Filter receiver: lat=38.36876, lon=-78.92694, h_m=100.0
# Filter mask_deg: 0.0
# Mountpoint: BCEP00BKG0
# Allowed types: [1019, 1020, 1042, 1046]
# GPS Week: 0
# GPS TOW: 0ms
# Format: [timestamp_ms] [msg_type] [sat_prn] [length] [hex_data]
# ----------------------------------------
4030:0 1019 5 67 d3003d3fb154c040270d3a0100fff9e379d40df950307350d7c719fa1402f517b80317a10cd2ad3a01000b3472aa92ffb827d1506c2d1939cd376fffa6e2e9003d2acd
4102:0 1019 10 67 d3003d3fb294c04063573a0200ffb5bd31f857f6f32d0396ac27daf7e4054f547e02b0a10d32f43a02004336ad265cffc4285752d72e6fa1873565ffa85905009616f3
4124:0 1019 13 67 d3003d3fb354c041071d3a0100fffc5bb74c1df3e92d5039a1b7fef57e04f00b9015eba10d817c3a01ff8666fe19b3000a27b766701793282112ddffaabce70020c118
4137:0 1019 15 67 d3003d3fb3d4c07ee9503a020000222b31f050f14838091b4819e2f33b0884f95e11bba10d01a43a02ff8e5a4b39ceffed264f4e251a923b0f184cffa27eea00c0122a
4159:0 1019 18 67 d3003d3fb494c0437b093a02000045b5123f090dfd2d40f15ff03e0c6e02d3ef33087ba10d7a083a0200360c7b8256fffd27a9752d266788ce2d75ffa6f2ee00cd2e9a
4187:0 1019 23 67 d3003d3fb5d4c040950e3a020000344566c40ef7a32de6c6bbf3e6f8c702d6202b030ca10d5bb83a02001235680eeffff82823dcfa2d398c313ddaffa689ee008ab0ae
4194:0 1019 24 67 d3003d3fb614c044253f3a0200005dd5312c3f00383ae3f8a39117007b08caf72a123ba10d4c533a02ffbe876450d5006d2617184018b62c23131affa23805000b4062
4215:0 1019 27 67 d3003d3fb6d4c07ac12d3a0200fffdfce2082d07cc2f644782021e068e06e683411657a10d461b3a02ff57e080db86ffd126ed6d9f157122b5dc2effa9810500dd1bbc
4229:0 1019 29 67 d3003d3fb754c07c0c063a0200002ec2ccf40608bb2c233fa0cfa807ce01b7e2311488a10cdcdc3a02fff6e411d0db0035274ec356181970bb6796ffac94eb00f0ec7c
4236:0 1019 30 67 d3003d3fb794c0445a503a0200005ef830b050009d37bdc9e948d2005903ef8af2125fa10d11e03a02004d8b6b4b5f0006262472a6188ba01ea708ffa73e08003139d5
4294:0 1020 1 51 d3002d3fc0503300cd1d7b9703c9d75123f3a5b73e6bf516a59e52cd0ee0001d11e2ea8024aac00000000000000000008a6ba4
4301:0 1020 2 51 d3002d3fc087b300cd09ff78abb725a011ad1ed2370cb534a16b23ff5d02801c0362818124aad2a00000000a000009008407f0
4308:0 1020 3 51 d3002d3fc0d83300cd8f2d84c684a4618e26f7bc4f4932346a66a47a5da3000d10c934c034aac0000000000000000000d0ddf3
4359:0 1020 10 51 d3002d3fc2803300cda2da024b7baa52046c541161517128fbfe3e7a43f2406c305482c154aac0000000000000000000ee3330
4366:0 1020 11 51 d3002d3fc2ce3300cd804ebf624fbb7282a0e2907f8860391aa1802c4540401d0164f0c064aac000000000000000000004b706
4407:0 1020 17 51 d3002d3fc4563300cd120087a26972a0af13a699f149b586c79959db7400003d1cba880134aac0000000000000000000e7ddf7
4414:0 1020 18 51 d3002d3fc489b300cd11afa6b4c76e61a63e2c26e71f912057f44b092bf2802d1c90818124aad2a00000000a000008007681f8
4454:0 1020 24 51 d3002d3fc6123300cd08f5d7046a1ef19d121cd37e66b5ada162362d1e42402c0f85090164aac000000000000000000041cedd
2685:0 1042 11 70 d300404122c800008a30e1000a4046f4e6e5fa584dda447f72df6f3c208b8088dfd08832d4a29e80a7080001e3e1e6b1b000aa27d821a40d2d6f284a357fee31c26038b1e354
2685:0 1042 12 70 d3004041230800008038e10008c05c9235b71368475446ddb528f7441d95804dc6b1887974a2a1a887080000e7dfbc90c4005227c65b3a0cffaeead6e2ffee2ac1e0040a5027
2685:0 1042 12 70 d30040412308001f4104afc800005c34359389004abe479389077a461e28804dc6bf866954a2a232a57fbfe46fdfca7b480093d839a3920f5feee7e0de7fedf801e004ab623d
2685:0 1042 14 70 d30040412388001ecaa4e101fdbf4294e3db2747a9d24cf0351cb2afdce7004f516d054ff4a2a35627080000d9312b14b7ffc5280269dc10b44170047abfed7944604c3a5c65
2901:0 1042 21 70 d30040412548001f2d04e100003fe2fe8268570fb33e4d109a41cf53e0a28027986f85aa34a2a2fc07080ffffd31d2d4cc00a12815e911106ec0aa7ed9bfed908852145d98cd
3049:0 1042 26 70 d3004041268800006b04e100003fe722bd3e8208082a61d9c0f595b202d380399b050616f4a2a59da70800000681d6bfd0005926882a9e0ead86e4dea17fece8be0f808d320e
3076:0 1042 28 70 d3004041270800002704e100000013673642a20849a04e973919f95e1d65800e855989a6b4a2a44c2708000047db93761fffe126d440680a76a95df107bfeda07e7f9ca6bde9
3116:0 1042 33 70 d30040412848001ee004e100003ff3c081743f0fa7f24c67e9df3e79dbf6802307ab053e14a2a25ee7080fff8d306ce4efffec28115a1c10e886d178eb3fed9025394cdf1edc
3124:0 1042 34 70 d3004041288800002904e100000023836393b2084b0e4f98b1f1fbee1f1f801c87fe88a614a2a118070800014fd52aff4c000426aa522e0bdb0b6fb1fd7fed9ffd5f54b2960d
3194:0 1042 42 70 d30040412a88001eda04e100003fa95b8fac560fad464c22a6619397de87804c98fd85cfb4a2a30c270800028930f5d56bfff028055829100e378971c27fed7aacdb348838c6
3201:0 1042 43 70 d30040412ac800000c84e1000000041a0f7a54084d5052307dc9b6781fe6001b4342094f14a2aaf82708000003d4ba80e3fffa268a51cf0aa98a127d447fed727effbcaecc5f
3215:0 1042 45 70 d30040412b480000a204e100003fbe3cc7632e080a4c5f563c6b72c204418023036185f474a2a16f070800001686641dbc001126af45700ef7fff3166fffed010d435083dd9d
3244:0 1042 49 70 d30040412c4800003004e100003f9565eff73f084fc84ec03d1ae1aa205c000c20a6092214a2a56c4708000073db44f11bfff026ef2e950b18cd925880bfeda4c1e0784794b5
3252:0 1042 50 70 d30040412c88001f1924e10000002652b8c9de5fadf8526c25e12131dec7001337e185b314a2a68e47080001d1301087300067277190580fd40b9fec87ffed10d5254a87eee3
3260:0 1042 50 70 d30040412c87fe1fffb94a78000025c8b83a157007065880bf84b7b20333001305df85f6f4a2a377aa53ffffffffffffffffffffffffff0fc37fffffffffffffd5254a59527f
3357:0 1046 3 69 d3003f4160d530026b05f8ef603ffeb7ff2270ffa54c7e735e0e097bb95c00f500205fcea813f2d0ef6ffd26654bba100042757ba0b0bc61eafd717ffc6210140600c9eaa6
3396:0 1046 5 69 d3003f41615530026b06a4ef600001a013fa8b6fb17c7d5c0964db0bc3cc006fce205fe2a8142244ef6fffc6654d201ffed2757ddbe0b8113ae33a5ffc5870180700b62470
3410:0 1046 6 69 d3003f41619530026b0630ef603ffd67ff5b0957b9c485641c8fd2ebc8fc010df3d05b5aa813e834ef6fff4666364ccfffc2711d1480d453e75eb1effc52701c0c00a4db90
3452:0 1046 9 69 d3003f416255307b6b065ceba03ff783fbd7c017b3207984481a14b7c54800df79bc6046a8142eb4ebafffc66686de40001279489b80bf31235097dffc61bffffe005a613d
3480:0 1046 11 69 d3003f4162d530016b0e28eecf808a7803a9687c448074fd3029533c35a800a0698410eaa813690ceec00151154d37a000528994c9427bb3acd545effc368ef7b7006fe534
3535:0 1046 15 69 d3003f4163d530016b10c0eec03ffe97ff344604544071c1c0cdd15c3ef0004e49c0113ea8135550eecfffb1151f611ffeb28b923a72740b80d19f0ffc29b050150031e71a
3790:0 1046 34 69 d3003f41689530026b10c0ef603ffebbff2e3fb44ed470cf557f62783dc000a91dc00d0aa81353a0ef6fff7113f0645ffde28b7b6a6283775c808daffc2880240d000e7079
3893:0 1046 36 69 d3003f41691530026b1040ef603ffcfffe32f900497070f2b0b658943ac4001a312c0e9aa8135990ef600171152bc44ffe628b9a5a6285dbee3ca08ffc31d03c1200deebdd
