# RTCM Message Log (ephemeris only)
# Generated: 2025-08-19T16:03:27.477304
# Mountpoint: BCEP00BKG0
# Allowed types: [1019, 1020, 1042, 1046]
# GPS Week: 0
# GPS TOW: 0ms
# Format: [timestamp_ms] [msg_type] [sat_prn] [length] [hex_data]
# ----------------------------------------
3928:0 1019 1 67 d3003d3fb054c04326b93a0200002f2c03e0b90dcd314813bf768c0c1100558f5c094ba10db5f73a02fff90ed0781cffff27169e8824e2028466a8ffa617ed001f4cbb
3963:0 1019 2 67 d3003d3fb094c2011b1e3a02000050f3b3341e112e2d5d52fc2a240e880873035a0be0a10d6fb63a02006c0827fe93001c2754a10d2198d987a578ffaa3cda0108fb1f
3993:0 1019 3 67 d3003d3fb0d4c1406e643a0200ffe459a0b464f9782d6cbd664464fab8034ac864023aa10dd4a53a02005936c75f9b0037285bbc762ed231b55affffa7ae03002dba78
4012:0 1019 4 67 d3003d3fb114b0430248891c0000224ec50748fd2f2fc5b6754cbffd7601bc1fdc109da10cb47d891cffd96785e257fff627784d9b1ce8882450f4ffaa47f600628b4e
4030:0 1019 5 67 d3003d3fb154c040270d3a0100fff9e379d40df950307350d7c719fa1402f517b80317a10cd2ad3a01000b3472aa92ffb827d1506c2d1939cd376fffa6e2e9003d2acd
4053:0 1019 6 67 d3003d3fb194c043370b3a0200ff8cbf5ab40b0cda2907f7616dbe0b1401ba46a90a8ba10d12933a02fff40c93464dfff428469ad22481e4138a07ffa9a80800fa27a3
4065:0 1019 7 67 d3003d3fb1d4c0437e5a3a0200ffd0f7bf1c5a00a534b5d064d24900d40a256c261210a10d8f073a02006c8bab00cc00ec26beaa3919efad4f9e14ffa7aee9002c2930
4081:0 1019 8 67 d3003d3fb214c079943f3a0200000045bf243f0601315843c478780562056d3b9b1628a10ce1033a02ffafdf447ccd002a268e6019151c12cfd077ffa8a30a005c46ac
4093:0 1019 9 67 d3003d3fb254c07fa90a3a010000375f5a680af0ad2fcb5bd38a1df2c101be4f9b119ea10d51583a01002d5ff7adb7ffd8273a0a2a1b005157efb9ffa9d40100adf529
4102:0 1019 10 67 d3003d3fb294c04063573a0200ffb5bd31f857f6f32d0396ac27daf7e4054f547e02b0a10d32f43a02004336ad265cffc4285752d72e6fa1873565ffa85905009616f3
4109:0 1019 11 67 d3003d3fb2d4c042a22b3a02000060abf4f12b0d822f1025a959a80b5f010f75cb09ada10db8163a02fff60d83fcca001427546ab9245a9e2f0402ffa706ed005604e3
4116:0 1019 12 67 d3003d3fb314c07b48553a0200fff6b1d85c55006c33ccb442d439005f04750b5d0d4ba10d18f63a020065b92e3a1400672717ce75201b3ddfb126ffa970e500358e90
4124:0 1019 13 67 d3003d3fb354c041071d3a0100fffc5bb74c1df3e92d5039a1b7fef57e04f00b9015eba10d817c3a01ff8666fe19b3000a27b766701793282112ddffaabce70020c118
4130:0 1019 14 67 d3003d3fb394c07d6bce3a0200002659f3d5ceff8037e6ad15a2e8ff9b032257730c9ea10d0b7b3a02ffedb7146492ffd6266a1c541fdc8f46f11affa6a1ef00951029
4137:0 1019 15 67 d3003d3fb3d4c07ee9503a020000222b31f050f14838091b4819e2f33b0884f95e11bba10d01a43a02ff8e5a4b39ceffed264f4e251a923b0f184cffa27eea00c0122a
4144:0 1019 16 67 d3003d3fb414c07bf9383a020000470b27bc38005c33936b34e3ecffd5076dbdac0d0da10e2fb33a020025b9e2741eff8d270fcbbf202f24521a2effaabbea00b3fd14
4151:0 1019 17 67 d3003d3fb454c07c81223a0200ff77128a202205e52cbf43ad28d8054006b50801154fa10def2a3a0200b0e368f41affc52733996a1667cf1167b8ffac93e80073af99
4159:0 1019 18 67 d3003d3fb494c0437b093a02000045b5123f090dfd2d40f15ff03e0c6e02d3ef33087ba10d7a083a0200360c7b8256fffd27a9752d266788ce2d75ffa6f2ee00cd2e9a
4166:0 1019 19 67 d3003d3fb4d4c07cddba3a0200001a55ef9cba08552bef8e8d52ab07b705879e071599a10d56393a02ffbfe534330c0029272bb340167b741ee502ffacd6df00dbc4a1
4173:0 1019 21 67 d3003d3fb554c07feccb3a020000cf18b207cbf92f34397b996a37f9ee001191b2033da10d3b973a02ffec3745a3d6ffe6271ccb682c07226cd858ffa42aee00fc3af1
4179:0 1019 22 67 d3003d3fb594c07aeb5e3a0200000ef359e05effda335a5a918dd2001206a54f140ce2a10d19f93a02003cba050472003227099cbb2013d539e2e4ffaa6ae8007dd298
4187:0 1019 23 67 d3003d3fb5d4c040950e3a020000344566c40ef7a32de6c6bbf3e6f8c702d6202b030ca10d5bb83a02001235680eeffff82823dcfa2d398c313ddaffa689ee008ab0ae
4194:0 1019 24 67 d3003d3fb614c044253f3a0200005dd5312c3f00383ae3f8a39117007b08caf72a123ba10d4c533a02ffbe876450d5006d2617184018b62c23131affa23805000b4062
4200:0 1019 25 67 d3003d3fb654c07cba533a0200fff13e579c5300a3365cb2eba67e00a10652bc8e0c70a10ca0343a020093b571dc52ffe4269d6517203d2df92ff7ffa91e0c00db695f
4208:0 1019 26 67 d3003d3fb694c07e1f553a0200ffffdde26c5500953c168ff002c60073053a876f0be6a10cde883a02000eb28e5ed9ffc025d515ab1fa01a2208d8ffa5b20e00b6c749
4215:0 1019 27 67 d3003d3fb6d4c07ac12d3a0200fffdfce2082d07cc2f644782021e068e06e683411657a10d461b3a02ff57e080db86ffd126ed6d9f157122b5dc2effa9810500dd1bbc
4222:0 1019 28 67 d3003d3fb714c04460483a0200fff6ac77cb48ff213180d599e66dff490030d7c612c5a10d44a43a0200068a878928000a27318d4a1a2e0af79e71ffaaafec006c138c
4229:0 1019 29 67 d3003d3fb754c07c0c063a0200002ec2ccf40608bb2c233fa0cfa807ce01b7e2311488a10cdcdc3a02fff6e411d0db0035274ec356181970bb6796ffac94eb00f0ec7c
4236:0 1019 30 67 d3003d3fb794c0445a503a0200005ef830b050009d37bdc9e948d2005903ef8af2125fa10d11e03a02004d8b6b4b5f0006262472a6188ba01ea708ffa73e08003139d5
4244:0 1019 31 67 d3003d3fb7d4c2059a0e3a0200000ee65a940eff65338aaa310998ff70057c0cf111b5a10da87c3a0200528c9eda90ffea26e694451a7b22e08f46ffaae1e301de554e
4251:0 1019 32 67 d3003d3fb814c0407c0c3a02000072d184440ceeed2def6230bff7f1270468b3ed142aa10d39d23a02fff660a1ba57ffad275b1ac01859ac0eed60ffac360200be8801
4294:0 1020 1 51 d3002d3fc0503300cd1d7b9703c9d75123f3a5b73e6bf516a59e52cd0ee0001d11e2ea8024aac00000000000000000008a6ba4
4301:0 1020 2 51 d3002d3fc087b300cd09ff78abb725a011ad1ed2370cb534a16b23ff5d02801c0362818124aad2a00000000a000009008407f0
4308:0 1020 3 51 d3002d3fc0d83300cd8f2d84c684a4618e26f7bc4f4932346a66a47a5da3000d10c934c034aac0000000000000000000d0ddf3
4315:0 1020 4 51 d3002d3fc11a3300cd9deeecb6853021a3d0dd87d4fee216ffffd2f61a42002d282ffcc044aac0000000000000000000b59f42
4322:0 1020 5 51 d3002d3fc1503300cd9cc5528aefd3e1a692f531a9cea492b954d5a67720000d144730c134aac000000000000000000092241d
4330:0 1020 6 51 d3002d3fc187b300cd879a3d34ff56208cea5050251fa4b6c1a09a580a52c01a1df510c134aad2a00000000a0000080046d72e
4337:0 1020 7 51 d3002d3fc1d83300cd0f0445465c0ef10e23de3c47a921b4886a2486b793000d0e84e88014aac00000000000000000006e739a
4344:0 1020 8 51 d3002d3fc21bb300cd1e35fb3649183123980805966972961fc7538b5532800c008c450024aad2a00000000a0000080031928a
4352:0 1020 9 51 d3002d3fc24a3300cdb0cacc125508c00971da29590131058b3a58e65e13003d23d7750154aac0000000000000000000a1e803
4359:0 1020 10 51 d3002d3fc2803300cda2da024b7baa52046c541161517128fbfe3e7a43f2406c305482c154aac0000000000000000000ee3330
4366:0 1020 11 51 d3002d3fc2ce3300cd804ebf624fbb7282a0e2907f8860391aa1802c4540401d0164f0c064aac000000000000000000004b706
4373:0 1020 12 51 d3002d3fc30db300cd259f9e3a903a1187ad37aab995a1250c3cc43aa7a2800d079d320114aad2a00000000a0000090051f962
4380:0 1020 13 51 d3002d3fc34a3300cd31907986b5afc088b1b5aab23461006f98d9ce4b43000c0819798044aac0000000000000000000f7cbaa
4387:0 1020 14 51 d3002d3fc381b300cd20912ccf42ffa28414908f034761ab2b56ba59b5e2800b03d8818024aad2a00000000a00000800fb80c0
4394:0 1020 15 51 d3002d3fc3cfb300cd8313c8e198e34202d41b12f77160b8db5b0652bb60c01b0885d8c114aad2a00000000a00000800bfe50f
4401:0 1020 16 51 d3002d3fc40db300cda5b566ba632f4107f5482a6b2040a50f2744aedfb2800d0519090144aad2a00000000a00001000998a49
4407:0 1020 17 51 d3002d3fc4563300cd120087a26972a0af13a699f149b586c79959db7400003d1cba880134aac0000000000000000000e7ddf7
4414:0 1020 18 51 d3002d3fc489b300cd11afa6b4c76e61a63e2c26e71f912057f44b092bf2802d1c90818124aad2a00000000a000008007681f8
4423:0 1020 19 51 d3002d3fc4d5b300cd062958ae2a1f4187fc4656b639e237eac2116c50f3c05800e9388064aad2a00000000a00000900de445f
4428:0 1020 20 51 d3002d3fc513b300cd89778e8b3015811c91ac53697f252ec3f5b539cfb2c01811b8e14134aad2a00000000a0000080098eb7d
4435:0 1020 21 51 d3002d3fc5563300cd91cf311d6063c02e568123534dc40c88ecd86eb280404c1e15d84134aac00000000000000000006517da
4441:0 1020 22 51 d3002d3fc5883300cd9108f1371b1851240dedab0b8001a31529c6e25342002d0a9e410044aac0000000000000000000ee0b63
4448:0 1020 23 51 d3002d3fc5d43300cd88388b2ebb6c910a9322d4eb82d2b7ba8f970990c3401c156a924134aac0000000000000000000676661
4454:0 1020 24 51 d3002d3fc6123300cd08f5d7046a1ef19d121cd37e66b5ada162362d1e42402c0f85090164aac000000000000000000041cedd
4461:0 1020 25 51 d3002d3fc65c107bc3a63dd99a1cbe5216c2e136976b041c4734cf2da520c01e083e548154aad2a00000000a00001000e20a64
4468:0 1020 26 51 d3002d3fc6823301cd1d1f943b42f2f22137e50ed6c4729c26374eccbe33002e0f7062c044abc000000000000000000037a17b
4475:0 1020 27 51 d3002d3fc6c43079c302ae23234408f1288f3b3aacde52a23b31485bb372000e0425ba8154abc0000000000000000000cf7ba1
2479:0 1042 1 70 d3004041204800020140e10000001177db88fa87b43d97f0422c285bea3e8018d4fd6a9ad95d7bd107080ff610d554effbff53048fa97927156f3a34bd40107b3cbe782d7568
2490:0 1042 2 70 d300404120880001ef40e100003f7b21d754c0875dc1cdc36db1bf2fd284802b28acef42595d81afa7080ffe24ec3233e400c005a1668f1e693d9af5e740090e009ddc9f2cfd
2497:0 1042 3 70 d300404120c800017340e100003fe279718da887b699a97953286f45eb2a803593106a9a995d6a7027080ffb38d23f61b400db04ac8b5c2709c7433d8b800e08017ebcb23a9a
2504:0 1042 4 70 d30040412108000270c0e10000001558581642878079a926bab3c829dc42802e884f6a7f995d65ade7080ff7c8dddc3437fded0545e9cb2751a266084f000e2ec39eb0b04f29
2511:0 1042 5 70 d300404121480001c984e10000006845a3227c0791f1ba0bc6e668fde0bc80280c58ee46d95d7f3b270800002cdddf5694013e053640a3200feedb7599800b6e7ffe905993ab
2518:0 1042 6 70 d300404121880004e684e10000011103662803000d3e1c05a0e0b7100232813962b18ff1995db5cce7080ff8be391811affec2269f608af21a265e69a5fffb2d454fc4c2dee8
2525:0 1042 7 70 d300404121c8001b3204e100000075ce1112460023ea1e57090d621c0b09813b217415cb995d7c8287080ffc5f71c8845402a1222fc95ce4e1660c047d3ffaf2c94028906a20
2532:0 1042 8 70 d30040412208001fb50ce101ee7ed256875b981f6ebc15be8515e0cbd6fe80e7a36773b0795cdd9e4708000a34dc1df9a3ffea2c0cc8ee2748df3ebbfe7ff96146efe406f308
2539:0 1042 9 70 d300404122480004c384e10000009b25e366af0020561dcd77331130077d03ac1ba68f7e795d900147080ffb6640bbd99c002626d5a5b6f318690060d03ffb18841098fa5d66
2546:0 1042 10 70 d30040412288001b4384e100003fa531eda3130026181e64f000bf0a0be082cf66e21635f95d65c0870800000770f2837801f52248c015e3d3672ce473bffadf43a078db7f05
2685:0 1042 11 70 d300404122c800008a30e1000a4046f4e6e5fa584dda447f72df6f3c208b8088dfd08832d4a29e80a7080001e3e1e6b1b000aa27d821a40d2d6f284a357fee31c26038b1e354
2685:0 1042 12 70 d3004041230800008038e10008c05c9235b71368475446ddb528f7441d95804dc6b1887974a2a1a887080000e7dfbc90c4005227c65b3a0cffaeead6e2ffee2ac1e0040a5027
2685:0 1042 12 70 d30040412308001f4104afc800005c34359389004abe479389077a461e28804dc6bf866954a2a232a57fbfe46fdfca7b480093d839a3920f5feee7e0de7fedf801e004ab623d
2685:0 1042 13 70 d30040412348001fdc90e101f4bfcb66f311301f7f6618323386a97bdb2781615915736c595d5f8227080009acd6885df7ff8d2a7fe8ed26e9a853d0767ff913f9e06c15b818
2685:0 1042 14 70 d30040412388001ecaa4e101fdbf4294e3db2747a9d24cf0351cb2afdce7004f516d054ff4a2a35627080000d9312b14b7ffc5280269dc10b44170047abfed7944604c3a5c65
2778:0 1042 16 70 d300404124080004dc04e100003f5b60a368c60009ba1a8f898806600112025680b18ff0f95cfc0ee7080ff936390f60bfff2b2741a974f259ea0c37893ffb47fe50b8a28537
2816:0 1042 19 70 d300404124c8001ef684e100000001c684a93d0fbd2049eb41a101d7e3c2802c0ba584e0f4a2a3ac07080ffd593199ad6bffb1281d7dfa115f7bcdf057bfeda48741d04c1b64
2850:0 1042 20 70 d30040412508001f2204e100003fed128f26150fb72a4c5546691f47e1e8002ea1de047cf4a2a43587080001f131b3e737ff52281d575911d3829663f0bfed71c8c230c3ec1b
2901:0 1042 21 70 d30040412548001f2d04e100003fe2fe8268570fb33e4d109a41cf53e0a28027986f85aa34a2a2fc07080ffffd31d2d4cc00a12815e911106ec0aa7ed9bfed908852145d98cd
2939:0 1042 22 70 d30040412588001f2c84e100000018e93109010fb98e4cb09de6f991e2ad803387cc05ae14a2a23f47080ffec531cfcfb400142816042810650828019d7fedbe49d2748324ce
2975:0 1042 23 70 d300404125c800011704e10000003a76ac46be0808f060ef87b6d3ea03e8001537a90652d4a2a2dfa7080000ba8582431c00872676fb6c0e72b6398a8e3fed110ef3bcb2c3bd
3002:0 1042 24 70 d3004041260800003b04e100003f99792c0d9a0807c860e98fff2af802f980275a7f064834a2a008270800022a857a85cfffcb2676ec9b0ea5057133aabfed1c83b0eca19ed6
3034:0 1042 25 70 d300404126480000d804e100000032116c34c90808565f05479dbb1203ed0022cbfd865bd4a2a658a7080ffde281bca133ffe52687b0020e87c60f49247fed4d418060997610
3049:0 1042 26 70 d3004041268800006b04e100003fe722bd3e8208082a61d9c0f595b202d380399b050616f4a2a59da70800000681d6bfd0005926882a9e0ead86e4dea17fece8be0f808d320e
3064:0 1042 27 70 d300404126c800002584e1000000156343f80b0846404f6dc6f487601c7b8024117809d7f4a2a04f47080fffefdb9f8c60001026d58dd60a8e50f8916ebfeda3fe6f988e19d1
3076:0 1042 28 70 d3004041270800002704e100000013673642a20849a04e973919f95e1d65800e855989a6b4a2a44c2708000047db93761fffe126d440680a76a95df107bfeda07e7f9ca6bde9
3088:0 1042 29 70 d30040412748001ff240e100000016893f85968039244eeb0812fe521853800b2902891314a29fda27080fffb7d4fc2eabffda26bdf8490b15d918f3b77fed9f014050df30c4
3098:0 1042 30 70 d30040412788001ffb40e100000026f72165078039125159cb5529be18310018255b09f0f4a2a70607080000d7d51013d7ffeb26bd81c00a42c892666cffeda2fb1ec4022051
3108:0 1042 32 70 d30040412808001f5c04e100003ffc4283ad6a0fb57a4df3a63a75c7e153001a1229042794a2a2ef47080000b930716c2000462811022a12617f3b5be23fed6dfc7f1c2a13ae
3116:0 1042 33 70 d30040412848001ee004e100003ff3c081743f0fa7f24c67e9df3e79dbf6802307ab053e14a2a25ee7080fff8d306ce4efffec28115a1c10e886d178eb3fed9025394cdf1edc
3124:0 1042 34 70 d3004041288800002904e100000023836393b2084b0e4f98b1f1fbee1f1f801c87fe88a614a2a118070800014fd52aff4c000426aa522e0bdb0b6fb1fd7fed9ffd5f54b2960d
3131:0 1042 35 70 d300404128c8001fe984e100003fc897f7f2a6083e7e513d4bf4182c1959002eeb1608beb4a2a06e07080fff8fd52a0863ffdd26ab19890b7847961afaffeda1ff8fe0948b6a
3143:0 1042 36 70 d300404129080000c484e10000000422286af4080aee5fa4d382f34e04dd8033726c864334a2a47207080fff7e856c7d440000268626d30ea6b494dd3e3fed0ab42d08e3bbc1
3152:0 1042 37 70 d300404129480000f484e10000000b298b2e71080ac4614b238e4656040f002cc6030635b4a2a06f67080000b285667e53fffb26864c190eac7b0c4d51bfecf1f6bdac3eb7c5
3165:0 1042 38 70 d3004041298800000584e100000009041fce710f912c1d0c68c9fe87e0de80999b9070b0b95d49c0a7080007c4d5ba8de400972968f6c22b8365d78759fff8fbc2c0b046af95
3174:0 1042 39 70 d300404129c80004f984e100003ffee3fe46d60ff6bc180fc1e1b39dfbcc00e19c98110d195de03667080ffc062d388437fd96274ac3f3f01464e53d68fffb894521484e3a75
3181:0 1042 40 70 d30040412a08001c2284e100003ff3ffeaace6088dd20d8530afc56627b0812c009c97e8195d47e387080ffbe78a30dd6002ba27560fb5e3e96192c90f7ffc06c1c0705a2c95
3188:0 1042 41 70 d30040412a48001f2984e100003fe2f38441060fad624b4441e62277de2100595a90843cf4a2a355a7080fffdd30dcf413ffdc28050c15124ab429d200ffed86728ca0d01089
3194:0 1042 42 70 d30040412a88001eda04e100003fa95b8fac560fad464c22a6619397de87804c98fd85cfb4a2a30c270800028930f5d56bfff028055829100e378971c27fed7aacdb348838c6
3201:0 1042 43 70 d30040412ac800000c84e1000000041a0f7a54084d5052307dc9b6781fe6001b4342094f14a2aaf82708000003d4ba80e3fffa268a51cf0aa98a127d447fed727effbcaecc5f
3208:0 1042 44 70 d30040412b08001ffa84e10000002f94781881083fbc537304351a9a1a218028b67d887f54a29fd547080fff5fd4d24c8c003e268f2ca20c01c95d16b5bfeda340701c2ded87
3215:0 1042 45 70 d30040412b480000a204e100003fbe3cc7632e080a4c5f563c6b72c204418023036185f474a2a16f070800001686641dbc001126af45700ef7fff3166fffed010d435083dd9d
3222:0 1042 46 70 d30040412b880000b084e100003fefb1da58810009bc5edaa9e423ac03b70038b5f3066c74a2a20fc70800002a867b1b1fffd426af89a30ec681c5688abfed1a0b52d4e2c1bf
3230:0 1042 47 70 d30040412bc800002318e100003fa242e9fbd3303c564e2e519fbf2619a8000e6b71895a74a2a5a54708000037db50869fffa626f003000b03b30656f9bfedb6c2f0bc5f2e37
3237:0 1042 48 70 d30040412c08001f0d84e100003fec0f62c0680fbafe51aacb0b44b3e32300096b1c848414a2a2808708000005300670afff3b2771f04f113b8efaad193fed11c1e07aa86265
3244:0 1042 49 70 d30040412c4800003004e100003f9565eff73f084fc84ec03d1ae1aa205c000c20a6092214a2a56c4708000073db44f11bfff026ef2e950b18cd925880bfeda4c1e0784794b5
3252:0 1042 50 70 d30040412c88001f1924e10000002652b8c9de5fadf8526c25e12131dec7001337e185b314a2a68e47080001d1301087300067277190580fd40b9fec87ffed10d5254a87eee3
3260:0 1042 50 70 d30040412c87fe1fffb94a78000025c8b83a157007065880bf84b7b20333001305df85f6f4a2a377aa53ffffffffffffffffffffffffff0fc37fffffffffffffd5254a59527f
3268:0 1042 56 70 d30040412e07fe1fc3fd15bc00005e28509cf5c86fce2c6dd834ecde1ce9813032887cde995dd41da8adeffec467de85d7fe6124a999551347221bdca43ff865ad3002af655b
3275:0 1042 59 70 d30040412ec800031b84e1000000005d0010300f346fabc14d350107c7540019767bef4f195d63fb27080ff930fd7a53bc018204707a041eb78a8f8913400e02db36ccc492d5
3290:0 1042 60 70 d30040412f080000b704e1000000002fffe20007e441c51098a55e11f79a800c1d7c6c29195d69d327080ffc9cc0d84790006b05a50bc523e21a3bc81f800a16dee7b8d68e09
3307:0 1042 62 70 d30040412f88001f9d84e1000000002dffe15608a181411b448616d02b888029048eec1b195d641287080001988fd60c87fd1903983f332425d604b1a2c01b28c3d0f613a241
3330:0 1046 2 69 d3003f41609530026bec0cef6000019200ff22ac052c8f8a9774d0ac05000076feb43322a8137108ef6ffe2bc0c2cda000c273a2e2e1a7efaad98faffc48cfc7ed0079b938
3357:0 1046 3 69 d3003f4160d530026b05f8ef603ffeb7ff2270ffa54c7e735e0e097bb95c00f500205fcea813f2d0ef6ffd26654bba100042757ba0b0bc61eafd717ffc6210140600c9eaa6
3379:0 1046 4 69 d3003f41611530026b0500ef603ffa67feb3a51fb6707e5d57ae213bc5dc00665c085a72a813e928ef6fff666561639fffb275822c00defffbde4d3ffc5f6fb7eb00a4677e
3396:0 1046 5 69 d3003f41615530026b06a4ef600001a013fa8b6fb17c7d5c0964db0bc3cc006fce205fe2a8142244ef6fffc6654d201ffed2757ddbe0b8113ae33a5ffc5870180700b62470
3410:0 1046 6 69 d3003f41619530026b0630ef603ffd67ff5b0957b9c485641c8fd2ebc8fc010df3d05b5aa813e834ef6fff4666364ccfffc2711d1480d453e75eb1effc52701c0c00a4db90
3424:0 1046 7 69 d3003f4161d530026b0768ef603ffee1ff2cde23a8187fb2b1e53e4fbc5c00af4d8c54d6a8142dccef60018665587f30042275823330fde09e69484ffc5690300e0004f505
3438:0 1046 8 69 d3003f41621530026b07e0ef603ffc5ffdded4eba3c075faf9a26a63b8c000d53598585aa8144488ef6ffe56667b8590015279440aa0f1817f80bc2ffc701f9fe300c80b51
3452:0 1046 9 69 d3003f416255307b6b065ceba03ff783fbd7c017b3207984481a14b7c54800df79bc6046a8142eb4ebafffc66686de40001279489b80bf31235097dffc61bffffe005a613d
3466:0 1046 10 69 d3003f416295307e6b0d60ed803ffe8ffd013d38470c728c96fb248036940099c53411cea81343eced8000d113ee0ef000328b7dabf27856c5e25cdffc399fe7fb00fb31cb
3480:0 1046 11 69 d3003f4162d530016b0e28eecf808a7803a9687c448074fd3029533c35a800a0698410eaa813690ceec00151154d37a000528994c9427bb3acd545effc368ef7b7006fe534
3494:0 1046 12 69 d3003f41631530026b0df0ef603fff79ffff7c844a306fda32ab458c38240062a69c177ea81391c0ef600141154dcc2000c28996dc324c91d7b0f91ffc338f2fcb00472133
3508:0 1046 13 69 d3003f41635530026b1088ef603fffb5ffd7651456e870b959fc8d4842a8002dca1818cea8137cf4ef6ffeb1152c825ffea28b99a18258eb42d4a2cffc2e303c0f0064f0f3
3522:0 1046 14 69 d3003f41639530016bfb18eecf810f5600621b381fd0bef0c611806430fd4fcceb707636952c8218eecfb9ae30e9e72099c22ff9358013d77f460b5ffb845fbbea48c688aa
3535:0 1046 15 69 d3003f4163d530016b10c0eec03ffe97ff344604544071c1c0cdd15c3ef0004e49c0113ea8135550eecfffb1151f611ffeb28b923a72740b80d19f0ffc29b050150031e71a
3548:0 1046 16 69 d3003f416415307b6beb0ceba03ffeb3ffc3c6c805b48f449d354a64044800c9832c349ea8136b00eba000fbbc36655ffdd274a3c3f1a4796d3fe42ffc474fb7f1000d389b
3562:0 1046 18 69 d3003f41649530016bfaa4eec000174e075a3bdc4fa8c272b0b60ad42cc94fbd69e88306952cc784eecf84ae3b5f4f9fd6822fcbdb1056e776739e4ffb330fcbee48a8efe6
3576:0 1046 19 69 d3003f4164d530026b0250ef6000177408caac4fb4e0772a0507714bc4080047cd6453daa814568cef6ffec669c7099ffeb2790f0b5101ef71fbefdffc64afafeb00c594f8
3590:0 1046 21 69 d3003f41655530026bea60ef603ffec5fd320e2fff8894c227b5793fffa80051e9e83186a81335e0ef60004bbeaa57effcf27361cd11b68b6669eeaffc32500c0200d28ce3
3604:0 1046 23 69 d3003f4165d530016bedaceec03fff75fff80b2ffd288f9e624f6d9bfef800646ea032b6a8136100eecffccbbc43b11000e2749fd1c1a9f84c9aa44ffc3ad0080600884252
3618:0 1046 24 69 d3003f41661530026bea30ef603ff417ff7a219401b494370c6a0874005000d3d14031aea8139f08ef60016bc0292b20027271f23e61a9f1d581e03ffc2eafa3e30091c0b4
3631:0 1046 25 69 d3003f41665530026be9acef600000200014ca5404ac90fff31d8be803700092bd6c34e2a8133458ef60017bbeaa4cdffde27362e5e1a35c4611da9ffc4320180700cc0b2a
3644:0 1046 26 69 d3003f41669530026b0fa4ef6000060c0035c3d84e5476c53ab6ac003e90007052a41c06a81337dcef6ffe8113e349700042873ca6f23819bd49378ffc2e6f93e000db305c
3658:0 1046 27 69 d3003f4166d530026bebe4ef603ffa55fcf0c440039896662c65d12802180072b23031aaa8132c1cef6000fbbea4b5effed2735cf791ae3d5c451a1ffc2bf004000031d1e5
3671:0 1046 29 69 d3003f41675530026b02bcef603ffe1dff7d70ffaae885552a3885abbe300081e1d050caa813f854ef600296663859cffd52712ab6c105b4b116b37ffc4a4fb7ee000e6d27
3686:0 1046 30 69 d3003f41679530026bed70ef603fe95fff9553f0053093ad98609ae40428006290a4320ea81376f0ef60025bc01a9c7000f271ef7be1a771a098c81ffc377ffbfd002a413b
3704:0 1046 31 69 d3003f4167d530016bed88eec03ffee5ffa8de0c021091b4f21d1db001a800ac08f432eea81353d4eecfffbbbe9e81600152735dae71a39c13ff8eeffc2e80300d00aea6ab
3736:0 1046 33 69 d3003f41685530016b0f40eec03fff9e000a968449fc6df8e47288843a440089f604173aa8137ef8eecfff5115278e4001b28b9c8ad24c98f7e472affc37cfa7e600b0706e
3790:0 1046 34 69 d3003f41689530026b10c0ef603ffebbff2e3fb44ed470cf557f62783dc000a91dc00d0aa81353a0ef6fff7113f0645ffde28b7b6a6283775c808daffc2880240d000e7079
3893:0 1046 36 69 d3003f41691530026b1040ef603ffcfffe32f900497070f2b0b658943ac4001a312c0e9aa8135990ef600171152bc44ffe628b9a5a6285dbee3ca08ffc31d03c1200deebdd
