# SPARTN Message Log
# Generated: 2025-08-21T21:42:45 UTC
# Mountpoint: NEAR-SPARTN
# GPS Week: 0
# GPS TOW: 0ms
# Format: [timestamp_ms] [type] [subtype] [length] [hex_data]
# ----------------------------------------
409 0 0 41 73000f210444581362805020004997efd822fdf3e45fc08a8bf899917ef9fa2fdf6945fbfc48366051
409 0 2 42 73000fa824445813628104080a8a00bf7cb517efeea2fdf1245fbe5c8bf82dd17f049a2fdfc240ed8420
409 0 3 43 730010273443e813628020008128100917efe2a2fde4945fc0288bf7d6917efd222fdecb45fc3d886c46a7
409 0 1 33 73000b23104f481362c005418017ef26a2fde1b45fc65c8bf879117ef072fef6ed
409 0 0 85 7300252704448013628050200049b7d57ffdfff7fffbf929ba2bffefffbfffdf574ded1fff7ffdffff03026ebefffbffeffff8a0537647ffdfff7fffbeb49ba0bffefffbfffdf864de01fff7ffdfffeffe20f660ae
409 0 2 87 7300262f24448013628104080a8a01b88cfffbffefff97dad37115fff7ffdfffeff7a6e233ffefffbffe5f0a4dc467ffdfff7ffcbe7e9b88afffbffeffff830d37119fff7ffdfff3049a6e213ffefffbfffdfce458b185
409 0 3 87 7300262f34441013628020008128100937697ffdfff7fffbfa49bb4bffefffbfffde584dda5fff7ffdffff011a6ed2fffbffeffff7da937697ffdfff7fffbf689bb4bffefffbfffded94dda5fff7ffdffff0fea02c17ff
409 0 1 64 73001aab104f701362c00541803706fffbffeffff79513706fffbffeffff78913706fffbffeffff8ced3706fffbffeffff87d93706fffbffeffff78490cd5f05
409 0 0 41 73000f210444a81362805020004997efc3a2fdf1745fc03e8bf88f917ef8c22fdf4845fbf768c1b24c
409 0 2 42 73000fa82444a813628104080a8a00ba7c7117efd0a2e9ec045d3de68bf81dd17502522fdf82400774ca
410 0 3 43 7300102734443813628020008128100917efc1a2fde0c45fbfb08bf7c7d17efb222fde8d45fc35a892a9ef
410 0 1 33 73000b23104f981362c005418017ef02a2fddda45fc5ce8bf86a517eeea21f779f
410 0 0 41 73000f210444d01362805020004997efc822fdf1f45fc04a8bf892117ef90a2fdf5245fbf8880aa9be
410 0 2 42 73000fa82444d013628104080a8a00bb7c6d17efd022edebf45dbde48bf81d917702222fdf7f404d64b6
410 0 3 43 7300102734446013628020008128100917efc322fde0d45fbfaa8bf7c6d17efb1a2fde8b45fc35a8648fe9
410 0 1 33 73000b23104fc01362c005418017eefea2fdde545fc5cc8bf869117eee5257c7a2
410 0 0 85 730025270444f813628050200049b7d57ffdfff7fffbfb09ba2bffefffbfffdf5f4ded1fff7ffdffff03526ebefffbffeffff8a3537647ffdfff7fffbeca9ba0bffefffbfffdf984de01fff7ffdffff004a04fc5ea
410 0 2 87 7300262f2444f813628104080a8a01b88cfffbffefffb7d5937119fff7ffdfff2ff7a6e233ffefffbffedf004dc467ffdfff7ffdbe609b88afffbffeffff82d537119fff7ffdfff7040a6e213ffefffbfffdfbd43e6afa
410 0 3 87 7300262f34448813628020008128100937697ffdfff7fffbf849bb4bffefffbfffde464dda5fff7ffdffff00826ed2fffbffeffff7d5937697ffdfff7fffbf3c9bb4bffefffbfffdec54dda5fff7ffdffff0f320543e86
410 0 1 64 73001aab104fe81362c00541803706fffbffeffff78f53706fffbffeffff78913706fffbffeffff8c7d3706fffbffeffff878d3706fffbffeffff7839093520d
410 2 0 22 730404a108eb52bf2013628018b440f81b4280f269a3
410 1 2 41 73020e2328eb52bf2013628018a01418137008101514032d61148c299525959b534982e6af505bd5c2
410 1 3 42 73020eaa38eb52beb013628018a014181370800204a040243c598dc346c6325f5a328857f26d61b585a1
410 1 1 35 73020b2818eb54101013628018a0141813700541803b611dda0fa811de30ed9d3d9f7f
410 0 0 197 73005c2708eb52bf2013628050200049bfd57ffdfff7fffbf449e7c0b9f04c7c223f3c93c8330be1ece07e8afffbffeffff7c913cf836be168f8977df887906e144477f8fed1fff7ffdffff019a79efe5fbf53efd4fb324f1f63e27c8d61fafbffefffbfffe2554f3dda9f709bde0ef6e15e383674d818c3f647ffdfff7fffbe549e7c1a9f0af7c4a3f485bc7c0f4df148b7e82fffbffeffff7d8938f8273e102f87ddc433895199fc03ffefffbfffdfcd4f3e031f8147e1bff70f5e3ef7cd019c28c2b587
535 0 3 150 730044a238eb52beb01362802000812810093f697ffdfff7fffbf02941f03efc1a2007ed2fffbffeffff7809323e1fcf8dffefa0003f697ffdfff7fffbf98991f0197c0b1f53f001fb4bffefffbfffdf114c8f83b7e1a3f94d800fda5fff7ffdfffefac2647c14df092f9c1e007ed2fffbffeffff7a01323e17ef8a87d663003f697ffdfff7fffc346991ef2dfba39f9348000f2c702
535 0 1 110 730030ad18eb5410101362c00541803f06fffbffeffff780d30f026bc0fec4508dafc1bffefffbfffddd74c3c008f004311ca5cbf06fffbffeffff8b7130ed133aca8c30d49cfc1bffefffbfffe19f4c3b872ece130e3db23f06fffbffeffff771530f044bc1c6c3d777a079e91f
2497 0 0 41 73000f210445481362805020004997efdba2fdf3545fc0908bf89a117ef9ea2fdf7745fbfc28d4cb75
2497 0 2 42 73000fa824454813628104080a8a00bb7c91176fdda2eded045dbdfe8bf81fd177028a2fdf8c4002f2f1
2497 0 3 43 730010273444d813628020008128100917efc922fde0d45fbfaa8bf7c6517efb122fde8945fc3528fa5477
2497 0 1 33 73000b231050381362c005418017ef09a2fdde745fc5d28bf86d517eeeca643ae2
7512 0 0 41 73000f210445701362805020004997efdb22fdf3845fc0968bf89ad17ef9fa2fdf7b45fbfc48827a0e
7512 0 2 42 73000fa824457013628104080a8a00bc7c91176fdba2f1ed045e3df88bf81ed179029a2fdf88401f1290
7512 0 3 43 7300102734450013628020008128100917efc8a2fde0145fbf9a8bf7c3d17efaba2fde8145fc33c8921200
7512 0 1 33 73000b231050601362c005418017ef08a2fddf345fc5d28bf86c517eee7a63ca20
12503 0 0 41 73000f210445981362805020004997efe9a2fdf5545fc0d88bf8a3117efaf22fdf9d45fc0028a066a0
12503 0 2 42 73000fa824459813628104080a8a00bc7cfd176fe9a2f1eed45e3e328bf8269179037a2fdfa7406f3b76
12503 0 3 43 7300102734452813628020008128100917efd8a2fde1645fbfc08bf7c8917efb6a2fde9445fc3688468267
12503 0 1 33 73000b231050881362c005418017ef1322fde0645fc6128bf870d17eef6acddd83
17568 0 0 41 73000f210445c01362805020004997efd3a2fdf2c45fc0848bf899117ef9aa2fdf7545fbfae88abd52
17568 0 2 42 73000fa82445c013628104080a8a00bc7c45176fd7a2f1ec645e3dde8bf81b517902122fdf7a40cd0b50
17568 0 3 43 7300102734455013628020008128100917efc222fdde345fbf5a8bf7bbd17ef9b22fde6045fc2f882db283
17569 0 1 33 73000b231050b01362c005418017eeff22fddd845fc5be8bf866917eedda9c2966
22608 0 0 41 73000f210445e81362805020004997efd522fdf2e45fc0868bf899117ef9b22fdf7845fbfb480b8094
22608 0 2 42 73000fa82445e813628104080a8a00bc7c3d178fd522f1ec745e3dde8bf81a917901f22fdf7840b991fe
22608 0 3 43 7300102734457813628020008128100917efc322fdddb45fbf4c8bf7ba517ef97a2fde5945fc2ea8898ac1
22608 0 1 33 73000b231050d81362c005418017ef04a2fddd745fc5ca8bf864917eee3af7e833
27685 2 0 22 730404a108eb52c01013628018b440f81b428030f820
27685 1 0 40 73020da208eb52c01013628018a01418137050200049a2a19170c8cbe46510a0644d706a2c2bb19e
27685 1 2 41 73020e2328eb52c01013628018a01418137008101514032d691494299725971b534983c6afe021e143
27685 1 3 42 73020eaa38eb52bfa013628018a014181370800204a040243c598dc5e6c7115fe232c458146d792bb8ba
27685 1 1 35 73020b2818eb54110013628018a0141813700541803b629dd9cfa7f5de46eda4d5ed02
27806 0 0 197 73005c2708eb52c01013628050200049bfd57ffdfff7fffbf489e7c0b5f04afc223f3c63c8330be1e4e17e8afffbffeffff7c953cf8367e167f8977df877906a14c477f8fed1fff7ffdffff01ca79efe2fbf41efcf7b312f1f63e37cad61fafbffefffbfffe25c4f3dda2f706bde02f6ddde384676d898d3f647ffdfff7fffbe5c9e7c1a1f0ac7c497f4823c7c0f51f148b7e82fffbffeffff7dc138f823be0ebf877dc43489b1a1fc03ffefffbfffdfce4f3e030f813fe1bdf70ede3ef7cd019c28f6e855
27806 0 2 181 7300542328eb52c01013628104080a8a01f88cfffbffefffc7c11383e0faf8707df59703ea79ae5df88cfffbffefffc7e81383e05ef82a7de4f703f07c2ebdf88cfffbffefffc7af9383e140f88fbe053703f97baeb9f88cfffbffefffc7b95383e119f87e3e012703fc7ccee5f88afffbffeffff8185383df9df7d43ddf3703e97a4ec9f88cfffbffefffc80c9383dfccf7e8fddcf703ef7d8ef5f884fffbffeffff7db1383e092f841fdf2e70406808f60998af9
27806 0 3 150 730044a238eb52bfa01362802000812810093f697ffdfff7fffbef4941f0427c1ba007ed2fffbffeffff7731323e232f8f7fefd6003f697ffdfff7fffbf2c991f0347c16ff559801fb4bffefffbfffded94c8f8497e204f95b000fda5fff7ffdfffef90a647c1bbf0c379c8a007ed2fffbffeffff7929323e1b4f8c07d698003f697ffdfff7fffc2d2991ef4afbb05f951800053f009
27806 0 1 110 730030ad18eb5411001362c00541803f06fffbffeffff77ed30f029bc114c44f8d8fc1bffefffbfffddd24c3c012f008311ca5c3f06fffbffeffff8b7d30ed123aca2c30c49efc1bffefffbfffe1874c3b89cecf2b0e35b03f06fffbffeffff76ad30f050bc216c3d47720e4095a
32685 0 0 41 73000f210446381362805020004997efe822fdf5045fc0ca8bf8a2117efaca2fdf9b45fbff68b18eaa
32685 0 2 42 73000fa824463813628104080a8a00bc7cb9178fe4a2f1eeb45e3e208bf823117902fa2fdf96400a2af7
32685 0 3 43 730010273445c813628020008128100917efd422fddf545fbf7c8bf7c0917efa3a2fde7245fc31c800b42f
32686 0 1 33 73000b231051281362c005418017ef13a2fddf345fc61e8bf86f117eeecaf3affa
37366 0 0 41 73000f210446601362805020004997efe1a2fdf4345fc0aa8bf89e117efa4a2fdf8945fbfd88c35fe7
37366 0 2 42 73000fa824466013628104080a8a00bd7c71178fdb22f5ed945ebe008bf81e917b02722fdf8640a9b171
37366 0 3 43 730010273445f013628020008128100917efcba2fdde045fbf588bf7bc117ef9b22fde6145fc2f68c652e9
37366 0 1 33 73000b231051501362c005418017ef0422fddea45fc5e48bf868517eee127909bf
42858 0 0 41 73000f210446881362805020004997efec22fdf5345fc0d08bf8a3117efada2fdf9845fbffe8621c63
42859 0 2 42 73000fa824468813628104080a8a00bd7cb5178fe722f5ee645ebe268bf823517b031a2fdf9840b73769
42859 0 3 43 7300102734461813628020008128100917efd522fddf145fbf7a8bf7bfd17efa322fde7145fc31a8b10c5d
42859 0 1 33 73000b231051781362c005418017ef0ea2fddfc45fc60e8bf86c517eeeaa47015d
47964 0 0 41 73000f210446b01362805020004997efe4a2fdf4645fc0b08bf89f117efa5a2fdf8645fbfde83ac359
47964 0 2 42 73000fa82446b013628104080a8a00bd7c6d178fde22f5ed145ebe048bf81ed17b028a2fdf8840032356
47964 0 3 43 7300102734464013628020008128100917efcca2fdde145fbf5a8bf7bbd17ef9aa2fde6145fc2fa891ec31
47964 0 1 33 73000b231051a01362c005418017ef0aa2fdddb45fc5fc8bf869517eee12a4d02d
52467 0 0 41 73000f210446d81362805020004997efe2a2fdf3d45fc0a68bf89e117efa3a2fdf8445fbfd48ed5464
52467 0 2 42 73000fa82446d813628104080a8a00bd7c6117afdd22f5ec845ebe008bf81d917b025a2fdf8440607642
52467 0 3 43 7300102734466813628020008128100917efcaa2fddde45fbf528bf7bb117ef97a2fde5d45fc2ec8500df4
52467 0 1 33 73000b231051c81362c005418017ef07a2fddd745fc5f88bf869517eedfaa52988
57910 2 0 22 730404a108eb52c10013628018b440f81b4280bb7d22
57911 1 0 40 73020da208eb52c10013628018a01418137050200049a29d516de8cb346490a0184d486a1a1d0cbc
57911 1 2 41 73020e2328eb52c10013628018a01418137008101514032d14d4722989258d134d0581c6aef0504e48
57911 1 3 42 73020eaa38eb52c09013628018a014181370800204a040243c548dc466c5d15f62327857f46d6feeb5da
57911 1 1 35 73020b2818eb5411f013628018a0141813700541803b5fddd7efa789de28ed94ffbb09
58035 0 0 197 73005c2708eb52c10013628050200049bfd57ffdfff7fffbfd29e7c02bf011fc13df388bc8410ea244ed7e8afffbffeffff7d893cf8273e101f87d7df187908219c5280cfed1fff7ffdffff03c279efc37be71ef9bfb230f1f9bed7e0d91fafbffefffbfffe29e4f3dd60f6ebbdd96f6c0de38a68cdb592bf647ffdfff7fffbede9e7c11ff0767c3bff447bc7cef7df6c977e82fffbffeffff7eb938f8143e084f85e5c43b8af1c9fc03ffefffbfffe0114f3dfedf7f87e14ff6f09e3f67e3045c88eecb65
58035 0 2 181 7300542328eb52c10013628104080a8a01f88cfffbffefffd7cf9383e0c0f8567def6703f07aee85f88cfffbffefffd7f69383e024f8107dded703f67d8ee5f88cfffbffefffd7bbd383e10ff879fe000703fe7caed9f88cfffbffefffd7c95383e0d9f8617dfa6704037e4f11f88afffbffeffff8271383df62f7b9bdd8d703ef7baef1f88cfffbffefffd81cd383df8bf7cc3dd62703f67eef21f884fffbffeffff7ea9383e054f825fdec47040d81ef8cc234dd
58035 0 3 150 730044a238eb52c0901362802000812810093f697ffdfff7fffbf78941f0217c0de007ed2fffbffeffff7815323e1f9f8debef9d003f697ffdfff7fffbfa0991f0177c0a5f53d001fb4bffefffbfffdf134c8f83afe19ff94d000fda5fff7ffdfffefaa2647c155f095f9c28007ed2fffbffeffff7a09323e17cf8a7bd661003f697ffdfff7fffc338991ef317ba4ff938800006bc2b
58035 0 1 110 730030ad18eb5411f01362c00541803f06fffbffeffff78b530f0123c078c4548e8fc1bffefffbfffddf24c3bfdceff1b11d25e3f06fffbffeffff8cad30ecf0babc4c3134b4fc1bffefffbfffe1cb4c3b81eecbeb0e4db5bf06fffbffeffff778530f037bc172c3d97820452fca
62502 0 0 41 73000f210447281362805020004997f005a2fdf8145fc12e8bf8b0117efc7a2fdfd145fc0628386517
62502 0 2 42 73000fa824472813628104080a8a00bd7d7d17b00022f5f0d45ebe8c8bf82ed17b04aa2fdfc8405e8aba
62502 0 3 43 730010273446b813628020008128100917efeea2fde2445fbfe08bf7cd117efbb22fdea245fc3828ddcc8d
62502 0 1 33 73000b231052181362c005418017ef25a2fde1145fc6a08bf87b517ef01aae590b
67511 0 0 41 73000f210447501362805020004997efe0a2fdf3545fc09c8bf89dd17efa2a2fdf8745fbfc88f2a3ed
67511 0 2 42 73000fa824475013628104080a8a00bd7c4d17afdaa2f5ebf45ebdfa8bf81c517b02422fdf7d40b10e67
67511 0 3 43 730010273446e013628020008128100917efc922fdddd45fbf548bf7bb117ef96a2fde5b45fc2ea85bdc11
67511 0 1 33 73000b231052401362c005418017ef02a2fddc045fc6188bf869d17eed8a94902f
72533 0 0 41 73000f210447781362805020004997efc922fdf0645fc0428bf891d17ef8ba2fdf5a45fbf6e8921eda
72533 0 2 42 73000fa824477813628104080a8a00bd7b9d17afc122f5e9745ebd9e8bf812517b00ca2fdf4d40f41745
72533 0 3 43 7300102734470813628020008128100917efb222fddb245fbf028bf7b0917ef8222fde3045fc2988d993aa
72534 0 1 33 73000b231052681362c005418017eee922fdda145fc5b88bf85e917eebca04dd7f
77696 0 0 41 73000f210447a01362805020004997efb722fdee345fbff68bf888917ef79a2fdf3445fbf2483acbd5
77696 0 2 42 73000fa82447a013628104080a8a00bd7b0517afb222f5e6e45ebd548bf808917affa22fdf29404ff391
77696 0 3 43 7300102734473013628020008128100917efa0a2fdd9345fbeba8bf7a7d17ef71a2fde0d45fc2548ef59f9
77696 0 1 33 73000b231052901362c005418017eed622fdd7645fc55c8bf856517eea62a7bc17
82726 0 0 95 73002a290447c813628050200069b7d57ffdfff7fffbfa49ba2bffefffbfffdf4c4ded1fff7ffdffff030a6ebefffbffeffff8a2930617ffdfff7ffc41829bb23ffefffbfffdf5a4dd05fff7ffdfffefcda6f00fffbffeffff7fed0093b2d0
82726 0 2 87 7300262f2447c813628104080a8a01b88cfffbffefffd7ca937119fff7ffdfffafe626e233ffefffbfff5ed94dc467ffdfff7ffebe249b88afffbffeffff822137119fff7ffdfffb02e26e213ffefffbfffdf9344ee07d
82726 0 3 87 7300262f34475813628020008128100937697ffdfff7fffbf549bb4bffefffbfffddfb4dda5fff7ffdfffefe4a6ed2fffbffeffff7c2537697ffdfff7fffbe989bb4bffefffbfffde774dda5fff7ffdffff0c920a2fa34
82726 0 1 64 73001aab1052b81362c00541803706fffbffeffff78593706fffbffeffff778d3706fffbffeffff8c453706fffbffeffff87013706fffbffeffff76fd0e8e97d
