# SPARTN Message Log
# Generated: 2025-08-21T12:29:07 UTC
# Mountpoint: NEAR-SPARTN
# GPS Week: 0
# GPS TOW: 0ms
# Format: [timestamp_ms] [type] [subtype] [length] [hex_data]
# ----------------------------------------
711 2 0 22 730404a108eb4eb06013628018b440f81b4280aad3e2
711 1 0 43 73020f2a08eb4eb06013628018a0141813b006580444198fdd528ea9e431799f4c4b1eaa384340800821ff
711 1 2 43 73020f2a28eb4eb06013628018a0141813b01085053002aa61930229ac55392279514a2895065a580157a3
711 1 3 43 73020f2a38eb4eaff013628018a0141813b100001806900100452e1a8e455228d4c564eaa8e553aab60694
711 1 1 35 73020b2818eb50015013628018a0141813b0208140bafc9d804ec7e75f33b658f72fca
712 0 0 216 730065a808eb4eb060136280065804443f827ffdfff7fffc23c9c7bdc1ef13fbf2ae205c1a870fc15fff7ffdfffef7c279f0837c361f18f7c0e2f218c4c8e910df8e3ffefffbfffe01d4f3dfe1f7f3be048f7b39e3f27ccfe9e33f417ffdfff7fffc1029e7befbef94fbf45f3213c85115a3250b7e16fffbffeffff828938f7d73def3f8189c3c0746f0dff1bffefffbfffe10d4f3def1f790fdebcf96d5e4358e11fe983f327ffdfff7fffc3ac9e7bc51ee7c7bccfedd73c7baf11f5baf7e1efffbffeffff7c9138f836be168f896dc4378a91b40c070f4
712 0 2 204 73005fa628eb4eb0601362810842829801f81cfffbffefffe8205383df7df7c5bdd4b703ff804f49f81cfffbffeffff81d1383df8af7cb7dce67040181cf39f814fffbffeffff7fb5383e011f8083de537041183afa1f81cfffbffeffff822d383df73f7c13dcc17040a82af85f81cfffbffeffff7e5d383e067f82ebde697040c820f61f81cfffbffeffff7ee1383e046f81fbdeac70412834fbdf81afffbffeffff7d49383e0acf84d7deda704047fef09f81cfffbffeffff82fd383df3ff7a9bdc617040081af5897c3eb
712 0 3 153 7300462a38eb4eaff013628040000601a400401f9e3ffefffbfffdf704c8f823be0fbfb30800fcf1fff7ffdfffefd32647c0b1f04e7dc10007e78fffbffeffff8029323dff4f7fb3e742003f3c7ffdfff7fffc0be991efcffbeadf046001f9e3ffefffbfffdf404c8f82fbe14ff941400fcf1fff7ffdffff0392647bf19ef9afc9f8007e78fffbffeffff8039323dff0f7f97e745000c06f7a
712 0 1 110 730030ad18eb5001501362c0208140bf7afffbffeffff7bf130efecbbf80c45d904fdebffefffbfffe4c84c3b3e2eafeb1162453f7afffbffeffff870130ee713b5b2c42688cfdebffefffbfffdd514c3c2ecf135b10c6313f7afffbffeffff7ad130efc9bbe9ac36d656024b639
712 0 0 45 7300112e0036881362800658044417f08e22fdef745fc0388bf820917f052a2fe10d45fc3b48bf7c9d002f25d7
712 0 2 45 7300112e2036881362810842829800be820517f039a2fdfef45fc1168bf7e6117efdaa2fdf5745fc184894a0a1
712 0 3 44 730010ae30361813628040000601a400400bf7dc117efd2a2fe00c45fc0be8bf7d0d17f038a2fe010419db39
712 0 1 33 73000b231187781362c020814097ef8222fe4c845fc3848bf752d17ef58a0c35f1
712 0 0 45 7300112e0036b01362800658044417f09822fdf0a45fc0568bf825117f05ea2fe12045fc3dc8bf7ce100b47ae6
712 0 2 45 7300112e2036b01362810842829800be825917f04422fe00145fc13c8bf7ea517efe4a2fdf6645fc1ac83104be
712 0 3 44 730010ae30364013628040000601a400400bf7e0517efdca2fe01e45fc0e28bf7d5517f04222fe02043cedf1
712 0 1 33 73000b231187a01362c020814097ef8ca2fe4e345fc3c88bf757917ef5d2d0b3a3
712 0 2 45 7300112e2036d81362810842829800be81a517f02f22fdfd645fc0e68bf7e0517efd1a2fdf3c45fc14c811514b
712 0 3 44 730010ae30366813628040000601a400400bf7d5117efc522fdff145fc08a8bf7c9d17f02b22fdff44f64f46
712 0 1 33 73000b231187c81362c020814097ef75a2fe4b545fc37e8bf74c517ef4824b7fed
712 0 0 45 7300112e0037001362800658044417f094a2fdf0245fc0308bf822917f059a2fe11645fc3c28bf7cc5008c1d27
712 0 2 45 7300112e2037001362810842829800be822917f03e22fdff645fc1288bf7e7d17efe0a2fdf5a45fc19685df645
712 0 3 44 730010ae30369013628040000601a400400bf7dc117efd322fe00f45fc0c68bf7d1917f03aa2fe01245108f4
712 0 1 33 73000b231187f01362c020814097ef8722fe4d645fc3d08bf751d17ef572926743
712 0 0 45 7300112e0037281362800658044417f088a2fdee945fbffa8bf81c117f04da2fe0fd45fc3908bf7c65008447a5
712 0 2 45 7300112e2037281362810842829800be81c517f032a2fdfde45fc0f48bf7e1d17efd322fdf4245fc1608514975
823 0 1 33 73000b231188181362c020814097ef7ba2fe4b945fc39a8bf74b917ef48a2d0bd8
4812 2 0 22 730404a108eb4eb15013628018b440f81b42807cc155
4812 1 0 43 73020f2a08eb4eb15013628018a0141813b00658044419929d54aeab1431e19f884b38aa47434480b903c1
4812 1 2 43 73020f2a28eb4eb15013628018a0141813b01085053002aa89931629b75540227cd14be895d65ae8cd3532
4812 1 3 43 73020f2a38eb4eb0e013628018a0141813b10000180690010045341a92455428d5f5658aa92153cac60a4d
4812 1 1 35 73020b2818eb50024013628018a0141813b0208140bafddd826ec8675fbbb6a0394356
4957 0 0 216 730065a808eb4eb150136280065804443f827ffdfff7fffc1f69c7be07ef307bf9ce203c14864fc15fff7ffdfffef6a279f0957c3d9f1ad7c16af216c468dd0f1f8e3ffefffbfffdfeb4f3e013f8087e09cf7c99e3ed7bcfc5debf417ffdfff7fffc0b49e7bf49efb4fbfc7f3443c8491422ed047e16fffbffeffff821938f7de3df21f8241c3bd73eef9ff1bffefffbfffe0e84f3df16f79ffdef9f97d9e4318d51e2953f327ffdfff7fffc3649e7bc99ee99fbd43edf7bc7b4efdf2ba97e1efffbffeffff7c1138f83ebe19df8a45c43389f19c0da1504
4957 0 2 204 73005fa628eb4eb1501362810842829801f81cfffbffeffff8169383dfa4f7d73dd8c703fb7f8f31f81cfffbffeffff813d383dfaff7dc3dd24703fe80ef21f814fffbffeffff7f21383e036f8187de917040e82ef89f81cfffbffeffff8191383df9af7d27dd027040681ef6df81cfffbffeffff7dc9383e08cf83f3dea970409812f49f81cfffbffeffff7e39383e070f8327def47040e826f9df81afffbffeffff7cad383e0d3f85efdf1e704007f0eedf81cfffbffeffff8269383df64f7ba3dca1703fc80cf40c5113e
4957 0 3 153 7300462a38eb4eb0e013628040000601a400401f9e3ffefffbfffdf404c8f82fbe14efb3c000fcf1fff7ffdfffefbaa647c113f079fdc70007e78fffbffeffff7f71323e022f80f7e76f003f3c7ffdfff7fffc066991efe5fbf47f05a801f9e3ffefffbfffdf184c8f839be195f94a800fcf1fff7ffdffff021a647bf77efc3fca54007e78fffbffeffff7f7d323e01ff80dfe773000668f7d
4958 0 1 110 730030ad18eb5002401362c0208140bf7afffbffeffff7b9130eff83bfccc45a8fcfdebffefffbfffe4a64c3b41ceb16b115642bf7afffbffeffff86e930ee733b5c0c42688afdebffefffbfffdd184c3c354f160310b22cbf7afffbffeffff79e530efe4bbf4ac367644074a418
9829 0 0 45 7300112e0037781362800658044417f082a2fdedb45fbfec8bf818517f04622fe0ef45fc36c8bf7c35005e9124
9829 0 2 45 7300112e2037781362810842829800bf818917f02ba2fdfcf45fc0da8bf7de517efcba2fdf3045fc1428ef56ef
9829 0 3 44 730010ae30370813628040000601a400400bf7d1d17efbda2fdfe345fc0768bf7c7917f025a2fdfe64cd726c
9830 0 1 33 73000b231188681362c020814097ef7622fe4b045fc3928bf746d17ef3f2e0d891
14850 0 0 45 7300112e0037a01362800658044417f08ea2fdef245fc01e8bf81e517f051a2fe10745fc39c8bf7c95001583a2
14850 0 2 45 7300112e2037a01362810842829800bf81dd17f037a2fdfe745fc1068bf7e4d17efd822fdf4c45fc176868e6cd
14850 0 3 44 730010ae30373013628040000601a400400bf7d8117efca22fdffc45fc0a08bf7cd117f03222fe00147f71aa
14850 0 1 33 73000b231188901362c020814097ef7e22fe4c345fc3cc8bf74c917ef49a35fb7b
19969 0 0 45 7300112e0037c81362800658044417f098a2fdf0545fc03e8bf822917f058a2fe11745fc3c08bf7ce1004db3c0
19969 0 2 45 7300112e2037c81362810842829800bf822517f040a2fdff645fc1248bf7e9117efe122fdf5a45fc18e83e2883
19969 0 3 44 730010ae30375813628040000601a400400bf7dc117efd322fe00d45fc0c68bf7d1517f03aa2fe011466f5c0
19969 0 1 33 73000b231188b81362c020814097ef88a2fe4cf45fc3ea8bf74fd17ef51238af65
24985 0 0 45 7300112e0037f01362800658044417f0b0a2fdf3445fc09e8bf82ed17f07022fe14745fc4208bf7da100b4298b
24985 0 2 45 7300112e2037f01362810842829800bf82e517f057a2fe02945fc1868bf7f4d17effa22fdf8d45fc1f88206c25
24985 0 3 44 730010ae30378013628040000601a400400bf7e7117efe9a2fe03945fc1208bf7dc117f05122fe03e4678a2e
24986 0 1 33 73000b231188e01362c020814097efa022fe4fc45fc45c8bf75a117ef67aa8199e
29959 0 0 45 7300112e0038181362800658044417f08f22fdef245fc0168bf81e117f04e22fe10645fc3a08bf7c9d00f06860
29959 0 2 45 7300112e2038181362810842829800bf81dd17f03722fdfe745fc1028bf7e4917efd822fdf4e45fc1708b6c2a1
29959 0 3 44 730010ae3037a813628040000601a400400bf7d5517efc522fdff145fc08a8bf7c9917f02da2fdff64c5a44d
29959 0 1 33 73000b231189081362c020814097ef7b22fe4ba45fc3e48bf749517ef48a431166
35025 2 0 22 730404a108eb4eb24013628018b440f81b42803b951d
35025 1 0 43 73020f2a08eb4eb24013628018a0141813b00658044419931d55ceaba432119fb84b44ca4f434480914004
35025 1 2 43 73020f2a28eb4eb24013628018a0141813b01085053002aa8d931c29bc5543227e914c8896165b38d200a3
35025 1 3 43 73020f2a38eb4eb1d013628018a0141813b10000180690010045379a94855568d6c56602a94553dc42cf65
35025 1 1 35 73020b2818eb50033013628018a0141813b0208140bafe5d83eec8375ffbb6bcb35811
35141 0 0 216 730065a808eb4eb240136280065804443f827ffdfff7fffc1e89c7be15ef367bfb4e203413862fc15fff7ffdfffef63a79f09bfc401f1b67c194f2164448db0e9f8e3ffefffbfffdfdf4f3e01ff80d3e0b0f7cf9e3ec7b8fbddd3f417ffdfff7fffc09c9e7bf61efbefbfedf34fbc84713a2e5017e16fffbffeffff81b938f7e43df48f82d9c3ba736eedff1bffefffbfffe0dc4f3df22f7a53df0df9835e4308d11da93bf327ffdfff7fffc3469e7bcb7eea5fbd75ee043c7b0ef1f13a67e1efffbffeffff7c0138f83fbe1a3f8a61c43389f1980ea9152
35142 0 2 204 73005fa628eb4eb2401362810842829801f81cfffbffeffff8131383dfb2f7dd3dda5703fa7f2f25f81cfffbffeffff810d383dfbbf7e13dd37703fd80af19f814fffbffeffff7eed383e043f81ebdea87040c828f81f81cfffbffeffff8155383dfa9f7d93dd1c70404818f61f81cfffbffeffff7d9d383e097f843fdebb7040880ef41f81cfffbffeffff7e15383e079f8367df067040d822f95f81afffbffeffff7c89383e0dcf862fdf2e703ff7eeee9f81cfffbffeffff823d383df6ff7bf3dcb4703fb808f38223743
35142 0 3 153 7300462a38eb4eb1d013628040000601a400401f9e3ffefffbfffdf244c8f836be181fb43400fcf1fff7ffdfffefac2647c14df0937dcaa007e78fffbffeffff7f05323e03df81b7e789003f3c7ffdfff7fffc02a991eff4fbfb3f06a801f9e3ffefffbfffdef44c8f842be1d5f954800fcf1fff7ffdffff014a647bfabefdafca86007e78fffbffeffff7f15323e039f8193e78c000fdc371
35142 0 1 110 730030ad18eb5003301362c0208140bf7afffbffeffff7b5930efff3bffac4598f8fdebffefffbfffe48b4c3b44ceb2ab114a40bf7afffbffeffff873d30ee68bb57cc428892fdebffefffbfffdcf84c3c38ef178310a62abf7afffbffeffff798d30efee3bf8cc36563c0a48854
