# RTCM Message Log (ephemeris only)
# Generated: 2025-08-21T21:38:27.585477
# Mountpoint: BCEP00BKG0
# Allowed types: [1019, 1020, 1042, 1046]
# GPS Week: 0
# GPS TOW: 0ms
# Format: [timestamp_ms] [msg_type] [sat_prn] [length] [hex_data]
# ----------------------------------------
192903973:0 1019 1 67 d3003d3fb054c0429dd567b600002d2c24d8d511902e166c5532600f3c0056c8f81352a10db8c267b600150ec0a77b000127170af618d40266046affa89aed008e2cce
192903996:0 1019 2 67 d3003d3fb094c0414c3b67b600004ff3ebf03b11082a27ab69d8a50f3d0873290a1630a10d705c67b6ffae081888b100b62754e2cd1699d9975e8effab94da00e018f5
192904030:0 1019 3 67 d3003d3fb0d4c141d24567b600ffe4598ccc4503d52dc115ca72d302cd034a571401f0a10dc93767b6ffbf36b76222ffff285bbdff2f2131c5f5b3ffa4c7030007a0cf
192904074:0 1019 4 67 d3003d3fb114c07dd00f67b6000021fff07c0fed602f9b93df84dfeffc01bd948210ada10cc54567b6fff66277d9d8fff02778e8f71d5b88149382ffa8a5f6fcd90902
192904090:0 1019 5 67 d3003d3fb154c043530167b500fff8e374680105d62f45a94b8e56053b02f44b680152a10cd58067b5002834626711001927d163452e0f39e358b6ffa5ece900912685
192904100:0 1019 6 67 d3003d3fb194c041e83467b600ff8dbf0838340f0825854fddfe5c0d4f01bab88715d1a10d174067b6fffd0c842a8d00162847032917e3e41a81eaffade20800eb3de5
192904109:0 1019 7 67 d3003d3fb1d4c204666f67b600ffd0f79d046ffcc5346e28de9445fd910a24c5501923a10d9ed367b6ff648b9b6fd9005c26bfb18712e4ad50c5dcffa505e901724f36
192904118:0 1019 8 67 d3003d3fb214c079302d67b600000045bf182dfda333ea9c4ebb03fde1056e1b8413a3a10cd2f567b60015df34d896ffa8268d428617d912cfd6acffa8d70a006ed31d
192904133:0 1019 9 67 d3003d3fb254c23db91967b60000365f819c19ee6531c9b465cfedf12f01be76cd0e0ea10d4bb867b600005fe81f8b00262739c4df1fdd515d8679ffa6d70101fb72a9
192904144:0 1019 10 67 d3003d3fb294c14266b467b600ffb5bcfc60b402902e41ef2dfc1a02bc05500cdf0284a10d28aa67b60016369d2bad0042285755352e91a1873a26ffa483050053a9c6
192904162:0 1019 11 67 d3003d3fb2d4c042a54567b6000060ac3981450e332b7e7e16e4a50c96011009ed14efa10db6c467b6000a0d745acffff92754d23817859e388d98ffaaebed00a03b31
192904180:0 1019 12 67 d3003d3fb314c07fba2a67b600fff6b1d0e82a015837e90ccc7ee901270474c4550a13a10d146367b6ffd4b91e3b12000c27178bf823e23ddbdf8effa328e5009badc3
192904188:0 1019 13 67 d3003d3fb354c07ef45767b600fffb5bb41057eed72d0d922db294f0b404f121e2112ea10d820c67b6004766ef01a1ffb727b752361c7e28281b05ffab31e700958b8b
192904198:0 1019 14 67 d3003d3fb394c07ff3ea67b60000255a0ea9ea01c23c53058fa5ab014c0322690f0942a10d088b67b60011b70405cd00162669f571233a8f544561ffa1f6ef00e6fa22
192904208:0 1019 15 67 d3003d3fb3d4c07d307467b60000222b4a2474ef6336d173c4f4fbf13a0885e7ac096ba10d0aca67b6006c5a3afe78ff9c264ef58723403b18cb57ffa672e900d4e6ff
192904217:0 1019 16 67 d3003d3fb414c07fa14767b60000470b5aa44700a836a7c3a56d1600cd076e06d50962a10e2bec67b600bab9d280fc0003270f86902440245080b9ffa713e9000f5f11
192904226:0 1019 17 67 d3003d3fb454c077c43e67b600ff781228c83efe662f6f9c1b4e15feac06b52b89155ba10de92367b60055e359cc69003c27328c9b170fcf15dd58ffac7de8000d381a
192904234:0 1019 18 67 d3003d3fb494c040dd2467b6000046b543e3240eaa2a0649d09c7a0cf602d4b2b1146da10d7eff67b6ffd80c6c184b001827a9d89118e488d91212ffab47ee00910ad6
192904243:0 1019 19 67 d3003d3fb4d4c078861067b50000195601b010fdee3009e6e11a52fe0e0587a867158ba10d43b567b50032e525032fff4f272ab58417657432851fffa96ddf00375c47
192904252:0 1019 21 67 d3003d3fb554c20254e868250000cc19460fe8044a3451ded9c0a303ed00114cb70146a10d36366825fffc3734d3df000f271cca942db3223ce7a4ffa265ec01d762a7
192904261:0 1019 22 67 d3003d3fb594c07f383f67b600000ff364383f015b3779b311de4a013606a5dc9e0a00a10d157e67b6ff8eb9f50ce000912709503a23edd53f3806ffa5aee800340556
192904269:0 1019 23 67 d3003d3fb5d4c041e42a67b6000034458c002a04902e551f35d1bc03e302d791bf023ba10d575867b6000a3557f77700352823e9812e928c364a96ffa596ee00bdbf94
192904278:0 1019 24 67 d3003d3fb614c044f55267b600005ed573f052fbeb356951199f01fc0b08cdd9a01887a10d6a4b67b6ff9e875474deff162618198911b72c2d0f57ffa8d40500a06760
192904287:0 1019 25 67 d3003d3fb654c040375f67b600fff13e4d1c5f02973b7c0b7e9844027d065368ba09eba10ca02167b6ffd2b56191d10032269d4e3e23182df621acffa09c0c00905625
192904295:0 1019 26 67 d3003d3fb694c140a86167b600fffedde1786102583fe1e87b7977020a053be7810981a10cde0067b6002bb27da8b9006925d527e0222a1a2202d1ff9fd40e004a520d
192904303:0 1019 27 67 d3003d3fb6d4c079b23367b600fffdfcdfc033fdef30f7a003806efe4106e750e413b6a10d390267b6004fe07175beffc826ec592b184922b5b0b2ffab6c0400847526
192904312:0 1019 28 67 d3003d3fb714c045046467b600fff7ac713364feb430672ce06b93ff3900316fa8188ba10d5aa167b600088a784da4fff927329488130f0c30c888ffaa1aec00a8bab7
192904320:0 1019 29 67 d3003d3fb754c0789a2767b600002ec2ed7827fe8a2f029814f267fe8a01b7773b14d0a10cd9d067b6ffdfe402b092002a274dbb3817c870d03f25ffaa74eb00df6108
192904329:0 1019 30 67 d3003d3fb794c044942f67b600005ff874202ffdab37ca227743d1fe6903ee9f6e17b4a10d1b8867b6001a8b5b72a4003226257c1612cca016661bffa56009009f1da7
192904337:0 1019 31 67 d3003d3fb7d4c045284167b600000ee6646841ffc333190297e931001b057dba1d177ea10db7bd67b6ffe88c8f6d10005226e7a014140922f1e238ffa734e40093ff0d
192904345:0 1019 32 67 d3003d3fb814c07e3c8067b6000072d1d5b080f04e307cbaa79d48f2890469b79b0ed6a10d36b867b6004d609248ef001e275ad5fa1e39ac1905c3ffa8c00200ecff9b
192904397:0 1020 1 51 d3002d3fc051a078838eb09bc0d8dbc00db18c42c7e79334a085a382bd21801911ebb28124b0d2b80000000a0000070007af9b
192904405:0 1020 2 51 d3002d3fc086207883a654578cb4d4431a8a2435d2b04016fc8fd2cd0801000c035d218024b0c000000000000000000010a469
192904413:0 1020 3 51 d3002d3fc0d8207883a75ab836aa7be418d11c099a48629739e3d286d1c0000d10cd7cc134b0c00000000000000000008a23e2
192904422:0 1020 4 51 d3002d3fc11a20788392cf5155969023088003a3be0623b4b838a439a1f1002d283bfcc144b0c00000000000000000008b91f4
192904430:0 1020 5 51 d3002d3fc1502078830c1cf447e840208ba3debe57d943b66df91d5eacb2001d144b98c034b0c0000000000000000000b1cf40
192904438:0 1020 6 51 d3002d3fc187a0788326dc1d000cbef49ce330b1ead38090c4ed562664b1c02c1dfff8c034b0d2b80000001200000500c5ad39
192904447:0 1020 7 51 d3002d3fc1d9a0788327554db695c775989c5b89f1a91216e40a52f3bae0801d0e88508114b0d2b80000001200000800a640aa
192904455:0 1020 8 51 d3002d3fc21ba07883121945d5905e73887eeb251777d434b84823862ee1800c008b0d0124b0d2b80000000a000007006d9924
192904463:0 1020 9 51 d3002d3fc24a2078838238008e667053846c7ae26f3c813850c1882f0241003d23e5c50054b0c0000000000000000000699b0c
192904471:0 1020 10 51 d3002d3fc280207883847c8ea481f092a3f657c270800027b512c07f0fe3406c30754ac054b0c0000000000000000000abb71a
192904479:0 1020 11 51 d3002d3fc2ce20788383c1d5aa9f65a1b25f5e0323a820800233d9f42543401d015e18c164b0c0000000000000000000c0bce2
192904487:0 1020 12 51 d3002d3fc30da07883807ddf969c9ec3a0d46a4d8080b1ab58aeba4ee9a1800d07a0920014b0d2b80000000a00000700b55178
192904495:0 1020 13 51 d3002d3fc34ba07883024b9a07b4e48380b7fe635917b1b8fd2a80f8b6d1800c081b998144b0d2b80000000a00000e009c1200
192904503:0 1020 14 51 d3002d3fc380207883046fe2262c614225c77a3e2a4920a5282443e4c0b3000d03d9798124b0c0000000000000000000abc0de
192904511:0 1020 15 51 d3002d3fc3ce2078830359902a9beb00320b2989a0b9c003c4ec59a69353000d088368c014b0c0000000000000000000177e00
192904519:0 1020 16 51 d3002d3fc40c20788300311a164037d320e782cd87c3012b64f73aaacd11001d051ba10044b0c0000000000000000000ef6537
192904527:0 1020 17 51 d3002d3fc456207883840b17564b2c6485b32830d2900238ee6c0b08fb73004d1ccfd80034b0c0000000000000000000549b22
192904535:0 1020 18 51 d3002d3fc4882078831ab60353d610e50a98dc1156a9c32fb038b2cd10b1001d1c9d398024b0c00000000000000000007447dd
192904543:0 1020 19 51 d3002d3fc4d42078832bb4382578fe231704ca9b9d65c20b4757d8258a61406c010b408164b0c000000000000000000038e736
192904551:0 1020 20 51 d3002d3fc51220788322f7e6a287be5116492cb9824c01a1b8aec9b041c3000c11bd214034b0c0000000000000000000dcb895
192904559:0 1020 21 51 d3002d3fc557a078830872b9d24135540812f8b46e91b1b828a393edd203c04c1e2b104034b0d2b800000012000008003b3373
192904567:0 1020 22 51 d3002d3fc589a078839c1e9cd1d48b568cdc298e2b5f13ad186f372a6e21802d0aaaf10154b0d2b80000001200000800884672
192904574:0 1020 23 51 d3002d3fc5d5a07883abff21a91c01f396377b173eed738ebe0e57b4f011c01c1571224034b0d2b80000001200000a00ffcfa9
192904582:0 1020 24 51 d3002d3fc612207883a380522674be81933e8e392c8100222ed848190453402c0f91190054b0c0000000000000000000bc8690
192904590:0 1020 25 51 d3002d3fc65c047b9389a05658aae5020131abaaa8d7d338c3120fee15f3c01e08438c8154aed2b00000001200000a00e2e298
192904598:0 1020 26 51 d3002d3fc682207983164a03d36727528bbba01f397ed331e7042cac9020801e0f6842c144b1d2b80000000a0000078056e4c3
192904606:0 1020 27 51 d3002d3fc6c420798324e40e104e73739a2edfb8421a4199c84350938bb2000e0427828084b1c0000000000000000000ac52df
192902395:0 1042 1 70 d3004041204800033f259b5400001139dba2484e1431c73cadf7cea17a008018fc7e7d9cb95d8a8c0cdaaff96976ef64c7ff4504c2055804e6655987f4000999bcbe78e0ffb3
192902405:0 1042 2 70 d300404120880001dca59b54003f7ce2d693714e67effe6fdb06757b8f6b802a812078d9395d7c31acdaafff756b628120013505fbc8740d5475ab91cd00034b409ddc9044e6
192902420:0 1042 3 70 d300404120c80002a2a59b54003fe45971640f4e4dffdf41c0f2b95988cd80351c2efcc2f95d71e08cdaaffa89720c1cac018d04bf388706363d409af8000714017ebc492786
192902428:0 1042 4 70 d300404121080002b7859b540000169358359b061bfbce9328026f7b7c20802e5583f904395d6e27ecdaaffdbd698ec213ff36056401220d30d9b280b10008ba439eb026ce3b
192902436:0 1042 5 70 d300404121480001b0859b5400006781a3b97806636fec5635307fc98dca8027c7d47a7a195d7617acdaa000296afbd98000a50559df3e0a5825f1072b0005597ffe90d8e6d1
192902444:0 1042 6 70 d3004041218800050b059b5400010cdf67b21807c51815ac0efa4d2bf02a813797309939195dbc33ccdaa00666390b0bdffe6126a18ec0e09ca64ebbe7fffbc2054fc4895ef5
192902452:0 1042 7 70 d300404121c80018cb859b540000765511be4f075b6c2c157678b1abd294013b6da50e22195d7c2bacdaa0017771b88a1ffd77222d720ef34d66161bf9fff966494028e0cf8f
192902460:0 1042 8 70 d3004041220800021c059b54003ed31d85a4ac0076021abaf328be16223300e913f2f3f9395cd9958cdaaffd38dc08eee402872c0cb35b270cdf3e3e90bff8c206efe4b91a9e
192902467:0 1042 9 70 d30040412248000523859b5400009a81e4490d07e4b2152be507382bf82783aa5abc1821595d9861acdaa0027640aea48ffee726d7d884e33328fbd1fdfffbad841098de5020
192902476:0 1042 10 70 d30040412288001925059b54003fa669ed2059075c1a2bb55d9ecd19d32c02d030e60db8395d6318ecdaaffe6f70e2892bfd6422466bbef3db2732379e7ff98003a078765151
192902592:0 1042 11 70 d300404122c8001e93959b55fcc0462ee74c3d202eb8410bac628d2c13410088e6b70d3bd4a29dffccdaa00167e1b3c730003827d7d25f07296f2ee1427fee9982603891fb54
192902592:0 1042 12 70 d30040412308001e349d9b5405805cdf363dee3025f24375eed1fede1036804dc1d10c9bf4a2a0798cdaaffd0fdf8998a8002127c6064e07f7eeec1e1ebfeecb01e0048a4a27
192902685:0 1042 13 70 d30040412348000245859b54003fcbeef2c4a70093c61e3aa18f052029c40161f561f391f95d5922acdaaffda4d6727e7c02472a7fed4326b3684c4f7e3ff88639e06c57955a
192902695:0 1042 14 70 d30040412388001ecfa59b55ffbf42c8e2c7bf47c90451966ea4dea7e8b3004eac36818574a2a2666cdaa0000530f4170400702801ea5d1558c1755dffbfec9204604cbdd983
192902705:0 1042 16 70 d30040412408000515059b54003f5aa9a279a307c0e01487f7b3845bef1982544e8318b4195d02b6acdaa007223902c313feac2743d680e21eea0666bb7ffbcb7e50b85c42e0
192902721:0 1042 19 70 d300404124c8001f35859b540000012984abbd0fd17250217b39cc09ebb1802c23a6818f74a2a26d4cdaa0009d3162d553ff7a281cfd4d1581bbd150b9bfecb80741d047bc07
192902742:0 1042 20 70 d30040412508001f48859b54003fec5a8f0a060fd1f851097ff46813ec47002e9bd400bb14a2a232ccdaa00145317d13afffbc281cd970164a029b4a62bfecb8c8c2305b0da5
192902769:0 1042 21 70 d30040412548001f0c059b54003fe2a7823dad0fcb0e5194d407ea33ea6b00274b4f01fa94a2a1888cdaaffded319bfc480007281568c514d680a8273dffecd3085214948fee
192902787:0 1042 22 70 d30040412588001efd859b54000018f1312d4a0fcd8c50f2d75acccfeb2f80336767819434a2a2624cdaaffe593198f60fffbc281582c21588482ffa637fecdc09d2748e093e
192902814:0 1042 23 70 d300404125c800030b059b54000039dbac9b5b0811786243be16923a07978014ab33080ef4a2a511ecdaa00326854a8148000e2677d41e0c4d36a44eedffecbbcef3bc169e86
192902914:0 1042 24 70 d3004041260800029e859b54003f992d2b77d308143261b5c8e011a407ff80288eaa87ca54a2a1478cdaafffd68542aeb400672677c72b0c97058c3cd33fecd583b0ecfcb230
192902914:0 1042 25 70 d3004041264800032b859b54000032146c7d75081396602580944624083f0023a32c0830b4a2a8584cdaa0009a818508980041268891710c444626a0097fecfe818060cd9447
192902956:0 1042 26 70 d300404126880002a7859b54003fe6ecbd1a3808163261e9fa68c9b20969803ab3e7879674a2a7130cdaafff96819f21bbffcc26890ef00cad86ecd05dffecafbe0f809998b0
192903004:0 1042 27 70 d300404126c8001dbb059b54000015c44418100819944ba201d6dcda0b0780241ed70df054a2a0142cdaaffd63db6ae6bfff4026d52855059710d336bf7fee2d7e6f98feb4d1
192903037:0 1042 28 70 d30040412708001db0a59b54000013cf365f3148221a4e216fd5730a0dd9000e1d980dbd54a2a30e4cdaa0013fdb5ecff7ffa826d3d9a405ba29bce376ffedfdfe7f9c69a301
192903055:0 1042 29 70 d30040412748001e1f059b54000016ab3fa64c0817184e83427f2e0c09e7800b41260ce4d4a29efdccdaa000f7d4c772b0002e26bd7dbf06b5990271993fede80140501d8a9a
192903075:0 1042 30 70 d30040412788001e0c859b54000026d2219de008127e4d7c059ed94c08318018760c0d1fb4a2a6d02cdaaffe03d4db525800d926bd0913066a887eeeb9ffee26fb1ec4e2374e
192903093:0 1042 32 70 d30040412808001f26059b54003ffc1483a7be0fcfbc522de0071801ec5e0019da030099d4a2a174ecdaa001b5303a85ac003d2810854616a5bf383ea6ffec8d3c7f1cf80dd2
192903107:0 1042 33 70 d30040412848001eef859b54003ff3368162180fc9de522c2287205de8e980228cca013594a2a1274cdaafffbd3035fe54006e2810dad615ff46f2f1a73fec9ae5394c35b502
192903120:0 1042 34 70 d30040412888001de7859b540000240e63c77e0820e04d90ec1a0f520de0801cd18e8d02d4a29f8e8cdaafff93d4f62460006626a9d9a4067e4b61980f7fee1efd5f54f9c5fb
192903129:0 1042 35 70 d300404128c8001db0059b54003fc89df7a2280817bc4f3f8567e74609c0002ef4d50c7634a2a090ccdaa0026fd4f53753fff726aa9f790741c79e7ee8ffede97f8fe0eccab6
192903138:0 1042 36 70 d30040412908000319859b54000003e928715208169e5fb90c16475209530032a5d5080774a2a6bcacdaaffdce8534cd440076268702ce0c58b4b902b77fece0f42d0826f616
192903147:0 1042 37 70 d300404129480002ac859b5400000ab28b3e4f0811b860d15b85f43a074c802c7b898808f4a2a2380cdaafff92852ee393ff1f268727630c2dfb447e21bfecd8f6bdacd49261
192903156:0 1042 38 70 d30040412988000241859b540000092a1fdbac0893de20aad6b9abe629cf809a55147206595d4af98cdaaff750d5a426f801c12968fb9629e225d43f34fff82002c0b008e571
192903164:0 1042 39 70 d300404129c80004db859b54003ffed0fe45350fa09c12ee3019fb17e6aa80e0484d1a1d195de68aacdaa00b262d2c6463ff26274ce463df4e64ced69c3ffbedc52148f0a113
192903174:0 1042 40 70 d30040412a08001837059b54003ff3f3ea9b240fb3b0166b9e674be9ea5f812bc01215d6b95d48172cdaaffe8f8a2514dffd1e2753e80de802619652e77ffb2901c070d9d149
192903183:0 1042 41 70 d30040412a48001f18059b54003fe28184163a0fcc0a53887c13f271eab48059211c00fb94a2a0966cdaa0018530a5fe40004328048daa1661741aaa333fec8eb28ca01b23ec
192903192:0 1042 42 70 d30040412a88001ef3059b54003fa9108f2e0c0fc794510ce094b715e8a1804c524d018ef4a2a169ecdaafff6130bed90000a82804d8a81530f7799a47bfeca4acdb34dd35a8
192903200:0 1042 43 70 d30040412ac8001dd2059b540000046a0f80760822464f7eb836b5ca0e16801b9d5c0d47f4a2aad9ecdaa0015fd48566fbffe52689d6b9060d09fa2f42bfedd93effbc24d7e0
192903209:0 1042 44 70 d30040412b08001db4059b5400002f68785dee081ebc50793d8dd93a0cfd0028c2ca8c70f4a29f372cdaafff17d49d4953ff79268eb22707464968e0063fee1180701cc4aded
192903217:0 1042 45 70 d30040412b480002d6859b54003fbdf6c7034a081934609c73b90a8e0ae9802396bd07bdd4a2a3508cdaa00226862cbe14006d26b01f4c0cbf80405b87ffecb38d4350f169ed
192903225:0 1042 46 70 d30040412b880002c9859b54003fef78da40420014fa5cb8e234bcc2080c80390047081bb4a2a41a2cdaaffe3e8643c59fffb626b064750c57c1f2386cbfed300b52d4761ec1
192903234:0 1042 47 70 d30040412bc8001e60859b54003fa251e974030817384bf88a50d9880a0a800e5b688d4174a2a4f66cdaa00123db1c0e50008326ef9bf1066bb326313a7fee2942f0bc7fe02a
192903243:0 1042 48 70 d30040412c08001f4e059b54003feb3e62a2ae0fd160575d05a6df03ebb6800979f700afd4a2a0934cdaa001292fce5253ffc62771766415e18ede03ae3fec4901e07a5d1367
192903251:0 1042 49 70 d30040412c48001ddf859b54003f93b7ef5a840825124d407a3d475a0f31000c6b8b8dca54a2a4f1acdaa00037db107a3ffff126eec70b05aecd2415387fedf881e07869c690
192903260:0 1042 50 70 d30040412c88001f14859b54000025a3b900b50fca7657aa5e419d09ea080012e8a3816894a2a48fccdaaffde92fd87318004e2771150114fb8bca042fffec4795254a3bb62e
192903269:0 1042 59 70 d30040412ec80003b7059b5400000051000ffc0e205fed5fbc9db6af7d640019669686e7b95d733eccdaaff8218e87cf78007c0595167ef3d28144aef80004e11b36cc1f289c
192903277:0 1042 60 70 d30040412f0800013e859b5400000021ffe20706a6fde0650664a835a074000cb73c6f7f795d62c8acdaaffda14c8cffec00f604e56b131e39917aa42ec0070e9ee7b888e360
192903286:0 1042 62 70 d30040412f88000403059b5400000073ffe223062ab35eedb24cac2b7fff0028e36f057b995d6b298cdaaffc7d866f2f83ff8f02d3091bf649c69ce2f48016d703d0f643378e
192903302:0 1046 2 69 d3003f41609530446bfc51b76000019800ffb6240438a31dc3e043cc013c007c76341c62a8136181b76fff0bc00bd35fffc2739b03f216ff96a240bffc04efbfea00ee85a2
192903319:0 1046 3 69 d3003f4160d530456bf73db8003ffebdff21f9f393848282912d3947ab9400f4ab304146a814198db8000186649e8bdfff127579f1515d21ec2b7deffc2cb0080300cbfcea
192903335:0 1046 4 69 d3003f41611530456bf649b8003ffa5dfeb194eb98747e8489b9f647adf8006626e05162a8141645b800012664b41b6000627580670109700163493ffc30efa7e600e0990c
192903352:0 1046 5 69 d3003f41615530456bf755b8000001aa13fb2797901082bf3dc6f3bfaa7c006dc04844b6a8142529b8000126649fded00012757c343153213705da3ffc2bc00c04008affc7
192903369:0 1046 6 69 d3003f41619530426bf665b6203ffd57ff5a1553917c872b2a9366dba9c4010e01944dc6a81401c1b62ffff6658928700052711b99b11fc3eb8a4daffc28d010090054056e
192903387:0 1046 7 69 d3003f4161d530456bf7cdb8003ffee7ff2c7547a3488149e667b247b6c800ae3de8454aa81445d5b80ffec664ab491fff127580b49154b09a05fe6ffc3250280b0001310b
192903403:0 1046 8 69 d3003f41621530426bf791b6203ffc63fddd839b9bc47fb607a3820bafe400d403c4427aa8141f6db62fffe665d18e7ffe42794268e1631183a40b9ffc383f93e100727318
192903419:0 1046 9 69 d3003f41625530456bf685b8003ff789fbd497a38f44800bc46d6987a8a400dd06cc4e0ea8141441b800008665d7dcc000b27946f4c12c31229a3d2ffc391feffb00548338
192903435:0 1046 10 69 d3003f41629530456b0f31b8003ffe8dfd00b6186b6c6037ea921ea853d8009a64a04982a81375bdb8000231133e1d3ffff28b8783615496d6d3aafffc5bafdbf800622fe4
192903452:0 1046 11 69 d3003f4162d530456b0da5b80fc089d803dc52bc6d3865546ee336c054bc009c635c4dfaa8138fbdb80002c1149dbfe00032899e86713763b033865ffc575eefb4009acdf6
192903468:0 1046 12 69 d3003f41631530456b0fedb8003fff8bffff4fa46b5460d565b8fa1053e8005fcdc84866a8139561b8000361149eaa4000f289a0aba158f1d945b94ffc5f1f23c8000aaed7
192903484:0 1046 13 69 d3003f41635530456b0c59b8003fffb9ffd7494858a45f3484c301b04648003154204afaa813a11db8000011147e1a2fff428ba38ef14b6b65893dbffc68b0200800dd5fbf
192903500:0 1046 14 69 d3003f41639530416bff95b580010f1800c4d3e7b6e48ca529376d93de014fbe5e287a1a952c7795b58f6fde2fee393001322fe5946037578069a3bffca96fb7e8483ddf56
192903516:0 1046 15 69 d3003f4163d530456b0ebdb8003ffe9dff33c1a858cc6118fe92d8f846bc00518228554ea81352ddb80000d11470510000128b9c3331162b880d0dfffc6fc03c10003b4b2b
192903532:0 1046 16 69 d3003f41641530456bfd31b8003ffeb7ffc34c1403aca5101394cd7403c800c72b281ca6a8134885b80001abbb7bba3fffe2749be3b2179984af802ffbffafabef0075053f
192903548:0 1046 18 69 d3003f41649530426b2045b62000174c0762bc63dced0c8f2104bc43d0394fb248e052ba952b40fdb62ff75e3a63712f94122fb87960fe9777ab69dff9fa0fbbea48983345
192903565:0 1046 19 69 d3003f4164d530456bf7a9b80fc0175808d345b3a2947fdd3943b82fb724004ab54c4c62a81425b5b80fffa6691affc00182790d532126df6ea8ef2ffc3b6f9fe600ebc40e
192903582:0 1046 21 69 d3003f41655530456bf9f1b8003ffebbfd3197a402f8a6cd525b95e802dc0054a63818b2a8133d79b800008bbdf2b1effc227359f622218b89d7f9cffbed1ff3fc00f14a2d
192903598:0 1046 23 69 d3003f4165d530456bf845b8003fff6dfff7d59bff98a26599a2cfdffe2c00606a3c1b1aa813448db80ffe2bbb8c245000e2749857f21ce86dc806affc048ff00000cc661c
192903615:0 1046 24 69 d3003f41661530426bfcd1b6203ff41fff75cfc002f8a66a20c47ea8033800d4f70c1ce6a8135cc5b620010bbf722ce0009271ea9e3214d1c093623ffbfebf97e0009102c5
192903630:0 1046 25 69 d3003f41665530456bfc99b8000000260014d7d803a4a6b721175e90032c0097fc001b6aa813172db80000bbbdf2649ffe72735b17d217ec5c33609ffbfaa014050097981f
192903646:0 1046 26 69 d3003f41669530456b09d5b8000006040037fa8c5c5c64846a02e744488000710cf04bc6a8137695b80ffe8113336afffe32874685b14699cdf0590ffc66af7fdb00f7aee4
192903661:0 1046 27 69 d3003f4166d530456bfef5b8003ffa51fceead880368a5c15ef34f84035c007745881b26a8133c39b80002ebbdece6d002b2735524521dbd6016409ffbefafeffb00168ee5
192903678:0 1046 29 69 d3003f41675530426bf801b6203ffe1dff7cc0c3a13c89483aeef67fb680007f4f5c4adea813f6f5b62fff36658af6500092712950412754aa773baffc2cdfb3ec0086e922
192903697:0 1046 30 69 d3003f41679530456bff49b8003fe957ff8d02a00570a428d4f8f12c037400632e0c1bf2a8136d95b80ffe1bbf62332000c271e7aa721cd17c2c5c8ffbfe8ff3fb008458d5
192903732:0 1046 31 69 d3003f4167d530426bfae1b6203ffee5ffa8772401f0a20008f8946401a400b0fef41f52a8130ed9b62fffcbbde7d24000027356487210ec259d181ffc0ae020090015f50a
192903777:0 1046 33 69 d3003f41685530456b0ce9b8003fff98000a72245f44616423cbf9a04b68008b218c461ea81361e1b80ffd511478a21003f28ba6a12169f8f8c7f7bffc74bf97e200938c8d
192903862:0 1046 34 69 d3003f41689530456b0ea9b8003ffec3ff2dc958617c5d8286e2fa4c4cb000a7a80855fea8137a45b80ffe81134209a000328b855f1112b764c51d8ffc72a0180a00e5b125
192903932:0 1046 36 69 d3003f41691530416b0e8db5803ffd0bfe31e58464045eb5b339d6d04da4001c5b94556ea8139369b58fff31147fac1ffdd28ba41be1159bf0088f7ffc6c50341000696e2e
