# RTCM Message Log (ephemeris only)
# Generated: 2025-08-22T21:01:59.649000+00:00
# mountpoint: PPLOUT
# Allowed types: [1005, 1033, 1230, 107x, 109x, 112x]
# GPS Week: 0
# GPS TOW: 0ms
# Format: [timestamp_ms] [msg_type] [sat_prn] [length] [hex_data]
# ----------------------------------------
0 1005 0 25 d300133ed00103c2293629c3348b69d299092b9418da008a6a
2 1033 0 32 d3001a40900100000530303030300007504e545052465405303030303037f85e
2 1230 0 14 d300084ce0010a00000000464ff4
2 1074 0 224 d300da432001790d13200024e020006980000000204101007e7ffff7a7a82423a7a2232285badc17a411679417c5872e0bbe17ac374f9d7f03e4c5c8f991f323627334dd51bd237e40d5017402f805eb8f8f10ae223c62e1bf829205440bf0126c25e847905249015e1c05789c1627ffec753fd0230a69742ba900b3c4c2f92f109fa04665f11998c473f40301400f12503c4940fb56f539c7d9df2f677e7dafde0598881aacc066da0157a506386818e1e066bd400000000000000000000000000000000000134d34d34d6db6db6db6db34d34dbefbef6db6efbefb80c3d4d7
2489 1005 0 25 d300133ed00103c2293629c3348b69d299092b9418da008a6a
2490 1033 0 32 d3001a40900100000530303030300007504e545052465405303030303037f85e
2490 1230 0 14 d300084ce0010a00000000464ff4
2490 1074 0 224 d300da432001790d61400024e020006980000000204101007e7ffff7a7a82423a7a2232285bb0429a58fe78c09c6e206c16f830f0e0f15cdf4847e886b10d621284e58939929c2577932322e646bc8d219a824d84aa0b3c35d85ce0bbced13d4b7aa7750af2908bcb91af2e493cbd7dfa89a3ec0b709daf8296f10aadcc2d5900c045c33f8e0cfe4434d23f3bb03d1f95f47e57d29c7067d201eec907bb40200b408d488279cc09a9a3f69d3fe8127fa04dfeb48c00000222222222222222222222220000000134d34d34d6db6db6db6db34d34dbefbef6db6efbefb80ca9eb0
16002 1005 0 25 d300133ed00103c2293629c3348b69d299092b9418da008a6a
16003 1033 0 32 d3001a40900100000530303030300007504e545052465405303030303037f85e
16003 1230 0 14 d300084ce0010a00000000464ff4
16003 1074 0 224 d300da432001790e4ba20024e020006980000000204101007e7ffff7a7a82423a7a22322857b745faa0b2783e1c9764ee9ffd42fb049a2e30ec460482e905d2035f15fd9a7b5cf6f826ec4a7895e12b9c36b7866f1be01f8e970e661eb13e0224c45a8871fcb48ff421bfd0897f467e0ef29c3daf6099e5c287ca0a71302c6690064940579c015e800653106347c1bdf406f7d01c826fbb587f3ce2fcf3a7f4ecdf3ec57d3fbef4c16c1d6ae08348c20d270867f4000002aaaaaaaaaaaaaaaaaa80000000000134d34d34d6db6db6db6db34d34dbefbef6db6efbefb80916aa4
16003 1094 0 48 d3002a446001790e4ba000248000002000000000200101007565b85af8b6816d40a8ad82aa2e0ac068000aaaa8f09eb4
24373 1005 0 25 d300133ed00103c2293629c3348b69d299092b9418da008a6a
24373 1033 0 32 d3001a40900100000530303030300007504e545052465405303030303037f85e
24373 1230 0 14 d300084ce0010a00000000464ff4
24374 1094 0 48 d3002a446001790ee7e000248000002000000000200101007565d3f9f7f47fe93fe69dffa1effe9f6ccc8aaaa86f4331
32371 1005 0 25 d300133ed00103c2293629c3348b69d299092b9418da008a6a
32371 1033 0 32 d3001a40900100000530303030300007504e545052465405303030303037f85e
32372 1230 0 14 d300084ce0010a00000000464ff4
32372 1074 0 224 d300da432001790f36020024e020006980000000204101007e7ffff7a7a82423a7a22322853bec95ae868773b7cb90371dd03bd07f9066109525548a17142e27d9aeb35456ab2d5a5be57794ef39de6e7e58ee41dd63d97f80be14fc483fc87a20f549e6509a8fc27f3609fd042839a050c24161580b8704301f40c59d834093f80f73e4253f9095fe4fe8f921dfe794cf9e533e837d1313685145b14518852646011ad808b5f01efec49535132eac4cbae136214000002eeeeeeeeeeeeeeeeeec0000000000134d34d34d6db6db6db6db34d34dbefbef6db6efbefb8089b71c
32372 1094 0 48 d3002a446001790f360000248000002000000000200101007565dfcf179ecf3dbf90e9fe4b1ff94434cc8aaaa8eb7bbb
35961 1005 0 25 d300133ed00103c2293629c3348b69d299092b9418da008a6a
35962 1033 0 32 d3001a40900100000530303030300007504e545052465405303030303037f85e
35962 1230 0 14 d300084ce0010a00000000464ff4
35962 1074 0 224 d300da432001790f84220024e020006980000000204101007e7ffff7a7a82423a7a22322853c14a7b004e773a9ccef70dc41b8b77950087fd9e5e30b3396672c4b9e57339669acd7446f48a8916122be15d01d283b409501ee82f0860024e4445489b90f2f94553e664bf9995be6aaf021f700a62b0ca3bc349210d7690387c0f603cbdbf69f6fdb3dccfe0a35cc2be480af9202c87906021c1d0070740381e1f305f6a01c25206cbb82e6df0c755031d580ca8bc000002eeeeeeeeeeeeeeeeeee2220000000134d34d34d6db6db6db6db34d34dbefbef6db6efbefb804741ea
35962 1094 0 48 d3002a446001790f842000248000002000000000200101007565eba80750aea17f42c17d1279f46195550aaaa8f6c9d9
40312 1005 0 25 d300133ed00103c2293629c3348b69d299092b9418da008a6a
40312 1033 0 32 d3001a40900100000530303030300007504e545052465405303030303037f85e
40313 1230 0 14 d300084ce0010a00000000464ff4
40313 1074 0 224 d300da432001790fd2420024e020006980000000204101007e7ffff7a7a82423a7a22322851c3cb9b18367739bcd8f481bf23814781fb0df2aa68fcc8d991b31b190e318b633ec6bdcfff9c9f3a3e743af2f4fe6a0bd5fe47a0807902e0a900fac20603c809318c2615a098594265beff626fff6ea0dfd4839f850ed01c3de24f45583d53d7f54f6fd616cfb56dbf068afc1a2bf10bcf92da7e9aeafa6bc7eacd50b0ddc308210be2f41419b05e040178140613ac000002eeeeeeeeeeeeeeeeeee6664000000134d34d34d6db6db6db6db34d34dbefbef6db6efbefb802d2fe3
40313 1094 0 48 d3002a446001790fd24200248000002000000000200101007565f784b70a0e143efc247bf807eff7cd550aaaa8cda399
40313 1124 0 131 d3007d464001790ef78000248000062008040000200001017fff4a4a524d488990de9da1d9334666e5cd17da97b5176a5c84d96c32191eda42b07b78ed49ceb3bb9e73a0f9d665e73897dab11f6af0fdab0de560f797c6be55e38862fc21d6808616a1faba084fe41fa6f0000000000000000000df7dedb6daaaaadb6ddf7dc0a791aa
44506 1005 0 25 d300133ed00103c2293629c3348b69d299092b9418da008a6a
44506 1033 0 32 d3001a40900100000530303030300007504e545052465405303030303037f85e
44506 1230 0 14 d300084ce0010a00000000464ff4
44507 1074 0 224 d300da432001791020620024e020006980000000204101007e7ffff7a7a82423a7a22322851c64cbb301c76b8dceefc1dce5b9fb7bdf5f3e87675b0e239c47380b865f03a609cc1785970af815ff2bfa4a7086690dc23a07238d5a1ad4f0cddc27b95f6e7f96de7e7070f9c1efe74d4fcd51bf53950f93a04051a106674443baf304c7cffa8f3feb3d0d3d0c850c352170d485c35c490c962c3750c0dd44c386f710608445ccb11359ffa571ff6f9bfdbeaffa300000002eeeeeeeeeeeeeeeeeee6664000000134d34d34d6db6db6db6db34d34dbefbef6db6efbefb80aa34e4
44507 1094 0 48 d3002a446001791020620024800000200000000020010100756603652ecafd961ebd11fafbbbec06a5550aaaa89198a7
44507 1124 0 131 d3007d464001790f45a000248000062008040000200001017fff4a4a524d4888512e71a8d882ac85b30ab384b7095612d1de441f477f974233825d1c2c104c30b6a060788189c406061784d09e136ef84d04102dc042f9e102b0867d1c1a3f0067b8a0783e0245f6077f34444444444444440000df7dedb6daaaaadb6ddf7dc037c79d
64911 1005 0 25 d300133ed00103c2293629c3348b69d299092b9418da008a6a
64911 1033 0 32 d3001a40900100000530303030300007504e545052465405303030303037f85e
64911 1230 0 14 d300084ce0010a00000000464ff4
64911 1074 0 224 d300da4320017910bca20024e020006980000000204101007e7ffff7a7a82423a722232284fcb4f1b5fea76b73d07292e285c53f9266cdbd64994c7206e40dc7967a14eb11d8b3b546d94d7c9b08360d86aefeedfebc1bfccf78b271833efc7884f211dfefad653eca8cfb2a5beceeff8498be30b1f3767bcfdd1f4494fd3c70117bd449d6c1275c04ab010f09843f3350fccd43fd67f41dd7d56f6f55bf7d68e1fbb84ff32bdfc8d644885c12fb484bed5132eb0000002eeeeeeeeeeeeeeeeeeeaaa8000000134d34d34d6db6db6db6db34d34dbefbef6db6efbefb80b61d42
64912 1094 0 48 d3002a4460017910bca0002480000020000000002001010075661b316e636cc6fe5588795d95e58e0ddd8aaaa8bcc67d
67479 1005 0 25 d300133ed00103c2293629c3348b69d299092b9418da008a6a
67480 1033 0 32 d3001a40900100000530303030300007504e545052465405303030303037f85e
67480 1230 0 14 d300084ce0010a00000000464ff4
67480 1074 0 224 d300da432001791158e20024e020006980000000204101007e7ffff7a7a82423a722232284dd0515b8fba76357d277e3ed27da83bcee542c715bb736dc6db8daea797ce9e1d653b098367036e07dc0f7ca8b869f0e2e3ac2f244f80a0f0f70197033e8639fd7ebff74a7fdd2c7f790af47c9fd3d77f84be3e332bf91ebbe71ca1168e0498af1262cc4a644f1c3c7ca1c6f2871bcabf8fc991ff75c8fdd73ff87b307fe502443e08d36818fb40718a41c62d074c100000033333333333333333332eeec000000134d34d34d6db6db6db6db34d34dbefbef6db6efbefb80f82325
67480 1094 0 48 d3002a446001791158e200248000002000000000200101007566330cb61a0c343e0c1df837ebe0f765dd8aaaa884b556
67480 1124 0 131 d3007d46400179107e2000248000062008040000200001017fff4a4a524d4883d24dcdc4d641ce03f507363c0477f0f01f845f6b7e17fc96fe2bf26f525e98dd4fc0449d811a580448603c21e0f0b403c21bfd5d77f7b8bfd5ac7fd211ff92d7fd07fec4d4fb7851ec489d555555555555550000df7dedb6daaaaadb6ddf7dc0e2b66a
71379 1005 0 25 d300133ed00103c2293629c3348b69d299092b9418da008a6a
71381 1033 0 32 d3001a40900100000530303030300007504e545052465405303030303037f85e
71381 1230 0 14 d300084ce0010a00000000464ff4
71381 1074 0 224 d300da4320017911a7000024e020006980000000204101007e7ffff7a7a82423a722232284bd2d27ba7a075b49d31b7b345668e0d9ae203c097d19f9a1f343e6027d90f211e6a3d140ef01a8036006ba6f4cd029a1436106308b741708f887eb9bd847ac40f4ac43e7a80f9ecc3ec0cf2dd47cd5a0fb116fee48efbe443f232d11eb804b95712e5684c6ec0335340fe2103f884108531131f849bfe1270184adea0e7a703e3460f4f8802108015df40578101915c0000033333333333333333332eeec000000134d34d34d6db6db6db6db34d34dbefbef6db6efbefb80fef896
72533 1005 0 25 d300133ed00103c2293629c3348b69d299092b9418da008a6a
72534 1033 0 32 d3001a40900100000530303030300007504e545052465405303030303037f85e
72534 1230 0 14 d300084ce0010a00000000464ff4
72534 1094 0 48 d3002a4460017911f5220024800000200000000020010100756644f709eea3dd61e0c7878a941e4205dd8aaaa8cc5a9a
72534 1124 0 131 d3007d46400179111a6000248000062008040000200001017fff4a4a524d488192ed79d2d5024904ec0925a097410e82527d655d89fc7176e7ebc5efff77f300042054060157f8053ee7a0af5e82ea7a0af015268856dd01523dfd0a25f47327d089201f0500e11201eba5dddddddddddddd8000df7dedb6daaaaadb6ddf7dc0751d08
82758 1005 0 25 d300133ed00103c2293629c3348b69d299092b9418da008a6a
82759 1033 0 32 d3001a40900100000530303030300007504e545052465405303030303037f85e
82759 1230 0 14 d300084ce0010a00000000464ff4
82759 1074 0 224 d300da432001791291620024e020006980000000204101007e7ffff7a7a82423a7222322849d9d5dbf75675321d58a02116622fc4de9a8031901f7835d06ba0cef9b572d965dacbf5b42764eecadd9546908c3a188232ec09d804e00bc373068ecd2e9a19068ea81b8a106e2b01bd050f1bc03e53f04ccd415368059fac19207f5a3bbda765f69da3db4faf7dbc7e27c6f89f1be31f8106940469d111a76047bbc03546c119c504298440bb11108984422a113c0400000333333333333333333300000000000134d34d34d6db6db55555534d34dbefbef6db6efbefb8057e9cc
82759 1094 0 48 d3002a44600179129162002480000020000000002001010075665cf061e163c2e1d38587558a1d6de6660aaaa88dc041
82760 1124 0 131 d3007d4640017911b6a000248000062008040000200001017fff4a4a524d487f537d29e0d3c361071b0d840b1016002c4d903b82f646e7cfd49d9f50bdd96fd2fdc0770401e3f0076ec00b2ae02cd800b2abedbc4fb9341edb997aa077eacc77a9ee619bd086d44019b85ddddddddddddddd8000df7dedb6daaaaadb6ddf7dc0a8aa02
88452 1005 0 25 d300133ed00103c2293629c3348b69d299092b9418da008a6a
88453 1033 0 32 d3001a40900100000530303030300007504e545052465405303030303037f85e
88453 1230 0 14 d300084ce0010a00000000464ff4
88453 1074 0 224 d300da4320017912df820024e020006980000000204101007e7ffff7a7a82423a7222322849dc56fc0f3c75313d6f01add95bb5f7ea18bc2e083d347140e281bcdab174d169cbd3d441687f70ffd1ff615681c5839a091c45287b88f90228c3fa88058fc7f99a53e7b8bf9ee5be7fef0e39c83acc1088410241370956e427fd6f79bcfe256af895b7e32ff098420291dd0a477429c0e05f5241ccca0733441deb50abed82f45f0b93f02c1760bdfac2f7ef0c131800000333333333333333333322220000000134d34d34d6db6db55555534d34dbefbef6db6efbefb8027729c
88453 1094 0 48 d3002a4460017912df820024800000200000000020010100756668f2b9e603cc41d82a07681c1db826660aaaa85497a2
88454 1124 0 131 d3007d464001791204c000248000062008040000200001017fff4a4a524d487e53ccfde7d37428e8aad0a5c28f85070a332206a70c8f6392cc238e5c23803b30949e8ff4fa47ade8fdd7c2a7df0acc7c2a781a4b786b6fe1a48af99097e68c5f98f0c06720820172066d45dddddddddddddd8000df7dedb6daaaaadb6ddf7dc07bc44b
95974 1005 0 25 d300133ed00103c2293629c3348b69d299092b9418da008a6a
95974 1033 0 32 d3001a40900100000530303030300007504e545052465405303030303037f85e
95974 1230 0 14 d300084ce0010a00000000464ff4
95974 1074 0 224 d300da43200179132da20024e020006980000000204101007e7ffff7a7a82423a7222322847ded81c272475307d796d12b045638b4597562b3e5cd0b07960f2b9bbdc3726ee75dd2bcf1b9ad736ae6d1c3af78e6f2be03f825ef5ededd0e7c178430105be0cf5dc3526e0d49e4356d20d87003800f0c779833e190d4a6c37cb8f9f123ebabffaeb0bec854fb3a77eff72fbfdcbf09a4fbbdb3f3eecfcfbcff50d8f264f3cdde6f33a081805e06db4c1b6d7070eb800000333333333333333333326664000000134d34d34d6db6db55555534d34dbefbef6db6efbefb80e1ded2
95975 1094 0 48 d3002a44600179132da20024800000200000000020010100756674f8c9f233e481e44c8798a61e7a56660aaaa8e59a49
95975 1124 0 131 d3007d464001791252e000248000062008040000200001017fff4a4a524d487d140cd5edd2c5170a87145c7b7cf6e1edf0bb61d9c2f49faa44507ebf8d870f3e3ca0adbe02bed20ada607b9a21ee9587b99e0716c01e9d00713f08967a22a3e8894f1f3b2afd519bf3ade5dddddddddddddd8000df7dedb6daaaaadb6ddf7dc0a8d1b9
99882 1005 0 25 d300133ed00103c2293629c3348b69d299092b9418da008a6a
99883 1033 0 32 d3001a40900100000530303030300007504e545052465405303030303037f85e
99883 1230 0 14 d300084ce0010a00000000464ff4
99883 1074 0 224 d300da43200179137bc20024e020006980000000204101007e7ffff7a7a82423a7222322847e1593c3f0a74af9d8fe28f9b3f397ef1165029307e4cf379e6f3c59d3579d973dbe7f65d3cb7196f32de273d4d939b363855c16b740eea0fafdf087e21fbff00a16803d5100f570041b50d03a035f3710a76044a0a117a34488a9fca3ebf6770fd9dd3f75060cfed83708a0dc22837abc11c2f44c03d1301144d229fa46cbed65cfb1be00486201fb6007edb022ec800000333333333333333333326664000000134d34d34d6db6db55555534d34dbefbef6db6efbefb80467877
99883 1094 0 48 d3002a44600179137bc20024800000200000000020010100756687029e05dc0bddf7f477e745dfb4c6660aaaa87e4542
99883 1124 0 131 d3007d4640017912a10000248000062008040000200001017fff4a4a524d487c145cadf4d2362cecb2d8b435ec6bc0d7be5b5d19b9741c1f3d3c7090fbd9ebe3f61ed0737b49a7ed05b03608a0d84f036087f415afd298bf412d87b3c61f19187b23c217da88c4582178dddddddddddddddd8000df7dedb6daaaaadb6ddf7dc006751f
