# RTCM Message Log (ephemeris only)
# Generated: 2025-08-22T21:33:27.633054
# Filtered: true
# Filter UTC: 2025-08-22T21:33:27Z
# Filter receiver: lat=38.3403, lon=-78.97626, h_m=100.0
# Filter mask_deg: 0.0
# Mountpoint: BCEP00BKG0
# Allowed types: [1019, 1020, 1042, 1046]
# GPS Week: 0
# GPS TOW: 0ms
# Format: [timestamp_ms] [msg_type] [sat_prn] [length] [hex_data]
# ----------------------------------------
279001191:0 1019 25 67 d3003d3fb654c041dd4f7cce00fff13e48444f04b93afd0cfcabda045d065432890a76a10ca3597cceffc9b559f6fc0039269d8f68227e2df583deffa06c0c00759c2f
279001242:0 1019 26 67 d3003d3fb694c1427c4c7cce00fffedde0c44c047d3f77e9f4308703eb053cf15f0a4ea10ce3777cce002bb275dc04006525d5770e21411a2481fcff9f600e0054a1d6
279001242:0 1019 28 67 d3003d3fb714c0436a717cce00fff8ac6e5b71fd6a2f7b2e2b6a65fe1a00318eff1a71a10d62667cce000d8a714f33fffa2732f39610df0c5b1fc4ffaa24ec006f7359
279001242:0 1019 29 67 d3003d3fb754c0787f4b7cce00002ec2fc944bfb403067998008abfbab01b731951286a10cd4e77cceffd4e3fb8fd80026274d2c8b1a6170dff94fffa927eb0052bb37
279001261:0 1019 31 67 d3003d3fb7d4c043aa197cce00000ee668ec19fed631f7040351cbff4b057e46ad19a9a10dc07a7cceffe88c88590d005226e80853118822f859ddffa762e4002dedbb
279001270:0 1019 32 67 d3003d3fb814c07d584c7cce000073d1fb604cf18a31e6bc1cd3aaf3ae0469ff780c52a10d34737cce0042608af3770027275a8400211eac1aada4ffa73a02008411ab
279005752:0 1019 1 67 d3003d3fb054c041bce27cce00002d2c33cce20e182d636dbefd2d0c3e005755f01804a10db8ec7cce00110eb9827c000427172d901366026e3b35ffa9a3ed00a5d1ea
279005774:0 1019 2 67 d3003d3fb094c04014377cce00004ff40610370c702a15acd713f30b370872e72d1a53a10d6d737cceff98081184cd00b12754e4f711bad99f0b6bffac0fda00022208
279005790:0 1019 3 67 d3003d3fb0d4c143504e7cce00ffe35983644e08092da3173335d106790349f50e049da10dc6cf7cceffc936affb27fff5285be7f12c0231ce6fd0ffa5440300a9873c
279006030:0 1019 10 67 d3003d3fb294c143c81f7cce00ffb6bce3c81f06b52e3bf0a7d47206550550b7d7047fa10d282e7cce00213695c493004628577f592c62a18497dbffa4b60500c640d4
279006070:0 1019 12 67 d3003d3fb314c0417b347cce00fff6b1cd8434035c37910e48496402ea04752b4f0a54a10d17e97cceffcfb916bdfe00102717b6f923973dd90287ffa2bde5004b174b
279001364:0 1020 1 51 d3002d3fc051a078831216d9d361b2128a2ce7285143b4344de924aa2fc0801d11efe28124b2d2c80000000a00000700141fc1
279001406:0 1020 6 51 d3002d3fc1862078831026163ced4f918f2f4fc459a162b3917927261231402c1e0488c034b2c0000000000000000000d65408
279001415:0 1020 7 51 d3002d3fc1d8207883257f250ac010b39b69e2b643faa096e7ee52f43312000d0e8a108114b2c000000000000000000074b657
279001424:0 1020 8 51 d3002d3fc21ba0788327bd86b27283349a1ba58d313f73137cf555277291801c008a250124b2d2c80000001200000800c08a70
279001432:0 1020 9 51 d3002d3fc24a20788302bbb9143ba2b321239fcd8cccc02a2d1b3b87c551003d23ec6d0054b2c0000000000000000000acc583
279001440:0 1020 10 51 d3002d3fc28020788382214688ce98b40163a4e3103cc0391525021320a1406c3084b2c054b2c0000000000000000000ff6a06
279001449:0 1020 11 51 d3002d3fc2ce20788385153aa3a44193a200eac622c86029e4f0bd2564a3401d015b68c164b2c000000000000000000021e586
279001498:0 1020 17 51 d3002d3fc456207883a4380a263c3a8293786237c769e021a40b494dff53003d1cd9600034b2c00000000000000000005a8610
279001557:0 1020 24 51 d3002d3fc612207883ad12c7a20ad71194b5cd1e9082d38a3aaf58928032402c0f96a10054b2c0000000000000000000ae8f7c
279001574:0 1020 26 51 d3002d3fc68220798328d374aa19e5949bb728945dd2520d261558079bf2802e0f6492c154b3d2c8000000120000078043eebc
279004538:0 1042 14 70 d30040412388001f8205efb4003f41aee24b1907e250565628033f05f391804e4356809d94a2a0f3cf7da0007930da661400772801b34516d8017a770b7fec4e04604c5cc628
279004628:0 1042 21 70 d30040412548001f4705efb4003fe2dc822a3e0fdda653748d20dec7f1890026a64700d394a2a133af7dafff4131826408006c28153059162980b5f198bfec64885214d73a15
279004636:0 1042 22 70 d30040412588001f6405efb4000018f5313d9a0fdd2e53f090342d45f1eb003337bf810b34a2a1002f7daffd91317f5543ffe9281549d715f9c845b8f77fec82c9d2742a5adc
279004669:0 1042 26 70 d3004041268800031685efb4003fe740bd09c90819225da9b39e58340a1b003b146809e074a2a7c98f7da0006e818611e4007c2689a5e20a2746f6ba5dffed04be0f8099cc09
279004862:0 1042 36 70 d3004041290800030405efb40000045328742d081e3c5f96c4bae4f60d078032639a0906d4a2a702af7da001b2851bb9b4003f268797090b0a34d52ae4ffecc0b42d0808f1e7
279005044:0 1042 42 70 d30040412a88001f5e05efb4003fa9428ef4bd0fe0a655a29a75650bf252004bfbbf0077d4a29fad8f7dafffc930a52d04005d2804a23216e3776e7dfebfec626cdb3422fa98
279005122:0 1042 45 70 d30040412b480002e305efb4003fbe4cc6d7c8081c3c5daa2c2ca9da0bd18023f64908d354a2a3bdcf7dafffc68613cbabffef26b0b4f00b48c062d12d3fecdd8d4350b12b3f
279005194:0 1042 50 70 d30040412c88001f6205efb400002585b9198a0fe0805a9c1548449df2400012c701005494a2a39f6f7dafff552fbe491000472770dffc1662cc19f99cffebf115254a419b75
279005246:0 1046 2 69 d3003f41609530566b058e120000019400fff898100ca5ec9f8a00200d80007f3b70192aa813963a1200040bbfb63e600052739c79c2250f9f57751ffbe0efc3eb00b8ad0c
279005263:0 1046 3 69 d3003f4160d530566bf1c612003ffebfff21c48ba6e8873162e6dc83ba8c00f46170391aa8142372120ffe06644d5f6000027574a6819091ec03a41ffc1e5004020064ab35
279005333:0 1046 7 69 d3003f4161d530566bf09612003ffee1ff2c46239fb4879cb7089173b49c00aec3483f12a814175e120000b6645a3eb00302757b623164809e3ea83ffc1450380f0011ca77
279005351:0 1046 8 69 d3003f41621530566bf20e12003ffc61fddce79ba56c8604fe868f53b9e000d4d7383fdea8140b86120ffe56657f5e3000e2793cf68169f1804b92effc264f9fe300efc44d
279005437:0 1046 13 69 d3003f41635530556b0c3e11603fffafffd73cdc59445b3751397f3045f800311ed8628ea81384a2116000f114336aa004228ba751e0d59b49f7bfcffc80c0300c0032ad9a
279005584:0 1046 25 69 d3003f41665530536b080e10200000240014ddb40f58a1f9cbdbfc240c38009726f41b42a81347ee102fff3bbd9ef8800342735cb2321ffc668db65ffbeff00c03006e7026
279005600:0 1046 26 69 d3003f41669530566b0b9612000005fe0038f8985bf4605f3c23784847a80071880464d6a81375e61200024112e77ff000f28749fb30c1b9cc38dd5ffc6b8f93e000a4d700
279005616:0 1046 27 69 d3003f4166d530566b027a12003ffa53fcedbdbc0a8ca3e02b76993806dc007946cc1ae2a813218e120ffffbbd97ef300092735743d221bd74ef2baffbf66ffbfe005756fa
279005632:0 1046 29 69 d3003f41675530566bef7612003ffe13ff7c6f279c308bfb2e5d5d67b100008142203fbea813f9b6120001266537a5100092712419916404b4f8ec9ffc0b3fb3ed002912d2
279005648:0 1046 30 69 d3003f41679530566b01ce12003fe955ff8947200c48a81fa9108d7009680066ee5c155aa8137e5e120ffeebbf0d25affe0271e96882305172ac686ffbe31ff7fb00e83c82
279005682:0 1046 33 69 d3003f41685530566b0a0212003fff98000a61f05a285f46f2fafdf0456c008a66b86a52a813824e12000271142da22ffde28baa26c0a79902d1a0bffc795fa3e500cfe21d
