# RTCM Message Log (ephemeris only)
# Generated: 2025-08-22T21:23:27.632791
# Filtered: true
# Filter UTC: 2025-08-22T21:23:27Z
# Filter receiver: lat=38.3403, lon=-78.97626, h_m=100.0
# Filter mask_deg: 0.0
# Mountpoint: BCEP00BKG0
# Allowed types: [1019, 1020, 1042, 1046]
# GPS Week: 0
# GPS TOW: 0ms
# Format: [timestamp_ms] [msg_type] [sat_prn] [length] [hex_data]
# ----------------------------------------
278405361:0 1019 1 67 d3003d3fb054c041bce27cce00002d2c33cce20e182d636dbefd2d0c3e005755f01804a10db8ec7cce00110eb9827c000427172d901366026e3b35ffa9a3ed00a5d1ea
278405370:0 1019 2 67 d3003d3fb094c04014377cce00004ff40610370c702a15acd713f30b370872e72d1a53a10d6d737cceff98081184cd00b12754e4f711bad99f0b6bffac0fda00022208
278405379:0 1019 3 67 d3003d3fb0d4c143504e7cce00ffe35983644e08092da3173335d106790349f50e049da10dc6cf7cceffc936affb27fff5285be7f12c0231ce6fd0ffa5440300a9873c
278405438:0 1019 10 67 d3003d3fb294c143c81f7cce00ffb6bce3c81f06b52e3bf0a7d47206550550b7d7047fa10d282e7cce00213695c493004628577f592c62a18497dbffa4b60500c640d4
278405455:0 1019 12 67 d3003d3fb314c0417b347cce00fff6b1cd8434035c37910e48496402ea04752b4f0a54a10d17e97cceffcfb916bdfe00102717b6f923973dd90287ffa2bde5004b174b
278405555:0 1019 25 67 d3003d3fb654c041dd4f7cce00fff13e48444f04b93afd0cfcabda045d065432890a76a10ca3597cceffc9b559f6fc0039269d8f68227e2df583deffa06c0c00759c2f
278405563:0 1019 26 67 d3003d3fb694c1427c4c7cce00fffedde0c44c047d3f77e9f4308703eb053cf15f0a4ea10ce3777cce002bb275dc04006525d5770e21411a2481fcff9f600e0054a1d6
278405581:0 1019 28 67 d3003d3fb714c0436a717cce00fff8ac6e5b71fd6a2f7b2e2b6a65fe1a00318eff1a71a10d62667cce000d8a714f33fffa2732f39610df0c5b1fc4ffaa24ec006f7359
278405605:0 1019 31 67 d3003d3fb7d4c043aa197cce00000ee668ec19fed631f7040351cbff4b057e46ad19a9a10dc07a7cceffe88c88590d005226e80853118822f859ddffa762e4002dedbb
278405613:0 1019 32 67 d3003d3fb814c07d584c7cce000073d1fb604cf18a31e6bc1cd3aaf3ae0469ff780c52a10d34737cce0042608af3770027275a8400211eac1aada4ffa73a02008411ab
278405733:0 1020 6 51 d3002d3fc1862000811c6fe7331c3af292438cbcd814c1aab6b43c002e71402c1e0470c134b2c000000000000000000039a888
278405761:0 1020 7 51 d3002d3fc1d82000812c7c2a87652493973bd7ab03313187901959b110f2001d0e8a088014b2c00000000000000000002d7c94
278405807:0 1020 8 51 d3002d3fc21ba0008125559ac38e759390feff83b263f42187c1496dd331801c008a350024b2d2b80000000200000600138669
278405825:0 1020 9 51 d3002d3fc24a20008181c9fd1422a0f415b363d9b44dc032e66726f234c0003d23ec450154b2c0000000000000000000bf5b49
278405859:0 1020 10 51 d3002d3fc28020008181c44387cef3f48cd93fe08766a0373ab096c3e922406c30845ac154b2c00000000000000000004d69fd
278406046:0 1020 16 51 d3002d3fc40c20008182eeb729b4e1d12fdd249d8e6ee011e7b7559e1233001d051ca90144b2c00000000000000000005c9358
278406136:0 1020 22 51 d3002d3fc589a00081862f71d41d5ef5813d88b46a1fb4b8b2c70a6cede2802d0ab0c10054b2d2b80000000a00000700937c6f
278406142:0 1020 23 51 d3002d3fc5d5a000819eb17fcb4af7b391d43190e577f5a976fe3efdfb60c01c1574424134b2d2b8000000020000060015d1a7
278406168:0 1020 26 51 d3002d3fc68220018127f572bc06a433930e828a0bb2731c02af4eed5cb1801e0f64aac044b3d2b8000000020000068043443d
278406177:0 1020 27 51 d3002d3fc6c420018116c81940cba3d28e7b16ba8c3202b0910f2fe2adb2000e0d31328134b3c0000000000000000000e2a131
278404236:0 1042 21 70 d30040412548001f4705efb4003fe2dc822a3e0fdda653748d20dec7f1890026a64700d394a2a133af7dafff4131826408006c28153059162980b5f198bfec64885214d73a15
278404236:0 1042 22 70 d30040412588001f6405efb4000018f5313d9a0fdd2e53f090342d45f1eb003337bf810b34a2a1002f7daffd91317f5543ffe9281549d715f9c845b8f77fec82c9d2742a5adc
278404318:0 1042 26 70 d3004041268800031685efb4003fe740bd09c90819225da9b39e58340a1b003b146809e074a2a7c98f7da0006e818611e4007c2689a5e20a2746f6ba5dffed04be0f8099cc09
278404392:0 1042 36 70 d3004041290800030405efb40000045328742d081e3c5f96c4bae4f60d078032639a0906d4a2a702af7da001b2851bb9b4003f268797090b0a34d52ae4ffecc0b42d0808f1e7
278404441:0 1042 42 70 d30040412a88001f5e05efb4003fa9428ef4bd0fe0a655a29a75650bf252004bfbbf0077d4a29fad8f7dafffc930a52d04005d2804a23216e3776e7dfebfec626cdb3422fa98
278404468:0 1042 45 70 d30040412b480002e305efb4003fbe4cc6d7c8081c3c5daa2c2ca9da0bd18023f64908d354a2a3bdcf7dafffc68613cbabffef26b0b4f00b48c062d12d3fecdd8d4350b12b3f
278404507:0 1042 50 70 d30040412c88001f6205efb400002585b9198a0fe0805a9c1548449df2400012c701005494a2a39f6f7dafff552fbe491000472770dffc1662cc19f99cffebf115254a419b75
278404547:0 1046 2 69 d3003f41609530556b0502116000019400fff8240ff8a5d8937b56880d68007f3c0c18bea81394a2116003cbbfb6dbafffa2739c79b2269f9f14224ffbe13fc3eb00df30bb
278404562:0 1046 3 69 d3003f4160d530556bf1b211603ffebfff21c4efa644878156ccfd43ba3400f47b18395ea814203a116ffe16644df08000427574b0418e71ebed53dffc1f30040200456b27
278404626:0 1046 7 69 d3003f4161d530556bf04611603ffedfff2c46639ebc876caac1cd8bb3d000aebb783fc6a8141c7e11600126645ad4d002e2757b6c9161109edbfb0ffc13a0380f00d2d804
278404642:0 1046 8 69 d3003f41621530556bf1fe11603ffc61fddce8afa5d8865cf2738177ba2800d4e2144022a814092e116ffe36657ff0100112793cfe3168418019facffc259f9fe300580202
278404808:0 1046 13 69 d3003f41635530556b0c3e11603fffafffd73cdc59445b3751397f3045f800311ed8628ea81384a2116000f114336aa004228ba751e0d59b49f7bfcffc80c0300c0032ad9a
278405210:0 1046 25 69 d3003f41665530536b080e10200000240014ddb40f58a1f9cbdbfc240c38009726f41b42a81347ee102fff3bbd9ef8800342735cb2321ffc668db65ffbeff00c03006e7026
278405231:0 1046 26 69 d3003f41669530526b0baa0f800006000038f1a45bb063630b1501e4478400710c1067bea81362ae0f8000a112e9a2e000b28749d750ae59ce7b2b0ffc653f93e0005237fa
278405248:0 1046 27 69 d3003f4166d530556b027e11603ffa53fcedbf680a9ca3941f6442ac06f400793eec1b6aa81320061160003bbd988560007273574362204d74ba780ffbf74ffbfe00859dfa
278405267:0 1046 29 69 d3003f41675530556bef5a11603ffe13ff7c6fb79b408ca3221b708bb07c00811e383f2ea813f44e11600106653839d00082712424116824b582c0dffc0b6fb3ed0021f7af
278405285:0 1046 30 69 d3003f41679530556b019211603fe955ff894dbc0baca7cf9cf43f6808b00066d930158aa8137bc6116ffebbbf0dbfdffe7271e96a622fb1729fa0fffbe49ff7fb009761ae
278405318:0 1046 33 69 d3003f41685530556b0a0611603fff98000a621059385f06e6fc649c44b0008a78d46a06a813865211600261142e263ffde28baa20d0a909024e406ffc796fa3e5001177cb
