# RTCM Message Log (ephemeris only)
# Generated: 2025-08-22T21:53:27.633698
# Filtered: true
# Filter UTC: 2025-08-22T21:53:27Z
# Filter receiver: lat=38.3403, lon=-78.97626, h_m=100.0
# Filter mask_deg: 0.0
# Mountpoint: BCEP00BKG0
# Allowed types: [1019, 1020, 1042, 1046]
# GPS Week: 0
# GPS TOW: 0ms
# Format: [timestamp_ms] [msg_type] [sat_prn] [length] [hex_data]
# ----------------------------------------
280201221:0 1019 1 67 d3003d3fb054c041bce27cce00002d2c33cce20e182d636dbefd2d0c3e005755f01804a10db8ec7cce00110eb9827c000427172d901366026e3b35ffa9a3ed00a5d1ea
280201221:0 1019 2 67 d3003d3fb094c04014377cce00004ff40610370c702a15acd713f30b370872e72d1a53a10d6d737cceff98081184cd00b12754e4f711bad99f0b6bffac0fda00022208
280201221:0 1019 3 67 d3003d3fb0d4c143504e7cce00ffe35983644e08092da3173335d106790349f50e049da10dc6cf7cceffc936affb27fff5285be7f12c0231ce6fd0ffa5440300a9873c
280201227:0 1019 4 67 d3003d3fb114c07cb31d7cce000021fffb601def4931389559c4dff19701bdc0f80dc7a10cbf6f7ccefffc627094c7fff3277899c720ba8815706dffa70df6001f3215
280201280:0 1019 10 67 d3003d3fb294c143c81f7cce00ffb6bce3c81f06b52e3bf0a7d47206550550b7d7047fa10d282e7cce00213695c493004628577f592c62a18497dbffa4b60500c640d4
280201297:0 1019 12 67 d3003d3fb314c0417b347cce00fff6b1cd8434035c37910e48496402ea04752b4f0a54a10d17e97cceffcfb916bdfe00102717b6f923973dd90287ffa2bde5004b174b
280201331:0 1019 16 67 d3003d3fb414c0418e427cce0000470b721842028936c2c513a2c00277076e9f0c093aa10e2f507cce00c2b9cb0043000a270fac2d247324508d09ffa62ae9007dc4b4
280201419:0 1019 25 67 d3003d3fb654c041dd4f7cce00fff13e48444f04b93afd0cfcabda045d065432890a76a10ca3597cceffc9b559f6fc0039269d8f68227e2df583deffa06c0c00759c2f
280201419:0 1019 26 67 d3003d3fb694c1427c4c7cce00fffedde0c44c047d3f77e9f4308703eb053cf15f0a4ea10ce3777cce002bb275dc04006525d5770e21411a2481fcff9f600e0054a1d6
280201422:0 1019 28 67 d3003d3fb714c0436a717cce00fff8ac6e5b71fd6a2f7b2e2b6a65fe1a00318eff1a71a10d62667cce000d8a714f33fffa2732f39610df0c5b1fc4ffaa24ec006f7359
280201430:0 1019 29 67 d3003d3fb754c0787f4b7cce00002ec2fc944bfb403067998008abfbab01b731951286a10cd4e77cceffd4e3fb8fd80026274d2c8b1a6170dff94fffa927eb0052bb37
280201447:0 1019 31 67 d3003d3fb7d4c043aa197cce00000ee668ec19fed631f7040351cbff4b057e46ad19a9a10dc07a7cceffe88c88590d005226e80853118822f859ddffa762e4002dedbb
280201455:0 1019 32 67 d3003d3fb814c07d584c7cce000073d1fb604cf18a31e6bc1cd3aaf3ae0469ff780c52a10d34737cce0042608af3770027275a8400211eac1aada4ffa73a02008411ab
280201552:0 1020 6 51 d3002d3fc1862078831026163ced4f918f2f4fc459a162b3917927261231402c1e0488c034b2c0000000000000000000d65408
280201559:0 1020 7 51 d3002d3fc1d8207883257f250ac010b39b69e2b643faa096e7ee52f43312000d0e8a108114b2c000000000000000000074b657
280201568:0 1020 8 51 d3002d3fc21ba0788327bd86b27283349a1ba58d313f73137cf555277291801c008a250124b2d2c80000001200000800c08a70
280201576:0 1020 9 51 d3002d3fc24a20788302bbb9143ba2b321239fcd8cccc02a2d1b3b87c551003d23ec6d0054b2c0000000000000000000acc583
280201584:0 1020 10 51 d3002d3fc28020788382214688ce98b40163a4e3103cc0391525021320a1406c3084b2c054b2c0000000000000000000ff6a06
280201632:0 1020 16 51 d3002d3fc40c20788304571129fe86403245bc87d040a00247de5a1503b3001d051cb10044b2c0000000000000000000413d44
280201692:0 1020 23 51 d3002d3fc5d5a0788396cbb1d733923587f220968313d4b2e18c2a918d01c01c1574524034b2d2c80000001200000600896434
280201718:0 1020 24 51 d3002d3fc612207883ad12c7a20ad71194b5cd1e9082d38a3aaf58928032402c0f96a10054b2c0000000000000000000ae8f7c
280201786:0 1020 26 51 d3002d3fc68220798328d374aa19e5949bb728945dd2520d261558079bf2802e0f6492c154b3d2c8000000120000078043eebc
280201810:0 1020 27 51 d3002d3fc6c420798309edfa47fa9eb18a4709c023dd43b711cb18f6ffd1800e0d312a8034b3d2c80000001200000780175c23
280204761:0 1042 14 70 d30040412388001f8205efb4003f41aee24b1907e250565628033f05f391804e4356809d94a2a0f3cf7da0007930da661400772801b34516d8017a770b7fec4e04604c5cc628
280204761:0 1042 21 70 d30040412548001f4705efb4003fe2dc822a3e0fdda653748d20dec7f1890026a64700d394a2a133af7dafff4131826408006c28153059162980b5f198bfec64885214d73a15
280204761:0 1042 22 70 d30040412588001f6405efb4000018f5313d9a0fdd2e53f090342d45f1eb003337bf810b34a2a1002f7daffd91317f5543ffe9281549d715f9c845b8f77fec82c9d2742a5adc
280204929:0 1042 26 70 d3004041268800031685efb4003fe740bd09c90819225da9b39e58340a1b003b146809e074a2a7c98f7da0006e818611e4007c2689a5e20a2746f6ba5dffed04be0f8099cc09
280205172:0 1042 36 70 d3004041290800030405efb40000045328742d081e3c5f96c4bae4f60d078032639a0906d4a2a702af7da001b2851bb9b4003f268797090b0a34d52ae4ffecc0b42d0808f1e7
280205255:0 1042 42 70 d30040412a88001f5e05efb4003fa9428ef4bd0fe0a655a29a75650bf252004bfbbf0077d4a29fad8f7dafffc930a52d04005d2804a23216e3776e7dfebfec626cdb3422fa98
280205286:0 1042 45 70 d30040412b480002e305efb4003fbe4cc6d7c8081c3c5daa2c2ca9da0bd18023f64908d354a2a3bdcf7dafffc68613cbabffef26b0b4f00b48c062d12d3fecdd8d4350b12b3f
280205336:0 1042 50 70 d30040412c88001f6205efb400002585b9198a0fe0805a9c1548449df2400012c701005494a2a39f6f7dafff552fbe491000472770dffc1662cc19f99cffebf115254a419b75
280201047:0 1046 29 69 d3003f41675530586befaa13403ffe13ff7c6e079d4c8acb46cb7233b18c0081818040c2a814028e1340016665367b8000c2712405115c14b43c4f2ffc0aefb3ed0058cc8e
280201093:0 1046 30 69 d3003f41679530586b026e13403fe955ff8939d40d94a8b7c14146d00ae4006719541556a81383b6134fffbbbf0bf00ffd2271e964c2306172e5820ffbdffff7fb00f4e175
280201152:0 1046 33 69 d3003f41685530586b09a613403fff96000a61ac5b045fd30b1a29a8462c008a505c6adaa8137e1613400291142c9f8ffec28baa3110a529035084effc76afa3e500d15532
280205380:0 1046 2 69 d3003f41609530586b06ba134000019400fff97c1008a608b7b020ac0d78007f386419dea813989e134003fbbfb502a001d2739c7ac222bf9fbae38ffbe0ffc3eb00798380
280205398:0 1046 3 69 d3003f4160d530586bf20a13403ffebfff21c3d3a7d086c97b218597badc00f441fc38faa814274a134ffe06644c3c9fff52757492419261ec14928ffc1c20040200cbc90d
280205469:0 1046 7 69 d3003f4161d530586bf12a13403ffee3ff2c4583a20c87f4cf9632fbb68800aedd403e0aa8140cb6134fffd6645912b00302757b4ea169809d039eeffc1600380f005503f6
280205485:0 1046 8 69 d3003f41621530586bf21613403ffc61fddce573a47c853116a1c3a7b94000d4ae2c3ecaa8141302134ffe76657e3c2000c2793ce701709180da63dffc271f9fe300b5faf4
280205567:0 1046 13 69 d3003f41635530586b0abe13403fffafffd73c9454dc5c5374fdbd1842f000308680612aa813716a134ffea11431e61004728ba771d0dd9b4c60051ffc8550300c00c8a9d4
280205633:0 1046 18 69 d3003f41649530556bf92a11600017500766a0c004c0d63aa7204fb7ef9d4fa4a4787ba2952cd052116f954e39ef032fd2322fad411052e778136dfffad85fb7e948a3087e
280205851:0 1046 26 69 d3003f41669530586b0b6e13400005fc0038fc185ce45f4754879c6048400071bedc63cea8137d36134002c112e671c00182874a0ce0c819cba403cffc6e2f93e0009dc059
280205941:0 1046 27 69 d3003f4166d530586b027a13403ffa53fcedba640a90a4784396daac06e00079552419c6a81324de134fff7bbd96c2a000827357442224dd756a416ffbf46ffbfe00170f35
