# RTCM Message Log (ephemeris only)
# Generated: 2025-08-22T21:18:27.632563
# Filtered: true
# Filter UTC: 2025-08-22T21:18:27Z
# Filter receiver: lat=38.3403, lon=-78.97626, h_m=100.0
# Filter mask_deg: 0.0
# Mountpoint: BCEP00BKG0
# Allowed types: [1019, 1020, 1042, 1046]
# GPS Week: 0
# GPS TOW: 0ms
# Format: [timestamp_ms] [msg_type] [sat_prn] [length] [hex_data]
# ----------------------------------------
278105521:0 1019 1 67 d3003d3fb054c041bce27cce00002d2c33cce20e182d636dbefd2d0c3e005755f01804a10db8ec7cce00110eb9827c000427172d901366026e3b35ffa9a3ed00a5d1ea
278105529:0 1019 2 67 d3003d3fb094c04014377cce00004ff40610370c702a15acd713f30b370872e72d1a53a10d6d737cceff98081184cd00b12754e4f711bad99f0b6bffac0fda00022208
278105538:0 1019 3 67 d3003d3fb0d4c143504e7cce00ffe35983644e08092da3173335d106790349f50e049da10dc6cf7cceffc936affb27fff5285be7f12c0231ce6fd0ffa5440300a9873c
278105595:0 1019 10 67 d3003d3fb294c143c81f7cce00ffb6bce3c81f06b52e3bf0a7d47206550550b7d7047fa10d282e7cce00213695c493004628577f592c62a18497dbffa4b60500c640d4
278105611:0 1019 12 67 d3003d3fb314c0417b347cce00fff6b1cd8434035c37910e48496402ea04752b4f0a54a10d17e97cceffcfb916bdfe00102717b6f923973dd90287ffa2bde5004b174b
278105747:0 1019 25 67 d3003d3fb654c041dd4f7cce00fff13e48444f04b93afd0cfcabda045d065432890a76a10ca3597cceffc9b559f6fc0039269d8f68227e2df583deffa06c0c00759c2f
278105749:0 1019 26 67 d3003d3fb694c1427c4c7cce00fffedde0c44c047d3f77e9f4308703eb053cf15f0a4ea10ce3777cce002bb275dc04006525d5770e21411a2481fcff9f600e0054a1d6
278105822:0 1019 28 67 d3003d3fb714c0436a717cce00fff8ac6e5b71fd6a2f7b2e2b6a65fe1a00318eff1a71a10d62667cce000d8a714f33fffa2732f39610df0c5b1fc4ffaa24ec006f7359
278105984:0 1019 31 67 d3003d3fb7d4c043aa197cce00000ee668ec19fed631f7040351cbff4b057e46ad19a9a10dc07a7cceffe88c88590d005226e80853118822f859ddffa762e4002dedbb
278105984:0 1019 32 67 d3003d3fb814c07d584c7cce000073d1fb604cf18a31e6bc1cd3aaf3ae0469ff780c52a10d34737cce0042608af3770027275a8400211eac1aada4ffa73a02008411ab
278101108:0 1020 26 51 d3002d3fc68220018127f572bc06a433930e828a0bb2731c02af4eed5cb1801e0f64aac044b3d2b8000000020000068043443d
278101130:0 1020 27 51 d3002d3fc6c420018116c81940cba3d28e7b16ba8c3202b0910f2fe2adb2000e0d31328134b3c0000000000000000000e2a131
278106135:0 1020 5 51 d3002d3fc1502000818b302f5b249b6101d2aba3342724b8386193461680000d144d18c134b2c00000000000000000002deed4
278106144:0 1020 6 51 d3002d3fc1862000811c6fe7331c3af292438cbcd814c1aab6b43c002e71402c1e0470c134b2c000000000000000000039a888
278106152:0 1020 7 51 d3002d3fc1d82000812c7c2a87652493973bd7ab03313187901959b110f2001d0e8a088014b2c00000000000000000002d7c94
278106160:0 1020 8 51 d3002d3fc21ba0008125559ac38e759390feff83b263f42187c1496dd331801c008a350024b2d2b80000000200000600138669
278106169:0 1020 9 51 d3002d3fc24a20008181c9fd1422a0f415b363d9b44dc032e66726f234c0003d23ec450154b2c0000000000000000000bf5b49
278106177:0 1020 10 51 d3002d3fc28020008181c44387cef3f48cd93fe08766a0373ab096c3e922406c30845ac154b2c00000000000000000004d69fd
278106225:0 1020 16 51 d3002d3fc40c20008182eeb729b4e1d12fdd249d8e6ee011e7b7559e1233001d051ca90144b2c00000000000000000005c9358
278106276:0 1020 22 51 d3002d3fc589a00081862f71d41d5ef5813d88b46a1fb4b8b2c70a6cede2802d0ab0c10054b2d2b80000000a00000700937c6f
278106285:0 1020 23 51 d3002d3fc5d5a000819eb17fcb4af7b391d43190e577f5a976fe3efdfb60c01c1574424134b2d2b8000000020000060015d1a7
278104495:0 1042 19 70 d300404124c8001f5405efb40000018184acba0fde0253a734a0ca67f239002bd7e700f674a2a130cf7daffe7d31493abbffca281cc4d01649fbd5610e3fec9f8741d00b259d
278104495:0 1042 21 70 d30040412548001f4705efb4003fe2dc822a3e0fdda653748d20dec7f1890026a64700d394a2a133af7dafff4131826408006c28153059162980b5f198bfec64885214d73a15
278104495:0 1042 22 70 d30040412588001f6405efb4000018f5313d9a0fdd2e53f090342d45f1eb003337bf810b34a2a1002f7daffd91317f5543ffe9281549d715f9c845b8f77fec82c9d2742a5adc
278104495:0 1042 26 70 d3004041268800031685efb4003fe740bd09c90819225da9b39e58340a1b003b146809e074a2a7c98f7da0006e818611e4007c2689a5e20a2746f6ba5dffed04be0f8099cc09
278104505:0 1042 36 70 d3004041290800030405efb40000045328742d081e3c5f96c4bae4f60d078032639a0906d4a2a702af7da001b2851bb9b4003f268797090b0a34d52ae4ffecc0b42d0808f1e7
278104555:0 1042 42 70 d30040412a88001f5e05efb4003fa9428ef4bd0fe0a655a29a75650bf252004bfbbf0077d4a29fad8f7dafffc930a52d04005d2804a23216e3776e7dfebfec626cdb3422fa98
278104578:0 1042 45 70 d30040412b480002e305efb4003fbe4cc6d7c8081c3c5daa2c2ca9da0bd18023f64908d354a2a3bdcf7dafffc68613cbabffef26b0b4f00b48c062d12d3fecdd8d4350b12b3f
278104618:0 1042 50 70 d30040412c88001f6205efb400002585b9198a0fe0805a9c1548449df2400012c701005494a2a39f6f7dafff552fbe491000472770dffc1662cc19f99cffebf115254a419b75
278104702:0 1046 2 69 d3003f41609530546b047e10c000019400fff7b00fd0a5c0876f32300d40007f3ba01846a81392ca10c0036bbfb7788fff02739c79f2284f9ec6b9cffbe1bfc3eb0097b7f1
278104735:0 1046 3 69 d3003f4160d530546bf1a610c03ffebfff21c54ba59887e14ab6001bb9d000f4998839caa8141c4610cffe36644e817000627574b9b18b61ebcb78affc1fd004020042b8bb
278104883:0 1046 7 69 d3003f4161d530546befee10c03ffeddff2c46af9dfc87449e7e73f3b33400aeb7a04086a814212a10c00196645b6ad002b2757b77415d709f6ba44ffc1310380f00d49111
278104979:0 1046 8 69 d3003f41621530546bf1ea10c03ffc61fddce9bfa61c86a4e65b5003ba5000d4e730403aa81407e610cffe26658082800152793d05d167817ffcf2cffc24cf9fe300485050
278105206:0 1046 13 69 d3003f41635530546b0caa10c03fffafffd73cf05ac45aef45610a04470400314b7462aea8138a9a10c001911433ed3003c28ba746d0d4eb48dbd71ffc7f10300c00f49b55
278105374:0 1046 25 69 d3003f41665530536b080e10200000240014ddb40f58a1f9cbdbfc240c38009726f41b42a81347ee102fff3bbd9ef8800342735cb2321ffc668db65ffbeff00c03006e7026
278105392:0 1046 26 69 d3003f41669530526b0baa0f800006000038f1a45bb063630b1501e4478400710c1067bea81362ae0f8000a112e9a2e000b28749d750ae59ce7b2b0ffc653f93e0005237fa
278105410:0 1046 27 69 d3003f4166d530546b028610c03ffa53fcedc1180abca34c1350407c0724007936d01be2a8131e9610c0006bbd991b500052735742c21f0d748c731ffbf82ffbfe0067aba0
278105428:0 1046 29 69 d3003f41675530546bef3e10c03ffe13ff7c70479a1c8d4b15d440f3afd80080fb083eaaa813eea610c000e66538ce70008271242ea16bb4b6219dfffc0bafb3ed00b3bd33
278105444:0 1046 30 69 d3003f41679530546b015a10c03fe955ff8954640b1ca77b90d5754008000066c48415cea813794210cffe9bbf0e597ffef271e96c422ec1729cc9fffbe61ff7fb00336d40
278105479:0 1046 33 69 d3003f41685530546b09f210c03fff98000a622857fc5ebedb08225843bc008a8c6c69d2a8138b5210c00281142eab9ffe028baa1ae0aa1901a186affc78ffa3e5000c080c
