# RTCM Message Log (ephemeris only)
# Generated: 2025-08-22T21:43:27.633484
# Filtered: true
# Filter UTC: 2025-08-22T21:43:27Z
# Filter receiver: lat=38.3403, lon=-78.97626, h_m=100.0
# Filter mask_deg: 0.0
# Mountpoint: BCEP00BKG0
# Allowed types: [1019, 1020, 1042, 1046]
# GPS Week: 0
# GPS TOW: 0ms
# Format: [timestamp_ms] [msg_type] [sat_prn] [length] [hex_data]
# ----------------------------------------
279601083:0 1019 25 67 d3003d3fb654c041dd4f7cce00fff13e48444f04b93afd0cfcabda045d065432890a76a10ca3597cceffc9b559f6fc0039269d8f68227e2df583deffa06c0c00759c2f
279601102:0 1019 26 67 d3003d3fb694c1427c4c7cce00fffedde0c44c047d3f77e9f4308703eb053cf15f0a4ea10ce3777cce002bb275dc04006525d5770e21411a2481fcff9f600e0054a1d6
279601131:0 1019 28 67 d3003d3fb714c0436a717cce00fff8ac6e5b71fd6a2f7b2e2b6a65fe1a00318eff1a71a10d62667cce000d8a714f33fffa2732f39610df0c5b1fc4ffaa24ec006f7359
279601143:0 1019 29 67 d3003d3fb754c0787f4b7cce00002ec2fc944bfb403067998008abfbab01b731951286a10cd4e77cceffd4e3fb8fd80026274d2c8b1a6170dff94fffa927eb0052bb37
279601163:0 1019 31 67 d3003d3fb7d4c043aa197cce00000ee668ec19fed631f7040351cbff4b057e46ad19a9a10dc07a7cceffe88c88590d005226e80853118822f859ddffa762e4002dedbb
279601174:0 1019 32 67 d3003d3fb814c07d584c7cce000073d1fb604cf18a31e6bc1cd3aaf3ae0469ff780c52a10d34737cce0042608af3770027275a8400211eac1aada4ffa73a02008411ab
279606092:0 1019 1 67 d3003d3fb054c041bce27cce00002d2c33cce20e182d636dbefd2d0c3e005755f01804a10db8ec7cce00110eb9827c000427172d901366026e3b35ffa9a3ed00a5d1ea
279606105:0 1019 2 67 d3003d3fb094c04014377cce00004ff40610370c702a15acd713f30b370872e72d1a53a10d6d737cceff98081184cd00b12754e4f711bad99f0b6bffac0fda00022208
279606125:0 1019 3 67 d3003d3fb0d4c143504e7cce00ffe35983644e08092da3173335d106790349f50e049da10dc6cf7cceffc936affb27fff5285be7f12c0231ce6fd0ffa5440300a9873c
279606214:0 1019 10 67 d3003d3fb294c143c81f7cce00ffb6bce3c81f06b52e3bf0a7d47206550550b7d7047fa10d282e7cce00213695c493004628577f592c62a18497dbffa4b60500c640d4
279606231:0 1019 12 67 d3003d3fb314c0417b347cce00fff6b1cd8434035c37910e48496402ea04752b4f0a54a10d17e97cceffcfb916bdfe00102717b6f923973dd90287ffa2bde5004b174b
279606264:0 1019 16 67 d3003d3fb414c0418e427cce0000470b721842028936c2c513a2c00277076e9f0c093aa10e2f507cce00c2b9cb0043000a270fac2d247324508d09ffa62ae9007dc4b4
279601243:0 1020 1 51 d3002d3fc051a078831216d9d361b2128a2ce7285143b4344de924aa2fc0801d11efe28124b2d2c80000000a00000700141fc1
279601282:0 1020 6 51 d3002d3fc1862078831026163ced4f918f2f4fc459a162b3917927261231402c1e0488c034b2c0000000000000000000d65408
279601293:0 1020 7 51 d3002d3fc1d8207883257f250ac010b39b69e2b643faa096e7ee52f43312000d0e8a108114b2c000000000000000000074b657
279601303:0 1020 8 51 d3002d3fc21ba0788327bd86b27283349a1ba58d313f73137cf555277291801c008a250124b2d2c80000001200000800c08a70
279601318:0 1020 9 51 d3002d3fc24a20788302bbb9143ba2b321239fcd8cccc02a2d1b3b87c551003d23ec6d0054b2c0000000000000000000acc583
279601330:0 1020 10 51 d3002d3fc28020788382214688ce98b40163a4e3103cc0391525021320a1406c3084b2c054b2c0000000000000000000ff6a06
279601340:0 1020 11 51 d3002d3fc2ce20788385153aa3a44193a200eac622c86029e4f0bd2564a3401d015b68c164b2c000000000000000000021e586
279601408:0 1020 17 51 d3002d3fc456207883a4380a263c3a8293786237c769e021a40b494dff53003d1cd9600034b2c00000000000000000005a8610
279601467:0 1020 24 51 d3002d3fc612207883ad12c7a20ad71194b5cd1e9082d38a3aaf58928032402c0f96a10054b2c0000000000000000000ae8f7c
279601484:0 1020 26 51 d3002d3fc68220798328d374aa19e5949bb728945dd2520d261558079bf2802e0f6492c154b3d2c8000000120000078043eebc
279604751:0 1042 14 70 d30040412388001f8205efb4003f41aee24b1907e250565628033f05f391804e4356809d94a2a0f3cf7da0007930da661400772801b34516d8017a770b7fec4e04604c5cc628
279604884:0 1042 21 70 d30040412548001f4705efb4003fe2dc822a3e0fdda653748d20dec7f1890026a64700d394a2a133af7dafff4131826408006c28153059162980b5f198bfec64885214d73a15
279604912:0 1042 22 70 d30040412588001f6405efb4000018f5313d9a0fdd2e53f090342d45f1eb003337bf810b34a2a1002f7daffd91317f5543ffe9281549d715f9c845b8f77fec82c9d2742a5adc
279605037:0 1042 26 70 d3004041268800031685efb4003fe740bd09c90819225da9b39e58340a1b003b146809e074a2a7c98f7da0006e818611e4007c2689a5e20a2746f6ba5dffed04be0f8099cc09
279605173:0 1042 36 70 d3004041290800030405efb40000045328742d081e3c5f96c4bae4f60d078032639a0906d4a2a702af7da001b2851bb9b4003f268797090b0a34d52ae4ffecc0b42d0808f1e7
279605231:0 1042 42 70 d30040412a88001f5e05efb4003fa9428ef4bd0fe0a655a29a75650bf252004bfbbf0077d4a29fad8f7dafffc930a52d04005d2804a23216e3776e7dfebfec626cdb3422fa98
279605255:0 1042 45 70 d30040412b480002e305efb4003fbe4cc6d7c8081c3c5daa2c2ca9da0bd18023f64908d354a2a3bdcf7dafffc68613cbabffef26b0b4f00b48c062d12d3fecdd8d4350b12b3f
279605299:0 1042 50 70 d30040412c88001f6205efb400002585b9198a0fe0805a9c1548449df2400012c701005494a2a39f6f7dafff552fbe491000472770dffc1662cc19f99cffebf115254a419b75
279605342:0 1046 2 69 d3003f41609530576b062212a000019400fff9081010a5fcab9b7b140d84007f3a24198ea813979212a0041bbfb5a0b00112739c7a1223bf9f8f81fffbe0dfc3eb009d8da7
279605359:0 1046 3 69 d3003f4160d530576bf1e212a03ffebfff21c42fa77086f56f0339d7bac800f44e1c38faa81425d612affdf6644cce2fffb275749c7191d1ec0ff96ffc1d400402002c169e
279605426:0 1046 7 69 d3003f4161d530576bf0e212a03ffee1ff2c45d3a0d487c8c3500e53b58800aeceac3e7aa814120212a000466459a8a00312757b584167609d9e727ffc1520380f0005d557
279605443:0 1046 8 69 d3003f41621530576bf21212a03ffc61fddce687a4f085a10a9589bfb99000d4c5f83f6aa8140eda12affe66657eccf000d2793ceed16cc1808d79fffc26cf9fe3000e1e12
279605530:0 1046 13 69 d3003f41635530576b0b4a12a03fffafffd73cac56345bef6904155443d80030b9b061c6a81377ba12afff711432671004828ba76770da1b4bc8e3affc83f0300c001778ae
279605694:0 1046 25 69 d3003f41665530536b080e10200000240014ddb40f58a1f9cbdbfc240c38009726f41b42a81347ee102fff3bbd9ef8800342735cb2321ffc668db65ffbeff00c03006e7026
279605722:0 1046 26 69 d3003f41669530576b0b7a12a00005fc0038fa545c6c5faf4859b50847f00071a67c643aa8137a0612a002a112e6f8300152874a04f0c579cbddc7cffc6d6f93e000c3ec42
279605775:0 1046 27 69 d3003f4166d530576b027a12a03ffa51fcedbc0c0a84a42c378775e806d400794e341a56a813232a12afffbbbd975900009273574412233d7529c6bffbf57ffbfe00d287bb
279605858:0 1046 29 69 d3003f41675530576bef8e12a03ffe13ff7c6e939ce08b5b3a984687b15c00816428404ea813fe8e12a001466537105000b271240f415fd4b48b248ffc0b0fb3ed0095b518
279605926:0 1046 30 69 d3003f41679530576b021a12a03fe955ff8940780ceca86fb52a49040a28006703cc154aa813810612afff3bbf0c8b1ffd9271e966a2309172c379bffbe18ff7fb0019698c
279606026:0 1046 33 69 d3003f41685530576b09de12a03fff96000a61cc5ac45f8aff04f76c45ec008a58a46a9ea8137f8612a00291142d1ffffe328baa2c50a629032782effc787fa3e500dbda9f
