# RTCM Message Log (ephemeris only)
# Generated: 2025-08-22T00:58:27.592010
# Mountpoint: BCEP00BKG0
# Allowed types: [1019, 1020, 1042, 1046]
# GPS Week: 0
# GPS TOW: 0ms
# Format: [timestamp_ms] [msg_type] [sat_prn] [length] [hex_data]
# ----------------------------------------
204903507:0 1019 1 67 d3003d3fb054c000d7d76b3a00002d2c2758d70f4c2db5c1d040080da40056e3561340a10db40c6b3affc80ebf78f8fffc271713a61990027df2deffaa0fed017d9879
204903516:0 1019 2 67 d3003d3fb094c07ec23e6b3a00004ff3f04c3e0b612cd000fa8b990a030873312a16bda10d63db6b3affe7081759fcff522754e47716abd99a25c6ffa81fda001f7d67
204903524:0 1019 3 67 d3003d3fb0d4c241ce486b3a00ffe4598b3c4803d52b5b6b5c60e30351034a551501aea10dcc316b3a003436b6258cfff0285bc8462f3131c6e446ffa81f030029344d
204903533:0 1019 4 67 d3003d3fb114c07df1126b71000021fff26812f07d2e26eeabc66cf28c01bd5c610f7aa10cc2a36b71001e627692cd00142778e1501ddb8817ad8affa7f0f6fc103258
204903541:0 1019 5 67 d3003d3fb154c042921a6b3a00fff8e373fc1a06362f5ffef5deb605aa02f443c102b7a10cced46b3aff9e34612617001527d16c312d7c39e5d363ffa427e900e1b6b6
204903549:0 1019 6 67 d3003d3fb194c040d94c6b3a00ff8dbf01e84c107326e5a5747f960e1701bac3481513a10d176f6b3afff50c8309e4001f284706401950e417e6adffac9b0800dad7af
204903557:0 1019 7 67 d3003d3fb1d4c1468b716b3a00ffd0f79a6471ff0530d17e7250fdfea80a249fba1998a10d9fae6b3a00468b9a3f52ff7f26bfcf421117ad5045deffad46e9000dc95d
204903565:0 1019 8 67 d3003d3fb214c077aa2f6b3a00000045bf142ffc7736aef1e35030fcb6056e567d1183a10cd4396b3a002adf33a4c80063268d25861a3c12cfc926ffa4cd0a009fc0bd
204903574:0 1019 9 67 d3003d3fb254c07d7b5b6b3a0000365f84985bf005300609fae5b4f1be01be6fdd0ddea10d4a156b3afff95fe6e4edfff92739bc761f3c515c265affa65c01009c5061
204903582:0 1019 10 67 d3003d3fb294c0418d0f6b3a00ffb5bcf8400f05ea2cda44c2fa6504ee0550529a02d8a10d2c266b3aff8b369bed6d000928575ba62e27a186119effa5f10500127b18
204903590:0 1019 11 67 d3003d3fb2d4c04060476b3a000061ac3ed147104d2d1bd3a641430de6010fe8621560a10db7a76b3a00440d73329800102754d71f17909e3c23b4ffa9b2ed00f4132c
204903598:0 1019 12 67 d3003d3fb314c040b42c6b3a00fff6b1d0582c01c7379762612cc601460474ba810982a10d12576b3a001eb91cf9ccffba2717917123c03ddb5b0bffa6f8e50055b79f
204903606:0 1019 13 67 d3003d3fb354c23e31ab6b3a00fffb5bb3d0abeeb02d4de7c03ed0f15304f117291218a10d7e576b3a000f66edd4fe005027b74a6a1bdb2828e0faffa7cce701786ac5
204903613:0 1019 14 67 d3003d3fb394c041ddec6b3a0000255a10b5ec02033cbb5b23994c01d40322718409e1a10d09df6b3affa2b702b94e00102669f81623248f549ce4ffa344ef00a56429
204903621:0 1019 15 67 d3003d3fb3d4c07d600d6b3a0000222b4c040df047370cc95812f1f3600886126b0974a10d00b06b3a00185a39c0e400e7264eea9c22d83b19e429ffa212e90022e6b1
204903629:0 1019 16 67 d3003d3fb414c07f6b496b3a0000470b5e9049019d39c81937d1560207076e2e5e09dda10e30a16b3affe4b9d13a750040270f7e56240524508696ffa17ee9006cd677
204903637:0 1019 17 67 d3003d3fb454c238c5426b3a00ff7812214c42fe6c3276f1ae1c9dfe9606b50e3d1469a10de7936b3affbde35897d6ffdc27326b19189ecf15ca6effa6c0e801533be2
204903644:0 1019 18 67 d3003d3fb494c04157266b3a000046b547b7260e222a0d9f63cbb60c2602d4eddc166aa10d79dc6b3afff00c6aefebffe427a9dd93168588d93180ffac2cee00b883e3
204903652:0 1019 19 67 d3003d3fb4d4c07652126b3a00001956031412ff0f318e3c8c3d19ff840587b9c91475a10d47676b3a0045e523d349003d272a977017ba74337b76ffa9d1df00ac45ef
204903660:0 1019 21 67 d3003d3fb554c04192ea6b3a0000cc194fe3ea045734302a08f28e03d400114cc700c9a10d36476b3affe23733b40effdb271cd1332e9322139deaffa264ec00013c24
204903667:0 1019 22 67 d3003d3fb594c040ed646b3a00000ff365086400eb3a3808a5729b00b606a5ce060a18a10d11a76b3affdeb9f3c28affb927094f9b2417d53fd30cffa214e800e0bc40
204903675:0 1019 23 67 d3003d3fb5d4c042a52c6b3a000034458edc2c06e32cff74cb3421062802d7c8d802f3a10d52ed6b3affd63556b9fefff92823f2112d838c347fb7ffa6e1ee00183d69
204903683:0 1019 24 67 d3003d3fb614c0474a546b3a00005ed5791854fafe3498a6adc667fb4708ce0a9d186da10d63046b3a0088875346b6fff326182f0010c52c2c84aeffaac50500b74ccb
204903694:0 1019 25 67 d3003d3fb654c04296096b3900fff13e4c500902f039d060fb85b3020a0653732f0a44a10c9f1a6b39000ab560467dff8c269d594522702df5c92effa6730c00212bf8
204903706:0 1019 26 67 d3003d3fb694c142e36b6b3a00fffedde15c6b03a040ff3e0f020f037e053c2d220ad2a10ce7c76b3affa3b27c505f008325d52b8721381a2310aaff9f530e00290c00
204903728:0 1019 27 67 d3003d3fb6d4c077e35a6b3a00fffdfcdf905afcf73514f598053afd7006e764711269a10d3b936b3affe3e07045f7005f26ec383419b622b50307ffa4ab0400e7b583
204903757:0 1019 28 67 d3003d3fb714c045c0676b3a00fff7ac70bb67fd6e2f97825a22dbfdf70031559818aca10d5ed26b3a00038a771ff6ffec2732a8d313910c4aaaf1ffab1dec00dd2f9b
204903779:0 1019 29 67 d3003d3fb754c077d8516b3a00002ec2effc51fd143065eda3f121fd4401b78c7614d2a10cd23b6b3a0002e40182a4ffd0274da06017d770d5b02effa992eb00e98818
204903805:0 1019 30 67 d3003d3fb794c206b65a6b3a00005ff879545afe5435d0780bc9d1fe8a03eeba461965a10d1b436b3afff08b5a3783ffd52625951310f9a015f7e3ffa928090192bce6
204903844:0 1019 31 67 d3003d3fb7d4c0464f4e6b3a00000ee6652c4efdcb312e582826e5fe0c057dd7fb186ea10dc43b6b3affa88c8e35dbff7826e7b52b133422f4ad2cffaacce400e9cd8c
204903875:0 1019 32 67 d3003d3fb814c07d58206b3a000072d1dbf420f0402fe0103d7249f1d20469b4d30d15a10d38c56b3affa86091104a001b275acc0b2106ac16ffc5ffa63702006e08ca
204904056:0 1020 1 51 d3002d3fc051a3788f08b02dacbd4a55af8c6a168d3ca110fb2a56182ed1801d11ec2a8124b0d2b80000001200001000a3e36f
204904071:0 1020 2 51 d3002d3fc087a3788f07f90aa5ee075597b7a050e7648031f1732c88c0c08018035cb98024b0d2b80000000a00000700ac1730
204904085:0 1020 3 51 d3002d3fc0d9a3788f800a6185cab0520fdcbc5fa64892368ce99b9bee01801d10cda4c134b0d2b80000000a000007004c8789
204904096:0 1020 4 51 d3002d3fc11a23788f877789191fd6412ba7b8379f33921c6909ceb1eb61002d283c8cc144b0c0000000000000000000837ba2
204904107:0 1020 5 51 d3002d3fc15023788f8b1aae2c2ff9443053148d5bdf528ce7bad8459300001d144bc8c034b0c00000000000000000009e10c1
204904116:0 1020 6 51 d3002d3fc18623788f85ba8b1f0cd965131084d7ddfcc0b4b25ca34032c0401c1e0058c034b0c000000000000000000083c4be
204904126:0 1020 7 51 d3002d3fc1d823788f00226905e378a28fb569df7c6822b6aed71b9e27b1000d0e89308114b0c0000000000000000000e79605
204904137:0 1020 8 51 d3002d3fc21ba3788f072fc59ad3afd1abcfebb6198f629b8bc84f6c1c52800c008abd0124b0d2b8000000120000080033df95
204904147:0 1020 9 51 d3002d3fc24a23788f26da331c416f401f64a1a2293160806a53595436b3003d23e6c50064b0c0000000000000000000324ca2
204904156:0 1020 10 51 d3002d3fc28023788f1c9e219b3745511a1951c272b1e324931b44eaab72406c30775ac054b0c0000000000000000000c493c6
204904164:0 1020 11 51 d3002d3fc2cfa3788f02354ac8658f31055d51c3e7be4438cd1d09471c41c01d015db8c164b0d2b8000000120000080077d18c
204904173:0 1020 12 51 d3002d3fc30c23788f9b5e5eca105c5195665298e37e02296b16bdb33643000d07a0a20014b0c00000000000000000003dc555
204904182:0 1020 13 51 d3002d3fc34a23788fa66101a4479d40a00d68198fc5e0066de8d93d1d43000c081bb18144b0c0000000000000000000f7e72c
204904190:0 1020 14 51 d3002d3fc381a3788f9b0c781fa0dbc198bb8144472073a703f3c131efa1800d03d9998124b0d2b80000000a000007005aa897
204904198:0 1020 15 51 d3002d3fc3ce23788f0020c04a4dc7e282ef17424640f3b8f6e083270771000d088360c014b0c0000000000000000000199953
204904207:0 1020 16 51 d3002d3fc40c23788f1ba94b49c239611545ec18e9e552a9732e3e26a633000d051bb90044b0c0000000000000000000c1b9ec
204904215:0 1020 17 51 d3002d3fc45623788faeb42087d93f14106ae22d9e5ca08cb9e0583dba31003d1cd1280034b0c0000000000000000000a0bfe3
204904223:0 1020 18 51 d3002d3fc48823788fab38b637d8e7000c1abc146a10b11b2a0b4ff91193002d1c9de18024b0c0000000000000000000c63e76
204904231:0 1020 19 51 d3002d3fc4d423788f8ef6c65eefe08401eee88f48b6723674521a915073405c010d088164b0c000000000000000000073be3e
204904239:0 1020 20 51 d3002d3fc51223788f1796ad4d9f6d658a0c01aafb33b1320fb5ad32a931000c11bd694034b0c00000000000000000001b72bd
204904247:0 1020 21 51 d3002d3fc55623788f2d7c78124143a48ff277af332e001260e3d5dbc821404c1e2c504034b0c000000000000000000084cc91
204904256:0 1020 22 51 d3002d3fc58823788f296ed8bce2cec08b2553939f62e19e27a1cc4b1543002d0aaba10154b0c0000000000000000000505bb3
204904264:0 1020 23 51 d3002d3fc5d5a3788f123f5add4b3a93821b8b0db67de2b5e039a02a60c3c01a15718a4034b0d2b80000000a00000700d2a0e3
204904272:0 1020 24 51 d3002d3fc613a3788f97d6f4c9a251b60a7d173088de61b0fde72e543d41c02c0f91b90054b0d2b80000001200000500ef7a15
204904280:0 1020 25 51 d3002d3fc65c037b8f95e8565b790f0302a13287cce9723420fe26d18953c01e0846ec8154b0d2b80000001200000a00040038
204904289:0 1020 26 51 d3002d3fc68223798f05fc2396a2a651a8e434bf3c72c2a13f7849b0f6f1002e0f67c2c114b1c0000000000000000000a7a92a
204904297:0 1020 27 51 d3002d3fc6c423798f87b0c3269ce4841a5e33cdce1a80b039fab0bb47b1000e0d318a8034b1c000000000000000000002fa0f
204902144:0 1042 1 70 d3004041204800041485a5e000001151dba3b50753b20e44eeb27819d13500199b1ea115395d84724d2f0fff21da18169c00da041c16abc3179f1367464001277cbe783867aa
204902155:0 1042 2 70 d300404120880002d885a5e0003f7bc2d68887068a6a0adc1ab861b99a90802b40b2153c795d83b86d2f0ffc71b7b0356c019b04f87057d960f0f28053400125809ddcf9a42e
204902163:0 1042 3 70 d300404120c80003d905a5e0003fe47a7161cb070cd60ad201676fa1be838035df9a1d7b395d79624d2f0ffd31d5a9c9f001720404e947ca31b6fc2c3e00010c017ebcd943b6
204902172:0 1042 4 70 d3004041210800038185a5e0000014f758375206c6b6009f6745f2fdaaeb802eae4a9c6cf95d6845cd2f0ffdddbfa0bd180096046b61e2cba3946c25ae4002db439eb08b0c9a
204902180:0 1042 5 70 d3004041214800028e85a5e0000067c1a3c20106d3ba0c5475e9990badc0802793051554595d73166d2f0003d1c1dcd1f401370468b360d979606f05d9000174bffe906d3a73
204902189:0 1042 6 70 d3004041218800065085a5e1fa010e8667c88707c04c12a04f04b8ddef4f0137e5d71c1a795dc19ded2f000a52390a3b28023f26a1a9e3dadda652bf9b3ffbb0454fc49a2f69
204902197:0 1042 7 70 d300404121c80018a285a5e00000768b11c81207668e2fafb69aa8e9d3d3813b52d10e7ff95d7a566d2f00020371b7769bfe74222d4a7ff1f5e6177134bff939494028723c58
204902205:0 1042 8 70 d3004041220800024b05a5e0003ed21d858bc6007d4019cf335f877022fe00e8f28173be995cdafa6d2f0ff870dc07b3ec00e92c0cbbbe28195f3d8db8bff870c6efe4a949d6
204902213:0 1042 9 70 d3004041224800061685a5e1fb409b5ce455e907d8b415fe252fcdd7f5b783aa5ea8192ff95d98f6ed2f000b8240add7a800f526d7f2f4e13828fc336a7ffb8144109843cb4e
204902221:0 1042 10 70 d300404122880018c985a5e0003fa61eed18f3076a3c2fbb9dc6f825d4f602d024478df3595d6152ed2f00022f70e17f73feec2246451af335a732ddc9fff93543a078c7bce2
204902351:0 1042 11 70 d300404122c8001d8121a5e1fcc04629e752053821ce438c2380cd560e588088c7c60d2134a29d02ad2f0fff83e1b0faefff6f27d7c9570797af313b17ffeeb6c26038f060f7
204902351:0 1042 12 70 d30040412308001d8029a5e005805ce736459548199e43a865d2d29009fe804dea810cc5d4a2a257ed2f0003abdf86c6f7ff6727c5faa307d02ef21d9d7feeb541e004fdd373
204902351:0 1042 13 70 d3004041234800027405a5e0003fcba4f2c04e00a1da1cace1b49a7a2c9c8161b38172cb195d5be80d2f0ff848d6713aac00a52a7ff62528f1684d4d277ff82d79e06c84b632
204902351:0 1042 14 70 d30040412388001f2131a5e1ffbf42c7e2b8285fcd864f9ae5e306c9eb61804eb9de01a794a2a1e06d2f0ffef130f0e1abfff22801e5d3152a8173b4ec3fecccc4604c8ad450
204902351:0 1042 16 70 d3004041240800066691a5e1fabf5b8ea26c2d1fb5b210ae37d4ca3fecca8254d13c1bf8195d0912ed2f00073e3901f3ac02b22743f246dbb1aa083e89fffbc97e50b889211b
204902351:0 1042 19 70 d300404124c8001f2785a5e00000016e84abde0fd2d44ebbf232a02dedb0002c153e008274a2a17a0d2f0001a9315fa8b4001a281cf8f6167c3bd852a33fec9a8741d0d800be
204902351:0 1042 20 70 d30040412508001f1f85a5e0003fecb28f086f0fcf704f83f7323e8bec4b802ea48680aa14a2a27e0d2f00012d3179e5b00039281cd46416914299aaf67fec8b08c23025e490
204902351:0 1042 21 70 d30040412548001f3e05a5e0003fe264823b3a0fd38e4e674b63ccb9ed1a80271891816674a2a337cd2f0fffe13198d14fffa9281563ad15ac00a2c6d9ffecc2885214edd4cb
204902351:0 1042 22 70 d30040412588001f5485a5e0000018a5312f4f0fd3864f174e62bcefece2803366de0080d4a2a20e8d2f0000c93195c77bffbc28157dd8166b083516e4ffecbdc9d2749c5840
204902351:0 1042 23 70 d300404125c800037705a5e000003a1faca02b08169a62be355538d209a080149092081df4a2a43c8d2f0ffff68547520c003b2677e5e50c4f76a2966ebfecdc4ef3bca812e7
204902351:0 1042 24 70 d3004041260800033005a5e0003f98b32b6f4c081a4e63723ff93fbc0b868028b1ef07e474a2a27b2d2f00023a853f7900001d2677d47a0c72858f3a413fec89c3b0ec609399
204902435:0 1042 25 70 d3004041264800034185a5e0000031e76c818e08173e615df7b5601409b70023a9fa881514a2a8644d2f0fff3a8181e423ffe92688a1590c530628910bffeccf8180604de174
204902442:0 1042 26 70 d3004041268800039685a5e0003fe6febd182b08165861dc7173678009ab003acacb086bd4a2a83b4d2f0ffe02819be5b400ad26891e830befc6f19341ffecbdbe0f806474a1
204902450:0 1042 27 70 d300404126c8001d4505a5e0000015d74419df0821684f0479128e620d36002405920d8074a29f966d2f0000ffdb67f773ffcd26d51a03060a50d1e0fb7fedeffe6f9800c351
204902458:0 1042 28 70 d30040412708001d8f85a5e0000013743660c70824624dc7e7460ec20f0a000e2b068d40b4a2a37dad2f0000f7db5bd8a4003726d3cd56065629b4e8dbbfee03fe7f9cdb41d7
204902466:0 1042 29 70 d30040412748001d0705a5e00000161d3fa81c0812244d95b99bdbfa07da000b5bff8dec34a29f0aad2f0ffc73d4c48a6fff7826bd737505911904fea5bfee2bc14050d97cc3
204902474:0 1042 30 70 d30040412788001cb605a5e0000026e821a1150818284ff67cd0f84c097900188f488e07b4a2a731ed2f0000ffd4d871e3ff8f26bcfb2b058d887eb9b6bfedfbbb1ec442284a
204902481:0 1042 32 70 d30040412808001ef785a5e0003ffc1883a7690fcc2850e45754df83ea298019ce2e00d734a2a10d4d2f0fffb5303753100083281080de166bbf34a3bebfec9c3c7f1c90a363
204902489:0 1042 33 70 d30040412848001f1405a5e0003ff37e8161120fcf064f4a99c7e049ebe20022a054018ab4a2a1144d2f0ffe953032ca80000c2810d5ad153b46f0f6eb7fecb6a5394c84e13e
204902497:0 1042 34 70 d30040412888001d0a05a5e00000238063ca650814824fc163a93c52083c001cddd70ccdb4a29ff10d2f00025fd4f33d1fffeb26a9cc6907028b55d43dbfedf53d5f5447af5c
204902505:0 1042 35 70 d300404128c8001d7e05a5e0003fc8fbf79da6080edc51c3fc851ffa0647802ec5ce0d0574a29f29ed2f00000bd4f23b6800b126aa92d2067447a0f7483feddf7f8fe0e03ccc
204902513:0 1042 36 70 d3004041290800035685a5e0000004662871b4081422602f831b19ca08250032ac25888fd4a2a5e1ad2f0ffe8a8531a7ebff74268714170bb834be7fbdffecf9342d086cc557
204902521:0 1042 37 70 d300404129480003c405a5e000000a908b3f2f08145662d5d2a66e2008ad002c6f1f8809b4a2a1c38d2f00009a852bab740061268737bc0c6dbb4690dfffecd176bdac31ec6e
204902529:0 1042 38 70 d3004041298800026585a5e0000008f51fdc68089ae81fdf16e2158c2a77809a384c7177d95d4bfa6d2f0ff688d5a2d2f4006b296906732b2725d4f00b7ff7f402c0b0880d90
204902538:0 1042 39 70 d300404129c800061985a5e0003ffebefe45190f87840ce26ff32a7de0c900e08b359e37f95def2e2d2f00055a2d2b9cfc02ce274cffecd71524d8d7243ffc06052148796fa8
204902545:0 1042 40 70 d30040412a0800182585a5e0003ff3d2ea9a210fc462198bde8ad393ed30012b8f00961a195d45c42d2f0000738a2448e7fd6a2753bebde6b96197a1167ffb25c1c070af68c0
204902553:0 1042 41 70 d30040412a48001ee905a5e0003fe2598413c70fca6a4f56f341e8d7e9518059087f813fb4a2a130ad2f00000530a2ce78005f2804889b157fb41b0b59bfeca2b28ca0f65547
204902561:0 1042 42 70 d30040412a88001f2705a5e0003fa9168f26e40fcf6a4f4157d7c5c5ec1e004c6057015fd4a2a15bad2f0ffe8d30bba93000032804d439159e7777572e3fecc56cdb343a1c10
204902569:0 1042 43 70 d30040412ac8001d4a05a5e00000041f0f80c5081ba4519b2f3ba3da0be5001bccd30c85b4a2a966ed2f0ffef3d4827393ffc92689cb1b072e09ff9a9bbfee043effbc0c3e4d
204902577:0 1042 44 70 d30040412b08001d3e85a5e000002f9b7861db08138a52c1b516410407a00028b3680c8e14a2a07bad2f00002fd49a55540040268ea2e706edc95df32affeda440701c1b2c98
204902585:0 1042 45 70 d30040412b4800039885a5e0003fbe2ec6fddc0817405e92eac96f2009d90023988f0843d4a2a3958d2f0ffe4286298b57ffab26b031eb0c3980446d0c7fed258d4350801d29
204902592:0 1042 46 70 d30040412b8800039005a5e0003fef2bda3edb0011be607b595aefd007a2803912468849b4a2a37ced2f0003a286409e5fff9c26b072bb0c2881f38f24bfece24b52d44e502b
204902642:0 1042 47 70 d30040412bc8001d0b85a5e0003fa324e96c630817104b7d015744f609b8800e3e780e2c14a2a5cd8d2f0ffeffdb1932bbff2d26ef91a20583f32b77083fee46c2f0bc232540
204902642:0 1042 48 70 d30040412c08001f2f85a5e0003feb6762a0fe0fd15055937d2997bfed27000984938028d4a2a09b6d2f0000c52fcb1348003e277171da16958ed3ce8b3fec20c1e07a249f06
204902642:0 1042 49 70 d30040412c48001d9705a5e0003f9392ef5194081f5c4d28f10aa3080d63800c87ba8cdeb4a2a48a0d2f0fff57db0d8990004626eebc9c06f58d307cf53fee3581e0786463b5
204902642:0 1042 50 70 d30040412c88001f3405a5e0000025adb903d10fd3b654b2d50e6427ed8a0012c3fc810294a2a5c0cd2f0fff6d2fd53517ffca277110eb15a7cbd68428ffec62d5254a20d1a2
204902642:0 1042 59 70 d30040412ec800042405a5e00000006a0010030770d82211fcd7a68bd9528018e8a22159f95d6ea2ed2f0ffec9e1007dbc00f30533dc20c2b8bc176f67fffe995b36cc69a190
204902642:0 1042 60 70 d30040412f0800029685a5e00000002affe206066a9be9bf4a1489a79183800c4b591140f95d6944ad2f0ffda9aa50615c01d6038510b4e0a98b2dc3ccc0055d5ee7b8302288
204902648:0 1042 62 70 d30040412f880004db85a5e000000052ffe22709237a68c3f1fc3f924f3a002863bf9ba7395d65de6d2f00048e25b9672c002102fb0fefcd2bbcb979f5fff5e983d0f6c6e4ff
204902664:0 1046 2 69 d3003f41609530596b01fdc48000019400ffbfc00428aa26c260ca6c0418007c6fb41c3ea8136019c48002ebbfff66d00092739ac1c219cf96f61b5ffbf58fbfea00bdc94f
204902681:0 1046 3 69 d3003f4160d530596bf671c4803ffeb5ff21f26f8cdc810b8385730fa75c00f3b9d04952a8140489c48001a664935690010275798a013af1ec9da10ffc2c60080300aff7d5
204902699:0 1046 4 69 d3003f41611530596bf779c4803ffa69feb1743ba09c7e217ebcd3a7b61400666be8476aa813ea35c48fffe664a8ec800122757ffa113c5ff72b66affc327fa7e600bd5e66
204902743:0 1046 5 69 d3003f41615530556bf66dc2000001a413fb2f4396507e3bfe714e0bac64006dc7a04d1aa81427d1c20000666496ea500152757bea3128813c38eb8ffc30f00c0400ed8f98
204902795:0 1046 6 69 d3003f41619530596bf735c4803ffd63ff5a03f7a39083ac4241a767b7a0010d4da04886a813e5a5c4800036657c308000b2711b1a512b73e81e146ffc2850100900eda46f
204902873:0 1046 7 69 d3003f4161d530596bf645c4803ffee3ff2c6eab95f87d7ad84b21ebacb400af6b683d7aa81427c1c480012664a02edffdc27580579167a09c4b282ffc2db0280b0029b8e5
204902977:0 1046 8 69 d3003f41621530546bf615c1603ffc61fddd706b8ec4790ee2d9d5f7a8ec00d47ad83fb2a8144505c160020665c7a4dfff5279420d4166b17fa291dffc31df93e100e18b39
204903038:0 1046 9 69 d3003f41625530576bf649c3403ff787fbd46b1f9df479b49ed9794bb21000de18c4497aa8141ed9c340007665cde8e000a279469061314121c1457ffc395feffb00d9533b
204903100:0 1046 10 69 d3003f41629530546b0a6dc1603ffe8ffd00afec5ec4619ca225dea84b600099e1004996a8133fadc16ffe611336398004d28b882fc15686cfe3bbfffc757fdbf800ea48e2
204903125:0 1046 11 69 d3003f4162d530596b09bdc48fc089ce03df7a345f346499619519544b94009db90c4a52a81373e9c48fff6114931f1004a2899f4b614f63af3fbceffc6f2eefb40063ea73
204903149:0 1046 12 69 d3003f41631530596b05f5c4803fff9bffff4da45cb4620659863e9849cc0060d7c84f9aa8138469c48ffda114945b0ffe9289a177c13b61d3e4f83ffc729f23c800384532
204903176:0 1046 13 69 d3003f41635530596b0a95c4803fffb7ffd747a45e445fd97cf8c3e04a24003117dc589aa8137915c48fff311473a0c001728ba4320104fb4e86772ffc74d0200800133687
204903194:0 1046 14 69 d3003f41639530586bf81dc3e0010f2000cbf7200b0cf4ea58a96fd3fecd4fbe9e7086ea952ca719c3ef869e2fe2206fc1a22fe0d5e01317805f9f4ffaa2bfb7e8483fe01d
204903211:0 1046 15 69 d3003f4163d530596b08a9c4803ffe9bff33b97463185eedefdbc6784dc4005055cc5a3ea8137949c48fff0114660dcffca28b9ceb11052b8cbe198ffc76203c1000774b17
204903237:0 1046 16 69 d3003f41641530546b0079c1603ffeb7ffc3467c03c0a5acc970775c033400c7287c1d76a8134829c16ffedbbb72d6000132749bce42188984a32deffc05ffabef004dd511
204903260:0 1046 18 69 d3003f41649530596ba34dc4800017420763590ffd850d8c50737c1405a54fb131b822aa952ab9d9c48037ce3a4f155045e22fb9dc31b50777bda78ffa94cfbbea48eba9b8
204903295:0 1046 19 69 d3003f4164d530596bf7fdc48000176608d3ceeba39078c62cdd481fb79c0048ce20438ea81463d1c48ffea6690ff5b000a2790cf1d1600f6a15a77ffc3a9f9fe600cf551e
204903316:0 1046 21 69 d3003f41655530596b0645c4803ffec1fd3190680764a932440cdd94062c0054e48819eaa81331bdc48ffdabbde662d002a27359c312257b8ceb99affbf60ff3fc00ae1b07
204903333:0 1046 23 69 d3003f4165d530596b02c5c4803fff6ffff7d23804dca9468cd95a60051c005fb5bc1ae2a8135ffdc480054bbb80242001927497d6621fb86ac6473ffbe69ff00000979ba5
204903350:0 1046 24 69 d3003f41661530596bfe4dc4803ff421ff757fc0020ca79f37c7cf20017400d521a81bb6a8136655c48ffe6bbf64ac2000e271ea78821bc1bfd8499ffbfe9f97e000790d62
204903365:0 1046 25 69 d3003f41665530596b01f9c48000001c0014d88003f4a8601392e5a803800097f35c1cd2a813164dc48ffeebbde673500142735af8b2196c5c1ea3effbff90140500a7f7b2
204903382:0 1046 26 69 d3003f41669530586b0891c3e000060a00381c4c57e06979511f138844ac00727fc05686a8135219c3e0007113296a5fff228746e93107b9cad602effc615f7fdb0096fe08
204903398:0 1046 27 69 d3003f4166d530576b03c1c3403ffa53fcee8f980918a61e38b5d80806b0007821901c76a8131de1c34ffe8bbde20f2ffff27355385217dd61e8bc5ffc04efeffb0051c30f
204903416:0 1046 29 69 d3003f41675530596bf7d1c4803ffe21ff7cb4279abc845950df0783aed80080afc83d82a813fef1c48ffe86657e109fff427128e3a17054ae03e05ffc2a4fb3ec007e703a
204903433:0 1046 30 69 d3003f41679530596b00f5c4803fe959ff8c7de805e0a8edc7df07580424006389d41c46a8135ee1c48fff2bbf5673bffd3271e7997211917a6bcb9ffbf89ff3fb00be6069
204903449:0 1046 31 69 d3003f4167d530546bfb5dc1603ffeebffa871800204a664e28192b4012400b10b7c1962a8132799c16ffd0bbddd670ffe527355f97222ec285637dffbf9a020090066887b
204903466:0 1046 33 69 d3003f41685530596b05b1c4803fff9e000a700454bc5ffd1383197441d0008b2be84fc2a813adedc4800071146e6f6fff728ba71ed13c0903c011effc6c7f97e2000d6279
204903483:0 1046 34 69 d3003f41689530586b0805c3e03ffec1ff2dc2686ad464936ca5fd9851b800a6cbd45582a8135d55c3e003411338562ffdd28b85f1711d07670f45dffc6670180a001ac013
204903499:0 1046 36 69 d3003f41691530596b0a7dc4803ffd01fe31d0646ab861b2d811d004525c001d74704beaa8138899c48003711473227001028ba4cb8149ebe87443cffc6120341000956f9b
