# RTCM Message Log (ephemeris only)
# Generated: 2025-08-22T01:38:27.593866
# Mountpoint: BCEP00BKG0
# Allowed types: [1019, 1020, 1042, 1046]
# GPS Week: 0
# GPS TOW: 0ms
# Format: [timestamp_ms] [msg_type] [sat_prn] [length] [hex_data]
# ----------------------------------------
207304318:0 1019 1 67 d3003d3fb054c000d7d76b3a00002d2c2758d70f4c2db5c1d040080da40056e3561340a10db40c6b3affc80ebf78f8fffc271713a61990027df2deffaa0fed017d9879
207304326:0 1019 2 67 d3003d3fb094c07ec23e6b3a00004ff3f04c3e0b612cd000fa8b990a030873312a16bda10d63db6b3affe7081759fcff522754e47716abd99a25c6ffa81fda001f7d67
207304334:0 1019 3 67 d3003d3fb0d4c241ce486b3a00ffe4598b3c4803d52b5b6b5c60e30351034a551501aea10dcc316b3a003436b6258cfff0285bc8462f3131c6e446ffa81f030029344d
207304342:0 1019 4 67 d3003d3fb114c07df1126b71000021fff26812f07d2e26eeabc66cf28c01bd5c610f7aa10cc2a36b71001e627692cd00142778e1501ddb8817ad8affa7f0f6fc103258
207304350:0 1019 5 67 d3003d3fb154c042921a6b3a00fff8e373fc1a06362f5ffef5deb605aa02f443c102b7a10cced46b3aff9e34612617001527d16c312d7c39e5d363ffa427e900e1b6b6
207304358:0 1019 6 67 d3003d3fb194c040d94c6b3a00ff8dbf01e84c107326e5a5747f960e1701bac3481513a10d176f6b3afff50c8309e4001f284706401950e417e6adffac9b0800dad7af
207304367:0 1019 7 67 d3003d3fb1d4c1468b716b3a00ffd0f79a6471ff0530d17e7250fdfea80a249fba1998a10d9fae6b3a00468b9a3f52ff7f26bfcf421117ad5045deffad46e9000dc95d
207304375:0 1019 8 67 d3003d3fb214c077aa2f6b3a00000045bf142ffc7736aef1e35030fcb6056e567d1183a10cd4396b3a002adf33a4c80063268d25861a3c12cfc926ffa4cd0a009fc0bd
207304383:0 1019 9 67 d3003d3fb254c07d7b5b6b3a0000365f84985bf005300609fae5b4f1be01be6fdd0ddea10d4a156b3afff95fe6e4edfff92739bc761f3c515c265affa65c01009c5061
207304391:0 1019 10 67 d3003d3fb294c0418d0f6b3a00ffb5bcf8400f05ea2cda44c2fa6504ee0550529a02d8a10d2c266b3aff8b369bed6d000928575ba62e27a186119effa5f10500127b18
207304399:0 1019 11 67 d3003d3fb2d4c04060476b3a000061ac3ed147104d2d1bd3a641430de6010fe8621560a10db7a76b3a00440d73329800102754d71f17909e3c23b4ffa9b2ed00f4132c
207304408:0 1019 12 67 d3003d3fb314c040b42c6b3a00fff6b1d0582c01c7379762612cc601460474ba810982a10d12576b3a001eb91cf9ccffba2717917123c03ddb5b0bffa6f8e50055b79f
207304415:0 1019 13 67 d3003d3fb354c23e31ab6b3a00fffb5bb3d0abeeb02d4de7c03ed0f15304f117291218a10d7e576b3a000f66edd4fe005027b74a6a1bdb2828e0faffa7cce701786ac5
207304424:0 1019 14 67 d3003d3fb394c041ddec6b3a0000255a10b5ec02033cbb5b23994c01d40322718409e1a10d09df6b3affa2b702b94e00102669f81623248f549ce4ffa344ef00a56429
207304432:0 1019 15 67 d3003d3fb3d4c07d600d6b3a0000222b4c040df047370cc95812f1f3600886126b0974a10d00b06b3a00185a39c0e400e7264eea9c22d83b19e429ffa212e90022e6b1
207304440:0 1019 16 67 d3003d3fb414c07f6b496b3a0000470b5e9049019d39c81937d1560207076e2e5e09dda10e30a16b3affe4b9d13a750040270f7e56240524508696ffa17ee9006cd677
207304448:0 1019 17 67 d3003d3fb454c238c5426b3a00ff7812214c42fe6c3276f1ae1c9dfe9606b50e3d1469a10de7936b3affbde35897d6ffdc27326b19189ecf15ca6effa6c0e801533be2
207304456:0 1019 18 67 d3003d3fb494c04157266b3a000046b547b7260e222a0d9f63cbb60c2602d4eddc166aa10d79dc6b3afff00c6aefebffe427a9dd93168588d93180ffac2cee00b883e3
207304464:0 1019 19 67 d3003d3fb4d4c07652126b3a00001956031412ff0f318e3c8c3d19ff840587b9c91475a10d47676b3a0045e523d349003d272a977017ba74337b76ffa9d1df00ac45ef
207304472:0 1019 21 67 d3003d3fb554c04192ea6b3a0000cc194fe3ea045734302a08f28e03d400114cc700c9a10d36476b3affe23733b40effdb271cd1332e9322139deaffa264ec00013c24
207304480:0 1019 22 67 d3003d3fb594c040ed646b3a00000ff365086400eb3a3808a5729b00b606a5ce060a18a10d11a76b3affdeb9f3c28affb927094f9b2417d53fd30cffa214e800e0bc40
207304489:0 1019 23 67 d3003d3fb5d4c042a52c6b3a000034458edc2c06e32cff74cb3421062802d7c8d802f3a10d52ed6b3affd63556b9fefff92823f2112d838c347fb7ffa6e1ee00183d69
207304497:0 1019 24 67 d3003d3fb614c0474a546b3a00005ed5791854fafe3498a6adc667fb4708ce0a9d186da10d63046b3a0088875346b6fff326182f0010c52c2c84aeffaac50500b74ccb
207304505:0 1019 25 67 d3003d3fb654c04296096b3900fff13e4c500902f039d060fb85b3020a0653732f0a44a10c9f1a6b39000ab560467dff8c269d594522702df5c92effa6730c00212bf8
207304513:0 1019 26 67 d3003d3fb694c142e36b6b3a00fffedde15c6b03a040ff3e0f020f037e053c2d220ad2a10ce7c76b3affa3b27c505f008325d52b8721381a2310aaff9f530e00290c00
207304521:0 1019 27 67 d3003d3fb6d4c077e35a6b3a00fffdfcdf905afcf73514f598053afd7006e764711269a10d3b936b3affe3e07045f7005f26ec383419b622b50307ffa4ab0400e7b583
207304528:0 1019 28 67 d3003d3fb714c045c0676b3a00fff7ac70bb67fd6e2f97825a22dbfdf70031559818aca10d5ed26b3a00038a771ff6ffec2732a8d313910c4aaaf1ffab1dec00dd2f9b
207304536:0 1019 29 67 d3003d3fb754c077d8516b3a00002ec2effc51fd143065eda3f121fd4401b78c7614d2a10cd23b6b3a0002e40182a4ffd0274da06017d770d5b02effa992eb00e98818
207304544:0 1019 30 67 d3003d3fb794c206b65a6b3a00005ff879545afe5435d0780bc9d1fe8a03eeba461965a10d1b436b3afff08b5a3783ffd52625951310f9a015f7e3ffa928090192bce6
207304552:0 1019 31 67 d3003d3fb7d4c0464f4e6b3a00000ee6652c4efdcb312e582826e5fe0c057dd7fb186ea10dc43b6b3affa88c8e35dbff7826e7b52b133422f4ad2cffaacce400e9cd8c
207304559:0 1019 32 67 d3003d3fb814c07d58206b3a000072d1dbf420f0402fe0103d7249f1d20469b4d30d15a10d38c56b3affa86091104a001b275acc0b2106ac16ffc5ffa63702006e08ca
207304608:0 1020 1 51 d3002d3fc050247893859282ab4c6552b09fb895286d238e8b2557318251001d11ec528124b0c0000000000000000000d9a165
207304616:0 1020 2 51 d3002d3fc087a4789380d9faa1e97575ac70b031fba5421b88004f7c87a0801c035c898024b0d2b800000012000008009e7074
207304623:0 1020 3 51 d3002d3fc0d9a478930244ec83aa8d158c735a6143e640378eca1611b881801d10cdccc134b0d2b8000000120000100073106f
207304631:0 1020 4 51 d3002d3fc11ba478930457a51880a6d21805a35672f5f2329193ab0e2a02802d283cbcc144b0d2b800000012000008006b38c3
207304638:0 1020 5 51 d3002d3fc15024789303a04f28d8a6c12ff6391e6b82b312b932d5a4f821001d144bd8c034b0c000000000000000000067ad09
207304646:0 1020 6 51 d3002d3fc1862478930295971cc0eba42952d8bc71cf12a0de4cc9db59e0401c1e0088c034b0c00000000000000000006e1ed0
207304654:0 1020 7 51 d3002d3fc1d8247893821eea03de0a640cb785e0ec6340b7abff962e40b1000d0e89388114b0c0000000000000000000ec578f
207304662:0 1020 8 51 d3002d3fc21a24789384590c9a521d229892a6d53d6142b201f32c6fc832000c008a850124b0c0000000000000000000ab695c
207304670:0 1020 9 51 d3002d3fc24a24789326f9103fc501c01053628cc0a6319e58304b7529d3002d23e70d0064b0c0000000000000000000c85600
207304678:0 1020 10 51 d3002d3fc2802478932d084506024900157c49ac71c34107cf6658f08113405c307802c054b0c0000000000000000000048fea
207304687:0 1020 11 51 d3002d3fc2cfa478931afe37bbb090600f3f48b9ac4aa32d16e937400c71c01d015d98c164b0d2b80000001200000800694fce
207304696:0 1020 12 51 d3002d3fc30da478938a0e04db9c3600824696a2d1fe0337e6bc91c8b262800d07a0aa0014b0d2b800000012000008006b008f
207304706:0 1020 13 51 d3002d3fc34a247893a44ff0c67259e08f6ba904593442236cd0c65ac323000c081bb98144b0c00000000000000000005c290a
207304729:0 1020 14 51 d3002d3fc380247893ac75558095fce095578a2eea4b318b213dd7d27203000d03d9918124b0c000000000000000000005e0f2
207304749:0 1020 15 51 d3002d3fc3cfa478939892483fc7bf408dff0d39b2fb73af4005b22dc440c01d088350c014b0d2b80000001200001000d4f47e
207304765:0 1020 16 51 d3002d3fc40c2478930a4db05b8f2be10203ef22ac1553b8123c1225c411000d051bc10044b0c00000000000000000002b03ea
207304786:0 1020 17 51 d3002d3fc457a478939cca18a9ee795615d58f3f7e59e2a8787a403ddb20803d1cd1880034b0d2b800000012000010006a6ac8
207304821:0 1020 18 51 d3002d3fc488247893aa850610c3ccf31bb143264affc083ca935a83f2b2002d1c9e218024b0c0000000000000000000beda7a
207304849:0 1020 19 51 d3002d3fc4d4247893a145e948a3a681129fc586ca8c1225507943f948b3405c010d988164b0c0000000000000000000ac3e8d
207304885:0 1020 20 51 d3002d3fc513a478938390ed564bafe48246e1b196df7339ac85036ac052800c11bd894034b0d2b800000012000008001aa9d2
207304921:0 1020 21 51 d3002d3fc556247893199586324a2d8593db79c00cf9122c69c9b9865c00403c1e2cb04034b0c000000000000000000083fa23
207304944:0 1020 22 51 d3002d3fc5882478932ae2c6967132a39aaa43a4871e20002169d9d7b182002d0aabd10154b0c0000000000000000000b45c3d
207304969:0 1020 23 51 d3002d3fc5d424789323711ac481250093cc590491cde1a2e4f7c83832e3401c1571aa4034b0c00000000000000000009f5d0d
207305007:0 1020 24 51 d3002d3fc613a47893022ef1d2ffb3f4019a9036fefa03b92456818fc223c02a0f91e10054b0d2b80000001200000800b5b066
207305038:0 1020 25 51 d3002d3fc65c040391a006e14f7bcb210ab5e684f3d3122b55f13bee7d73c01e0847048054b0d2b80000001200000a006309ff
207305060:0 1020 26 51 d3002d3fc68224799384567e96c222019338beda9cbe00b4efcc22ce4711002e0f679ac124b1c0000000000000000000dd6674
207305079:0 1020 27 51 d3002d3fc6c424799301ddfa233aa9c42dbf02ad12b3f3988351d18d6920800e0d318a8034b1d2b80000001200000780ee788c
207303033:0 1042 1 70 d3004041204800040a05a9640000115cdba42f00387a323b0417ff640f410019a4bd2314595d841c4d4b20021dfe59d1d000b103cc9429bf67dccefb70bffcaa7cbe786427b9
207303057:0 1042 2 70 d300404120880002fe85a964003f7bced684e606ebd214c82fc0104db5b2802b7a641ccc795d8682ad4b2ffd85d2a9e09c016b0475f618cb60af4e26e2ffffaf809ddced74c1
207303072:0 1042 3 70 d300404120c80003cf05a964003fe4a571610c07f370326816ed3263fd240035aba921db795d774cad4b200099fa8a195001b403afb21cc1f434a9eab6bffc3d417ebc6b51ef
207303084:0 1042 4 70 d3004041210800039e05a964000015e55837f3078a061a7d7d216393df9a002eb4e42148995d6acbcd4b20006ddf311c00005503f5903cc2e5d2642b77bfff65039eb054ebcc
207303096:0 1042 5 70 d300404121480002d405a96400006787a3c4d70759281bc88a938fbdd2cf80277aee1d6a595d76860d4b200415e1b7b524016103f5eab6ca611e888a853fff3dbffe90b84172
207303108:0 1042 6 70 d300404121880006a205a965fa010e8367cff507ae220ff06454ade9eb498137f6071d0b395dc46d0d4b2005523909f6a402a526a1b535d8c0e6552fad3ffbc6454fc4c8c18f
207303117:0 1042 7 70 d300404121c80018a485a964000075e811cb49076676302bcbfe281fd3eb013b4e680e6a395d7a260d4b2002f371b71737fe5f222d3dddf1bca61788e1bff943094028db7056
207303127:0 1042 8 70 d3004041220800023405a964003ed2c88583860076dc1a0948bf3412214100e8fcecf398f95cda3ecd4b2ff6e0dc074b7801092c0cc01b2862df3e4f927ff87a06efe4cf9f22
207303135:0 1042 9 70 d3004041224800069391a965fb409b5ae45a2d1fcd0812da3a8ce4e9f31203aaa1789af6795d9ccd8d4b20077e40ad8db4027f26d7fd7edd6328fd0ccebffb8f441098342bd1
207303144:0 1042 10 70 d300404122880018cc85a964003fa5f5ed1679076b20305fb32a978fd51202d01d6e8e0a995d60f1ad4b20019f70e12027fece2246384cf2cf6732f94f3ff93143a078be7454
207303240:0 1042 11 70 d300404122c8001d3ea5a965fcc04628e753f34019a443d44b2a32f80a3a0088df820d0f94a29e256d4b2001dfe1b00b1bfff127d7c45407a7af336f23bfee90c2603809371b
207303240:0 1042 12 70 d30040412308001d7aada96405805ce93648225018d2470c8da29d9209c5004dee608d0454a2a1be8d4b2ffe97df85d31fff8c27c5f4830740eeef81527fee59c1e004289ff9
207303240:0 1042 13 70 d3004041234800027085a964003fcb76f2beda00a0e01ca4f718da5e2c4d0161b628f2c1d95d5bd0cd4b2ff818d670cd1400b42a7ffa882909284d5440fff82fb9e06c3edcb2
207303240:0 1042 14 70 d30040412388001f2435a965ffbf42c7e2b2f567d0ba4e6f0da23e39ec90004ea0c8013d74a2a2a18d4b2fff0130efd39fffe62801e44415bc81732cb77feccb84604c3ccfcb
207303308:0 1042 16 70 d300404124080006a295a965fabf5b8ca267a9279f660da24d30246de81f0254f86c9cbd595d0c20ad4b2003423901b28002c22743fdcad9dfaa097c183ffbdd3e50b82c589d
207303317:0 1042 19 70 d300404124c8001f2505a9640000019784abec0fd2484e1a19eb5af5ed98802c1b36007f74a2a1a78d4b200109315e9810002b281cf73e16a57bd89a2a7fec8e4741d091ed18
207303325:0 1042 20 70 d30040412508001f0685a964003fecd68f07ea0fcc744f761ef5eecfeaea002e96aa80cbd4a2a20ded4b2000c13178d5940090281cd32f166c0298932d7feca008c23062b7d9
207303333:0 1042 21 70 d30040412548001f4385a964003fe262823a6a0fd3044e6372f9b6bbecc000271af680e034a2a2aecd4b2ffffd3197c27bffb528156258162740a76736bfecc18852147d36e5
207303341:0 1042 22 70 d30040412588001f3485a964000018c83130000fd5d44eb7760bac77eea60033692d005d14a2a1b5cd4b2001fd3194ba57ffe528157c7216870837577b3fecae89d274011f66
207303350:0 1042 23 70 d300404125c800037d05a96400003a35aca1c608174062905cfa123409d0001492f1080974a2a46a8d4b2fff628546448c00182677ebbb0c7536a55a693fecce0ef3bce3d7b1
207303358:0 1042 24 70 d3004041260800038e05a964003f98d62b6c790818b462ec679389260ac00028b765084c74a2a2ff0d4b20001a853e631c00b82677da3e0c07859351afbfec9803b0ec58ce25
207303366:0 1042 25 70 d3004041264800036305a964000031d46c82ec08191661601f68f77a0a878023b2868828d4a2a8aa4d4b20008a8180d493ffdc2688a6e60c3d06297a263fecc20180607a69f3
207303375:0 1042 26 70 d300404126880003d385a964003fe708bd177c08158e60c6992977480951003aca4a8869d4a2a8558d4b2ffd1e819ad353ffd3268925b20bf1c6f22d88bfecf3be0f80eff196
207303383:0 1042 27 70 d300404126c8001d4105a964000015db441a790823c04ed8a0ac2a540e80802400ef8d3374a2a00c0d4b20011fdb66f9c3ffe326d515500657d0d60db77fedf5fe6f980da6e6
207303391:0 1042 28 70 d30040412708001d7185a9640000136636614f081e604f640f23929a0cec800e087b8cd3b4a2a272cd4b2fffdbdb5add40002f26d3c92506f069b095b73fee0d7e7f9c8726b2
207303400:0 1042 29 70 d30040412748001cac85a9640000163b3fa8ba0812e84ee3e158a89807ad000b596f8e02f4a29ef9ed4b2fffcbd4c393ffff5526bd6dd9058cd904c568bfee0f814050e65eca
207303408:0 1042 30 70 d30040412788001caa85a9640000270421a2290819085152a495ec2e096200188f2d0de6f4a2a71d4d4b200063d4d77527ffce26bcf5070587487d7637bfede7bb1ec4b347ab
207303416:0 1042 32 70 d30040412808001ece85a964003ffc4c83a7520fcd444f1e7ec8524dea720019cefc012854a2a1b90d4b2fff2930364434003328107f1015d03f3d94c4ffec9f7c7f1c04baa6
207303425:0 1042 33 70 d30040412848001f1985a964003ff3b68160c00fcf3e4e4ac17cbd2bec0c80229c558185f4a2a1372d4b2fff8d3031bb1bffec2810d470155f46f1baa1ffecca65394c507d55
207303433:0 1042 34 70 d30040412888001cf605a9640000238d63cb610811fa50c78b90895e06be001cde718c6c34a2a068ad4b200143d4f240a8005b26a9c691074a4b504aa03fedd13d5f54036ef3
207303442:0 1042 35 70 d300404128c8001d2905a964003fc8f0f79c2408109c50fa24347f700710802ed1d50d47f4a29f926d4b2ffd37d4f14090006a26aa8ea3062647a26c2cffedf57f8fe07f1474
207303450:0 1042 36 70 d3004041290800039e05a9640000044c2871d10812906113aacb644207900032a8c3088514a2a5a96d4b2001568530989fff52268719970bc7b4bfd43fbfecdbb42d08356a7b
207303458:0 1042 37 70 d300404129480003cf85a96400000a4d8b3f750816b662cdfa5f1ec409d3802c6317082d14a2a166cd4b20006a852a9d14003726873e880c4abb46dbc3bfecdbf6bdacd60610
207303467:0 1042 38 70 d3004041298800023285a964000009001fdca80893c620732c3b5966289f809a53faf0e4595d4ab16d4b2ff3d4d5a265cffffc29690b0f2c4425d65bc1fff7fe42c0b0f676e0
207303475:0 1042 39 70 d300404129c800063805a964003ffe8cfe45080f80000b98854d7a19df9480e087b59e54795df0102d4b20032a2d2b61fc02ab274d0aead6c524d9ec463ffc12c52148e14396
207303515:0 1042 40 70 d30040412a0800182105a964003ff3b3ea99c80fc6fe191ff3efa14fee1b012bac3d9547f95d46daad4b2003038a2404b3fda02753b1ede7d7a1979d5c7ffb4181c0706a38eb
207303515:0 1042 41 70 d30040412a48001efb05a964003fe2678412f80fce584f1b1af72ef1eb798059199f013314a2a0a5ed4b2fff5d30a1bd280040280486d41587b41bc1cc3fecacf28ca08709b6
207303515:0 1042 42 70 d30040412a88001f3785a964003fa9258f24820fd4d84e397fadbc0bee13004c5f05014574a2a21cad4b2fff0d30ba99dfffda2804d29015c37773f76dffecbaacdb34d347d9
207303515:0 1042 43 70 d30040412ac8001d0f05a964000004520f80e708176051ad573317ce09cc801bc2308cddf4a2aa182d4b200117d481797fffaf2689c61e06d8c9f80590ffedf23effbc0a6f99
207303515:0 1042 44 70 d30040412b08001d3a05a96400002fba78632c080e42545ddcb6764205de0028984a0ce314a29f956d4b200033d49953700053268e9e23066dc9614ca0ffeda940701c541b07
207303523:0 1042 45 70 d30040412b4800039805a964003fbe2ec6fc0d08159a5e79127c5ad608ff0023a8ff88ae54a2a3148d4b2ffeea86288287ffb226b0386e0bd2c0456eba7fed308d4350d9051d
207303532:0 1042 46 70 d30040412b8800039005a5e0003fef2bda3edb0011be607b595aefd007a2803912468849b4a2a37ced2f0003a286409e5fff9c26b072bb0c2881f38f24bfece24b52d44e502b
207303557:0 1042 47 70 d30040412bc8001cd685a964003fa30ce969d4081bc04dc328d8afda0adb800e51070e3054a2a52e0d4b2000c7db183c4fff9926ef8bf4057c7332a504bfee2742f0bc4df845
207303566:0 1042 48 70 d30040412c08001f2c85a964003feb6a62a06e0fcfa855a7a49064c9ec6200097f51806154a2a046ad4b2000e52fc9fc04004f27717082165ccede552ebfec25c1e07a465529
207303574:0 1042 49 70 d30040412c48001d6385a964003f931cef4e8d081ece4e1b18b497060d2d000c95950ca514a2a4200d4b2fff47db0c9197ffda26eeb85a07590d329b02ffee3601e078756aa5
207303582:0 1042 50 70 d30040412c88001f3f09a964000025adb904da17d49a5450fcc361cdedab0012c0d100f934a2a5d96d4b2fffd92fd420b3ffcd27710f7c15a74bd740e63fec5f15254adc467c
207303590:0 1042 59 70 d30040412ec800040b85a964000000af00100a082724374612605ae40ac88018c6d42349d95d6d536d4b20023dfd7ec99000ac04e8bc6ebf077a4a11d9fffc07db36ccd246b0
207303598:0 1042 60 70 d30040412f080002f005a96400000053ffe20a06ec7dfb8961a66db3b596800c33af1c8c595d6c788d4b2fff41d04b73cc01cc02f89d33cbd248890f1f4002e49ee7b866bf6b
207303606:0 1042 62 70 d30040412f8800043e05a96400000251ffe24709c7c4a43007456e187c360028a0ab8aabd95d6827ad4b20045a56d83ff3fec603229b60ec8ab9ab5876ffee4583d0f6a4553f
207303622:0 1046 2 69 d3003f416095305a6b0269c52000019400ffc0340434aa4ace7b76b40414007c6e601c46a8135fa5c520029bbffecc700112739ac1121a3f97096caffbf5dfbfea00406844
207303638:0 1046 3 69 d3003f4160d5305d6bf5bdc7003ffeb5ff21f0f3927c7e0bb3fc06efaab800f472d0497ea8141ae9c70000b664911a7001d27579797139a1ecba9a4ffc2f900803001766ca
207303654:0 1046 4 69 d3003f416115305d6bf779c7003ffa67feb16d97a0c47bbdaf427c23b62c00659b504346a814035dc70fffb664a6b2a00132757fe55155aff70c218ffc31efa7e600238ac2
207303669:0 1046 5 69 d3003f416155305d6bf55dc7000001a613fb332f98e87ac05f1a97f3ad9c006e15dc4c8aa81432b1c70ffff6649279a00022757bc0f11fa13d81b91ffc31900c04008ccdd3
207303686:0 1046 6 69 d3003f416195305d6bf731c7003ffd65ff5a00eba170821872845e4bb67c010d6fec474ea813f219c70000366579f0b000c2711b055134c3e90a90dffc2800100900fa74a2
207303706:0 1046 7 69 d3003f4161d5305d6bf58dc7003ffee3ff2c6d5b90dc7b2b094b328faa2c00afc6303d56a8143be1c7000206649dfb0ffec27580401168b09a42010ffc2a10280b0062fa51
207303741:0 1046 8 69 d3003f416215305d6bf5f1c7003ffc59fddd66cf8f247a134f895363a9c400d3b614461ea814277dc70001b665c2a28fffd27941d6814a71814fcb5ffc2fdf93e100dfc56f
207303783:0 1046 9 69 d3003f416255305d6bf645c7003ff78dfbd45c83a4587a70e8326477b80400de526048a6a8140401c700007665ca978000b279466e4135611f4fe78ffc392feffb0057b40e
207303864:0 1046 10 69 d3003f416295305d6b056dc7003ffe95fd00ac485d2861050e79b3204a50009964304fd2a8135b11c70ffd611331ab0fff428b8874313cb6d3015d8ffc76dfdbf8003e6bcd
207303917:0 1046 11 69 d3003f4162d5305a6b0935c52fc089cc03dfa2985eb464d56dba73f44b50009dd0b84a02a81370fdc52ffeb114929b500462899f548151a3af281f9ffc703eefb400ec8ad3
207303952:0 1046 12 69 d3003f416315305d6b03e5c7003fff9fffff4d1c580c622e8b321a1045740060b3a45236a8139a99c7000091149258affe4289a189913031cf2ce69ffc6d6f23c8003b9bf1
207303988:0 1046 13 69 d3003f416355305d6b0975c7003fffb7ffd7474860b05e95ad7d09684c18003075445c12a8138cc9c70ffe311471926000628ba45060f41b4e6cc6bffc76402008009e33e6
207304016:0 1046 14 69 d3003f416395305d6bf92dc700010f2c00cd84d41890db1e9aa0fd1ffe7d4fbdc3d4844a952ccae1c70f9ace2fde62efcd922fe0e4c02e37805d244ffacddfb7e848b64480
207304037:0 1046 15 69 d3003f4163d5305d6b0671c7003ffe95ff33b7b8679062461f7e29f850380050d23458eea8136561c700024114640fbffcb28b9d03210e9b902b9cdffc70003c1000af3d4c
207304060:0 1046 16 69 d3003f416415305d6b00b1c7003ffeb3ffc342fc0320a53d366fe6cc02a400c70a5c1c86a8134db5c70ffeabbb6d96d000a2749bd1821d298513a6dffc071fabef00327d83
207304079:0 1046 18 69 d3003f416495305a6bb091c52000174207635fdc00e513fc5da4b2f00b554fb146d4259e952ace45c520433e3a4e1cf04fc22fb96071a8a777bf2a7ffa75efbbea4855a08e
207304096:0 1046 19 69 d3003f4164d5305b6bf7edc5c000176608d3dc83a24478c644c9b503b6480048e5d84396a8145e7dc5cffe86690edb0000b2790ce9115fef6b5f474ffc3adf9fe600444c28
207304117:0 1046 21 69 d3003f416555305d6b0711c7003ffec3fd318efc0904a8b67417416c07700054f96c1ab2a8132a11c70ffdbbbde3f6e000827359d662217b8eba348ffbfcfff3fc00fb0d51
207304137:0 1046 23 69 d3003f4165d5305a6b038dc5203fff6ffff7d21004e4a95a98f1bae00518005fb5d41aeaa8135f81c52004cbbb7f853002827497d47220486ae2c8affbe73ff000002ab3d1
207304157:0 1046 24 69 d3003f416615305a6bfe55c5203ff423ff757c4c0224a7c743eb6224018c00d52ad01b6ea813679dc52ffe1bbf64173000c271ea75a21d01bfc7ff2ffbfd4f97e000ec6d44
207304177:0 1046 25 69 d3003f416655305d6b023dc70000001c0014d8ac03a4a7e04406544003500097faf41cb2a81317c9c70ffefbbde416a00092735afee21a3c5c49349ffc01f0140500d42b22
207304195:0 1046 26 69 d3003f416695305d6b083dc70000060800382524567c69ad8dd38e0043b80072ba2c574ea8134ac5c70000b11326c3c00022874707b102f9ca796c4ffc64df7fdb0047dfdb
207304212:0 1046 27 69 d3003f4166d530576b03c1c3403ffa53fcee8f980918a61e38b5d80806b0007821901c76a8131de1c34ffe8bbde20f2ffff27355385217dd61e8bc5ffc04efeffb0051c30f
207304229:0 1046 29 69 d3003f416755305d6bf705c7003ffe21ff7cb1ef9ab883b981761ac3aee80080f7983aaaa813f5d1c70ffe96657bd65ffe427128d3d178f4ad9eb04ffc2a3fb3ec00b844c5
207304246:0 1046 30 69 d3003f416795305d6b0259c7003fe959ff8c635c054caa3df84d1098042c00639c5c1c4aa8135c65c700012bbf54121ffd4271e7931212e17aabab8ffbf4dff3fb000bcc9a
207304262:0 1046 31 69 d3003f4167d5305d6bffe5c7003ffeebffa86ea00550a9294f50c01c04cc00b0b6f819eea813363dc700030bbdd802fffba27355c3e220fc29880b1ffbe840200900e2f312
207304278:0 1046 33 69 d3003f416855305d6b05c1c7003fffa2000a6fa85750629d4482c6504344008bc43c529ea8139731c70000c1146c550fff428ba72db1278901b84beffc6dcf97e200b2b4ab
207304294:0 1046 34 69 d3003f416895305d6b0751c7003ffebfff2dc07867f46503a94a98804f3c00a78654517aa8137405c70001711335c3a000128b85fdd12fe766f239bffc5ba0180a008256df
207304310:0 1046 36 69 d3003f416915305a6b0a7dc5203ffcfffe31cf806a386206e3be4788521c001d6aec4c2ea81385ddc520038114729a9001128ba4d20147ebea402ecffc616034100052041d
