# RTCM Message Log (ephemeris only)
# Generated: 2025-08-22T00:03:27.590374
# Mountpoint: BCEP00BKG0
# Allowed types: [1019, 1020, 1042, 1046]
# GPS Week: 0
# GPS TOW: 0ms
# Format: [timestamp_ms] [msg_type] [sat_prn] [length] [hex_data]
# ----------------------------------------
201602221:0 1019 1 67 d3003d3fb054c000d7d76b3a00002d2c2758d70f4c2db5c1d040080da40056e3561340a10db40c6b3affc80ebf78f8fffc271713a61990027df2deffaa0fed017d9879
201602231:0 1019 2 67 d3003d3fb094c07ec23e6b3a00004ff3f04c3e0b612cd000fa8b990a030873312a16bda10d63db6b3affe7081759fcff522754e47716abd99a25c6ffa81fda001f7d67
201602240:0 1019 3 67 d3003d3fb0d4c241ce486b3a00ffe4598b3c4803d52b5b6b5c60e30351034a551501aea10dcc316b3a003436b6258cfff0285bc8462f3131c6e446ffa81f030029344d
201602248:0 1019 4 67 d3003d3fb114c07df7116b3a000021fff24c11f0a22e44e97096a4f2a001bd56310f8da10cc1d76b3a00226276a5b4000f2778e1cb1daf8818026bffa808f6fca5fc3e
201602257:0 1019 5 67 d3003d3fb154c042921a6b3a00fff8e373fc1a06362f5ffef5deb605aa02f443c102b7a10cced46b3aff9e34612617001527d16c312d7c39e5d363ffa427e900e1b6b6
201602266:0 1019 6 67 d3003d3fb194c040d94c6b3a00ff8dbf01e84c107326e5a5747f960e1701bac3481513a10d176f6b3afff50c8309e4001f284706401950e417e6adffac9b0800dad7af
201602274:0 1019 7 67 d3003d3fb1d4c1468b716b3a00ffd0f79a6471ff0530d17e7250fdfea80a249fba1998a10d9fae6b3a00468b9a3f52ff7f26bfcf421117ad5045deffad46e9000dc95d
201602283:0 1019 8 67 d3003d3fb214c077aa2f6b3a00000045bf142ffc7736aef1e35030fcb6056e567d1183a10cd4396b3a002adf33a4c80063268d25861a3c12cfc926ffa4cd0a009fc0bd
201602291:0 1019 9 67 d3003d3fb254c07d7b5b6b3a0000365f84985bf005300609fae5b4f1be01be6fdd0ddea10d4a156b3afff95fe6e4edfff92739bc761f3c515c265affa65c01009c5061
201602300:0 1019 10 67 d3003d3fb294c0418d0f6b3a00ffb5bcf8400f05ea2cda44c2fa6504ee0550529a02d8a10d2c266b3aff8b369bed6d000928575ba62e27a186119effa5f10500127b18
201602308:0 1019 11 67 d3003d3fb2d4c04060476b3a000061ac3ed147104d2d1bd3a641430de6010fe8621560a10db7a76b3a00440d73329800102754d71f17909e3c23b4ffa9b2ed00f4132c
201602316:0 1019 12 67 d3003d3fb314c040b42c6b3a00fff6b1d0582c01c7379762612cc601460474ba810982a10d12576b3a001eb91cf9ccffba2717917123c03ddb5b0bffa6f8e50055b79f
201602325:0 1019 13 67 d3003d3fb354c23e31ab6b3a00fffb5bb3d0abeeb02d4de7c03ed0f15304f117291218a10d7e576b3a000f66edd4fe005027b74a6a1bdb2828e0faffa7cce701786ac5
201602333:0 1019 14 67 d3003d3fb394c041ddec6b3a0000255a10b5ec02033cbb5b23994c01d40322718409e1a10d09df6b3affa2b702b94e00102669f81623248f549ce4ffa344ef00a56429
201602342:0 1019 15 67 d3003d3fb3d4c07d600d6b3a0000222b4c040df047370cc95812f1f3600886126b0974a10d00b06b3a00185a39c0e400e7264eea9c22d83b19e429ffa212e90022e6b1
201602351:0 1019 16 67 d3003d3fb414c07f6b496b3a0000470b5e9049019d39c81937d1560207076e2e5e09dda10e30a16b3affe4b9d13a750040270f7e56240524508696ffa17ee9006cd677
201602359:0 1019 17 67 d3003d3fb454c238c5426b3a00ff7812214c42fe6c3276f1ae1c9dfe9606b50e3d1469a10de7936b3affbde35897d6ffdc27326b19189ecf15ca6effa6c0e801533be2
201602367:0 1019 18 67 d3003d3fb494c04157266b3a000046b547b7260e222a0d9f63cbb60c2602d4eddc166aa10d79dc6b3afff00c6aefebffe427a9dd93168588d93180ffac2cee00b883e3
201602375:0 1019 19 67 d3003d3fb4d4c07652126b3a00001956031412ff0f318e3c8c3d19ff840587b9c91475a10d47676b3a0045e523d349003d272a977017ba74337b76ffa9d1df00ac45ef
201602383:0 1019 21 67 d3003d3fb554c04192ea6b3a0000cc194fe3ea045734302a08f28e03d400114cc700c9a10d36476b3affe23733b40effdb271cd1332e9322139deaffa264ec00013c24
201602392:0 1019 22 67 d3003d3fb594c040ed646b3a00000ff365086400eb3a3808a5729b00b606a5ce060a18a10d11a76b3affdeb9f3c28affb927094f9b2417d53fd30cffa214e800e0bc40
201602400:0 1019 23 67 d3003d3fb5d4c042a52c6b3a000034458edc2c06e32cff74cb3421062802d7c8d802f3a10d52ed6b3affd63556b9fefff92823f2112d838c347fb7ffa6e1ee00183d69
201602408:0 1019 24 67 d3003d3fb614c0474a546b3a00005ed5791854fafe3498a6adc667fb4708ce0a9d186da10d63046b3a0088875346b6fff326182f0010c52c2c84aeffaac50500b74ccb
201602415:0 1019 25 67 d3003d3fb654c04296096b3900fff13e4c500902f039d060fb85b3020a0653732f0a44a10c9f1a6b39000ab560467dff8c269d594522702df5c92effa6730c00212bf8
201602423:0 1019 26 67 d3003d3fb694c142e36b6b3a00fffedde15c6b03a040ff3e0f020f037e053c2d220ad2a10ce7c76b3affa3b27c505f008325d52b8721381a2310aaff9f530e00290c00
201602431:0 1019 27 67 d3003d3fb6d4c077e35a6b3a00fffdfcdf905afcf73514f598053afd7006e764711269a10d3b936b3affe3e07045f7005f26ec383419b622b50307ffa4ab0400e7b583
201602438:0 1019 28 67 d3003d3fb714c045c0676b3a00fff7ac70bb67fd6e2f97825a22dbfdf70031559818aca10d5ed26b3a00038a771ff6ffec2732a8d313910c4aaaf1ffab1dec00dd2f9b
201602446:0 1019 29 67 d3003d3fb754c077d8516b3a00002ec2effc51fd143065eda3f121fd4401b78c7614d2a10cd23b6b3a0002e40182a4ffd0274da06017d770d5b02effa992eb00e98818
201602454:0 1019 30 67 d3003d3fb794c206b65a6b3a00005ff879545afe5435d0780bc9d1fe8a03eeba461965a10d1b436b3afff08b5a3783ffd52625951310f9a015f7e3ffa928090192bce6
201602463:0 1019 31 67 d3003d3fb7d4c0464f4e6b3a00000ee6652c4efdcb312e582826e5fe0c057dd7fb186ea10dc43b6b3affa88c8e35dbff7826e7b52b133422f4ad2cffaacce400e9cd8c
201602470:0 1019 32 67 d3003d3fb814c07d58206b3a000072d1dbf420f0402fe0103d7249f1d20469b4d30d15a10d38c56b3affa86091104a001b275acc0b2106ac16ffc5ffa63702006e08ca
201602518:0 1020 1 51 d3002d3fc051a3008d0dc7a3b1c629b6a80d8f29f28b601f62944b65d020801911ec1a8024b0d2b80000000a00000700471175
201602526:0 1020 2 51 d3002d3fc087a3008d06fc3ba95db8758a033a5857ed3137c3de15280d018018035cd18124b0d2b80000000a00000700f48421
201602534:0 1020 3 51 d3002d3fc0d9a3008d868cf184733b801b9d1355fc6eb22fa030b234f162800910cd9cc034b0d2b80000000a00000700975854
201602541:0 1020 4 51 d3002d3fc11a23008d8faf741e34adc32eeecd23894e120d87f8d7f8a3c1002d283c74c044b0c0000000000000000000a69be4
201602549:0 1020 5 51 d3002d3fc15023008d907a1132588765296576a139b5409bd928cf4241c0001d144bc0c134b0c000000000000000000026f991
201602557:0 1020 6 51 d3002d3fc18623008d8473e0216f33040514b3dd300261b8d2d18b076c51401c1e0040c134b0c000000000000000000021465b
201602565:0 1020 7 51 d3002d3fc1d823008d069eb10482c7809b784dd5e2ee82afbb5332449932000d0e89288014b0c0000000000000000000436742
201602573:0 1020 8 51 d3002d3fc21a23008d0f3b3d9fbf4a73aeec54a1fbd9028cab085850b071000c008acd0024b0c00000000000000000004a92e8
201602582:0 1020 9 51 d3002d3fc24a23008d20cb210c657fe0232f73b0ec1fc10f297c56111993003d23e69d0164b0c0000000000000000000b84e70
201602590:0 1020 10 51 d3002d3fc28023008d11a633a5657b3116355dcd3934a32f3f803260cdb1406c307702c154b0c00000000000000000002f0567
201602598:0 1020 11 51 d3002d3fc2ce23008d87d75cc70dcab284d9c7c41dc763383a428fb844c1401d015dc0c064b0c0000000000000000000b0c343
201602606:0 1020 12 51 d3002d3fc30c23008d9dc1bdbd592f809fae678d3064211cffbfcd462ee3000d07a0a20114b0c0000000000000000000ad25b9
201602613:0 1020 13 51 d3002d3fc34a23008da11eff94711e40a4f76b28dad771896719d894c2a3000c081ba98044b0c0000000000000000000713fa6
201602621:0 1020 14 51 d3002d3fc381a3008d8ff8772915d8229439954e505c13b0ed0eadbed180800d03d9998024b0d2b80000001200000a00795150
201602630:0 1020 15 51 d3002d3fc3ce23008d09b70948072c62078ea841589393b7500015add5d2000d088368c114b0c0000000000000000000aa3aa6
201602637:0 1020 16 51 d3002d3fc40c23008d1dfe653cecd8a11f9f9f0d4115319cfb204dba2dd3000d051bc90144b0c0000000000000000000e2412a
201602646:0 1020 17 51 d3002d3fc457a3008db1c4100d85e1b309805227dd5b60032d565a5a3732803d1cd0f00134b0d2b80000001200000800ed34f9
201602654:0 1020 18 51 d3002d3fc48823008da45eaf4980a9a10416b410e79a11281759411955d3002d1c9dc18124b0c0000000000000000000d20f26
201602662:0 1020 19 51 d3002d3fc4d423008d817bd8629c5ce5825d508f0edfd138fbfc01ec0fb2405c010cb88064b0c00000000000000000001f4b08
201602672:0 1020 20 51 d3002d3fc51223008d23e60e4076b34587d555a6e9c0e02834e4c1297860000c11bd614134b0c0000000000000000000036810
201602679:0 1020 21 51 d3002d3fc55623008d31efd882e1cb43896690a98f20a002ab13da837d61404c1e2c204134b0c0000000000000000000e26cb9
201602687:0 1020 22 51 d3002d3fc58823008d21bbaacd8f081283a3b1906e92c1aa5986bc41f223002d0aab890054b0c0000000000000000000fe7230
201602700:0 1020 23 51 d3002d3fc5d5a3008d04c779e26d6d1502dafb0d6acc61b96ae5878d3103c01c15717a4134b0d2b80000000a000007003fcea1
201602713:0 1020 24 51 d3002d3fc613a3008da3c903bc738f3608fe9d2c1da7e0a6ff2341c9dea0c02c0f91990154b0d2b800000012000008000fcf9f
201602736:0 1020 25 51 d3002d3fc65c03038d88b6c2624912a582885f87b1a79138e5180eb4e713c01e0846dc8054b0d2b80000001200000a00f1b9d9
201602757:0 1020 26 51 d3002d3fc68223018d0e143f9b051d13adab9dac0a92c2931c55554558d1002e0f67d2c054b1c0000000000000000000a8c961
201602786:0 1020 27 51 d3002d3fc6c423018d874bbf2a0d9c440ce631d67930a0b6e3f499ecffb1800e0d318a8134b1d2b80000001200000880b0b9d0
201600809:0 1042 8 70 d3004041220800024b05a5e0003ed21d858bc6007d4019cf335f877022fe00e8f28173be995cdafa6d2f0ff870dc07b3ec00e92c0cbbbe28195f3d8db8bff870c6efe4a949d6
201600842:0 1042 9 70 d3004041224800061685a5e1fb409b5ce455e907d8b415fe252fcdd7f5b783aa5ea8192ff95d98f6ed2f000b8240add7a800f526d7f2f4e13828fc336a7ffb8144109843cb4e
201600891:0 1042 10 70 d300404122880018c985a5e0003fa61eed18f3076a3c2fbb9dc6f825d4f602d024478df3595d6152ed2f00022f70e17f73feec2246451af335a732ddc9fff93543a078c7bce2
201600945:0 1042 11 70 d300404122c8001d8121a5e1fcc04629e752053821ce438c2380cd560e588088c7c60d2134a29d02ad2f0fff83e1b0faefff6f27d7c9570797af313b17ffeeb6c26038f060f7
201600997:0 1042 12 70 d30040412308001d8029a5e005805ce736459548199e43a865d2d29009fe804dea810cc5d4a2a257ed2f0003abdf86c6f7ff6727c5faa307d02ef21d9d7feeb541e004fdd373
201601042:0 1042 13 70 d3004041234800027405a5e0003fcba4f2c04e00a1da1cace1b49a7a2c9c8161b38172cb195d5be80d2f0ff848d6713aac00a52a7ff62528f1684d4d277ff82d79e06c84b632
201601070:0 1042 14 70 d30040412388001f2131a5e1ffbf42c7e2b8285fcd864f9ae5e306c9eb61804eb9de01a794a2a1e06d2f0ffef130f0e1abfff22801e5d3152a8173b4ec3fecccc4604c8ad450
201601099:0 1042 16 70 d3004041240800066691a5e1fabf5b8ea26c2d1fb5b210ae37d4ca3fecca8254d13c1bf8195d0912ed2f00073e3901f3ac02b22743f246dbb1aa083e89fffbc97e50b889211b
201601115:0 1042 19 70 d300404124c8001f2785a5e00000016e84abde0fd2d44ebbf232a02dedb0002c153e008274a2a17a0d2f0001a9315fa8b4001a281cf8f6167c3bd852a33fec9a8741d0d800be
201601126:0 1042 20 70 d30040412508001f1f85a5e0003fecb28f086f0fcf704f83f7323e8bec4b802ea48680aa14a2a27e0d2f00012d3179e5b00039281cd46416914299aaf67fec8b08c23025e490
201601140:0 1042 21 70 d30040412548001f3e05a5e0003fe264823b3a0fd38e4e674b63ccb9ed1a80271891816674a2a337cd2f0fffe13198d14fffa9281563ad15ac00a2c6d9ffecc2885214edd4cb
201601151:0 1042 22 70 d30040412588001f5485a5e0000018a5312f4f0fd3864f174e62bcefece2803366de0080d4a2a20e8d2f0000c93195c77bffbc28157dd8166b083516e4ffecbdc9d2749c5840
201601166:0 1042 23 70 d300404125c800037705a5e000003a1faca02b08169a62be355538d209a080149092081df4a2a43c8d2f0ffff68547520c003b2677e5e50c4f76a2966ebfecdc4ef3bca812e7
201601181:0 1042 24 70 d3004041260800033005a5e0003f98b32b6f4c081a4e63723ff93fbc0b868028b1ef07e474a2a27b2d2f00023a853f7900001d2677d47a0c72858f3a413fec89c3b0ec609399
201601190:0 1042 25 70 d3004041264800034185a5e0000031e76c818e08173e615df7b5601409b70023a9fa881514a2a8644d2f0fff3a8181e423ffe92688a1590c530628910bffeccf8180604de174
201601201:0 1042 26 70 d3004041268800039685a5e0003fe6febd182b08165861dc7173678009ab003acacb086bd4a2a83b4d2f0ffe02819be5b400ad26891e830befc6f19341ffecbdbe0f806474a1
201601210:0 1042 27 70 d300404126c8001d4505a5e0000015d74419df0821684f0479128e620d36002405920d8074a29f966d2f0000ffdb67f773ffcd26d51a03060a50d1e0fb7fedeffe6f9800c351
201601242:0 1042 28 70 d30040412708001d8f85a5e0000013743660c70824624dc7e7460ec20f0a000e2b068d40b4a2a37dad2f0000f7db5bd8a4003726d3cd56065629b4e8dbbfee03fe7f9cdb41d7
201601242:0 1042 29 70 d30040412748001d0705a5e00000161d3fa81c0812244d95b99bdbfa07da000b5bff8dec34a29f0aad2f0ffc73d4c48a6fff7826bd737505911904fea5bfee2bc14050d97cc3
201601242:0 1042 30 70 d30040412788001cb605a5e0000026e821a1150818284ff67cd0f84c097900188f488e07b4a2a731ed2f0000ffd4d871e3ff8f26bcfb2b058d887eb9b6bfedfbbb1ec442284a
201601245:0 1042 32 70 d30040412808001ef785a5e0003ffc1883a7690fcc2850e45754df83ea298019ce2e00d734a2a10d4d2f0fffb5303753100083281080de166bbf34a3bebfec9c3c7f1c90a363
201601269:0 1042 33 70 d30040412848001f1405a5e0003ff37e8161120fcf064f4a99c7e049ebe20022a054018ab4a2a1144d2f0ffe953032ca80000c2810d5ad153b46f0f6eb7fecb6a5394c84e13e
201601269:0 1042 34 70 d30040412888001d0a05a5e00000238063ca650814824fc163a93c52083c001cddd70ccdb4a29ff10d2f00025fd4f33d1fffeb26a9cc6907028b55d43dbfedf53d5f5447af5c
201601270:0 1042 35 70 d300404128c8001d7e05a5e0003fc8fbf79da6080edc51c3fc851ffa0647802ec5ce0d0574a29f29ed2f00000bd4f23b6800b126aa92d2067447a0f7483feddf7f8fe0e03ccc
201601298:0 1042 36 70 d3004041290800035685a5e0000004662871b4081422602f831b19ca08250032ac25888fd4a2a5e1ad2f0ffe8a8531a7ebff74268714170bb834be7fbdffecf9342d086cc557
201601298:0 1042 37 70 d300404129480003c405a5e000000a908b3f2f08145662d5d2a66e2008ad002c6f1f8809b4a2a1c38d2f00009a852bab740061268737bc0c6dbb4690dfffecd176bdac31ec6e
201601298:0 1042 38 70 d3004041298800026585a5e0000008f51fdc68089ae81fdf16e2158c2a77809a384c7177d95d4bfa6d2f0ff688d5a2d2f4006b296906732b2725d4f00b7ff7f402c0b0880d90
201601303:0 1042 39 70 d300404129c800061985a5e0003ffebefe45190f87840ce26ff32a7de0c900e08b359e37f95def2e2d2f00055a2d2b9cfc02ce274cffecd71524d8d7243ffc06052148796fa8
201601314:0 1042 40 70 d30040412a0800182585a5e0003ff3d2ea9a210fc462198bde8ad393ed30012b8f00961a195d45c42d2f0000738a2448e7fd6a2753bebde6b96197a1167ffb25c1c070af68c0
201601320:0 1042 41 70 d30040412a48001ee905a5e0003fe2598413c70fca6a4f56f341e8d7e9518059087f813fb4a2a130ad2f00000530a2ce78005f2804889b157fb41b0b59bfeca2b28ca0f65547
201601328:0 1042 42 70 d30040412a88001f2705a5e0003fa9168f26e40fcf6a4f4157d7c5c5ec1e004c6057015fd4a2a15bad2f0ffe8d30bba93000032804d439159e7777572e3fecc56cdb343a1c10
201601336:0 1042 43 70 d30040412ac8001d4a05a5e00000041f0f80c5081ba4519b2f3ba3da0be5001bccd30c85b4a2a966ed2f0ffef3d4827393ffc92689cb1b072e09ff9a9bbfee043effbc0c3e4d
201601345:0 1042 44 70 d30040412b08001d3e85a5e000002f9b7861db08138a52c1b516410407a00028b3680c8e14a2a07bad2f00002fd49a55540040268ea2e706edc95df32affeda440701c1b2c98
201601353:0 1042 45 70 d30040412b4800039885a5e0003fbe2ec6fddc0817405e92eac96f2009d90023988f0843d4a2a3958d2f0ffe4286298b57ffab26b031eb0c3980446d0c7fed258d4350801d29
201601362:0 1042 46 70 d30040412b8800039005a5e0003fef2bda3edb0011be607b595aefd007a2803912468849b4a2a37ced2f0003a286409e5fff9c26b072bb0c2881f38f24bfece24b52d44e502b
201601371:0 1042 47 70 d30040412bc8001d0b85a5e0003fa324e96c630817104b7d015744f609b8800e3e780e2c14a2a5cd8d2f0ffeffdb1932bbff2d26ef91a20583f32b77083fee46c2f0bc232540
201601379:0 1042 48 70 d30040412c08001f2f85a5e0003feb6762a0fe0fd15055937d2997bfed27000984938028d4a2a09b6d2f0000c52fcb1348003e277171da16958ed3ce8b3fec20c1e07a249f06
201601387:0 1042 49 70 d30040412c48001d9705a5e0003f9392ef5194081f5c4d28f10aa3080d63800c87ba8cdeb4a2a48a0d2f0fff57db0d8990004626eebc9c06f58d307cf53fee3581e0786463b5
201601395:0 1042 50 70 d30040412c88001f3405a5e0000025adb903d10fd3b654b2d50e6427ed8a0012c3fc810294a2a5c0cd2f0fff6d2fd53517ffca277110eb15a7cbd68428ffec62d5254a20d1a2
201601403:0 1042 59 70 d30040412ec800042405a5e00000006a0010030770d82211fcd7a68bd9528018e8a22159f95d6ea2ed2f0ffec9e1007dbc00f30533dc20c2b8bc176f67fffe995b36cc69a190
201601411:0 1042 60 70 d30040412f0800029685a5e00000002affe206066a9be9bf4a1489a79183800c4b591140f95d6944ad2f0ffda9aa50615c01d6038510b4e0a98b2dc3ccc0055d5ee7b8302288
201601419:0 1042 62 70 d30040412f880004db85a5e000000052ffe22709237a68c3f1fc3f924f3a002863bf9ba7395d65de6d2f00048e25b9672c002102fb0fefcd2bbcb979f5fff5e983d0f6c6e4ff
201605624:0 1042 1 70 d3004041204800041485a5e000001151dba3b50753b20e44eeb27819d13500199b1ea115395d84724d2f0fff21da18169c00da041c16abc3179f1367464001277cbe783867aa
201605644:0 1042 2 70 d300404120880002d885a5e0003f7bc2d68887068a6a0adc1ab861b99a90802b40b2153c795d83b86d2f0ffc71b7b0356c019b04f87057d960f0f28053400125809ddcf9a42e
201605652:0 1042 3 70 d300404120c80003d905a5e0003fe47a7161cb070cd60ad201676fa1be838035df9a1d7b395d79624d2f0ffd31d5a9c9f001720404e947ca31b6fc2c3e00010c017ebcd943b6
201605661:0 1042 4 70 d3004041210800038185a5e0000014f758375206c6b6009f6745f2fdaaeb802eae4a9c6cf95d6845cd2f0ffdddbfa0bd180096046b61e2cba3946c25ae4002db439eb08b0c9a
201605669:0 1042 5 70 d3004041214800028e85a5e0000067c1a3c20106d3ba0c5475e9990badc0802793051554595d73166d2f0003d1c1dcd1f401370468b360d979606f05d9000174bffe906d3a73
201605677:0 1042 6 70 d3004041218800065085a5e1fa010e8667c88707c04c12a04f04b8ddef4f0137e5d71c1a795dc19ded2f000a52390a3b28023f26a1a9e3dadda652bf9b3ffbb0454fc49a2f69
201605686:0 1042 7 70 d300404121c80018a285a5e00000768b11c81207668e2fafb69aa8e9d3d3813b52d10e7ff95d7a566d2f00020371b7769bfe74222d4a7ff1f5e6177134bff939494028723c58
201601435:0 1046 2 69 d3003f41609530546bffc5c16000019600ffbd7c0434a8fa85db61340408007c71e41bd6a813624dc160026bc002689ffdd2739acb62174f9695b8cffbf62fbfea007c3d1f
201601452:0 1046 3 69 d3003f4160d530546bf6d1c1603ffeb9ff21f4678da881cb46f35c57a88000f3e094484aa81409b1c160019664962680001275799fb13ed1ec711dfffc29200803001b6e3f
201601467:0 1046 4 69 d3003f41611530546bf785c1603ffa69feb17c8ba36c8049426935ebb7bc0067087849cea813d681c160000664abb3e00102758013c12c1ff604a49ffc334fa7e600370795
201601483:0 1046 5 69 d3003f416155304e6bf719bda00001a613fb2bdb8ce083cbaa60e513a75c006c9ef04bbaa8140031bda00146649ad24000b2757c0a1132713909c7bffc2e000c0400357e2f
201601499:0 1046 6 69 d3003f41619530536bf725c0c03ffd61ff5a087f9eec8373f940a347b318010dbcb4489ea813f8fdc0c00056657f91f000c2711b39712a63e92f76dffc2810100900993c1c
201601516:0 1046 7 69 d3003f4161d5304d6bf821bd003ffee7ff2c72b39b6482164682fcb7af1800af1a00407ea8141dd9bd0fff4664a6d23ffed275808c8168d09d8672cffc3100280b00f1c604
201601532:0 1046 8 69 d3003f41621530546bf615c1603ffc61fddd706b8ec4790ee2d9d5f7a8ec00d47ad83fb2a8144505c160020665c7a4dfff5279420d4166b17fa291dffc31df93e100e18b39
201601548:0 1046 9 69 d3003f41625530546bf64dc1603ff785fbd4727b9a4078e879fe3f17aecc00de1fa84c92a814337dc160007665cf917000a27946a171233123b5294ffc396feffb002eca54
201601564:0 1046 10 69 d3003f41629530546b0a6dc1603ffe8ffd00afec5ec4619ca225dea84b600099e1004996a8133fadc16ffe611336398004d28b882fc15686cfe3bbfffc757fdbf800ea48e2
201601581:0 1046 11 69 d3003f4162d530546b0c19c16fc089d203deb05c65c862cd2485a3f44fc0009ceeb84bbea8138fbdc16002f11495b8c003b2899f17e14673b108be7ffc674eefb400e7ce52
201601598:0 1046 12 69 d3003f41631530546b0875c1603fff91ffff4e005f6c630a1b821cc44c1c0061565c49aaa813663dc16ffc011496e340015289a156e156d1d98021cffc74bf23c8007a5869
201601613:0 1046 13 69 d3003f41635530546b0b99c1603fffb7ffd7480c58c861e94121ef0c45ec0031d62056cea81360ddc16000b1147637f001228ba409410e7b4b6c6abffc71a02008003ca221
201601629:0 1046 14 69 d3003f41639530546bf4e9c160010f1c00cab937f75135b623e2b00bf8dd4fc13a6097b2952c66ddc16f282e2fe55a3fb9922fdfdeaf8ce78063883ff9c9afb7e8480b9bb7
201601646:0 1046 15 69 d3003f4163d530546b0ae9c1603ffe9fff33bb9061b05c91b39034c04d30004ffcd85b3aa813850dc16ffd411468946fff028b9cc400fa8b8b777fcffc78703c10003e7e6a
201601662:0 1046 16 69 d3003f41641530546b0079c1603ffeb7ffc3467c03c0a5acc970775c033400c7287c1d76a8134829c16ffedbbb72d6000132749bce42188984a32deffc05ffabef004dd511
201601678:0 1046 18 69 d3003f41649530546bb1edc16000174a07633747f3e501640e7c8e1bf1e94fb0ad78220a952a87ddc16058de3a530bd046d22fbaa301c3c777bab22ffa931fbbea48ace128
201601716:0 1046 19 69 d3003f4164d530536bf809c0c000176008d3a59fa17c7a91e3a5b0b7b6cc00491a344482a8145881c0cffec66913465000a2790d0da157ff6c01ca8ffc3aaf9fe600887cdb
201601775:0 1046 21 69 d3003f41655530526b02d1c0203ffebbfd3192dc0460a981efc640c4046400549e601a56a8133e6dc020029bbdeab68004527359b702226b8a93cb0ffbe98ff3fc00b06ef8
201601849:0 1046 23 69 d3003f4165d530516bfc95bf803fff6dfff7d38c0444a77e2ba9e2d00440005fc594192aa8135bbdbf8001bbbb850dcffb227497fc2222b86b9402effbebaff00000da32ef
201601928:0 1046 24 69 d3003f416615304e6bfe41bda03ff419ff75a5d802cca702b2448a38026000d4f6a81d8aa8135dc9bdafff7bbf6b172000f271ea885214d1c07b488ffc020f97e00012ae8a
201601985:0 1046 25 69 d3003f416655304f6bff75be4000001c0014d81c03c0a8ab9a55ae9803d40097fba01c9ea813174dbe40022bbdec6fd00142735afab2187c5c26c7fffbf860140500f0d7b4
201602035:0 1046 26 69 d3003f41669530546b088dc16000060c0038154059b86729200520a845f00071cffc5262a8136b19c1600091132b888fff428746d6111fb9cd4698bffc621f7fdb007e747c
201602074:0 1046 27 69 d3003f4166d530546b03b5c1603ffa51fcee949008d4a60e147fff5c067c00780a281ba2a8132271c16ffe0bbde3d230002273552fb21c4d6145fe7ffc031feffb0042e79b
201602101:0 1046 29 69 d3003f41675530546bf85dc1603ffe21ff7cb6f39ea083f913a742d3b290007ffc004262a8141961c16fff266580ddefffb27128f7615bf4b06e439ffc296fb3ec009396ff
201602120:0 1046 30 69 d3003f41679530516bffadbf803fe959ff8cb2f40694a68566e40c8403d4006372381c62a81361a9bf8ffe3bbf5b26afff9271e7a84212917a67ba2ffc011ff3fb00024bd2
201602139:0 1046 31 69 d3003f4167d530546bfb5dc1603ffeebffa871800204a664e28192b4012400b10b7c1962a8132799c16ffd0bbddd670ffe527355f97222ec285637dffbf9a020090066887b
201602168:0 1046 33 69 d3003f41685530546b0609c1603fff9e000a708456485f80d71de4704388008b4668505aa813a73dc16000211471083ffed28ba70e613a9902dffbbffc6e8f97e2000066dc
201602191:0 1046 34 69 d3003f41689530546b088dc1603ffebbff2dc3c46a88634f3c2c733c522000a6d33055aaa8135e45c16002f1133a67fffc928b85df311d2766fe113ffc6a20180a002a6152
201602211:0 1046 36 69 d3003f416915304e6b0b39bda03ffd07fe31da206cc863f64cfe570853ac001d93245182a81367ddbda003011478f6effe728ba482a12c1bff59d1affc61b03410004ba203
