# RTCM Message Log (ephemeris only)
# Generated: 2025-08-22T00:48:27.591725
# Mountpoint: BCEP00BKG0
# Allowed types: [1019, 1020, 1042, 1046]
# GPS Week: 0
# GPS TOW: 0ms
# Format: [timestamp_ms] [msg_type] [sat_prn] [length] [hex_data]
# ----------------------------------------
204303168:0 1019 1 67 d3003d3fb054c000d7d76b3a00002d2c2758d70f4c2db5c1d040080da40056e3561340a10db40c6b3affc80ebf78f8fffc271713a61990027df2deffaa0fed017d9879
204303177:0 1019 2 67 d3003d3fb094c07ec23e6b3a00004ff3f04c3e0b612cd000fa8b990a030873312a16bda10d63db6b3affe7081759fcff522754e47716abd99a25c6ffa81fda001f7d67
204303185:0 1019 3 67 d3003d3fb0d4c241ce486b3a00ffe4598b3c4803d52b5b6b5c60e30351034a551501aea10dcc316b3a003436b6258cfff0285bc8462f3131c6e446ffa81f030029344d
204303193:0 1019 4 67 d3003d3fb114c07df1126b71000021fff26812f07d2e26eeabc66cf28c01bd5c610f7aa10cc2a36b71001e627692cd00142778e1501ddb8817ad8affa7f0f6fc103258
204303200:0 1019 5 67 d3003d3fb154c042921a6b3a00fff8e373fc1a06362f5ffef5deb605aa02f443c102b7a10cced46b3aff9e34612617001527d16c312d7c39e5d363ffa427e900e1b6b6
204303208:0 1019 6 67 d3003d3fb194c040d94c6b3a00ff8dbf01e84c107326e5a5747f960e1701bac3481513a10d176f6b3afff50c8309e4001f284706401950e417e6adffac9b0800dad7af
204303217:0 1019 7 67 d3003d3fb1d4c1468b716b3a00ffd0f79a6471ff0530d17e7250fdfea80a249fba1998a10d9fae6b3a00468b9a3f52ff7f26bfcf421117ad5045deffad46e9000dc95d
204303225:0 1019 8 67 d3003d3fb214c077aa2f6b3a00000045bf142ffc7736aef1e35030fcb6056e567d1183a10cd4396b3a002adf33a4c80063268d25861a3c12cfc926ffa4cd0a009fc0bd
204303233:0 1019 9 67 d3003d3fb254c07d7b5b6b3a0000365f84985bf005300609fae5b4f1be01be6fdd0ddea10d4a156b3afff95fe6e4edfff92739bc761f3c515c265affa65c01009c5061
204303241:0 1019 10 67 d3003d3fb294c0418d0f6b3a00ffb5bcf8400f05ea2cda44c2fa6504ee0550529a02d8a10d2c266b3aff8b369bed6d000928575ba62e27a186119effa5f10500127b18
204303249:0 1019 11 67 d3003d3fb2d4c04060476b3a000061ac3ed147104d2d1bd3a641430de6010fe8621560a10db7a76b3a00440d73329800102754d71f17909e3c23b4ffa9b2ed00f4132c
204303257:0 1019 12 67 d3003d3fb314c040b42c6b3a00fff6b1d0582c01c7379762612cc601460474ba810982a10d12576b3a001eb91cf9ccffba2717917123c03ddb5b0bffa6f8e50055b79f
204303265:0 1019 13 67 d3003d3fb354c23e31ab6b3a00fffb5bb3d0abeeb02d4de7c03ed0f15304f117291218a10d7e576b3a000f66edd4fe005027b74a6a1bdb2828e0faffa7cce701786ac5
204303273:0 1019 14 67 d3003d3fb394c041ddec6b3a0000255a10b5ec02033cbb5b23994c01d40322718409e1a10d09df6b3affa2b702b94e00102669f81623248f549ce4ffa344ef00a56429
204303281:0 1019 15 67 d3003d3fb3d4c07d600d6b3a0000222b4c040df047370cc95812f1f3600886126b0974a10d00b06b3a00185a39c0e400e7264eea9c22d83b19e429ffa212e90022e6b1
204303288:0 1019 16 67 d3003d3fb414c07f6b496b3a0000470b5e9049019d39c81937d1560207076e2e5e09dda10e30a16b3affe4b9d13a750040270f7e56240524508696ffa17ee9006cd677
204303296:0 1019 17 67 d3003d3fb454c238c5426b3a00ff7812214c42fe6c3276f1ae1c9dfe9606b50e3d1469a10de7936b3affbde35897d6ffdc27326b19189ecf15ca6effa6c0e801533be2
204303304:0 1019 18 67 d3003d3fb494c04157266b3a000046b547b7260e222a0d9f63cbb60c2602d4eddc166aa10d79dc6b3afff00c6aefebffe427a9dd93168588d93180ffac2cee00b883e3
204303311:0 1019 19 67 d3003d3fb4d4c07652126b3a00001956031412ff0f318e3c8c3d19ff840587b9c91475a10d47676b3a0045e523d349003d272a977017ba74337b76ffa9d1df00ac45ef
204303319:0 1019 21 67 d3003d3fb554c04192ea6b3a0000cc194fe3ea045734302a08f28e03d400114cc700c9a10d36476b3affe23733b40effdb271cd1332e9322139deaffa264ec00013c24
204303327:0 1019 22 67 d3003d3fb594c040ed646b3a00000ff365086400eb3a3808a5729b00b606a5ce060a18a10d11a76b3affdeb9f3c28affb927094f9b2417d53fd30cffa214e800e0bc40
204303335:0 1019 23 67 d3003d3fb5d4c042a52c6b3a000034458edc2c06e32cff74cb3421062802d7c8d802f3a10d52ed6b3affd63556b9fefff92823f2112d838c347fb7ffa6e1ee00183d69
204303343:0 1019 24 67 d3003d3fb614c0474a546b3a00005ed5791854fafe3498a6adc667fb4708ce0a9d186da10d63046b3a0088875346b6fff326182f0010c52c2c84aeffaac50500b74ccb
204303350:0 1019 25 67 d3003d3fb654c04296096b3900fff13e4c500902f039d060fb85b3020a0653732f0a44a10c9f1a6b39000ab560467dff8c269d594522702df5c92effa6730c00212bf8
204303358:0 1019 26 67 d3003d3fb694c142e36b6b3a00fffedde15c6b03a040ff3e0f020f037e053c2d220ad2a10ce7c76b3affa3b27c505f008325d52b8721381a2310aaff9f530e00290c00
204303366:0 1019 27 67 d3003d3fb6d4c077e35a6b3a00fffdfcdf905afcf73514f598053afd7006e764711269a10d3b936b3affe3e07045f7005f26ec383419b622b50307ffa4ab0400e7b583
204303374:0 1019 28 67 d3003d3fb714c045c0676b3a00fff7ac70bb67fd6e2f97825a22dbfdf70031559818aca10d5ed26b3a00038a771ff6ffec2732a8d313910c4aaaf1ffab1dec00dd2f9b
204303383:0 1019 29 67 d3003d3fb754c077d8516b3a00002ec2effc51fd143065eda3f121fd4401b78c7614d2a10cd23b6b3a0002e40182a4ffd0274da06017d770d5b02effa992eb00e98818
204303391:0 1019 30 67 d3003d3fb794c206b65a6b3a00005ff879545afe5435d0780bc9d1fe8a03eeba461965a10d1b436b3afff08b5a3783ffd52625951310f9a015f7e3ffa928090192bce6
204303399:0 1019 31 67 d3003d3fb7d4c0464f4e6b3a00000ee6652c4efdcb312e582826e5fe0c057dd7fb186ea10dc43b6b3affa88c8e35dbff7826e7b52b133422f4ad2cffaacce400e9cd8c
204303407:0 1019 32 67 d3003d3fb814c07d58206b3a000072d1dbf420f0402fe0103d7249f1d20469b4d30d15a10d38c56b3affa86091104a001b275acc0b2106ac16ffc5ffa63702006e08ca
204303457:0 1020 1 51 d3002d3fc051a3788f08b02dacbd4a55af8c6a168d3ca110fb2a56182ed1801d11ec2a8124b0d2b80000001200001000a3e36f
204303465:0 1020 2 51 d3002d3fc087a3788f07f90aa5ee075597b7a050e7648031f1732c88c0c08018035cb98024b0d2b80000000a00000700ac1730
204303474:0 1020 3 51 d3002d3fc0d9a3788f800a6185cab0520fdcbc5fa64892368ce99b9bee01801d10cda4c134b0d2b80000000a000007004c8789
204303482:0 1020 4 51 d3002d3fc11a23788f877789191fd6412ba7b8379f33921c6909ceb1eb61002d283c8cc144b0c0000000000000000000837ba2
204303490:0 1020 5 51 d3002d3fc15023788f8b1aae2c2ff9443053148d5bdf528ce7bad8459300001d144bc8c034b0c00000000000000000009e10c1
204303498:0 1020 6 51 d3002d3fc18623788f85ba8b1f0cd965131084d7ddfcc0b4b25ca34032c0401c1e0058c034b0c000000000000000000083c4be
204303506:0 1020 7 51 d3002d3fc1d823788f00226905e378a28fb569df7c6822b6aed71b9e27b1000d0e89308114b0c0000000000000000000e79605
204303514:0 1020 8 51 d3002d3fc21ba3788f072fc59ad3afd1abcfebb6198f629b8bc84f6c1c52800c008abd0124b0d2b8000000120000080033df95
204303523:0 1020 9 51 d3002d3fc24a23788f26da331c416f401f64a1a2293160806a53595436b3003d23e6c50064b0c0000000000000000000324ca2
204303531:0 1020 10 51 d3002d3fc28023788f1c9e219b3745511a1951c272b1e324931b44eaab72406c30775ac054b0c0000000000000000000c493c6
204303540:0 1020 11 51 d3002d3fc2cfa3788f02354ac8658f31055d51c3e7be4438cd1d09471c41c01d015db8c164b0d2b8000000120000080077d18c
204303548:0 1020 12 51 d3002d3fc30c23788f9b5e5eca105c5195665298e37e02296b16bdb33643000d07a0a20014b0c00000000000000000003dc555
204303557:0 1020 13 51 d3002d3fc34a23788fa66101a4479d40a00d68198fc5e0066de8d93d1d43000c081bb18144b0c0000000000000000000f7e72c
204303566:0 1020 14 51 d3002d3fc381a3788f9b0c781fa0dbc198bb8144472073a703f3c131efa1800d03d9998124b0d2b80000000a000007005aa897
204303574:0 1020 15 51 d3002d3fc3ce23788f0020c04a4dc7e282ef17424640f3b8f6e083270771000d088360c014b0c0000000000000000000199953
204303582:0 1020 16 51 d3002d3fc40c23788f1ba94b49c239611545ec18e9e552a9732e3e26a633000d051bb90044b0c0000000000000000000c1b9ec
204303591:0 1020 17 51 d3002d3fc45623788faeb42087d93f14106ae22d9e5ca08cb9e0583dba31003d1cd1280034b0c0000000000000000000a0bfe3
204303599:0 1020 18 51 d3002d3fc48823788fab38b637d8e7000c1abc146a10b11b2a0b4ff91193002d1c9de18024b0c0000000000000000000c63e76
204303607:0 1020 19 51 d3002d3fc4d423788f8ef6c65eefe08401eee88f48b6723674521a915073405c010d088164b0c000000000000000000073be3e
204303615:0 1020 20 51 d3002d3fc51223788f1796ad4d9f6d658a0c01aafb33b1320fb5ad32a931000c11bd694034b0c00000000000000000001b72bd
204303624:0 1020 21 51 d3002d3fc55623788f2d7c78124143a48ff277af332e001260e3d5dbc821404c1e2c504034b0c000000000000000000084cc91
204303632:0 1020 22 51 d3002d3fc58823788f296ed8bce2cec08b2553939f62e19e27a1cc4b1543002d0aaba10154b0c0000000000000000000505bb3
204303641:0 1020 23 51 d3002d3fc5d5a3788f123f5add4b3a93821b8b0db67de2b5e039a02a60c3c01a15718a4034b0d2b80000000a00000700d2a0e3
204303649:0 1020 24 51 d3002d3fc613a3788f97d6f4c9a251b60a7d173088de61b0fde72e543d41c02c0f91b90054b0d2b80000001200000500ef7a15
204303656:0 1020 25 51 d3002d3fc65c037b8f95e8565b790f0302a13287cce9723420fe26d18953c01e0846ec8154b0d2b80000001200000a00040038
204303665:0 1020 26 51 d3002d3fc68223798f05fc2396a2a651a8e434bf3c72c2a13f7849b0f6f1002e0f67c2c114b1c0000000000000000000a7a92a
204303673:0 1020 27 51 d3002d3fc6c423798f87b0c3269ce4841a5e33cdce1a80b039fab0bb47b1000e0d318a8034b1c000000000000000000002fa0f
204301669:0 1042 1 70 d3004041204800041485a5e000001151dba3b50753b20e44eeb27819d13500199b1ea115395d84724d2f0fff21da18169c00da041c16abc3179f1367464001277cbe783867aa
204301677:0 1042 2 70 d300404120880002d885a5e0003f7bc2d68887068a6a0adc1ab861b99a90802b40b2153c795d83b86d2f0ffc71b7b0356c019b04f87057d960f0f28053400125809ddcf9a42e
204301686:0 1042 3 70 d300404120c80003d905a5e0003fe47a7161cb070cd60ad201676fa1be838035df9a1d7b395d79624d2f0ffd31d5a9c9f001720404e947ca31b6fc2c3e00010c017ebcd943b6
204301699:0 1042 4 70 d3004041210800038185a5e0000014f758375206c6b6009f6745f2fdaaeb802eae4a9c6cf95d6845cd2f0ffdddbfa0bd180096046b61e2cba3946c25ae4002db439eb08b0c9a
204301711:0 1042 5 70 d3004041214800028e85a5e0000067c1a3c20106d3ba0c5475e9990badc0802793051554595d73166d2f0003d1c1dcd1f401370468b360d979606f05d9000174bffe906d3a73
204301730:0 1042 6 70 d3004041218800065085a5e1fa010e8667c88707c04c12a04f04b8ddef4f0137e5d71c1a795dc19ded2f000a52390a3b28023f26a1a9e3dadda652bf9b3ffbb0454fc49a2f69
204301764:0 1042 7 70 d300404121c80018a285a5e00000768b11c81207668e2fafb69aa8e9d3d3813b52d10e7ff95d7a566d2f00020371b7769bfe74222d4a7ff1f5e6177134bff939494028723c58
204301798:0 1042 8 70 d3004041220800024b05a5e0003ed21d858bc6007d4019cf335f877022fe00e8f28173be995cdafa6d2f0ff870dc07b3ec00e92c0cbbbe28195f3d8db8bff870c6efe4a949d6
204301861:0 1042 9 70 d3004041224800061685a5e1fb409b5ce455e907d8b415fe252fcdd7f5b783aa5ea8192ff95d98f6ed2f000b8240add7a800f526d7f2f4e13828fc336a7ffb8144109843cb4e
204301917:0 1042 10 70 d300404122880018c985a5e0003fa61eed18f3076a3c2fbb9dc6f825d4f602d024478df3595d6152ed2f00022f70e17f73feec2246451af335a732ddc9fff93543a078c7bce2
204301939:0 1042 11 70 d300404122c8001d8121a5e1fcc04629e752053821ce438c2380cd560e588088c7c60d2134a29d02ad2f0fff83e1b0faefff6f27d7c9570797af313b17ffeeb6c26038f060f7
204302031:0 1042 12 70 d30040412308001d8029a5e005805ce736459548199e43a865d2d29009fe804dea810cc5d4a2a257ed2f0003abdf86c6f7ff6727c5faa307d02ef21d9d7feeb541e004fdd373
204302031:0 1042 13 70 d3004041234800027405a5e0003fcba4f2c04e00a1da1cace1b49a7a2c9c8161b38172cb195d5be80d2f0ff848d6713aac00a52a7ff62528f1684d4d277ff82d79e06c84b632
204302038:0 1042 14 70 d30040412388001f2131a5e1ffbf42c7e2b8285fcd864f9ae5e306c9eb61804eb9de01a794a2a1e06d2f0ffef130f0e1abfff22801e5d3152a8173b4ec3fecccc4604c8ad450
204302076:0 1042 16 70 d3004041240800066691a5e1fabf5b8ea26c2d1fb5b210ae37d4ca3fecca8254d13c1bf8195d0912ed2f00073e3901f3ac02b22743f246dbb1aa083e89fffbc97e50b889211b
204302088:0 1042 19 70 d300404124c8001f2785a5e00000016e84abde0fd2d44ebbf232a02dedb0002c153e008274a2a17a0d2f0001a9315fa8b4001a281cf8f6167c3bd852a33fec9a8741d0d800be
204302102:0 1042 20 70 d30040412508001f1f85a5e0003fecb28f086f0fcf704f83f7323e8bec4b802ea48680aa14a2a27e0d2f00012d3179e5b00039281cd46416914299aaf67fec8b08c23025e490
204302109:0 1042 21 70 d30040412548001f3e05a5e0003fe264823b3a0fd38e4e674b63ccb9ed1a80271891816674a2a337cd2f0fffe13198d14fffa9281563ad15ac00a2c6d9ffecc2885214edd4cb
204302123:0 1042 22 70 d30040412588001f5485a5e0000018a5312f4f0fd3864f174e62bcefece2803366de0080d4a2a20e8d2f0000c93195c77bffbc28157dd8166b083516e4ffecbdc9d2749c5840
204302137:0 1042 23 70 d300404125c800037705a5e000003a1faca02b08169a62be355538d209a080149092081df4a2a43c8d2f0ffff68547520c003b2677e5e50c4f76a2966ebfecdc4ef3bca812e7
204302147:0 1042 24 70 d3004041260800033005a5e0003f98b32b6f4c081a4e63723ff93fbc0b868028b1ef07e474a2a27b2d2f00023a853f7900001d2677d47a0c72858f3a413fec89c3b0ec609399
204302156:0 1042 25 70 d3004041264800034185a5e0000031e76c818e08173e615df7b5601409b70023a9fa881514a2a8644d2f0fff3a8181e423ffe92688a1590c530628910bffeccf8180604de174
204302164:0 1042 26 70 d3004041268800039685a5e0003fe6febd182b08165861dc7173678009ab003acacb086bd4a2a83b4d2f0ffe02819be5b400ad26891e830befc6f19341ffecbdbe0f806474a1
204302174:0 1042 27 70 d300404126c8001d4505a5e0000015d74419df0821684f0479128e620d36002405920d8074a29f966d2f0000ffdb67f773ffcd26d51a03060a50d1e0fb7fedeffe6f9800c351
204302182:0 1042 28 70 d30040412708001d8f85a5e0000013743660c70824624dc7e7460ec20f0a000e2b068d40b4a2a37dad2f0000f7db5bd8a4003726d3cd56065629b4e8dbbfee03fe7f9cdb41d7
204302190:0 1042 29 70 d30040412748001d0705a5e00000161d3fa81c0812244d95b99bdbfa07da000b5bff8dec34a29f0aad2f0ffc73d4c48a6fff7826bd737505911904fea5bfee2bc14050d97cc3
204302198:0 1042 30 70 d30040412788001cb605a5e0000026e821a1150818284ff67cd0f84c097900188f488e07b4a2a731ed2f0000ffd4d871e3ff8f26bcfb2b058d887eb9b6bfedfbbb1ec442284a
204302207:0 1042 32 70 d30040412808001ef785a5e0003ffc1883a7690fcc2850e45754df83ea298019ce2e00d734a2a10d4d2f0fffb5303753100083281080de166bbf34a3bebfec9c3c7f1c90a363
204302214:0 1042 33 70 d30040412848001f1405a5e0003ff37e8161120fcf064f4a99c7e049ebe20022a054018ab4a2a1144d2f0ffe953032ca80000c2810d5ad153b46f0f6eb7fecb6a5394c84e13e
204302223:0 1042 34 70 d30040412888001d0a05a5e00000238063ca650814824fc163a93c52083c001cddd70ccdb4a29ff10d2f00025fd4f33d1fffeb26a9cc6907028b55d43dbfedf53d5f5447af5c
204302232:0 1042 35 70 d300404128c8001d7e05a5e0003fc8fbf79da6080edc51c3fc851ffa0647802ec5ce0d0574a29f29ed2f00000bd4f23b6800b126aa92d2067447a0f7483feddf7f8fe0e03ccc
204302240:0 1042 36 70 d3004041290800035685a5e0000004662871b4081422602f831b19ca08250032ac25888fd4a2a5e1ad2f0ffe8a8531a7ebff74268714170bb834be7fbdffecf9342d086cc557
204302248:0 1042 37 70 d300404129480003c405a5e000000a908b3f2f08145662d5d2a66e2008ad002c6f1f8809b4a2a1c38d2f00009a852bab740061268737bc0c6dbb4690dfffecd176bdac31ec6e
204302256:0 1042 38 70 d3004041298800026585a5e0000008f51fdc68089ae81fdf16e2158c2a77809a384c7177d95d4bfa6d2f0ff688d5a2d2f4006b296906732b2725d4f00b7ff7f402c0b0880d90
204302264:0 1042 39 70 d300404129c800061985a5e0003ffebefe45190f87840ce26ff32a7de0c900e08b359e37f95def2e2d2f00055a2d2b9cfc02ce274cffecd71524d8d7243ffc06052148796fa8
204302272:0 1042 40 70 d30040412a0800182585a5e0003ff3d2ea9a210fc462198bde8ad393ed30012b8f00961a195d45c42d2f0000738a2448e7fd6a2753bebde6b96197a1167ffb25c1c070af68c0
204302281:0 1042 41 70 d30040412a48001ee905a5e0003fe2598413c70fca6a4f56f341e8d7e9518059087f813fb4a2a130ad2f00000530a2ce78005f2804889b157fb41b0b59bfeca2b28ca0f65547
204302289:0 1042 42 70 d30040412a88001f2705a5e0003fa9168f26e40fcf6a4f4157d7c5c5ec1e004c6057015fd4a2a15bad2f0ffe8d30bba93000032804d439159e7777572e3fecc56cdb343a1c10
204302296:0 1042 43 70 d30040412ac8001d4a05a5e00000041f0f80c5081ba4519b2f3ba3da0be5001bccd30c85b4a2a966ed2f0ffef3d4827393ffc92689cb1b072e09ff9a9bbfee043effbc0c3e4d
204302305:0 1042 44 70 d30040412b08001d3e85a5e000002f9b7861db08138a52c1b516410407a00028b3680c8e14a2a07bad2f00002fd49a55540040268ea2e706edc95df32affeda440701c1b2c98
204302313:0 1042 45 70 d30040412b4800039885a5e0003fbe2ec6fddc0817405e92eac96f2009d90023988f0843d4a2a3958d2f0ffe4286298b57ffab26b031eb0c3980446d0c7fed258d4350801d29
204302321:0 1042 46 70 d30040412b8800039005a5e0003fef2bda3edb0011be607b595aefd007a2803912468849b4a2a37ced2f0003a286409e5fff9c26b072bb0c2881f38f24bfece24b52d44e502b
204302329:0 1042 47 70 d30040412bc8001d0b85a5e0003fa324e96c630817104b7d015744f609b8800e3e780e2c14a2a5cd8d2f0ffeffdb1932bbff2d26ef91a20583f32b77083fee46c2f0bc232540
204302337:0 1042 48 70 d30040412c08001f2f85a5e0003feb6762a0fe0fd15055937d2997bfed27000984938028d4a2a09b6d2f0000c52fcb1348003e277171da16958ed3ce8b3fec20c1e07a249f06
204302346:0 1042 49 70 d30040412c48001d9705a5e0003f9392ef5194081f5c4d28f10aa3080d63800c87ba8cdeb4a2a48a0d2f0fff57db0d8990004626eebc9c06f58d307cf53fee3581e0786463b5
204302354:0 1042 50 70 d30040412c88001f3405a5e0000025adb903d10fd3b654b2d50e6427ed8a0012c3fc810294a2a5c0cd2f0fff6d2fd53517ffca277110eb15a7cbd68428ffec62d5254a20d1a2
204302362:0 1042 59 70 d30040412ec800042405a5e00000006a0010030770d82211fcd7a68bd9528018e8a22159f95d6ea2ed2f0ffec9e1007dbc00f30533dc20c2b8bc176f67fffe995b36cc69a190
204302370:0 1042 60 70 d30040412f0800029685a5e00000002affe206066a9be9bf4a1489a79183800c4b591140f95d6944ad2f0ffda9aa50615c01d6038510b4e0a98b2dc3ccc0055d5ee7b8302288
204302379:0 1042 62 70 d30040412f880004db85a5e000000052ffe22709237a68c3f1fc3f924f3a002863bf9ba7395d65de6d2f00048e25b9672c002102fb0fefcd2bbcb979f5fff5e983d0f6c6e4ff
204302396:0 1046 2 69 d3003f41609530586b018dc3e000019400ffbf4c0420a9feb64676c00418007c70bc1c32a8136095c3e0030bc00001100012739ac2e2193f96e167effbf55fbfea00067a93
204302413:0 1046 3 69 d3003f4160d530586bf695c3e03ffeb5ff21f2cf8c5481837763bb5ba72000f3a7984972a8140251c3e001b66493e64000b275798dc13a01eca6b25ffc2b60080300ee7cf2
204302430:0 1046 4 69 d3003f41611530586bf77dc3e03ffa69feb175e3a1247ead72aa229fb66800669b1c484aa813e475c3effff664a97a900122757fff7136eff6f850fffc32cfa7e6002d9643
204302447:0 1046 5 69 d3003f41615530556bf66dc2000001a413fb2f4396507e3bfe714e0bac64006dc7a04d1aa81427d1c20000666496ea500152757bea3128813c38eb8ffc30f00c0400ed8f98
204302463:0 1046 6 69 d3003f41619530586bf735c3e03ffd63ff5a04bba39883e0362205dbb77c010d4ce4486aa813e5a5c3e00036657cc0a000b2711b1f812b93e81eca5ffc285010090041aae8
204302479:0 1046 7 69 d3003f4161d530586bf67dc3e03ffee3ff2c6eff975c7e26cc030e03ad6800af59a43d3ea8142219c3e000c664a0bb8ffda275805cb169709cedabaffc2e80280b00da7112
204302495:0 1046 8 69 d3003f41621530546bf615c1603ffc61fddd706b8ec4790ee2d9d5f7a8ec00d47ad83fb2a8144505c160020665c7a4dfff5279420d4166b17fa291dffc31df93e100e18b39
204302511:0 1046 9 69 d3003f41625530576bf649c3403ff787fbd46b1f9df479b49ed9794bb21000de18c4497aa8141ed9c340007665cde8e000a279469061314121c1457ffc395feffb00d9533b
204302527:0 1046 10 69 d3003f41629530546b0a6dc1603ffe8ffd00afec5ec4619ca225dea84b600099e1004996a8133fadc16ffe611336398004d28b882fc15686cfe3bbfffc757fdbf800ea48e2
204302542:0 1046 11 69 d3003f4162d530586b0a45c3efc089ce03df51dc6004644d556a74fc4c0c009d98dc4abaa81377fdc3e000311493a34004d2899f41d14cc3af6c848ffc6deeefb400beef9b
204302558:0 1046 12 69 d3003f41631530586b0671c3e03fff99ffff4db85dc0623a4d0eadf44ab40060ed444e72a8137d91c3effd111494dc5ffef289a1722140d1d5455caffc735f23c800b0ee6e
204302574:0 1046 13 69 d3003f41635530586b0ad5c3e03fffb7ffd747b85d24604970f4794849400031471c57e6a8137349c3efff91147424f001828ba42a0108ab4e19c25ffc7440200800a1e392
204302589:0 1046 14 69 d3003f41639530586bf81dc3e0010f2000cbf7200b0cf4ea58a96fd3fecd4fbe9e7086ea952ca719c3ef869e2fe2206fc1a22fe0d5e01317805f9f4ffaa2bfb7e8483fe01d
204302605:0 1046 15 69 d3003f4163d530586b0921c3e03ffe9bff33b9dc62605e3de3e15fd84d64005036485ab6a8137da9c3effe6114668e7ffcf28b9ce3f101ab8c29f0effc77003c10008af6d0
204302622:0 1046 16 69 d3003f41641530546b0079c1603ffeb7ffc3467c03c0a5acc970775c033400c7287c1d76a8134829c16ffedbbb72d6000132749bce42188984a32deffc05ffabef004dd511
204302639:0 1046 18 69 d3003f41649530586b99e1c3e000174407635243fa650578434232f000254fb11e30215e952aab91c3e02dfe3a4ffa2046022fba4d71bbd777bc82affabc5fbbea489fddce
204302655:0 1046 19 69 d3003f4164d530586bf80dc3e000176408d3c81fa3cc78ea20cbb23fb7f00048c8784372a81464d5c3effeb6691083200082790cf5e1606f69de522ffc3a4f9fe6005f1aef
204302671:0 1046 21 69 d3003f41655530586b05f1c3e03ffebffd3190c406e4a94e3808ea2005d80054dc4c19dea81333b5c3effe0bbde6ffb003327359bf5225db8c7d5d7ffbf41ff3fc00cd40fe
204302687:0 1046 23 69 d3003f4165d530586b01f9c3e03fff6ffff7d26804d8a92a80bddbe40524005fb5801ad2a8136045c3e0059bbb80c2e000927497d8f21f686ab63d9ffbe63ff000002f4358
204302711:0 1046 24 69 d3003f41661530586bfe45c3e03ff421ff7583380200a77f2ba3ff14016800d519701bfaa8136521c3effeabbf6540f0010271ea7b121a91bfe9881ffbffbf97e000de12de
204302761:0 1046 25 69 d3003f41665530586b01d9c3e000001c0014d8740400a87c07744dc403880097f2481cd2a8131621c3efff0bbde70b900182735af772195c5c1af09ffbfec0140500999682
204302855:0 1046 26 69 d3003f41669530586b0891c3e000060a00381c4c57e06979511f138844ac00727fc05686a8135219c3e0007113296a5fff228746e93107b9cad602effc615f7fdb0096fe08
204302921:0 1046 27 69 d3003f4166d530576b03c1c3403ffa53fcee8f980918a61e38b5d80806b0007821901c76a8131de1c34ffe8bbde20f2ffff27355385217dd61e8bc5ffc04efeffb0051c30f
204302989:0 1046 29 69 d3003f41675530586bf7f1c3e03ffe21ff7cb4b79b18845544ab8c07af3800808d6c3e96a8140389c3effea6657e9fdfff727128e7b16c04ae540daffc2a2fb3ec0085d735
204303052:0 1046 30 69 d3003f41679530586b00b1c3e03fe959ff8c848c0600a899bbc143a8041c0063862c1c42a8135f51c3effebbbf570b4ffd7271e79b7211717a64d9bffbf9cff3fb00a6e5ea
204303094:0 1046 31 69 d3003f4167d530546bfb5dc1603ffeebffa871800204a664e28192b4012400b10b7c1962a8132799c16ffd0bbddd670ffe527355f97222ec285637dffbf9a020090066887b
204303126:0 1046 33 69 d3003f41685530586b05a1c3e03fff9e000a701c54585fc50756373441a8008b23344fb2a813afa5c3e00061146ef70fffa28ba71b113cf903f5d81ffc6bcf97e20037d22d
204303145:0 1046 34 69 d3003f41689530586b0805c3e03ffec1ff2dc2686ad464936ca5fd9851b800a6cbd45582a8135d55c3e003411338562ffdd28b85f1711d07670f45dffc6670180a001ac013
204303160:0 1046 36 69 d3003f41691530586b0a7dc3e03ffd01fe31d14c6ae46176cc2c5fcc5268001d77d44bc6a81389edc3e003711473aa3001028ba4c5714b1be78c38affc61303410004bfc5a
