# RTCM Message Log (ephemeris only)
# Generated: 2025-08-22T01:18:27.592645
# Mountpoint: BCEP00BKG0
# Allowed types: [1019, 1020, 1042, 1046]
# GPS Week: 0
# GPS TOW: 0ms
# Format: [timestamp_ms] [msg_type] [sat_prn] [length] [hex_data]
# ----------------------------------------
206103890:0 1019 1 67 d3003d3fb054c000d7d76b3a00002d2c2758d70f4c2db5c1d040080da40056e3561340a10db40c6b3affc80ebf78f8fffc271713a61990027df2deffaa0fed017d9879
206103943:0 1019 2 67 d3003d3fb094c07ec23e6b3a00004ff3f04c3e0b612cd000fa8b990a030873312a16bda10d63db6b3affe7081759fcff522754e47716abd99a25c6ffa81fda001f7d67
206103980:0 1019 3 67 d3003d3fb0d4c241ce486b3a00ffe4598b3c4803d52b5b6b5c60e30351034a551501aea10dcc316b3a003436b6258cfff0285bc8462f3131c6e446ffa81f030029344d
206104006:0 1019 4 67 d3003d3fb114c07df1126b71000021fff26812f07d2e26eeabc66cf28c01bd5c610f7aa10cc2a36b71001e627692cd00142778e1501ddb8817ad8affa7f0f6fc103258
206104026:0 1019 5 67 d3003d3fb154c042921a6b3a00fff8e373fc1a06362f5ffef5deb605aa02f443c102b7a10cced46b3aff9e34612617001527d16c312d7c39e5d363ffa427e900e1b6b6
206104047:0 1019 6 67 d3003d3fb194c040d94c6b3a00ff8dbf01e84c107326e5a5747f960e1701bac3481513a10d176f6b3afff50c8309e4001f284706401950e417e6adffac9b0800dad7af
206104067:0 1019 7 67 d3003d3fb1d4c1468b716b3a00ffd0f79a6471ff0530d17e7250fdfea80a249fba1998a10d9fae6b3a00468b9a3f52ff7f26bfcf421117ad5045deffad46e9000dc95d
206104081:0 1019 8 67 d3003d3fb214c077aa2f6b3a00000045bf142ffc7736aef1e35030fcb6056e567d1183a10cd4396b3a002adf33a4c80063268d25861a3c12cfc926ffa4cd0a009fc0bd
206104091:0 1019 9 67 d3003d3fb254c07d7b5b6b3a0000365f84985bf005300609fae5b4f1be01be6fdd0ddea10d4a156b3afff95fe6e4edfff92739bc761f3c515c265affa65c01009c5061
206104100:0 1019 10 67 d3003d3fb294c0418d0f6b3a00ffb5bcf8400f05ea2cda44c2fa6504ee0550529a02d8a10d2c266b3aff8b369bed6d000928575ba62e27a186119effa5f10500127b18
206104108:0 1019 11 67 d3003d3fb2d4c04060476b3a000061ac3ed147104d2d1bd3a641430de6010fe8621560a10db7a76b3a00440d73329800102754d71f17909e3c23b4ffa9b2ed00f4132c
206104117:0 1019 12 67 d3003d3fb314c040b42c6b3a00fff6b1d0582c01c7379762612cc601460474ba810982a10d12576b3a001eb91cf9ccffba2717917123c03ddb5b0bffa6f8e50055b79f
206104127:0 1019 13 67 d3003d3fb354c23e31ab6b3a00fffb5bb3d0abeeb02d4de7c03ed0f15304f117291218a10d7e576b3a000f66edd4fe005027b74a6a1bdb2828e0faffa7cce701786ac5
206104142:0 1019 14 67 d3003d3fb394c041ddec6b3a0000255a10b5ec02033cbb5b23994c01d40322718409e1a10d09df6b3affa2b702b94e00102669f81623248f549ce4ffa344ef00a56429
206104162:0 1019 15 67 d3003d3fb3d4c07d600d6b3a0000222b4c040df047370cc95812f1f3600886126b0974a10d00b06b3a00185a39c0e400e7264eea9c22d83b19e429ffa212e90022e6b1
206104171:0 1019 16 67 d3003d3fb414c07f6b496b3a0000470b5e9049019d39c81937d1560207076e2e5e09dda10e30a16b3affe4b9d13a750040270f7e56240524508696ffa17ee9006cd677
206104185:0 1019 17 67 d3003d3fb454c238c5426b3a00ff7812214c42fe6c3276f1ae1c9dfe9606b50e3d1469a10de7936b3affbde35897d6ffdc27326b19189ecf15ca6effa6c0e801533be2
206104196:0 1019 18 67 d3003d3fb494c04157266b3a000046b547b7260e222a0d9f63cbb60c2602d4eddc166aa10d79dc6b3afff00c6aefebffe427a9dd93168588d93180ffac2cee00b883e3
206104207:0 1019 19 67 d3003d3fb4d4c07652126b3a00001956031412ff0f318e3c8c3d19ff840587b9c91475a10d47676b3a0045e523d349003d272a977017ba74337b76ffa9d1df00ac45ef
206104224:0 1019 21 67 d3003d3fb554c04192ea6b3a0000cc194fe3ea045734302a08f28e03d400114cc700c9a10d36476b3affe23733b40effdb271cd1332e9322139deaffa264ec00013c24
206104234:0 1019 22 67 d3003d3fb594c040ed646b3a00000ff365086400eb3a3808a5729b00b606a5ce060a18a10d11a76b3affdeb9f3c28affb927094f9b2417d53fd30cffa214e800e0bc40
206104242:0 1019 23 67 d3003d3fb5d4c042a52c6b3a000034458edc2c06e32cff74cb3421062802d7c8d802f3a10d52ed6b3affd63556b9fefff92823f2112d838c347fb7ffa6e1ee00183d69
206104251:0 1019 24 67 d3003d3fb614c0474a546b3a00005ed5791854fafe3498a6adc667fb4708ce0a9d186da10d63046b3a0088875346b6fff326182f0010c52c2c84aeffaac50500b74ccb
206104259:0 1019 25 67 d3003d3fb654c04296096b3900fff13e4c500902f039d060fb85b3020a0653732f0a44a10c9f1a6b39000ab560467dff8c269d594522702df5c92effa6730c00212bf8
206104267:0 1019 26 67 d3003d3fb694c142e36b6b3a00fffedde15c6b03a040ff3e0f020f037e053c2d220ad2a10ce7c76b3affa3b27c505f008325d52b8721381a2310aaff9f530e00290c00
206104275:0 1019 27 67 d3003d3fb6d4c077e35a6b3a00fffdfcdf905afcf73514f598053afd7006e764711269a10d3b936b3affe3e07045f7005f26ec383419b622b50307ffa4ab0400e7b583
206104284:0 1019 28 67 d3003d3fb714c045c0676b3a00fff7ac70bb67fd6e2f97825a22dbfdf70031559818aca10d5ed26b3a00038a771ff6ffec2732a8d313910c4aaaf1ffab1dec00dd2f9b
206104292:0 1019 29 67 d3003d3fb754c077d8516b3a00002ec2effc51fd143065eda3f121fd4401b78c7614d2a10cd23b6b3a0002e40182a4ffd0274da06017d770d5b02effa992eb00e98818
206104300:0 1019 30 67 d3003d3fb794c206b65a6b3a00005ff879545afe5435d0780bc9d1fe8a03eeba461965a10d1b436b3afff08b5a3783ffd52625951310f9a015f7e3ffa928090192bce6
206104308:0 1019 31 67 d3003d3fb7d4c0464f4e6b3a00000ee6652c4efdcb312e582826e5fe0c057dd7fb186ea10dc43b6b3affa88c8e35dbff7826e7b52b133422f4ad2cffaacce400e9cd8c
206104316:0 1019 32 67 d3003d3fb814c07d58206b3a000072d1dbf420f0402fe0103d7249f1d20469b4d30d15a10d38c56b3affa86091104a001b275acc0b2106ac16ffc5ffa63702006e08ca
206104364:0 1020 1 51 d3002d3fc051a4009101ae40aa6b95b3b28f9e00d11a230144235a214651801d11ec428024b0d2b8000000120000080037503b
206104372:0 1020 2 51 d3002d3fc087a400910514dba2ee2e75a3bc8743bf09c1284903407d0c40801c035ca18124b0d2b8000000120000100077cf5d
206104379:0 1020 3 51 d3002d3fc0d9a4009103139984fc66d401e7b2639a455139429782e191a1801d10cdb4c034b0d2b8000000120000080097bbe8
206104387:0 1020 4 51 d3002d3fc11a2400918046a5177dce6023b28049374952291518bf534ea2002d283ca4c044b0c0000000000000000000dbfde7
206104395:0 1020 5 51 d3002d3fc15024009183d53328ddb02332a6970891db12030797da74a381001d144bd0c134b0c0000000000000000000732fb8
206104402:0 1020 6 51 d3002d3fc1862400918323691cf822451fb542cca0fc40ac7fa7b8bf1cc0401c1e0070c134b0c000000000000000000066d100
206104410:0 1020 7 51 d3002d3fc1d824009182f58c052107c381b4b7e35cd981b9675302d3fdf1000d0e89388014b0c0000000000000000000b6b57c
206104418:0 1020 8 51 d3002d3fc21a24009100266f99483a20a40dd7c7ce69c2a852884069d672000c008ab50024b0c0000000000000000000d34339
206104425:0 1020 9 51 d3002d3fc24a2400912928fa2dfde5a0189be495c573a08ffc0455b3f413003d23e6ed0164b0c00000000000000000000b6c19
206104433:0 1020 10 51 d3002d3fc280240091264b768c6f1ce019a976b6ec26821713c0521beb32405c3077b2c154b0c0000000000000000000ce7784
206104441:0 1020 11 51 d3002d3fc2cfa400910e629ec4cca6f10c50edbfe1e78434fd53218f2160c01d015da8c064b0d2b80000001200000800899d75
206104449:0 1020 12 51 d3002d3fc30c240091949860d4c1c0318b07389ffc0763329f6fa957f082000d07a0aa0114b0c000000000000000000002f754
206104457:0 1020 13 51 d3002d3fc34a240091a7a518b595e7409856350d18a3c115c439d300c443000c081bb18044b0c0000000000000000000641b63
206104465:0 1020 14 51 d3002d3fc380240091a51afc11764f6098f215393583f29a14eccf979fc2000d03d9918024b0c0000000000000000000f94665
206104472:0 1020 15 51 d3002d3fc3cfa400918bd90847c9cf218a68923f3645b4b635199bbd61c0c01d088358c114b0d2b800000012000010004a7ffe
206104480:0 1020 16 51 d3002d3fc40c24009114e4d9549564c10ad45d1ff01d33b2b8b429c42852000d051bb90144b0c00000000000000000004a2434
206104488:0 1020 17 51 d3002d3fc457a40091a74c789ae2c15514f2e735f15ee19ba94c4f4f3be0803d1cd1580134b0d2b8000000120000100036c06d
206104495:0 1020 18 51 d3002d3fc489a40091ad458b2438d3b21490b11b9bf1a00c265e58aacfb2802d1c9e018124b0d2b80000001200000800db2ca4
206104504:0 1020 19 51 d3002d3fc4d42400919a003255d19ce2095a138ce61c922fba07312a7953405c010d508064b0c0000000000000000000303bf6
206104512:0 1020 20 51 d3002d3fc51224009109cb8d54fa41a5883401af253a323809d895bb7572000c11bd794134b0c00000000000000000007f8196
206104520:0 1020 21 51 d3002d3fc55624009124e88e247d0f8593d021b72e235120a8eeca920ee0403c1e2c804134b0c000000000000000000099a707
206104528:0 1020 22 51 d3002d3fc5882400912c898ba9d1db8193665a9a56a5608f9e6ad66ac0e2002d0aabb90054b0c00000000000000000003ad55a
206104535:0 1020 23 51 d3002d3fc5d5a400911ce3fcd2ce48f18a200c0b1d4d42ae2b26b64aa4e3c01a15719a4134b0d2b80000000a000007005f791a
206104543:0 1020 24 51 d3002d3fc613a400918a913ed13584160802a534bfbbc2b733e31748fe82c02c0f91c10154b0d2b80000000a00000700847706
206104551:0 1020 25 51 d3002d3fc65c040391a006e14f7bcb210ab5e684f3d3122b55f13bee7d73c01e0847048054b0d2b80000001200000a006309ff
206104559:0 1020 26 51 d3002d3fc68224019180a051958a83e09fb2adcf54bb61acd216386cfb31002e0f67b2c024b1c0000000000000000000f6bd5a
206104567:0 1020 27 51 d3002d3fc6c42401918452c923d92ec525d6b4bf97af51a5d4ccc3c3aae0800e0d318a8134b1d2b800000012000007809f2578
206102431:0 1042 1 70 d3004041204800040a05a9640000115cdba42f00387a323b0417ff640f410019a4bd2314595d841c4d4b20021dfe59d1d000b103cc9429bf67dccefb70bffcaa7cbe786427b9
206102444:0 1042 2 70 d300404120880002fe85a964003f7bced684e606ebd214c82fc0104db5b2802b7a641ccc795d8682ad4b2ffd85d2a9e09c016b0475f618cb60af4e26e2ffffaf809ddced74c1
206102452:0 1042 3 70 d300404120c80003cf05a964003fe4a571610c07f370326816ed3263fd240035aba921db795d774cad4b200099fa8a195001b403afb21cc1f434a9eab6bffc3d417ebc6b51ef
206102460:0 1042 4 70 d3004041210800039e05a964000015e55837f3078a061a7d7d216393df9a002eb4e42148995d6acbcd4b20006ddf311c00005503f5903cc2e5d2642b77bfff65039eb054ebcc
206102467:0 1042 5 70 d300404121480002d405a96400006787a3c4d70759281bc88a938fbdd2cf80277aee1d6a595d76860d4b200415e1b7b524016103f5eab6ca611e888a853fff3dbffe90b84172
206102475:0 1042 6 70 d300404121880006a205a965fa010e8367cff507ae220ff06454ade9eb498137f6071d0b395dc46d0d4b2005523909f6a402a526a1b535d8c0e6552fad3ffbc6454fc4c8c18f
206102483:0 1042 7 70 d300404121c80018a485a964000075e811cb49076676302bcbfe281fd3eb013b4e680e6a395d7a260d4b2002f371b71737fe5f222d3dddf1bca61788e1bff943094028db7056
206102491:0 1042 8 70 d3004041220800023405a964003ed2c88583860076dc1a0948bf3412214100e8fcecf398f95cda3ecd4b2ff6e0dc074b7801092c0cc01b2862df3e4f927ff87a06efe4cf9f22
206102500:0 1042 9 70 d3004041224800069391a965fb409b5ae45a2d1fcd0812da3a8ce4e9f31203aaa1789af6795d9ccd8d4b20077e40ad8db4027f26d7fd7edd6328fd0ccebffb8f441098342bd1
206102507:0 1042 10 70 d300404122880018cc85a964003fa5f5ed1679076b20305fb32a978fd51202d01d6e8e0a995d60f1ad4b20019f70e12027fece2246384cf2cf6732f94f3ff93143a078be7454
206102629:0 1042 11 70 d300404122c8001d3ea5a965fcc04628e753f34019a443d44b2a32f80a3a0088df820d0f94a29e256d4b2001dfe1b00b1bfff127d7c45407a7af336f23bfee90c2603809371b
206102629:0 1042 12 70 d30040412308001d7aada96405805ce93648225018d2470c8da29d9209c5004dee608d0454a2a1be8d4b2ffe97df85d31fff8c27c5f4830740eeef81527fee59c1e004289ff9
206102629:0 1042 13 70 d3004041234800027085a964003fcb76f2beda00a0e01ca4f718da5e2c4d0161b628f2c1d95d5bd0cd4b2ff818d670cd1400b42a7ffa882909284d5440fff82fb9e06c3edcb2
206102629:0 1042 14 70 d30040412388001f2435a965ffbf42c7e2b2f567d0ba4e6f0da23e39ec90004ea0c8013d74a2a2a18d4b2fff0130efd39fffe62801e44415bc81732cb77feccb84604c3ccfcb
206102629:0 1042 16 70 d300404124080006a295a965fabf5b8ca267a9279f660da24d30246de81f0254f86c9cbd595d0c20ad4b2003423901b28002c22743fdcad9dfaa097c183ffbdd3e50b82c589d
206102629:0 1042 19 70 d300404124c8001f2505a9640000019784abec0fd2484e1a19eb5af5ed98802c1b36007f74a2a1a78d4b200109315e9810002b281cf73e16a57bd89a2a7fec8e4741d091ed18
206102629:0 1042 20 70 d30040412508001f0685a964003fecd68f07ea0fcc744f761ef5eecfeaea002e96aa80cbd4a2a20ded4b2000c13178d5940090281cd32f166c0298932d7feca008c23062b7d9
206102629:0 1042 21 70 d30040412548001f4385a964003fe262823a6a0fd3044e6372f9b6bbecc000271af680e034a2a2aecd4b2ffffd3197c27bffb528156258162740a76736bfecc18852147d36e5
206102727:0 1042 22 70 d30040412588001f3485a964000018c83130000fd5d44eb7760bac77eea60033692d005d14a2a1b5cd4b2001fd3194ba57ffe528157c7216870837577b3fecae89d274011f66
206102748:0 1042 23 70 d300404125c800037d05a96400003a35aca1c608174062905cfa123409d0001492f1080974a2a46a8d4b2fff628546448c00182677ebbb0c7536a55a693fecce0ef3bce3d7b1
206102764:0 1042 24 70 d3004041260800038e05a964003f98d62b6c790818b462ec679389260ac00028b765084c74a2a2ff0d4b20001a853e631c00b82677da3e0c07859351afbfec9803b0ec58ce25
206102798:0 1042 25 70 d3004041264800036305a964000031d46c82ec08191661601f68f77a0a878023b2868828d4a2a8aa4d4b20008a8180d493ffdc2688a6e60c3d06297a263fecc20180607a69f3
206102827:0 1042 26 70 d300404126880003d385a964003fe708bd177c08158e60c6992977480951003aca4a8869d4a2a8558d4b2ffd1e819ad353ffd3268925b20bf1c6f22d88bfecf3be0f80eff196
206102889:0 1042 27 70 d300404126c8001d4105a964000015db441a790823c04ed8a0ac2a540e80802400ef8d3374a2a00c0d4b20011fdb66f9c3ffe326d515500657d0d60db77fedf5fe6f980da6e6
206102932:0 1042 28 70 d30040412708001d7185a9640000136636614f081e604f640f23929a0cec800e087b8cd3b4a2a272cd4b2fffdbdb5add40002f26d3c92506f069b095b73fee0d7e7f9c8726b2
206102963:0 1042 29 70 d30040412748001cac85a9640000163b3fa8ba0812e84ee3e158a89807ad000b596f8e02f4a29ef9ed4b2fffcbd4c393ffff5526bd6dd9058cd904c568bfee0f814050e65eca
206103006:0 1042 30 70 d30040412788001caa85a9640000270421a2290819085152a495ec2e096200188f2d0de6f4a2a71d4d4b200063d4d77527ffce26bcf5070587487d7637bfede7bb1ec4b347ab
206103032:0 1042 32 70 d30040412808001ece85a964003ffc4c83a7520fcd444f1e7ec8524dea720019cefc012854a2a1b90d4b2fff2930364434003328107f1015d03f3d94c4ffec9f7c7f1c04baa6
206103056:0 1042 33 70 d30040412848001f1985a964003ff3b68160c00fcf3e4e4ac17cbd2bec0c80229c558185f4a2a1372d4b2fff8d3031bb1bffec2810d470155f46f1baa1ffecca65394c507d55
206103075:0 1042 34 70 d30040412888001cf605a9640000238d63cb610811fa50c78b90895e06be001cde718c6c34a2a068ad4b200143d4f240a8005b26a9c691074a4b504aa03fedd13d5f54036ef3
206103090:0 1042 35 70 d300404128c8001d2905a964003fc8f0f79c2408109c50fa24347f700710802ed1d50d47f4a29f926d4b2ffd37d4f14090006a26aa8ea3062647a26c2cffedf57f8fe07f1474
206103106:0 1042 36 70 d3004041290800039e05a9640000044c2871d10812906113aacb644207900032a8c3088514a2a5a96d4b2001568530989fff52268719970bc7b4bfd43fbfecdbb42d08356a7b
206103117:0 1042 37 70 d300404129480003cf85a96400000a4d8b3f750816b662cdfa5f1ec409d3802c6317082d14a2a166cd4b20006a852a9d14003726873e880c4abb46dbc3bfecdbf6bdacd60610
206103130:0 1042 38 70 d3004041298800023285a964000009001fdca80893c620732c3b5966289f809a53faf0e4595d4ab16d4b2ff3d4d5a265cffffc29690b0f2c4425d65bc1fff7fe42c0b0f676e0
206103138:0 1042 39 70 d300404129c800063805a964003ffe8cfe45080f80000b98854d7a19df9480e087b59e54795df0102d4b20032a2d2b61fc02ab274d0aead6c524d9ec463ffc12c52148e14396
206103148:0 1042 40 70 d30040412a0800182105a964003ff3b3ea99c80fc6fe191ff3efa14fee1b012bac3d9547f95d46daad4b2003038a2404b3fda02753b1ede7d7a1979d5c7ffb4181c0706a38eb
206103158:0 1042 41 70 d30040412a48001efb05a964003fe2678412f80fce584f1b1af72ef1eb798059199f013314a2a0a5ed4b2fff5d30a1bd280040280486d41587b41bc1cc3fecacf28ca08709b6
206103167:0 1042 42 70 d30040412a88001f3785a964003fa9258f24820fd4d84e397fadbc0bee13004c5f05014574a2a21cad4b2fff0d30ba99dfffda2804d29015c37773f76dffecbaacdb34d347d9
206103175:0 1042 43 70 d30040412ac8001d0f05a964000004520f80e708176051ad573317ce09cc801bc2308cddf4a2aa182d4b200117d481797fffaf2689c61e06d8c9f80590ffedf23effbc0a6f99
206103183:0 1042 44 70 d30040412b08001d3a05a96400002fba78632c080e42545ddcb6764205de0028984a0ce314a29f956d4b200033d49953700053268e9e23066dc9614ca0ffeda940701c541b07
206103191:0 1042 45 70 d30040412b4800039805a964003fbe2ec6fc0d08159a5e79127c5ad608ff0023a8ff88ae54a2a3148d4b2ffeea86288287ffb226b0386e0bd2c0456eba7fed308d4350d9051d
206103199:0 1042 46 70 d30040412b8800039005a5e0003fef2bda3edb0011be607b595aefd007a2803912468849b4a2a37ced2f0003a286409e5fff9c26b072bb0c2881f38f24bfece24b52d44e502b
206103207:0 1042 47 70 d30040412bc8001cd685a964003fa30ce969d4081bc04dc328d8afda0adb800e51070e3054a2a52e0d4b2000c7db183c4fff9926ef8bf4057c7332a504bfee2742f0bc4df845
206103216:0 1042 48 70 d30040412c08001f2c85a964003feb6a62a06e0fcfa855a7a49064c9ec6200097f51806154a2a046ad4b2000e52fc9fc04004f27717082165ccede552ebfec25c1e07a465529
206103223:0 1042 49 70 d30040412c48001d6385a964003f931cef4e8d081ece4e1b18b497060d2d000c95950ca514a2a4200d4b2fff47db0c9197ffda26eeb85a07590d329b02ffee3601e078756aa5
206103231:0 1042 50 70 d30040412c88001f3f09a964000025adb904da17d49a5450fcc361cdedab0012c0d100f934a2a5d96d4b2fffd92fd420b3ffcd27710f7c15a74bd740e63fec5f15254adc467c
206103239:0 1042 59 70 d30040412ec800040b85a964000000af00100a082724374612605ae40ac88018c6d42349d95d6d536d4b20023dfd7ec99000ac04e8bc6ebf077a4a11d9fffc07db36ccd246b0
206103247:0 1042 60 70 d30040412f080002f005a96400000053ffe20a06ec7dfb8961a66db3b596800c33af1c8c595d6c788d4b2fff41d04b73cc01cc02f89d33cbd248890f1f4002e49ee7b866bf6b
206103255:0 1042 62 70 d30040412f8800043e05a96400000251ffe24709c7c4a43007456e187c360028a0ab8aabd95d6827ad4b20045a56d83ff3fec603229b60ec8ab9ab5876ffee4583d0f6a4553f
206103271:0 1046 2 69 d3003f416095305a6b0269c52000019400ffc0340434aa4ace7b76b40414007c6e601c46a8135fa5c520029bbffecc700112739ac1121a3f97096caffbf5dfbfea00406844
206103288:0 1046 3 69 d3003f4160d5305b6bf615c5c03ffeb5ff21f1ab8f247fb39bc62d23a8ac00f404a4491ea8140d89c5c00136649238100192757982413c31ec965b3ffc2e3008030022323c
206103305:0 1046 4 69 d3003f416115305b6bf779c5c03ffa69feb170eba0347cf596f2e9ffb5cc006602cc4556a813f6ddc5cfffc664a7cff00132757fef71492ff74ebf1ffc31ffa7e600235f81
206103322:0 1046 5 69 d3003f416155305b6bf5a1c5c00001a413fb322398ac7acc46918f0bad58006e2c644e42a8143959c5cfffe6649395700082757bcbf119313eaa778ffc31b00c0400828dd2
206103338:0 1046 6 69 d3003f416195305b6bf735c5c03ffd65ff5a0273a2b883085a6e6f5fb740010d5c204852a813e99dc5c00036657b108000b2711b0ff12dc3e8669d3ffc2840100900990836
206103356:0 1046 7 69 d3003f4161d5305b6bf5ddc5c03ffee1ff2c6dff931c7c36f0d5b037ab4000af984c3d9aa81432edc5c001b6649f154ffe3275804c6166a09b1c81fffc2bf0280b0068dcff
206103372:0 1046 8 69 d3003f416215305b6bf5f1c5c03ffc5bfddd68ef8fc07963376de97faa4400d40d3043c6a8143369c5c001b665c3c07fffd27941e261562180c218affc2fcf93e100756688
206103389:0 1046 9 69 d3003f41625530576bf649c3403ff787fbd46b1f9df479b49ed9794bb21000de18c4497aa8141ed9c340007665cde8e000a279469061314121c1457ffc395feffb00d9533b
206103405:0 1046 10 69 d3003f416295305b6b0655c5c03ffe93fd00ad145e8c616cf69327e04b800099a7f04d46a8134e19c5cffca11332ad8000328b8869114876d19fbd5ffc77dfdbf800f8916a
206103421:0 1046 11 69 d3003f4162d5305a6b0935c52fc089cc03dfa2985eb464d56dba73f44b50009dd0b84a02a81370fdc52ffeb114929b500462899f548151a3af281f9ffc703eefb400ec8ad3
206103437:0 1046 12 69 d3003f416315305b6b0481c5c03fff9dffff4d645a58620a72694d3047b00060bd005152a81390a1c5cfffa114935d3ffdf289a1831133c1d1546f8ffc6f6f23c800be7bf7
206103453:0 1046 13 69 d3003f416355305b6b0a0dc5c03fffb7ffd7477c5ff85f119526931c4b800030bc3c5a5ea8138429c5cffe911472992001028ba44190fc2b4ecaf2affc75b0200800ada3bb
206103470:0 1046 14 69 d3003f416395305b6bf8cdc5c0010f2800cce5c41818df1a803e379401a14fbda6b8839e952ccb35c5cf9ade2fdfeb0fce022fe0f0d03307805d3acffacfffb7e848354213
206103485:0 1046 15 69 d3003f4163d5305b6b074dc5c03ffe99ff33b8986530609a07b49aec4eec00509908595ea8136f31c5c000f11465107ffc428b9cf9110b5b8e564c7ffc73003c10009df6ae
206103502:0 1046 16 69 d3003f416415305b6b00b5c5c03ffeb3ffc343bc032ca53d1e38646002ac00c7167c1cdea8134be1c5cffeebbb6ebf200092749bd1e21b4984f5a53ffc080fabef006b41e8
206103518:0 1046 18 69 d3003f416495305a6bb091c52000174207635fdc00e513fc5da4b2f00b554fb146d4259e952ace45c520433e3a4e1cf04fc22fb96071a8a777bf2a7ffa75efbbea4855a08e
206103534:0 1046 19 69 d3003f4164d5305b6bf7edc5c000176608d3dc83a24478c644c9b503b6480048e5d84396a8145e7dc5cffe86690edb0000b2790ce9115fef6b5f474ffc3adf9fe600444c28
206103550:0 1046 21 69 d3003f416555305b6b06c5c5c03ffec1fd318fb8084ca8f65c12412406dc0054f1841a32a8132dd1c5cffd7bbde52b4001727359cc1223eb8dd2202ffbf9bff3fc000d3e65
206103584:0 1046 23 69 d3003f4165d5305a6b038dc5203fff6ffff7d21004e4a95a98f1bae00518005fb5d41aeaa8135f81c52004cbbb7f853002827497d47220486ae2c8affbe73ff000002ab3d1
206103604:0 1046 24 69 d3003f416615305a6bfe55c5203ff423ff757c4c0224a7c743eb6224018c00d52ad01b6ea813679dc52ffe1bbf64173000c271ea75a21d01bfc7ff2ffbfd4f97e000ec6d44
206103620:0 1046 25 69 d3003f416655305b6b0229c5c000001c0014d89803d0a8202bce365003680097f6981cc6a81316e1c5cffeebbde5442000d2735afba2199c5c2d86fffc010014050077510f
206103636:0 1046 26 69 d3003f416695305b6b0845c5c000060800382198569869957595761043b40072b7685762a8134b19c5c000b11327d23000128746fd7102e9ca760b0ffc648f7fdb00e7c811
206103652:0 1046 27 69 d3003f4166d530576b03c1c3403ffa53fcee8f980918a61e38b5d80806b0007821901c76a8131de1c34ffe8bbde20f2ffff27355385217dd61e8bc5ffc04efeffb0051c30f
206103668:0 1046 29 69 d3003f416755305b6bf77dc5c03ffe21ff7cb30f9a90842d6933b02faeac0080e3f43bb2a813f845c5cffe76657cf2effed27128dbc176c4adacc6affc2a6fb3ec00e9d840
206103685:0 1046 30 69 d3003f416795305b6b019dc5c03fe959ff8c70a00598a999e017e198042c006392681c4aa8135dc5c5c0002bbf55438ffd0271e795d212017a8464affbf68ff3fb0059bce9
206103705:0 1046 31 69 d3003f4167d5305b6bfe8dc5c03ffeedffa86f4c04dca8ad371a9f3c044c00b0c904197aa81333bdc5c0012bbdd93a0ffb127355ce12229c2964718ffbeb4020090071f069
206103732:0 1046 33 69 d3003f416855305b6b05c9c5c03fffa0000a6fd8562860ed2bfb22884298008b61a450aea813a539c5c000c1146d607fff228ba72701351902db68dffc6dff97e200f8bcc6
206103774:0 1046 34 69 d3003f41689530586b0805c3e03ffec1ff2dc2686ad464936ca5fd9851b800a6cbd45582a8135d55c3e003411338562ffdd28b85f1711d07670f45dffc6670180a001ac013
206103847:0 1046 36 69 d3003f416915305a6b0a7dc5203ffcfffe31cf806a386206e3be4788521c001d6aec4c2ea81385ddc520038114729a9001128ba4d20147ebea402ecffc616034100052041d
